asphalt_02 Diffuse 3075676
asphalt_02 nor_gl 4943950
asphalt_02 Rough 2230457
asphalt_02 AO 2039487
concrete_pavement_02 Diffuse 1052909
concrete_pavement_02 nor_gl 1212387
concrete_pavement_02 Rough 541803
concrete_pavement_02 AO 684440
concrete_wall_006 Diffuse 769415
concrete_wall_006 nor_gl 1195078
concrete_wall_006 Rough 255004
concrete_wall_006 AO 1003879
weathered_brown_planks Diffuse 226049
weathered_brown_planks nor_gl 223250
weathered_brown_planks Rough 234672
weathered_brown_planks AO 137846
palm_tree_bark Diffuse 1974940
palm_tree_bark nor_gl 1514646
palm_tree_bark Rough 1350564
palm_tree_bark AO 1208149
leafy_grass Diffuse 1195394
leafy_grass nor_gl 1466049
leafy_grass Rough 511385
leafy_grass AO 1056302
sparse_grass Diffuse 955945
sparse_grass nor_gl 1440314
sparse_grass Rough 463340
sparse_grass AO 1029726
white_plaster_rough_01 Diffuse 628421
white_plaster_rough_01 nor_gl 384190
white_plaster_rough_01 Rough 594450
white_plaster_rough_01 AO 276971
