## Build Logs

21:21:40  Running build in Washington, D.C., USA (East) – iad1
21:21:40  Build machine configuration: 2 cores, 8 GB
21:21:41  Cloning github.com/DanielKinsner/slingmods-three-wheel-tour-rebuild (Branch: main, Commit: 295148c)
21:23:12  Cloning completed: 1:31.271 (m:ss.mmm)
21:23:16  Restored build cache from previous deployment (9X17JCbWbcCzA4EtjmG2w8E57ug1)
21:23:17  Running "vercel build"
21:23:17  Vercel CLI 59.16.0
21:23:19  Running "install" command: `npm ci`...
21:23:25  added 36 packages, and audited 37 packages in 6s
21:23:25  9 packages are looking for funding
21:23:25    run `npm fund` for details
21:23:25  found 0 vulnerabilities
21:23:25  npm warn allow-scripts 1 package has install scripts not yet covered by allowScripts:
21:23:25  npm warn allow-scripts   esbuild@0.28.2 (postinstall: node install.js)
21:23:25  npm warn allow-scripts
21:23:25  npm warn allow-scripts Run `npm approve-scripts --allow-scripts-pending` to review, or `npm approve-scripts <pkg>` to allow.
21:23:28  > slingmods-three-wheel-tour-rebuild@1.0.0 deploy:build
21:23:28  > node scripts/build-vercel.mjs
21:23:28  {"providerSourceAudit":{"changedTrackedPaths":["vercel.json"],"runtimeInputChanges":[]}}
21:23:31  [36mvite v8.3.0 [32mbuilding client environment for demo...[36m[39m
21:23:31  transforming...
21:23:32  ✓ 123 modules transformed.
21:23:32  rendering chunks...
21:23:32  computing gzip size...
21:23:33  demo-dist/2026-09-16T21-23-29-340Z-295148c00d5b-working/index.html                              1.03 kB │ gzip:     0.58 kB
21:23:33  demo-dist/2026-09-16T21-23-29-340Z-295148c00d5b-working/.vite/manifest.json                     9.34 kB │ gzip:     1.38 kB
21:23:33  demo-dist/2026-09-16T21-23-29-340Z-295148c00d5b-working/assets/style-S_mbsQK_.css               0.86 kB │ gzip:     0.44 kB
21:23:33  demo-dist/2026-09-16T21-23-29-340Z-295148c00d5b-working/assets/tokens-IhVuJD4W.css              4.06 kB │ gzip:     1.33 kB
21:23:33  demo-dist/2026-09-16T21-23-29-340Z-295148c00d5b-working/assets/build-cza-csh3.css               4.86 kB │ gzip:     1.62 kB
21:23:33  demo-dist/2026-09-16T21-23-29-340Z-295148c00d5b-working/assets/competition-D7Sydgo8.css         6.78 kB │ gzip:     2.06 kB
21:23:33  demo-dist/2026-09-16T21-23-29-340Z-295148c00d5b-working/assets/hub-CMjut-8I.css                10.31 kB │ gzip:     2.67 kB
21:23:33  demo-dist/2026-09-16T21-23-29-340Z-295148c00d5b-working/assets/recovery-DhQDAYv2.css           10.96 kB │ gzip:     3.01 kB
21:23:33  demo-dist/2026-09-16T21-23-29-340Z-295148c00d5b-working/assets/workbench-DLvVosll.css          16.65 kB │ gzip:     4.25 kB
21:23:33  demo-dist/2026-09-16T21-23-29-340Z-295148c00d5b-working/assets/driving-camera-BFXSfTFY.css     17.99 kB │ gzip:     4.54 kB
21:23:33  demo-dist/2026-09-16T21-23-29-340Z-295148c00d5b-working/assets/scene-f4YtXNTs.css              22.28 kB │ gzip:     5.14 kB
21:23:33  demo-dist/2026-09-16T21-23-29-340Z-295148c00d5b-working/assets/route-JX7c2baU.js                0.36 kB │ gzip:     0.24 kB
21:23:33  demo-dist/2026-09-16T21-23-29-340Z-295148c00d5b-working/assets/assets-Cj63lOUd.js               0.39 kB │ gzip:     0.23 kB
21:23:33  demo-dist/2026-09-16T21-23-29-340Z-295148c00d5b-working/assets/preload-helper-BZ1Pz5am.js       1.21 kB │ gzip:     0.69 kB
21:23:33  demo-dist/2026-09-16T21-23-29-340Z-295148c00d5b-working/assets/tokens-DaW2q993.js               1.23 kB │ gzip:     0.60 kB
21:23:33  demo-dist/2026-09-16T21-23-29-340Z-295148c00d5b-working/assets/race-adapter-C3BXsgHC.js         1.53 kB │ gzip:     0.74 kB
21:23:33  demo-dist/2026-09-16T21-23-29-340Z-295148c00d5b-working/assets/profile-hKDw4fAG.js              1.55 kB │ gzip:     0.74 kB
21:23:33  demo-dist/2026-09-16T21-23-29-340Z-295148c00d5b-working/assets/route-BrZ4KHzx.js                1.88 kB │ gzip:     1.03 kB
21:23:33  demo-dist/2026-09-16T21-23-29-340Z-295148c00d5b-working/assets/recovery-C2xUO17e.js             1.99 kB │ gzip:     1.05 kB
21:23:33  demo-dist/2026-09-16T21-23-29-340Z-295148c00d5b-working/assets/RoomEnvironment-Zvsewewc.js      2.03 kB │ gzip:     0.88 kB
21:23:33  demo-dist/2026-09-16T21-23-29-340Z-295148c00d5b-working/assets/save-RUjMTVQE.js                 2.26 kB │ gzip:     1.04 kB
21:23:33  demo-dist/2026-09-16T21-23-29-340Z-295148c00d5b-working/assets/calibration-DMHFrO13.js          2.44 kB │ gzip:     1.29 kB
21:23:33  demo-dist/2026-09-16T21-23-29-340Z-295148c00d5b-working/assets/environment-UbWa__xE.js          3.20 kB │ gzip:     1.32 kB
21:23:33  demo-dist/2026-09-16T21-23-29-340Z-295148c00d5b-working/assets/index-DZf56drZ.js                4.18 kB │ gzip:     1.79 kB
21:23:33  demo-dist/2026-09-16T21-23-29-340Z-295148c00d5b-working/assets/route-Cik3XjjV.js                4.44 kB │ gzip:     2.30 kB
21:23:33  demo-dist/2026-09-16T21-23-29-340Z-295148c00d5b-working/assets/signature-art-lvouESdF.js        5.00 kB │ gzip:     2.13 kB
21:23:33  demo-dist/2026-09-16T21-23-29-340Z-295148c00d5b-working/assets/hero-kVtF59NP.js                 8.42 kB │ gzip:     3.70 kB
21:23:33  demo-dist/2026-09-16T21-23-29-340Z-295148c00d5b-working/assets/presentation-DeE-BkuV.js        10.61 kB │ gzip:     5.09 kB
21:23:33  demo-dist/2026-09-16T21-23-29-340Z-295148c00d5b-working/assets/harbor-DAfyoau7.js              12.14 kB │ gzip:     5.32 kB
21:23:33  demo-dist/2026-09-16T21-23-29-340Z-295148c00d5b-working/assets/hub-rNQ0k9jR.js                 12.85 kB │ gzip:     5.21 kB
21:23:33  demo-dist/2026-09-16T21-23-29-340Z-295148c00d5b-working/assets/crew-BSUIF2lb.js                14.02 kB │ gzip:     6.09 kB
21:23:33  demo-dist/2026-09-16T21-23-29-340Z-295148c00d5b-working/assets/driving-camera-D8q5FBRX.js      19.14 kB │ gzip:     7.16 kB
21:23:33  demo-dist/2026-09-16T21-23-29-340Z-295148c00d5b-working/assets/OrbitControls-DnYenRB9.js       19.84 kB │ gzip:     4.40 kB
21:23:33  demo-dist/2026-09-16T21-23-29-340Z-295148c00d5b-working/assets/express-D-9pmd_q.js             21.88 kB │ gzip:     8.99 kB
21:23:33  demo-dist/2026-09-16T21-23-29-340Z-295148c00d5b-working/assets/competition-DZ2M0NBx.js         25.55 kB │ gzip:     9.65 kB
21:23:33  demo-dist/2026-09-16T21-23-29-340Z-295148c00d5b-working/assets/harbor-lighting-Cm38jEek.js     25.86 kB │ gzip:    10.81 kB
21:23:33  demo-dist/2026-09-16T21-23-29-340Z-295148c00d5b-working/assets/client-DV9gwOuV.js              31.92 kB │ gzip:     9.79 kB
21:23:33  demo-dist/2026-09-16T21-23-29-340Z-295148c00d5b-working/assets/scene-Cci3wdD5.js               38.12 kB │ gzip:    13.93 kB
21:23:33  demo-dist/2026-09-16T21-23-29-340Z-295148c00d5b-working/assets/menu-B0Hq5PZj.js                39.29 kB │ gzip:    13.43 kB
21:23:33  demo-dist/2026-09-16T21-23-29-340Z-295148c00d5b-working/assets/workbench-Ch694zkz.js           50.74 kB │ gzip:    16.93 kB
21:23:33  demo-dist/2026-09-16T21-23-29-340Z-295148c00d5b-working/assets/GLTFLoader-Pl2xBtgQ.js         636.91 kB │ gzip:   160.54 kB
21:23:33  demo-dist/2026-09-16T21-23-29-340Z-295148c00d5b-working/assets/shadows-CreT30TL.js          3,141.18 kB │ gzip: 1,215.25 kB
21:23:33  [32m✓ built in 1.14s[39m
21:23:33  [33m[plugin builtin:vite-reporter]
21:23:33  (!) Some chunks are larger than 500 kB after minification. Consider:
21:23:33  - Using dynamic import() to code-split the application
21:23:33  - Use build.rolldownOptions.output.codeSplitting to improve chunking: https://rolldown.rs/reference/OutputOptions.codeSplitting
21:23:33  - Adjust chunk size limit for this warning via build.chunkSizeWarningLimit.[39m
21:23:34  {
21:23:34    "output": "demo-dist/2026-09-16T21-23-29-340Z-295148c00d5b-working",
21:23:34    "buildRef": "295148c00d5b-working",
21:23:34    "files": 147,
21:23:34    "bytes": 169309196
21:23:34  }
21:23:35  {
21:23:35    "output": "vercel-dist",
21:23:35    "commit": "295148c00d5bee412836e18ca3c70d1a320a8ff1",
21:23:35    "buildRef": "295148c00d5b-working",
21:23:35    "files": 148
21:23:35  }
21:23:36  Build Completed in /vercel/output [17s]
21:23:36  Deploying outputs...
21:23:38  Deployment completed
21:23:38  Creating build cache...
21:23:44  Created build cache: 6s
21:23:44  Uploading build cache [51.26 MB]
21:23:45  Build cache uploaded: 1.002s
