Cloning into '.handoff-validation-p09a-049c1cd'...
Updating files:   3% (144/4100)
Updating files:   4% (164/4100)
Updating files:   5% (205/4100)
Updating files:   6% (246/4100)
Updating files:   7% (287/4100)
Updating files:   8% (328/4100)
Updating files:   9% (369/4100)
Updating files:  10% (410/4100)
Updating files:  11% (451/4100)
Updating files:  12% (492/4100)
Updating files:  13% (533/4100)
Updating files:  14% (574/4100)
Updating files:  15% (615/4100)
Updating files:  16% (656/4100)
Updating files:  17% (697/4100)
Updating files:  18% (738/4100)
Updating files:  19% (779/4100)
Updating files:  20% (820/4100)
Updating files:  21% (861/4100)
Updating files:  22% (902/4100)
Updating files:  22% (905/4100)
Updating files:  23% (943/4100)
Updating files:  24% (984/4100)
Updating files:  25% (1025/4100)
Updating files:  26% (1066/4100)
Updating files:  27% (1107/4100)
Updating files:  28% (1148/4100)
Updating files:  29% (1189/4100)
Updating files:  30% (1230/4100)
Updating files:  30% (1233/4100)
Updating files:  31% (1271/4100)
Updating files:  32% (1312/4100)
Updating files:  33% (1353/4100)
Updating files:  34% (1394/4100)
Updating files:  35% (1435/4100)
Updating files:  36% (1476/4100)
Updating files:  36% (1489/4100)
Updating files:  37% (1517/4100)
Updating files:  38% (1558/4100)
Updating files:  39% (1599/4100)
Updating files:  40% (1640/4100)
Updating files:  41% (1681/4100)
Updating files:  42% (1722/4100)
Updating files:  43% (1763/4100)
Updating files:  44% (1804/4100)
Updating files:  45% (1845/4100)
Updating files:  46% (1886/4100)
Updating files:  47% (1927/4100)
Updating files:  47% (1952/4100)
Updating files:  48% (1968/4100)
Updating files:  49% (2009/4100)
Updating files:  50% (2050/4100)
Updating files:  51% (2091/4100)
Updating files:  52% (2132/4100)
Updating files:  53% (2173/4100)
Updating files:  54% (2214/4100)
Updating files:  55% (2255/4100)
Updating files:  56% (2296/4100)
Updating files:  56% (2302/4100)
Updating files:  57% (2337/4100)
Updating files:  58% (2378/4100)
Updating files:  59% (2419/4100)
Updating files:  60% (2460/4100)
Updating files:  61% (2501/4100)
Updating files:  62% (2542/4100)
Updating files:  63% (2583/4100)
Updating files:  64% (2624/4100)
Updating files:  65% (2665/4100)
Updating files:  66% (2706/4100)
Updating files:  67% (2747/4100)
Updating files:  68% (2788/4100)
Updating files:  68% (2823/4100)
Updating files:  69% (2829/4100)
Updating files:  70% (2870/4100)
Updating files:  71% (2911/4100)
Updating files:  72% (2952/4100)
Updating files:  73% (2993/4100)
Updating files:  74% (3034/4100)
Updating files:  75% (3075/4100)
Updating files:  76% (3116/4100)
Updating files:  77% (3157/4100)
Updating files:  78% (3198/4100)
Updating files:  78% (3209/4100)
Updating files:  79% (3239/4100)
Updating files:  80% (3280/4100)
Updating files:  81% (3321/4100)
Updating files:  82% (3362/4100)
Updating files:  83% (3403/4100)
Updating files:  84% (3444/4100)
Updating files:  85% (3485/4100)
Updating files:  85% (3514/4100)
Updating files:  86% (3526/4100)
Updating files:  87% (3567/4100)
Updating files:  88% (3608/4100)
Updating files:  89% (3649/4100)
Updating files:  90% (3690/4100)
Updating files:  91% (3731/4100)
Updating files:  92% (3772/4100)
Updating files:  93% (3813/4100)
Updating files:  94% (3854/4100)
Updating files:  95% (3895/4100)
Updating files:  96% (3936/4100)
Updating files:  97% (3977/4100)
Updating files:  98% (4018/4100)
Updating files:  99% (4059/4100)
Updating files: 100% (4100/4100)
Updating files: 100% (4100/4100), done.
