
> slingmods-three-wheel-tour-rebuild@1.0.0 demo:build
> node scripts/build-demo.mjs

vite v8.3.0 building client environment for demo...
transforming...
✓ 114 modules transformed.
rendering chunks...
computing gzip size...
demo-dist/2026-09-15T21-43-47-155Z-7a5d7d492bd9/index.html                              0.95 kB │ gzip:     0.56 kB
demo-dist/2026-09-15T21-43-47-155Z-7a5d7d492bd9/.vite/manifest.json                     7.62 kB │ gzip:     1.16 kB
demo-dist/2026-09-15T21-43-47-155Z-7a5d7d492bd9/assets/style-S_mbsQK_.css               0.86 kB │ gzip:     0.44 kB
demo-dist/2026-09-15T21-43-47-155Z-7a5d7d492bd9/assets/tokens-DCoyW88C.css              1.23 kB │ gzip:     0.54 kB
demo-dist/2026-09-15T21-43-47-155Z-7a5d7d492bd9/assets/competition-eoblom2f.css         3.68 kB │ gzip:     1.33 kB
demo-dist/2026-09-15T21-43-47-155Z-7a5d7d492bd9/assets/build-cza-csh3.css               4.86 kB │ gzip:     1.62 kB
demo-dist/2026-09-15T21-43-47-155Z-7a5d7d492bd9/assets/hub-CySaJqIv.css                 5.15 kB │ gzip:     1.60 kB
demo-dist/2026-09-15T21-43-47-155Z-7a5d7d492bd9/assets/recovery-C_RFDXna.css            7.49 kB │ gzip:     2.24 kB
demo-dist/2026-09-15T21-43-47-155Z-7a5d7d492bd9/assets/workbench-YJCDbCc6.css          12.31 kB │ gzip:     3.42 kB
demo-dist/2026-09-15T21-43-47-155Z-7a5d7d492bd9/assets/driving-camera-8pBO1Ms_.css     12.96 kB │ gzip:     3.52 kB
demo-dist/2026-09-15T21-43-47-155Z-7a5d7d492bd9/assets/scene-BQKrWtcZ.css              14.59 kB │ gzip:     3.79 kB
demo-dist/2026-09-15T21-43-47-155Z-7a5d7d492bd9/assets/race-adapter-BHfMfvcB.js         1.43 kB │ gzip:     0.70 kB
demo-dist/2026-09-15T21-43-47-155Z-7a5d7d492bd9/assets/inspection-DnDkxZ1y.js           1.46 kB │ gzip:     0.77 kB
demo-dist/2026-09-15T21-43-47-155Z-7a5d7d492bd9/assets/profile-CBf642VZ.js              1.49 kB │ gzip:     0.72 kB
demo-dist/2026-09-15T21-43-47-155Z-7a5d7d492bd9/assets/route-CwTToCul.js                1.88 kB │ gzip:     1.04 kB
demo-dist/2026-09-15T21-43-47-155Z-7a5d7d492bd9/assets/recovery-Dv3vFEnD.js             1.99 kB │ gzip:     1.05 kB
demo-dist/2026-09-15T21-43-47-155Z-7a5d7d492bd9/assets/RoomEnvironment-Crz2eLJ7.js      2.02 kB │ gzip:     0.88 kB
demo-dist/2026-09-15T21-43-47-155Z-7a5d7d492bd9/assets/calibration-CF9NeXj3.js          2.40 kB │ gzip:     1.27 kB
demo-dist/2026-09-15T21-43-47-155Z-7a5d7d492bd9/assets/hero-CuO-d3uT.js                 2.86 kB │ gzip:     1.25 kB
demo-dist/2026-09-15T21-43-47-155Z-7a5d7d492bd9/assets/signature-art-rzEYK4DR.js        5.00 kB │ gzip:     2.14 kB
demo-dist/2026-09-15T21-43-47-155Z-7a5d7d492bd9/assets/index-CimjZw_U.js                5.14 kB │ gzip:     2.25 kB
demo-dist/2026-09-15T21-43-47-155Z-7a5d7d492bd9/assets/hub-CvK87X5H.js                  9.63 kB │ gzip:     4.21 kB
demo-dist/2026-09-15T21-43-47-155Z-7a5d7d492bd9/assets/menu-4l3Gs4z_.js                11.58 kB │ gzip:     4.65 kB
demo-dist/2026-09-15T21-43-47-155Z-7a5d7d492bd9/assets/harbor-Dqan-jNB.js              11.96 kB │ gzip:     5.25 kB
demo-dist/2026-09-15T21-43-47-155Z-7a5d7d492bd9/assets/crew-Cs4PwKor.js                13.82 kB │ gzip:     5.98 kB
demo-dist/2026-09-15T21-43-47-155Z-7a5d7d492bd9/assets/driving-camera-DVDWljTd.js      19.14 kB │ gzip:     7.17 kB
demo-dist/2026-09-15T21-43-47-155Z-7a5d7d492bd9/assets/OrbitControls-Clyrila1.js       19.84 kB │ gzip:     4.40 kB
demo-dist/2026-09-15T21-43-47-155Z-7a5d7d492bd9/assets/express-CLGq0P0v.js             19.87 kB │ gzip:     8.30 kB
demo-dist/2026-09-15T21-43-47-155Z-7a5d7d492bd9/assets/competition-i5cClzK8.js         24.22 kB │ gzip:     9.13 kB
demo-dist/2026-09-15T21-43-47-155Z-7a5d7d492bd9/assets/harbor-lighting-CaeGYRSZ.js     24.96 kB │ gzip:    10.50 kB
demo-dist/2026-09-15T21-43-47-155Z-7a5d7d492bd9/assets/client-BFwFumh-.js              28.87 kB │ gzip:     8.91 kB
demo-dist/2026-09-15T21-43-47-155Z-7a5d7d492bd9/assets/scene-BsmfkEpI.js               35.61 kB │ gzip:    13.19 kB
demo-dist/2026-09-15T21-43-47-155Z-7a5d7d492bd9/assets/workbench-C5RrK9M0.js           50.12 kB │ gzip:    16.72 kB
demo-dist/2026-09-15T21-43-47-155Z-7a5d7d492bd9/assets/save-BLMk3j20.js               639.01 kB │ gzip:   161.34 kB
demo-dist/2026-09-15T21-43-47-155Z-7a5d7d492bd9/assets/game-audio-C9o2Twcp.js       3,157.82 kB │ gzip: 1,220.71 kB

✓ built in 296ms
[plugin builtin:vite-reporter] 
(!) Some chunks are larger than 500 kB after minification. Consider:
- Using dynamic import() to code-split the application
- Use build.rolldownOptions.output.codeSplitting to improve chunking: https://rolldown.rs/reference/OutputOptions.codeSplitting
- Adjust chunk size limit for this warning via build.chunkSizeWarningLimit.
{
  "output": "demo-dist/2026-09-15T21-43-47-155Z-7a5d7d492bd9",
  "buildRef": "7a5d7d492bd9",
  "files": 90,
  "bytes": 133062656
}
