
> slingmods-three-wheel-tour-rebuild@1.0.0 demo:build
> node scripts/build-demo.mjs

vite v8.3.0 building client environment for demo...
transforming...
✓ 106 modules transformed.
rendering chunks...
computing gzip size...
demo-dist/2026-09-15T18-29-40-992Z-822ff5f5a9cc/index.html                              0.95 kB │ gzip:     0.56 kB
demo-dist/2026-09-15T18-29-40-992Z-822ff5f5a9cc/.vite/manifest.json                     6.62 kB │ gzip:     1.00 kB
demo-dist/2026-09-15T18-29-40-992Z-822ff5f5a9cc/assets/style-S_mbsQK_.css               0.86 kB │ gzip:     0.44 kB
demo-dist/2026-09-15T18-29-40-992Z-822ff5f5a9cc/assets/competition-eoblom2f.css         3.68 kB │ gzip:     1.33 kB
demo-dist/2026-09-15T18-29-40-992Z-822ff5f5a9cc/assets/build-cza-csh3.css               4.86 kB │ gzip:     1.62 kB
demo-dist/2026-09-15T18-29-40-992Z-822ff5f5a9cc/assets/recovery-C_RFDXna.css            7.49 kB │ gzip:     2.24 kB
demo-dist/2026-09-15T18-29-40-992Z-822ff5f5a9cc/assets/workbench-YJCDbCc6.css          12.31 kB │ gzip:     3.42 kB
demo-dist/2026-09-15T18-29-40-992Z-822ff5f5a9cc/assets/driving-camera-8pBO1Ms_.css     12.96 kB │ gzip:     3.52 kB
demo-dist/2026-09-15T18-29-40-992Z-822ff5f5a9cc/assets/scene-CL5d3OuT.css              15.83 kB │ gzip:     4.14 kB
demo-dist/2026-09-15T18-29-40-992Z-822ff5f5a9cc/assets/profile-BYVn74a4.js              1.35 kB │ gzip:     0.67 kB
demo-dist/2026-09-15T18-29-40-992Z-822ff5f5a9cc/assets/inspection-B4zBUgYx.js           1.46 kB │ gzip:     0.77 kB
demo-dist/2026-09-15T18-29-40-992Z-822ff5f5a9cc/assets/recovery-Dv3vFEnD.js             1.99 kB │ gzip:     1.05 kB
demo-dist/2026-09-15T18-29-40-992Z-822ff5f5a9cc/assets/RoomEnvironment-CcjMrw2H.js      2.02 kB │ gzip:     0.88 kB
demo-dist/2026-09-15T18-29-40-992Z-822ff5f5a9cc/assets/calibration-7jIuGMIx.js          2.40 kB │ gzip:     1.27 kB
demo-dist/2026-09-15T18-29-40-992Z-822ff5f5a9cc/assets/hero-DaQhPp0p.js                 2.86 kB │ gzip:     1.25 kB
demo-dist/2026-09-15T18-29-40-992Z-822ff5f5a9cc/assets/index-yspu2S7_.js                4.88 kB │ gzip:     2.14 kB
demo-dist/2026-09-15T18-29-40-992Z-822ff5f5a9cc/assets/signature-art-CxfJ8cAS.js        5.07 kB │ gzip:     2.17 kB
demo-dist/2026-09-15T18-29-40-992Z-822ff5f5a9cc/assets/config-DHt8fApm.js               9.87 kB │ gzip:     4.28 kB
demo-dist/2026-09-15T18-29-40-992Z-822ff5f5a9cc/assets/harbor-DNC20DH4.js              11.77 kB │ gzip:     5.20 kB
demo-dist/2026-09-15T18-29-40-992Z-822ff5f5a9cc/assets/crew-tytcfFy6.js                13.61 kB │ gzip:     5.93 kB
demo-dist/2026-09-15T18-29-40-992Z-822ff5f5a9cc/assets/express-BdLPRTf1.js             14.21 kB │ gzip:     6.35 kB
demo-dist/2026-09-15T18-29-40-992Z-822ff5f5a9cc/assets/build-CfZ7RxHn.js               16.09 kB │ gzip:     5.38 kB
demo-dist/2026-09-15T18-29-40-992Z-822ff5f5a9cc/assets/OrbitControls-D28Fv8AQ.js       19.84 kB │ gzip:     4.40 kB
demo-dist/2026-09-15T18-29-40-992Z-822ff5f5a9cc/assets/driving-camera-RoNxF37m.js      20.18 kB │ gzip:     7.51 kB
demo-dist/2026-09-15T18-29-40-992Z-822ff5f5a9cc/assets/harbor-lighting-DJq2-x-w.js     22.70 kB │ gzip:     9.54 kB
demo-dist/2026-09-15T18-29-40-992Z-822ff5f5a9cc/assets/competition-BpQaVTNK.js         24.06 kB │ gzip:     9.08 kB
demo-dist/2026-09-15T18-29-40-992Z-822ff5f5a9cc/assets/scene-GBIotSXh.js               31.67 kB │ gzip:    11.79 kB
demo-dist/2026-09-15T18-29-40-992Z-822ff5f5a9cc/assets/workbench-yflnGGK-.js           49.78 kB │ gzip:    16.60 kB
demo-dist/2026-09-15T18-29-40-992Z-822ff5f5a9cc/assets/save-BGQzU5Mb.js               639.01 kB │ gzip:   161.34 kB
demo-dist/2026-09-15T18-29-40-992Z-822ff5f5a9cc/assets/game-audio-CpA-u_A6.js       3,159.02 kB │ gzip: 1,221.14 kB

✓ built in 313ms
[plugin builtin:vite-reporter] 
(!) Some chunks are larger than 500 kB after minification. Consider:
- Using dynamic import() to code-split the application
- Use build.rolldownOptions.output.codeSplitting to improve chunking: https://rolldown.rs/reference/OutputOptions.codeSplitting
- Adjust chunk size limit for this warning via build.chunkSizeWarningLimit.
{
  "output": "demo-dist/2026-09-15T18-29-40-992Z-822ff5f5a9cc",
  "buildRef": "822ff5f5a9cc",
  "files": 85,
  "bytes": 133016713
}
