Encoding ground-cover\cards-baseColor.png
Encoding ground-cover\cards-normal.png
Encoding ground-cover\cards-roughness.png
Encoding ground-cover\cards-translucency.png
Encoding ground-cover\shoulder-blend-weights.png
Encoding harbor-water\foam.png
Encoding race-asphalt\detail-normal.png
Encoding race-asphalt\dry-4m-baseColor.png
Encoding race-asphalt\dry-4m-height.png
Encoding race-asphalt\dry-4m-normal.png
Encoding race-asphalt\dry-4m-ORM.png
Encoding race-asphalt\puddle-mask.png
Encoding race-asphalt\wet-baseColor.png
Encoding race-asphalt\wet-normal.png
Encoding race-asphalt\wet-ORM.png
Encoding ridge-trees\eucalyptus-imposter-baseColor.png
Encoding ridge-trees\eucalyptus-imposter-depth.png
Encoding ridge-trees\eucalyptus-imposter-normal.png
Encoding ridge-trees\eucalyptus-leaves-baseColor.png
Encoding ridge-trees\eucalyptus-leaves-normal.png
Encoding ridge-trees\eucalyptus-leaves-translucency.png
Encoding ridge-trees\oak-imposter-baseColor.png
Encoding ridge-trees\oak-imposter-depth.png
Encoding ridge-trees\oak-imposter-normal.png
Encoding ridge-trees\oak-leaves-baseColor.png
Encoding ridge-trees\oak-leaves-normal.png
Encoding ridge-trees\oak-leaves-translucency.png
Encoding ridge-trees\sycamore-imposter-baseColor.png
Encoding ridge-trees\sycamore-imposter-depth.png
Encoding ridge-trees\sycamore-imposter-normal.png
Encoding ridge-trees\sycamore-leaves-baseColor.png
Encoding ridge-trees\sycamore-leaves-normal.png
Encoding ridge-trees\sycamore-leaves-translucency.png
Encoding road-decals\baseColor.png
Encoding road-decals\normal.png
Encoding road-decals\ORM.png
Encoding road-decals\roughness.png
Encoding shared-textures\75fdc26dccfd7baf5ab706073efec68497beeda8df8a4bf90bdeec4789dcd8b9.png
Encoding shared-textures\7f86698349f9c83abdd9a68d9c40810c2f89385a710fa209de6ad71fff75c3fd.png
Encoding shared-textures\89567344f32b5b8d064ddc8ec160b5be2f037382f6d59521e61f23f0867f67e5.png
Encoding shared-textures\a4d2864818da9cc72b5a1b75c4805d9c4a9f7229ab852887f50c569b08eab0e1.png
Encoding shared-textures\a8450eb2dec353573bc93f344920793a425e56aeec2c4ac6914f9f07d0323df9.png
Encoding shared-textures\c11e5cf81064dc027d42c5f2d84057ffdd7d14e743d8aec29177379d597d9be1.png
Encoding trackside-props\concrete-baseColor.png
Encoding trackside-props\concrete-height.png
Encoding trackside-props\concrete-normal.png
Encoding trackside-props\concrete-ORM.png
Encoding trackside-props\metal-baseColor.png
Encoding trackside-props\metal-height.png
Encoding trackside-props\metal-normal.png
Encoding trackside-props\metal-ORM.png
Encoding trackside-props\trim-height.png
Encoding ui-hud\combo-multiplier@2x.png
Encoding ui-hud\gear-speed@2x.png
Encoding ui-hud\loading-layout@2x.png
Encoding ui-hud\points-counter@2x.png
Encoding ui-hud\position-row@2x.png
Encoding ui-hud\rival-lower-third@2x.png
Encoding ui-hud\sector-green@2x.png
Encoding ui-hud\sector-purple@2x.png
Encoding ui-hud\sector-red@2x.png
Encoding ui-hud\tachometer-arc@2x.png
Encoding vfx\anamorphic-streak.png
Encoding vfx\boost-speed-lines.png
Encoding vfx\brake-scrape-sparks.png
Encoding vfx\burnout-smoke-normal.png
Encoding vfx\burnout-smoke.png
Encoding vfx\drift-sparks-orange.png
Encoding vfx\drift-sparks-red.png
Encoding vfx\drift-sparks-white.png
Encoding vfx\dry-leaf-burst.png
Encoding vfx\dust-kickup-normal.png
Encoding vfx\dust-kickup.png
Encoding vfx\exhaust-flame-pop.png
Encoding vfx\fog-noise-slices.png
Encoding vfx\heat-shimmer-normal.png
Encoding vfx\lens-dirt.png
Encoding vfx\particle-soft.png
Encoding vfx\particle-streak.png
Encoding vfx\podium-confetti.png
Encoding vfx\points-pickup-burst.png
Encoding vfx\raindrops-lens-mask.png
Encoding vfx\raindrops-lens-normal.png
Encoding vfx\tire-smoke-normal.png
Encoding vfx\tire-smoke.png
Encoding vfx\water-rooster-tail-normal.png
Encoding vfx\water-rooster-tail.png
Encoded 87 new or changed textures
