Encoding ground-cover\canyon-dirt-baseColor.png
Encoding ground-cover\canyon-dirt-height.png
Encoding ground-cover\canyon-dirt-normal.png
Encoding ground-cover\canyon-dirt-ORM.png
Encoding ground-cover\dry-grass-baseColor.png
Encoding ground-cover\dry-grass-height.png
Encoding ground-cover\dry-grass-normal.png
Encoding ground-cover\dry-grass-ORM.png
Encoding ground-cover\gravel-shoulder-baseColor.png
Encoding ground-cover\gravel-shoulder-height.png
Encoding ground-cover\gravel-shoulder-normal.png
Encoding ground-cover\gravel-shoulder-ORM.png
Encoding ground-cover\leaf-litter-baseColor.png
Encoding ground-cover\leaf-litter-height.png
Encoding ground-cover\leaf-litter-normal.png
Encoding ground-cover\leaf-litter-ORM.png
Encoding ground-cover\rocks-baseColor.png
Encoding ground-cover\rocks-height.png
Encoding ground-cover\rocks-normal.png
Encoding ground-cover\rocks-ORM.png
Encoding ground-cover\shaded-soil-baseColor.png
Encoding ground-cover\shaded-soil-height.png
Encoding ground-cover\shaded-soil-normal.png
Encoding ground-cover\shaded-soil-ORM.png
Encoding harbor-water\foam-source.png
Encoding race-asphalt\dry-baseColor.png
Encoding race-asphalt\dry-height.png
Encoding race-asphalt\dry-normal.png
Encoding race-asphalt\dry-ORM.png
Encoding ridge-trees\eucalyptus-bark-baseColor.png
Encoding ridge-trees\eucalyptus-bark-height.png
Encoding ridge-trees\eucalyptus-bark-normal.png
Encoding ridge-trees\eucalyptus-bark-ORM.png
Encoding ridge-trees\oak-bark-baseColor.png
Encoding ridge-trees\oak-bark-height.png
Encoding ridge-trees\oak-bark-normal.png
Encoding ridge-trees\oak-bark-ORM.png
Encoding ridge-trees\sycamore-bark-baseColor.png
Encoding ridge-trees\sycamore-bark-height.png
Encoding ridge-trees\sycamore-bark-normal.png
Encoding ridge-trees\sycamore-bark-ORM.png
Encoding ui-hud\boost-full-flare@2x.png
Encoding ui-hud\boost-orange@2x.png
Encoding ui-hud\boost-red@2x.png
Encoding ui-hud\boost-white@2x.png
Encoding ui-hud\combo-multiplier@2x.png
Encoding ui-hud\gear-speed@2x.png
Encoding ui-hud\icon-aero@2x.png
Encoding ui-hud\icon-audio@2x.png
Encoding ui-hud\icon-build@2x.png
Encoding ui-hud\icon-controller@2x.png
Encoding ui-hud\icon-day@2x.png
Encoding ui-hud\icon-destinations@2x.png
Encoding ui-hud\icon-dusk@2x.png
Encoding ui-hud\icon-exhaust@2x.png
Encoding ui-hud\icon-keyboard@2x.png
Encoding ui-hud\icon-lighting@2x.png
Encoding ui-hud\icon-night@2x.png
Encoding ui-hud\icon-paint@2x.png
Encoding ui-hud\icon-photo-mode@2x.png
Encoding ui-hud\icon-rain@2x.png
Encoding ui-hud\icon-replay@2x.png
Encoding ui-hud\icon-settings@2x.png
Encoding ui-hud\icon-shop@2x.png
Encoding ui-hud\icon-storage@2x.png
Encoding ui-hud\icon-suspension@2x.png
Encoding ui-hud\letterbox@2x.png
Encoding ui-hud\loading-layout@2x.png
Encoding ui-hud\marker-player@2x.png
Encoding ui-hud\marker-points@2x.png
Encoding ui-hud\marker-rival@2x.png
Encoding ui-hud\minimap-frame@2x.png
Encoding ui-hud\panel-large@2x.png
Encoding ui-hud\panel-medium@2x.png
Encoding ui-hud\panel-small@2x.png
Encoding ui-hud\points-counter@2x.png
Encoding ui-hud\points-token@2x.png
Encoding ui-hud\position-row@2x.png
Encoding ui-hud\rival-lower-third@2x.png
Encoding ui-hud\sector-green@2x.png
Encoding ui-hud\sector-purple@2x.png
Encoding ui-hud\sector-red@2x.png
Encoding ui-hud\shift-lights@2x.png
Encoding ui-hud\tachometer-arc@2x.png
Encoding ui-hud\tachometer-needle@2x.png
Encoding ui-hud\tachometer-sweep@2x.png
Encoding vfx\tire-smoke-source.png
Encoding wooden-sign\cedar-baseColor.png
Encoding wooden-sign\cedar-height.png
Encoding wooden-sign\cedar-normal.png
Encoding wooden-sign\cedar-ORM.png
Encoded 91 new or changed textures
