Basis Universal GPU Texture Compressor v1.16.4
Copyright (C) 2019-2022 Binomial LLC, All rights reserved
Using SSE 4.1: 1, Multithreading: 1, Zstandard support: 1, OpenCL: 0
Input file "public/assets/p11/ridge-trees/oak-leaves-baseColor.ktx2", KTX2: 1
Resolution: 4096x4096
Mipmap Levels: 13
Texture Array Size (layers): 0
Total Faces: 1 (2D)
Is Texture Video: 0
Supercompression Format: ETC1S
Supercompression Scheme: BASISLZ
Has Alpha: 1

Data Format Descriptor (DFD):
DFD length in bytes: 60
DFD color model: 163
DFD color primaries: 1 (BT709)
DFD transfer func: 2 (SRGB)
DFD flags: 0
DFD samples: 2
DFD chan0: RGB
DFD chan1: AAA
DFD hex values:
0x3C,0x0,0x0,0x0,0x0,0x0,0x0,0x0,0x2,0x0,0x38,0x0,0xA3,0x1,0x2,0x0,0x3,0x3,0x0,0x0,0x0,0x0,0x0,0x0,0x0,0x0,0x0,0x0,0x0,0x0,0x3F,0x0,0x0,0x0,0x0,0x0,0x0,0x0,0x0,0x0,0xFF,0xFF,0xFF,0xFF,0x40,0x0,0x3F,0xF,0x0,0x0,0x0,0x0,0x0,0x0,0x0,0x0,0xFF,0xFF,0xFF,0xFF

Total key values: 1
0. Key: "KTXwriter", Value length in bytes: 21 Value String: "Basis Universal 1.16"
ETC1S header:
Endpoint Count: 5548, Selector Count: 8480, Endpoint Length: 10679, Selector Length: 16566, Tables Length: 3718, Extended Length: 0
Total ETC1S image descs: 13
0. Flags: 0x0, RGB Ofs: 0 Len: 1303237, Alpha Ofs: 1303237, Len: 449413
1. Flags: 0x0, RGB Ofs: 0 Len: 387497, Alpha Ofs: 387497, Len: 146509
2. Flags: 0x0, RGB Ofs: 0 Len: 110825, Alpha Ofs: 110825, Len: 50191
3. Flags: 0x0, RGB Ofs: 0 Len: 31331, Alpha Ofs: 31331, Len: 18337
4. Flags: 0x0, RGB Ofs: 0 Len: 9486, Alpha Ofs: 9486, Len: 6761
5. Flags: 0x0, RGB Ofs: 0 Len: 2958, Alpha Ofs: 2958, Len: 2380
6. Flags: 0x0, RGB Ofs: 0 Len: 817, Alpha Ofs: 817, Len: 719
7. Flags: 0x0, RGB Ofs: 0 Len: 204, Alpha Ofs: 204, Len: 180
8. Flags: 0x0, RGB Ofs: 0 Len: 50, Alpha Ofs: 50, Len: 47
9. Flags: 0x0, RGB Ofs: 0 Len: 15, Alpha Ofs: 15, Len: 13
10. Flags: 0x0, RGB Ofs: 0 Len: 5, Alpha Ofs: 5, Len: 4
11. Flags: 0x0, RGB Ofs: 0 Len: 4, Alpha Ofs: 4, Len: 4
12. Flags: 0x0, RGB Ofs: 0 Len: 5, Alpha Ofs: 5, Len: 4
Levels:
0. Offset: 800077, Length: 1752650, Uncompressed Length: 0
1. Offset: 266071, Length: 534006, Uncompressed Length: 0
2. Offset: 105055, Length: 161016, Uncompressed Length: 0
3. Offset: 55387, Length: 49668, Uncompressed Length: 0
4. Offset: 39140, Length: 16247, Uncompressed Length: 0
5. Offset: 33802, Length: 5338, Uncompressed Length: 0
6. Offset: 32266, Length: 1536, Uncompressed Length: 0
7. Offset: 31882, Length: 384, Uncompressed Length: 0
8. Offset: 31785, Length: 97, Uncompressed Length: 0
9. Offset: 31757, Length: 28, Uncompressed Length: 0
10. Offset: 31748, Length: 9, Uncompressed Length: 0
11. Offset: 31740, Length: 8, Uncompressed Length: 0
12. Offset: 31731, Length: 9, Uncompressed Length: 0
Transcode of layer 0 level 0 face 0 res 4096x4096 format ETC1_RGB succeeded
Transcode of layer 0 level 1 face 0 res 2048x2048 format ETC1_RGB succeeded
Transcode of layer 0 level 2 face 0 res 1024x1024 format ETC1_RGB succeeded
Transcode of layer 0 level 3 face 0 res 512x512 format ETC1_RGB succeeded
Transcode of layer 0 level 4 face 0 res 256x256 format ETC1_RGB succeeded
Transcode of layer 0 level 5 face 0 res 128x128 format ETC1_RGB succeeded
Transcode of layer 0 level 6 face 0 res 64x64 format ETC1_RGB succeeded
Transcode of layer 0 level 7 face 0 res 32x32 format ETC1_RGB succeeded
Transcode of layer 0 level 8 face 0 res 16x16 format ETC1_RGB succeeded
Transcode of layer 0 level 9 face 0 res 8x8 format ETC1_RGB succeeded
Transcode of layer 0 level 10 face 0 res 4x4 format ETC1_RGB succeeded
Transcode of layer 0 level 11 face 0 res 2x2 format ETC1_RGB succeeded
Transcode of layer 0 level 12 face 0 res 1x1 format ETC1_RGB succeeded
Transcode of layer 0 level 0 face 0 res 4096x4096 format ETC2_RGBA succeeded
Transcode of layer 0 level 1 face 0 res 2048x2048 format ETC2_RGBA succeeded
Transcode of layer 0 level 2 face 0 res 1024x1024 format ETC2_RGBA succeeded
Transcode of layer 0 level 3 face 0 res 512x512 format ETC2_RGBA succeeded
Transcode of layer 0 level 4 face 0 res 256x256 format ETC2_RGBA succeeded
Transcode of layer 0 level 5 face 0 res 128x128 format ETC2_RGBA succeeded
Transcode of layer 0 level 6 face 0 res 64x64 format ETC2_RGBA succeeded
Transcode of layer 0 level 7 face 0 res 32x32 format ETC2_RGBA succeeded
Transcode of layer 0 level 8 face 0 res 16x16 format ETC2_RGBA succeeded
Transcode of layer 0 level 9 face 0 res 8x8 format ETC2_RGBA succeeded
Transcode of layer 0 level 10 face 0 res 4x4 format ETC2_RGBA succeeded
Transcode of layer 0 level 11 face 0 res 2x2 format ETC2_RGBA succeeded
Transcode of layer 0 level 12 face 0 res 1x1 format ETC2_RGBA succeeded
Transcode of layer 0 level 0 face 0 res 4096x4096 format BC1_RGB succeeded
Transcode of layer 0 level 1 face 0 res 2048x2048 format BC1_RGB succeeded
Transcode of layer 0 level 2 face 0 res 1024x1024 format BC1_RGB succeeded
Transcode of layer 0 level 3 face 0 res 512x512 format BC1_RGB succeeded
Transcode of layer 0 level 4 face 0 res 256x256 format BC1_RGB succeeded
Transcode of layer 0 level 5 face 0 res 128x128 format BC1_RGB succeeded
Transcode of layer 0 level 6 face 0 res 64x64 format BC1_RGB succeeded
Transcode of layer 0 level 7 face 0 res 32x32 format BC1_RGB succeeded
Transcode of layer 0 level 8 face 0 res 16x16 format BC1_RGB succeeded
Transcode of layer 0 level 9 face 0 res 8x8 format BC1_RGB succeeded
Transcode of layer 0 level 10 face 0 res 4x4 format BC1_RGB succeeded
Transcode of layer 0 level 11 face 0 res 2x2 format BC1_RGB succeeded
Transcode of layer 0 level 12 face 0 res 1x1 format BC1_RGB succeeded
Transcode of layer 0 level 0 face 0 res 4096x4096 format BC3_RGBA succeeded
Transcode of layer 0 level 1 face 0 res 2048x2048 format BC3_RGBA succeeded
Transcode of layer 0 level 2 face 0 res 1024x1024 format BC3_RGBA succeeded
Transcode of layer 0 level 3 face 0 res 512x512 format BC3_RGBA succeeded
Transcode of layer 0 level 4 face 0 res 256x256 format BC3_RGBA succeeded
Transcode of layer 0 level 5 face 0 res 128x128 format BC3_RGBA succeeded
Transcode of layer 0 level 6 face 0 res 64x64 format BC3_RGBA succeeded
Transcode of layer 0 level 7 face 0 res 32x32 format BC3_RGBA succeeded
Transcode of layer 0 level 8 face 0 res 16x16 format BC3_RGBA succeeded
Transcode of layer 0 level 9 face 0 res 8x8 format BC3_RGBA succeeded
Transcode of layer 0 level 10 face 0 res 4x4 format BC3_RGBA succeeded
Transcode of layer 0 level 11 face 0 res 2x2 format BC3_RGBA succeeded
Transcode of layer 0 level 12 face 0 res 1x1 format BC3_RGBA succeeded
Transcode of layer 0 level 0 face 0 res 4096x4096 format BC4_R succeeded
Transcode of layer 0 level 1 face 0 res 2048x2048 format BC4_R succeeded
Transcode of layer 0 level 2 face 0 res 1024x1024 format BC4_R succeeded
Transcode of layer 0 level 3 face 0 res 512x512 format BC4_R succeeded
Transcode of layer 0 level 4 face 0 res 256x256 format BC4_R succeeded
Transcode of layer 0 level 5 face 0 res 128x128 format BC4_R succeeded
Transcode of layer 0 level 6 face 0 res 64x64 format BC4_R succeeded
Transcode of layer 0 level 7 face 0 res 32x32 format BC4_R succeeded
Transcode of layer 0 level 8 face 0 res 16x16 format BC4_R succeeded
Transcode of layer 0 level 9 face 0 res 8x8 format BC4_R succeeded
Transcode of layer 0 level 10 face 0 res 4x4 format BC4_R succeeded
Transcode of layer 0 level 11 face 0 res 2x2 format BC4_R succeeded
Transcode of layer 0 level 12 face 0 res 1x1 format BC4_R succeeded
Transcode of layer 0 level 0 face 0 res 4096x4096 format BC5_RG succeeded
Transcode of layer 0 level 1 face 0 res 2048x2048 format BC5_RG succeeded
Transcode of layer 0 level 2 face 0 res 1024x1024 format BC5_RG succeeded
Transcode of layer 0 level 3 face 0 res 512x512 format BC5_RG succeeded
Transcode of layer 0 level 4 face 0 res 256x256 format BC5_RG succeeded
Transcode of layer 0 level 5 face 0 res 128x128 format BC5_RG succeeded
Transcode of layer 0 level 6 face 0 res 64x64 format BC5_RG succeeded
Transcode of layer 0 level 7 face 0 res 32x32 format BC5_RG succeeded
Transcode of layer 0 level 8 face 0 res 16x16 format BC5_RG succeeded
Transcode of layer 0 level 9 face 0 res 8x8 format BC5_RG succeeded
Transcode of layer 0 level 10 face 0 res 4x4 format BC5_RG succeeded
Transcode of layer 0 level 11 face 0 res 2x2 format BC5_RG succeeded
Transcode of layer 0 level 12 face 0 res 1x1 format BC5_RG succeeded
Transcode of layer 0 level 0 face 0 res 4096x4096 format BC7_RGBA succeeded
Transcode of layer 0 level 1 face 0 res 2048x2048 format BC7_RGBA succeeded
Transcode of layer 0 level 2 face 0 res 1024x1024 format BC7_RGBA succeeded
Transcode of layer 0 level 3 face 0 res 512x512 format BC7_RGBA succeeded
Transcode of layer 0 level 4 face 0 res 256x256 format BC7_RGBA succeeded
Transcode of layer 0 level 5 face 0 res 128x128 format BC7_RGBA succeeded
Transcode of layer 0 level 6 face 0 res 64x64 format BC7_RGBA succeeded
Transcode of layer 0 level 7 face 0 res 32x32 format BC7_RGBA succeeded
Transcode of layer 0 level 8 face 0 res 16x16 format BC7_RGBA succeeded
Transcode of layer 0 level 9 face 0 res 8x8 format BC7_RGBA succeeded
Transcode of layer 0 level 10 face 0 res 4x4 format BC7_RGBA succeeded
Transcode of layer 0 level 11 face 0 res 2x2 format BC7_RGBA succeeded
Transcode of layer 0 level 12 face 0 res 1x1 format BC7_RGBA succeeded
Transcode of layer 0 level 0 face 0 res 4096x4096 format PVRTC1_4_RGB succeeded
Transcode of layer 0 level 1 face 0 res 2048x2048 format PVRTC1_4_RGB succeeded
Transcode of layer 0 level 2 face 0 res 1024x1024 format PVRTC1_4_RGB succeeded
Transcode of layer 0 level 3 face 0 res 512x512 format PVRTC1_4_RGB succeeded
Transcode of layer 0 level 4 face 0 res 256x256 format PVRTC1_4_RGB succeeded
Transcode of layer 0 level 5 face 0 res 128x128 format PVRTC1_4_RGB succeeded
Transcode of layer 0 level 6 face 0 res 64x64 format PVRTC1_4_RGB succeeded
Transcode of layer 0 level 7 face 0 res 32x32 format PVRTC1_4_RGB succeeded
Transcode of layer 0 level 8 face 0 res 16x16 format PVRTC1_4_RGB succeeded
Transcode of layer 0 level 9 face 0 res 8x8 format PVRTC1_4_RGB succeeded
Transcode of layer 0 level 10 face 0 res 4x4 format PVRTC1_4_RGB succeeded
Transcode of layer 0 level 11 face 0 res 2x2 format PVRTC1_4_RGB succeeded
Transcode of layer 0 level 12 face 0 res 1x1 format PVRTC1_4_RGB succeeded
Transcode of layer 0 level 0 face 0 res 4096x4096 format PVRTC1_4_RGBA succeeded
Transcode of layer 0 level 1 face 0 res 2048x2048 format PVRTC1_4_RGBA succeeded
Transcode of layer 0 level 2 face 0 res 1024x1024 format PVRTC1_4_RGBA succeeded
Transcode of layer 0 level 3 face 0 res 512x512 format PVRTC1_4_RGBA succeeded
Transcode of layer 0 level 4 face 0 res 256x256 format PVRTC1_4_RGBA succeeded
Transcode of layer 0 level 5 face 0 res 128x128 format PVRTC1_4_RGBA succeeded
Transcode of layer 0 level 6 face 0 res 64x64 format PVRTC1_4_RGBA succeeded
Transcode of layer 0 level 7 face 0 res 32x32 format PVRTC1_4_RGBA succeeded
Transcode of layer 0 level 8 face 0 res 16x16 format PVRTC1_4_RGBA succeeded
Transcode of layer 0 level 9 face 0 res 8x8 format PVRTC1_4_RGBA succeeded
Transcode of layer 0 level 10 face 0 res 4x4 format PVRTC1_4_RGBA succeeded
Transcode of layer 0 level 11 face 0 res 2x2 format PVRTC1_4_RGBA succeeded
Transcode of layer 0 level 12 face 0 res 1x1 format PVRTC1_4_RGBA succeeded
Transcode of layer 0 level 0 face 0 res 4096x4096 format ASTC_RGBA succeeded
Transcode of layer 0 level 1 face 0 res 2048x2048 format ASTC_RGBA succeeded
Transcode of layer 0 level 2 face 0 res 1024x1024 format ASTC_RGBA succeeded
Transcode of layer 0 level 3 face 0 res 512x512 format ASTC_RGBA succeeded
Transcode of layer 0 level 4 face 0 res 256x256 format ASTC_RGBA succeeded
Transcode of layer 0 level 5 face 0 res 128x128 format ASTC_RGBA succeeded
Transcode of layer 0 level 6 face 0 res 64x64 format ASTC_RGBA succeeded
Transcode of layer 0 level 7 face 0 res 32x32 format ASTC_RGBA succeeded
Transcode of layer 0 level 8 face 0 res 16x16 format ASTC_RGBA succeeded
Transcode of layer 0 level 9 face 0 res 8x8 format ASTC_RGBA succeeded
Transcode of layer 0 level 10 face 0 res 4x4 format ASTC_RGBA succeeded
Transcode of layer 0 level 11 face 0 res 2x2 format ASTC_RGBA succeeded
Transcode of layer 0 level 12 face 0 res 1x1 format ASTC_RGBA succeeded
Transcode of layer 0 level 0 face 0 res 4096x4096 format ATC_RGB succeeded
Transcode of layer 0 level 1 face 0 res 2048x2048 format ATC_RGB succeeded
Transcode of layer 0 level 2 face 0 res 1024x1024 format ATC_RGB succeeded
Transcode of layer 0 level 3 face 0 res 512x512 format ATC_RGB succeeded
Transcode of layer 0 level 4 face 0 res 256x256 format ATC_RGB succeeded
Transcode of layer 0 level 5 face 0 res 128x128 format ATC_RGB succeeded
Transcode of layer 0 level 6 face 0 res 64x64 format ATC_RGB succeeded
Transcode of layer 0 level 7 face 0 res 32x32 format ATC_RGB succeeded
Transcode of layer 0 level 8 face 0 res 16x16 format ATC_RGB succeeded
Transcode of layer 0 level 9 face 0 res 8x8 format ATC_RGB succeeded
Transcode of layer 0 level 10 face 0 res 4x4 format ATC_RGB succeeded
Transcode of layer 0 level 11 face 0 res 2x2 format ATC_RGB succeeded
Transcode of layer 0 level 12 face 0 res 1x1 format ATC_RGB succeeded
Transcode of layer 0 level 0 face 0 res 4096x4096 format ATC_RGBA succeeded
Transcode of layer 0 level 1 face 0 res 2048x2048 format ATC_RGBA succeeded
Transcode of layer 0 level 2 face 0 res 1024x1024 format ATC_RGBA succeeded
Transcode of layer 0 level 3 face 0 res 512x512 format ATC_RGBA succeeded
Transcode of layer 0 level 4 face 0 res 256x256 format ATC_RGBA succeeded
Transcode of layer 0 level 5 face 0 res 128x128 format ATC_RGBA succeeded
Transcode of layer 0 level 6 face 0 res 64x64 format ATC_RGBA succeeded
Transcode of layer 0 level 7 face 0 res 32x32 format ATC_RGBA succeeded
Transcode of layer 0 level 8 face 0 res 16x16 format ATC_RGBA succeeded
Transcode of layer 0 level 9 face 0 res 8x8 format ATC_RGBA succeeded
Transcode of layer 0 level 10 face 0 res 4x4 format ATC_RGBA succeeded
Transcode of layer 0 level 11 face 0 res 2x2 format ATC_RGBA succeeded
Transcode of layer 0 level 12 face 0 res 1x1 format ATC_RGBA succeeded
Transcode of layer 0 level 0 face 0 res 4096x4096 format FXT1_RGB succeeded
Transcode of layer 0 level 1 face 0 res 2048x2048 format FXT1_RGB succeeded
Transcode of layer 0 level 2 face 0 res 1024x1024 format FXT1_RGB succeeded
Transcode of layer 0 level 3 face 0 res 512x512 format FXT1_RGB succeeded
Transcode of layer 0 level 4 face 0 res 256x256 format FXT1_RGB succeeded
Transcode of layer 0 level 5 face 0 res 128x128 format FXT1_RGB succeeded
Transcode of layer 0 level 6 face 0 res 64x64 format FXT1_RGB succeeded
Transcode of layer 0 level 7 face 0 res 32x32 format FXT1_RGB succeeded
Transcode of layer 0 level 8 face 0 res 16x16 format FXT1_RGB succeeded
Transcode of layer 0 level 9 face 0 res 8x8 format FXT1_RGB succeeded
Transcode of layer 0 level 10 face 0 res 4x4 format FXT1_RGB succeeded
Transcode of layer 0 level 11 face 0 res 2x2 format FXT1_RGB succeeded
Transcode of layer 0 level 12 face 0 res 1x1 format FXT1_RGB succeeded
Transcode of layer 0 level 0 face 0 res 4096x4096 format PVRTC2_4_RGB succeeded
Transcode of layer 0 level 1 face 0 res 2048x2048 format PVRTC2_4_RGB succeeded
Transcode of layer 0 level 2 face 0 res 1024x1024 format PVRTC2_4_RGB succeeded
Transcode of layer 0 level 3 face 0 res 512x512 format PVRTC2_4_RGB succeeded
Transcode of layer 0 level 4 face 0 res 256x256 format PVRTC2_4_RGB succeeded
Transcode of layer 0 level 5 face 0 res 128x128 format PVRTC2_4_RGB succeeded
Transcode of layer 0 level 6 face 0 res 64x64 format PVRTC2_4_RGB succeeded
Transcode of layer 0 level 7 face 0 res 32x32 format PVRTC2_4_RGB succeeded
Transcode of layer 0 level 8 face 0 res 16x16 format PVRTC2_4_RGB succeeded
Transcode of layer 0 level 9 face 0 res 8x8 format PVRTC2_4_RGB succeeded
Transcode of layer 0 level 10 face 0 res 4x4 format PVRTC2_4_RGB succeeded
Transcode of layer 0 level 11 face 0 res 2x2 format PVRTC2_4_RGB succeeded
Transcode of layer 0 level 12 face 0 res 1x1 format PVRTC2_4_RGB succeeded
Transcode of layer 0 level 0 face 0 res 4096x4096 format PVRTC2_4_RGBA succeeded
Transcode of layer 0 level 1 face 0 res 2048x2048 format PVRTC2_4_RGBA succeeded
Transcode of layer 0 level 2 face 0 res 1024x1024 format PVRTC2_4_RGBA succeeded
Transcode of layer 0 level 3 face 0 res 512x512 format PVRTC2_4_RGBA succeeded
Transcode of layer 0 level 4 face 0 res 256x256 format PVRTC2_4_RGBA succeeded
Transcode of layer 0 level 5 face 0 res 128x128 format PVRTC2_4_RGBA succeeded
Transcode of layer 0 level 6 face 0 res 64x64 format PVRTC2_4_RGBA succeeded
Transcode of layer 0 level 7 face 0 res 32x32 format PVRTC2_4_RGBA succeeded
Transcode of layer 0 level 8 face 0 res 16x16 format PVRTC2_4_RGBA succeeded
Transcode of layer 0 level 9 face 0 res 8x8 format PVRTC2_4_RGBA succeeded
Transcode of layer 0 level 10 face 0 res 4x4 format PVRTC2_4_RGBA succeeded
Transcode of layer 0 level 11 face 0 res 2x2 format PVRTC2_4_RGBA succeeded
Transcode of layer 0 level 12 face 0 res 1x1 format PVRTC2_4_RGBA succeeded
Transcode of layer 0 level 0 face 0 res 4096x4096 format ETC2_EAC_R11 succeeded
Transcode of layer 0 level 1 face 0 res 2048x2048 format ETC2_EAC_R11 succeeded
Transcode of layer 0 level 2 face 0 res 1024x1024 format ETC2_EAC_R11 succeeded
Transcode of layer 0 level 3 face 0 res 512x512 format ETC2_EAC_R11 succeeded
Transcode of layer 0 level 4 face 0 res 256x256 format ETC2_EAC_R11 succeeded
Transcode of layer 0 level 5 face 0 res 128x128 format ETC2_EAC_R11 succeeded
Transcode of layer 0 level 6 face 0 res 64x64 format ETC2_EAC_R11 succeeded
Transcode of layer 0 level 7 face 0 res 32x32 format ETC2_EAC_R11 succeeded
Transcode of layer 0 level 8 face 0 res 16x16 format ETC2_EAC_R11 succeeded
Transcode of layer 0 level 9 face 0 res 8x8 format ETC2_EAC_R11 succeeded
Transcode of layer 0 level 10 face 0 res 4x4 format ETC2_EAC_R11 succeeded
Transcode of layer 0 level 11 face 0 res 2x2 format ETC2_EAC_R11 succeeded
Transcode of layer 0 level 12 face 0 res 1x1 format ETC2_EAC_R11 succeeded
Transcode of layer 0 level 0 face 0 res 4096x4096 format ETC2_EAC_RG11 succeeded
Transcode of layer 0 level 1 face 0 res 2048x2048 format ETC2_EAC_RG11 succeeded
Transcode of layer 0 level 2 face 0 res 1024x1024 format ETC2_EAC_RG11 succeeded
Transcode of layer 0 level 3 face 0 res 512x512 format ETC2_EAC_RG11 succeeded
Transcode of layer 0 level 4 face 0 res 256x256 format ETC2_EAC_RG11 succeeded
Transcode of layer 0 level 5 face 0 res 128x128 format ETC2_EAC_RG11 succeeded
Transcode of layer 0 level 6 face 0 res 64x64 format ETC2_EAC_RG11 succeeded
Transcode of layer 0 level 7 face 0 res 32x32 format ETC2_EAC_RG11 succeeded
Transcode of layer 0 level 8 face 0 res 16x16 format ETC2_EAC_RG11 succeeded
Transcode of layer 0 level 9 face 0 res 8x8 format ETC2_EAC_RG11 succeeded
Transcode of layer 0 level 10 face 0 res 4x4 format ETC2_EAC_RG11 succeeded
Transcode of layer 0 level 11 face 0 res 2x2 format ETC2_EAC_RG11 succeeded
Transcode of layer 0 level 12 face 0 res 1x1 format ETC2_EAC_RG11 succeeded
Success
