Basis Universal GPU Texture Compressor v1.16.4
Copyright (C) 2019-2022 Binomial LLC, All rights reserved
Using SSE 4.1: 1, Multithreading: 1, Zstandard support: 1, OpenCL: 0
Input file "public/assets/p11/harbor-water/swell-normal.ktx2", KTX2: 1
Resolution: 2048x2048
Mipmap Levels: 12
Texture Array Size (layers): 0
Total Faces: 1 (2D)
Is Texture Video: 0
Supercompression Format: UASTC
Supercompression Scheme: ZSTANDARD
Has Alpha: 0

Data Format Descriptor (DFD):
DFD length in bytes: 44
DFD color model: 166
DFD color primaries: 1 (BT709)
DFD transfer func: 1 (LINEAR)
DFD flags: 0
DFD samples: 1
DFD chan0: RGB
DFD hex values:
0x2C,0x0,0x0,0x0,0x0,0x0,0x0,0x0,0x2,0x0,0x28,0x0,0xA6,0x1,0x1,0x0,0x3,0x3,0x0,0x0,0x0,0x0,0x0,0x0,0x0,0x0,0x0,0x0,0x0,0x0,0x7F,0x0,0x0,0x0,0x0,0x0,0x0,0x0,0x0,0x0,0xFF,0xFF,0xFF,0xFF

Total key values: 1
0. Key: "KTXwriter", Value length in bytes: 21 Value String: "Basis Universal 1.16"
Levels:
0. Offset: 529538, Length: 728111, Uncompressed Length: 4194304
1. Offset: 195245, Length: 334293, Uncompressed Length: 1048576
2. Offset: 63521, Length: 131724, Uncompressed Length: 262144
3. Offset: 18530, Length: 44991, Uncompressed Length: 65536
4. Offset: 5318, Length: 13212, Uncompressed Length: 16384
5. Offset: 1792, Length: 3526, Uncompressed Length: 4096
6. Offset: 853, Length: 939, Uncompressed Length: 1024
7. Offset: 596, Length: 257, Uncompressed Length: 256
8. Offset: 523, Length: 73, Uncompressed Length: 64
9. Offset: 498, Length: 25, Uncompressed Length: 16
10. Offset: 473, Length: 25, Uncompressed Length: 16
11. Offset: 448, Length: 25, Uncompressed Length: 16
Transcode of layer 0 level 0 face 0 res 2048x2048 format ETC1_RGB succeeded
Transcode of layer 0 level 1 face 0 res 1024x1024 format ETC1_RGB succeeded
Transcode of layer 0 level 2 face 0 res 512x512 format ETC1_RGB succeeded
Transcode of layer 0 level 3 face 0 res 256x256 format ETC1_RGB succeeded
Transcode of layer 0 level 4 face 0 res 128x128 format ETC1_RGB succeeded
Transcode of layer 0 level 5 face 0 res 64x64 format ETC1_RGB succeeded
Transcode of layer 0 level 6 face 0 res 32x32 format ETC1_RGB succeeded
Transcode of layer 0 level 7 face 0 res 16x16 format ETC1_RGB succeeded
Transcode of layer 0 level 8 face 0 res 8x8 format ETC1_RGB succeeded
Transcode of layer 0 level 9 face 0 res 4x4 format ETC1_RGB succeeded
Transcode of layer 0 level 10 face 0 res 2x2 format ETC1_RGB succeeded
Transcode of layer 0 level 11 face 0 res 1x1 format ETC1_RGB succeeded
Transcode of layer 0 level 0 face 0 res 2048x2048 format ETC2_RGBA succeeded
Transcode of layer 0 level 1 face 0 res 1024x1024 format ETC2_RGBA succeeded
Transcode of layer 0 level 2 face 0 res 512x512 format ETC2_RGBA succeeded
Transcode of layer 0 level 3 face 0 res 256x256 format ETC2_RGBA succeeded
Transcode of layer 0 level 4 face 0 res 128x128 format ETC2_RGBA succeeded
Transcode of layer 0 level 5 face 0 res 64x64 format ETC2_RGBA succeeded
Transcode of layer 0 level 6 face 0 res 32x32 format ETC2_RGBA succeeded
Transcode of layer 0 level 7 face 0 res 16x16 format ETC2_RGBA succeeded
Transcode of layer 0 level 8 face 0 res 8x8 format ETC2_RGBA succeeded
Transcode of layer 0 level 9 face 0 res 4x4 format ETC2_RGBA succeeded
Transcode of layer 0 level 10 face 0 res 2x2 format ETC2_RGBA succeeded
Transcode of layer 0 level 11 face 0 res 1x1 format ETC2_RGBA succeeded
Transcode of layer 0 level 0 face 0 res 2048x2048 format BC1_RGB succeeded
Transcode of layer 0 level 1 face 0 res 1024x1024 format BC1_RGB succeeded
Transcode of layer 0 level 2 face 0 res 512x512 format BC1_RGB succeeded
Transcode of layer 0 level 3 face 0 res 256x256 format BC1_RGB succeeded
Transcode of layer 0 level 4 face 0 res 128x128 format BC1_RGB succeeded
Transcode of layer 0 level 5 face 0 res 64x64 format BC1_RGB succeeded
Transcode of layer 0 level 6 face 0 res 32x32 format BC1_RGB succeeded
Transcode of layer 0 level 7 face 0 res 16x16 format BC1_RGB succeeded
Transcode of layer 0 level 8 face 0 res 8x8 format BC1_RGB succeeded
Transcode of layer 0 level 9 face 0 res 4x4 format BC1_RGB succeeded
Transcode of layer 0 level 10 face 0 res 2x2 format BC1_RGB succeeded
Transcode of layer 0 level 11 face 0 res 1x1 format BC1_RGB succeeded
Transcode of layer 0 level 0 face 0 res 2048x2048 format BC3_RGBA succeeded
Transcode of layer 0 level 1 face 0 res 1024x1024 format BC3_RGBA succeeded
Transcode of layer 0 level 2 face 0 res 512x512 format BC3_RGBA succeeded
Transcode of layer 0 level 3 face 0 res 256x256 format BC3_RGBA succeeded
Transcode of layer 0 level 4 face 0 res 128x128 format BC3_RGBA succeeded
Transcode of layer 0 level 5 face 0 res 64x64 format BC3_RGBA succeeded
Transcode of layer 0 level 6 face 0 res 32x32 format BC3_RGBA succeeded
Transcode of layer 0 level 7 face 0 res 16x16 format BC3_RGBA succeeded
Transcode of layer 0 level 8 face 0 res 8x8 format BC3_RGBA succeeded
Transcode of layer 0 level 9 face 0 res 4x4 format BC3_RGBA succeeded
Transcode of layer 0 level 10 face 0 res 2x2 format BC3_RGBA succeeded
Transcode of layer 0 level 11 face 0 res 1x1 format BC3_RGBA succeeded
Transcode of layer 0 level 0 face 0 res 2048x2048 format BC4_R succeeded
Transcode of layer 0 level 1 face 0 res 1024x1024 format BC4_R succeeded
Transcode of layer 0 level 2 face 0 res 512x512 format BC4_R succeeded
Transcode of layer 0 level 3 face 0 res 256x256 format BC4_R succeeded
Transcode of layer 0 level 4 face 0 res 128x128 format BC4_R succeeded
Transcode of layer 0 level 5 face 0 res 64x64 format BC4_R succeeded
Transcode of layer 0 level 6 face 0 res 32x32 format BC4_R succeeded
Transcode of layer 0 level 7 face 0 res 16x16 format BC4_R succeeded
Transcode of layer 0 level 8 face 0 res 8x8 format BC4_R succeeded
Transcode of layer 0 level 9 face 0 res 4x4 format BC4_R succeeded
Transcode of layer 0 level 10 face 0 res 2x2 format BC4_R succeeded
Transcode of layer 0 level 11 face 0 res 1x1 format BC4_R succeeded
Transcode of layer 0 level 0 face 0 res 2048x2048 format BC5_RG succeeded
Transcode of layer 0 level 1 face 0 res 1024x1024 format BC5_RG succeeded
Transcode of layer 0 level 2 face 0 res 512x512 format BC5_RG succeeded
Transcode of layer 0 level 3 face 0 res 256x256 format BC5_RG succeeded
Transcode of layer 0 level 4 face 0 res 128x128 format BC5_RG succeeded
Transcode of layer 0 level 5 face 0 res 64x64 format BC5_RG succeeded
Transcode of layer 0 level 6 face 0 res 32x32 format BC5_RG succeeded
Transcode of layer 0 level 7 face 0 res 16x16 format BC5_RG succeeded
Transcode of layer 0 level 8 face 0 res 8x8 format BC5_RG succeeded
Transcode of layer 0 level 9 face 0 res 4x4 format BC5_RG succeeded
Transcode of layer 0 level 10 face 0 res 2x2 format BC5_RG succeeded
Transcode of layer 0 level 11 face 0 res 1x1 format BC5_RG succeeded
Transcode of layer 0 level 0 face 0 res 2048x2048 format BC7_RGBA succeeded
Transcode of layer 0 level 1 face 0 res 1024x1024 format BC7_RGBA succeeded
Transcode of layer 0 level 2 face 0 res 512x512 format BC7_RGBA succeeded
Transcode of layer 0 level 3 face 0 res 256x256 format BC7_RGBA succeeded
Transcode of layer 0 level 4 face 0 res 128x128 format BC7_RGBA succeeded
Transcode of layer 0 level 5 face 0 res 64x64 format BC7_RGBA succeeded
Transcode of layer 0 level 6 face 0 res 32x32 format BC7_RGBA succeeded
Transcode of layer 0 level 7 face 0 res 16x16 format BC7_RGBA succeeded
Transcode of layer 0 level 8 face 0 res 8x8 format BC7_RGBA succeeded
Transcode of layer 0 level 9 face 0 res 4x4 format BC7_RGBA succeeded
Transcode of layer 0 level 10 face 0 res 2x2 format BC7_RGBA succeeded
Transcode of layer 0 level 11 face 0 res 1x1 format BC7_RGBA succeeded
Transcode of layer 0 level 0 face 0 res 2048x2048 format PVRTC1_4_RGB succeeded
Transcode of layer 0 level 1 face 0 res 1024x1024 format PVRTC1_4_RGB succeeded
Transcode of layer 0 level 2 face 0 res 512x512 format PVRTC1_4_RGB succeeded
Transcode of layer 0 level 3 face 0 res 256x256 format PVRTC1_4_RGB succeeded
Transcode of layer 0 level 4 face 0 res 128x128 format PVRTC1_4_RGB succeeded
Transcode of layer 0 level 5 face 0 res 64x64 format PVRTC1_4_RGB succeeded
Transcode of layer 0 level 6 face 0 res 32x32 format PVRTC1_4_RGB succeeded
Transcode of layer 0 level 7 face 0 res 16x16 format PVRTC1_4_RGB succeeded
Transcode of layer 0 level 8 face 0 res 8x8 format PVRTC1_4_RGB succeeded
Transcode of layer 0 level 9 face 0 res 4x4 format PVRTC1_4_RGB succeeded
Transcode of layer 0 level 10 face 0 res 2x2 format PVRTC1_4_RGB succeeded
Transcode of layer 0 level 11 face 0 res 1x1 format PVRTC1_4_RGB succeeded
Transcode of layer 0 level 0 face 0 res 2048x2048 format PVRTC1_4_RGBA succeeded
Transcode of layer 0 level 1 face 0 res 1024x1024 format PVRTC1_4_RGBA succeeded
Transcode of layer 0 level 2 face 0 res 512x512 format PVRTC1_4_RGBA succeeded
Transcode of layer 0 level 3 face 0 res 256x256 format PVRTC1_4_RGBA succeeded
Transcode of layer 0 level 4 face 0 res 128x128 format PVRTC1_4_RGBA succeeded
Transcode of layer 0 level 5 face 0 res 64x64 format PVRTC1_4_RGBA succeeded
Transcode of layer 0 level 6 face 0 res 32x32 format PVRTC1_4_RGBA succeeded
Transcode of layer 0 level 7 face 0 res 16x16 format PVRTC1_4_RGBA succeeded
Transcode of layer 0 level 8 face 0 res 8x8 format PVRTC1_4_RGBA succeeded
Transcode of layer 0 level 9 face 0 res 4x4 format PVRTC1_4_RGBA succeeded
Transcode of layer 0 level 10 face 0 res 2x2 format PVRTC1_4_RGBA succeeded
Transcode of layer 0 level 11 face 0 res 1x1 format PVRTC1_4_RGBA succeeded
Transcode of layer 0 level 0 face 0 res 2048x2048 format ASTC_RGBA succeeded
Transcode of layer 0 level 1 face 0 res 1024x1024 format ASTC_RGBA succeeded
Transcode of layer 0 level 2 face 0 res 512x512 format ASTC_RGBA succeeded
Transcode of layer 0 level 3 face 0 res 256x256 format ASTC_RGBA succeeded
Transcode of layer 0 level 4 face 0 res 128x128 format ASTC_RGBA succeeded
Transcode of layer 0 level 5 face 0 res 64x64 format ASTC_RGBA succeeded
Transcode of layer 0 level 6 face 0 res 32x32 format ASTC_RGBA succeeded
Transcode of layer 0 level 7 face 0 res 16x16 format ASTC_RGBA succeeded
Transcode of layer 0 level 8 face 0 res 8x8 format ASTC_RGBA succeeded
Transcode of layer 0 level 9 face 0 res 4x4 format ASTC_RGBA succeeded
Transcode of layer 0 level 10 face 0 res 2x2 format ASTC_RGBA succeeded
Transcode of layer 0 level 11 face 0 res 1x1 format ASTC_RGBA succeeded
Transcode of layer 0 level 0 face 0 res 2048x2048 format ETC2_EAC_R11 succeeded
Transcode of layer 0 level 1 face 0 res 1024x1024 format ETC2_EAC_R11 succeeded
Transcode of layer 0 level 2 face 0 res 512x512 format ETC2_EAC_R11 succeeded
Transcode of layer 0 level 3 face 0 res 256x256 format ETC2_EAC_R11 succeeded
Transcode of layer 0 level 4 face 0 res 128x128 format ETC2_EAC_R11 succeeded
Transcode of layer 0 level 5 face 0 res 64x64 format ETC2_EAC_R11 succeeded
Transcode of layer 0 level 6 face 0 res 32x32 format ETC2_EAC_R11 succeeded
Transcode of layer 0 level 7 face 0 res 16x16 format ETC2_EAC_R11 succeeded
Transcode of layer 0 level 8 face 0 res 8x8 format ETC2_EAC_R11 succeeded
Transcode of layer 0 level 9 face 0 res 4x4 format ETC2_EAC_R11 succeeded
Transcode of layer 0 level 10 face 0 res 2x2 format ETC2_EAC_R11 succeeded
Transcode of layer 0 level 11 face 0 res 1x1 format ETC2_EAC_R11 succeeded
Transcode of layer 0 level 0 face 0 res 2048x2048 format ETC2_EAC_RG11 succeeded
Transcode of layer 0 level 1 face 0 res 1024x1024 format ETC2_EAC_RG11 succeeded
Transcode of layer 0 level 2 face 0 res 512x512 format ETC2_EAC_RG11 succeeded
Transcode of layer 0 level 3 face 0 res 256x256 format ETC2_EAC_RG11 succeeded
Transcode of layer 0 level 4 face 0 res 128x128 format ETC2_EAC_RG11 succeeded
Transcode of layer 0 level 5 face 0 res 64x64 format ETC2_EAC_RG11 succeeded
Transcode of layer 0 level 6 face 0 res 32x32 format ETC2_EAC_RG11 succeeded
Transcode of layer 0 level 7 face 0 res 16x16 format ETC2_EAC_RG11 succeeded
Transcode of layer 0 level 8 face 0 res 8x8 format ETC2_EAC_RG11 succeeded
Transcode of layer 0 level 9 face 0 res 4x4 format ETC2_EAC_RG11 succeeded
Transcode of layer 0 level 10 face 0 res 2x2 format ETC2_EAC_RG11 succeeded
Transcode of layer 0 level 11 face 0 res 1x1 format ETC2_EAC_RG11 succeeded
Success
