Info: Saved as "oak-lod0.blend"
INFO Draco mesh compression is available, use library at C:\Users\SM - Dan\Documents\GitHub\slingmods-three-wheel-tour-rebuild\.tools\blender-4.5.2-windows-x64\4.5\scripts\addons_core\io_scene_gltf2\extern_draco.dll
10:06:39 | INFO: Starting glTF 2.0 export
10:06:39 | INFO: Extracting primitive: oak woody structure
10:06:40 | WARNING: More than one shader node tex image used for a texture. The resulting glTF sampler will behave like the first shader node tex image.
10:06:40 | INFO: Primitives created: 1
10:06:40 | INFO: Extracting primitive: oak leaf cards
10:06:41 | WARNING: More than one shader node tex image used for a texture. The resulting glTF sampler will behave like the first shader node tex image.
10:06:41 | INFO: Primitives created: 1
10:06:41 | INFO: Finished glTF 2.0 export in 1.403066635131836 s

Info: Saved as "oak-lod1.blend"
10:06:41 | INFO: Starting glTF 2.0 export
10:06:41 | INFO: Extracting primitive: oak woody structure.001
10:06:42 | WARNING: More than one shader node tex image used for a texture. The resulting glTF sampler will behave like the first shader node tex image.
10:06:42 | INFO: Primitives created: 1
10:06:42 | INFO: Extracting primitive: oak leaf cards.001
10:06:42 | WARNING: More than one shader node tex image used for a texture. The resulting glTF sampler will behave like the first shader node tex image.
10:06:42 | INFO: Primitives created: 1
10:06:42 | INFO: Finished glTF 2.0 export in 1.302760124206543 s

Info: Saved as "oak-lod2.blend"
10:06:42 | INFO: Starting glTF 2.0 export
10:06:42 | INFO: Extracting primitive: oak woody structure.002
10:06:43 | WARNING: More than one shader node tex image used for a texture. The resulting glTF sampler will behave like the first shader node tex image.
10:06:43 | INFO: Primitives created: 1
10:06:43 | INFO: Extracting primitive: oak leaf cards.002
10:06:44 | WARNING: More than one shader node tex image used for a texture. The resulting glTF sampler will behave like the first shader node tex image.
10:06:44 | INFO: Primitives created: 1
10:06:44 | INFO: Finished glTF 2.0 export in 1.5295515060424805 s

Info: Saved as "sycamore-lod0.blend"
10:06:44 | INFO: Starting glTF 2.0 export
10:06:44 | INFO: Extracting primitive: sycamore woody structure
10:06:44 | WARNING: More than one shader node tex image used for a texture. The resulting glTF sampler will behave like the first shader node tex image.
10:06:44 | INFO: Primitives created: 1
10:06:44 | INFO: Extracting primitive: sycamore leaf cards
10:06:45 | WARNING: More than one shader node tex image used for a texture. The resulting glTF sampler will behave like the first shader node tex image.
10:06:45 | INFO: Primitives created: 1
10:06:45 | INFO: Finished glTF 2.0 export in 0.9406487941741943 s

Info: Saved as "sycamore-lod1.blend"
10:06:45 | INFO: Starting glTF 2.0 export
10:06:45 | INFO: Extracting primitive: sycamore woody structure.001
10:06:45 | WARNING: More than one shader node tex image used for a texture. The resulting glTF sampler will behave like the first shader node tex image.
10:06:45 | INFO: Primitives created: 1
10:06:45 | INFO: Extracting primitive: sycamore leaf cards.001
10:06:46 | WARNING: More than one shader node tex image used for a texture. The resulting glTF sampler will behave like the first shader node tex image.
10:06:46 | INFO: Primitives created: 1
10:06:46 | INFO: Finished glTF 2.0 export in 0.9599175453186035 s

Info: Saved as "sycamore-lod2.blend"
10:06:46 | INFO: Starting glTF 2.0 export
10:06:46 | INFO: Extracting primitive: sycamore woody structure.002
10:06:46 | WARNING: More than one shader node tex image used for a texture. The resulting glTF sampler will behave like the first shader node tex image.
10:06:46 | INFO: Primitives created: 1
10:06:46 | INFO: Extracting primitive: sycamore leaf cards.002
10:06:47 | WARNING: More than one shader node tex image used for a texture. The resulting glTF sampler will behave like the first shader node tex image.
10:06:47 | INFO: Primitives created: 1
10:06:47 | INFO: Finished glTF 2.0 export in 0.9394543170928955 s

Info: Saved as "eucalyptus-lod0.blend"
10:06:47 | INFO: Starting glTF 2.0 export
10:06:47 | INFO: Extracting primitive: eucalyptus woody structure
10:06:48 | WARNING: More than one shader node tex image used for a texture. The resulting glTF sampler will behave like the first shader node tex image.
10:06:48 | INFO: Primitives created: 1
10:06:48 | INFO: Extracting primitive: eucalyptus leaf cards
10:06:48 | WARNING: More than one shader node tex image used for a texture. The resulting glTF sampler will behave like the first shader node tex image.
10:06:48 | INFO: Primitives created: 1
10:06:48 | INFO: Finished glTF 2.0 export in 0.9137430191040039 s

Info: Saved as "eucalyptus-lod1.blend"
10:06:48 | INFO: Starting glTF 2.0 export
10:06:48 | INFO: Extracting primitive: eucalyptus woody structure.001
10:06:49 | WARNING: More than one shader node tex image used for a texture. The resulting glTF sampler will behave like the first shader node tex image.
10:06:49 | INFO: Primitives created: 1
10:06:49 | INFO: Extracting primitive: eucalyptus leaf cards.001
10:06:49 | WARNING: More than one shader node tex image used for a texture. The resulting glTF sampler will behave like the first shader node tex image.
10:06:49 | INFO: Primitives created: 1
10:06:49 | INFO: Finished glTF 2.0 export in 0.925774335861206 s

Info: Saved as "eucalyptus-lod2.blend"
10:06:49 | INFO: Starting glTF 2.0 export
10:06:49 | INFO: Extracting primitive: eucalyptus woody structure.002
10:06:50 | WARNING: More than one shader node tex image used for a texture. The resulting glTF sampler will behave like the first shader node tex image.
10:06:50 | INFO: Primitives created: 1
10:06:50 | INFO: Extracting primitive: eucalyptus leaf cards.002
10:06:50 | WARNING: More than one shader node tex image used for a texture. The resulting glTF sampler will behave like the first shader node tex image.
10:06:50 | INFO: Primitives created: 1
10:06:50 | INFO: Finished glTF 2.0 export in 0.881866455078125 s

Exported nine tree LODs
Blender 4.5.2 LTS (hash ab25eae04993 built 2025-08-20 02:20:52)

Blender quit
