
> slingmods-three-wheel-tour-rebuild@1.0.0 build
> tsc --noEmit && vite build

vite v8.3.0 building client environment for production...
transforming...
✓ 29 modules transformed.
rendering chunks...
computing gzip size...
dist/index.html                          0.73 kB │ gzip:     0.49 kB
dist/assets/save-S_mbsQK_.css            0.86 kB │ gzip:     0.44 kB
dist/assets/workbench-Dn6g75nO.css       3.88 kB │ gzip:     1.35 kB
dist/assets/calibration-DEe9fh9f.js      2.29 kB │ gzip:     1.21 kB
dist/assets/index-rI5A2GWI.js            2.57 kB │ gzip:     1.26 kB
dist/assets/save-Clkzk0mx.js           650.29 kB │ gzip:   162.93 kB
dist/assets/workbench-DLVxeRX0.js    2,891.92 kB │ gzip: 1,108.75 kB

✓ built in 232ms
[plugin builtin:vite-reporter] 
(!) Some chunks are larger than 500 kB after minification. Consider:
- Using dynamic import() to code-split the application
- Use build.rolldownOptions.output.codeSplitting to improve chunking: https://rolldown.rs/reference/OutputOptions.codeSplitting
- Adjust chunk size limit for this warning via build.chunkSizeWarningLimit.
REVIEW BUILD inputs stable; commit 982d12d3d0a83b8dd78ed5ce9c2fda4f0475c264
