Info: Saved as "preserved-foundation.blend"
Warning: No mesh data to join
Warning: No mesh data to join
Warning: No mesh data to join
Warning: No mesh data to join
Warning: No mesh data to join
Warning: No mesh data to join
Warning: No mesh data to join
Warning: No mesh data to join
Warning: No mesh data to join
Warning: No mesh data to join
Warning: No mesh data to join
Warning: No mesh data to join
Warning: No mesh data to join
Warning: No mesh data to join
Warning: No mesh data to join
Warning: No mesh data to join
Warning: No mesh data to join
Warning: No mesh data to join
Warning: No mesh data to join
Warning: No mesh data to join
Warning: No mesh data to join
Warning: No mesh data to join
Warning: No mesh data to join
Warning: No mesh data to join
Warning: No mesh data to join
Warning: No mesh data to join
Warning: No mesh data to join
Warning: No mesh data to join
Warning: No mesh data to join
Warning: No mesh data to join
Warning: No mesh data to join
Warning: No mesh data to join
Warning: No mesh data to join
Warning: No mesh data to join
INFO Draco mesh compression is available, use library at C:\Users\SM - Dan\Documents\GitHub\slingmods-three-wheel-tour-rebuild\.tools\blender-4.5.2-windows-x64\4.5\scripts\addons_core\io_scene_gltf2\extern_draco.dll
13:05:08 | INFO: Starting glTF 2.0 export
13:05:08 | INFO: Extracting primitive: road_closed_asphalt
13:05:08 | WARNING: More than one shader node tex image used for a texture. The resulting glTF sampler will behave like the first shader node tex image.
13:05:08 | INFO: Primitives created: 1
13:05:08 | INFO: Extracting primitive: runoff_left
13:05:08 | INFO: Primitives created: 1
13:05:08 | INFO: Extracting primitive: barriers_exact_route_colliders
13:05:08 | WARNING: More than one shader node tex image used for a texture. The resulting glTF sampler will behave like the first shader node tex image.
13:05:08 | INFO: Primitives created: 1
13:05:08 | INFO: Extracting primitive: finish_line_paint
13:05:08 | INFO: Primitives created: 1
13:05:08 | INFO: Extracting primitive: Harbor_land
13:05:08 | WARNING: More than one shader node tex image used for a texture. The resulting glTF sampler will behave like the first shader node tex image.
13:05:08 | INFO: Primitives created: 1
13:05:08 | INFO: Extracting primitive: Quay_coping_0
13:05:08 | INFO: Primitives created: 1
13:05:08 | INFO: Extracting primitive: Freight_container_0_0
13:05:08 | WARNING: More than one shader node tex image used for a texture. The resulting glTF sampler will behave like the first shader node tex image.
13:05:08 | INFO: Primitives created: 1
13:05:08 | INFO: Extracting primitive: Lamp_diffuser_0
13:05:08 | INFO: Primitives created: 1
13:05:08 | INFO: Extracting primitive: Lamp_base_0
13:05:08 | INFO: Primitives created: 1
13:05:08 | INFO: Extracting primitive: Lamp_diffuser_1
13:05:08 | INFO: Primitives created: 1
13:05:08 | INFO: Extracting primitive: Lamp_base_1
13:05:08 | INFO: Primitives created: 1
13:05:08 | INFO: Extracting primitive: Lamp_hood_2
13:05:08 | INFO: Primitives created: 1
13:05:08 | INFO: Extracting primitive: Lamp_diffuser_2
13:05:08 | INFO: Primitives created: 1
13:05:08 | INFO: Extracting primitive: Lamp_base_2
13:05:08 | INFO: Primitives created: 1
13:05:08 | INFO: Extracting primitive: Lamp_diffuser_3
13:05:08 | INFO: Primitives created: 1
13:05:08 | INFO: Extracting primitive: Lamp_base_3
13:05:08 | INFO: Primitives created: 1
13:05:08 | INFO: Extracting primitive: Lamp_diffuser_4
13:05:08 | INFO: Primitives created: 1
13:05:08 | INFO: Extracting primitive: Lamp_base_4
13:05:08 | INFO: Primitives created: 1
13:05:08 | INFO: Extracting primitive: Lamp_diffuser_5
13:05:08 | INFO: Primitives created: 1
13:05:08 | INFO: Extracting primitive: Lamp_base_5
13:05:08 | INFO: Primitives created: 1
13:05:08 | INFO: Extracting primitive: Lamp_diffuser_6
13:05:08 | INFO: Primitives created: 1
13:05:08 | INFO: Extracting primitive: Lamp_base_6
13:05:08 | INFO: Primitives created: 1
13:05:08 | INFO: Extracting primitive: Lamp_diffuser_7
13:05:08 | INFO: Primitives created: 1
13:05:08 | INFO: Extracting primitive: Lamp_base_7
13:05:08 | INFO: Primitives created: 1
13:05:08 | INFO: Extracting primitive: Lamp_diffuser_10
13:05:08 | INFO: Primitives created: 1
13:05:08 | INFO: Extracting primitive: Lamp_base_10
13:05:08 | INFO: Primitives created: 1
13:05:08 | INFO: Extracting primitive: Lamp_diffuser_12
13:05:08 | INFO: Primitives created: 1
13:05:08 | INFO: Extracting primitive: Lamp_base_12
13:05:08 | INFO: Primitives created: 1
13:05:08 | INFO: Extracting primitive: Lamp_base_14
13:05:08 | INFO: Primitives created: 1
13:05:08 | INFO: Extracting primitive: Lamp_diffuser_15
13:05:08 | INFO: Primitives created: 1
13:05:08 | INFO: Extracting primitive: Lamp_base_15
13:05:08 | INFO: Primitives created: 1
13:05:08 | INFO: Extracting primitive: Lamp_diffuser_16
13:05:08 | INFO: Primitives created: 1
13:05:08 | INFO: Extracting primitive: Lamp_diffuser_18
13:05:08 | INFO: Primitives created: 1
13:05:08 | INFO: Extracting primitive: Lamp_base_18
13:05:08 | INFO: Primitives created: 1
13:05:08 | INFO: Extracting primitive: Lamp_hood_21
13:05:08 | INFO: Primitives created: 1
13:05:08 | INFO: Extracting primitive: Lamp_diffuser_21
13:05:08 | INFO: Primitives created: 1
13:05:08 | INFO: Extracting primitive: Lamp_base_21
13:05:08 | INFO: Primitives created: 1
13:05:08 | INFO: Extracting primitive: Lamp_diffuser_22
13:05:08 | INFO: Primitives created: 1
13:05:08 | INFO: Extracting primitive: Lamp_base_22
13:05:08 | INFO: Primitives created: 1
13:05:08 | INFO: Extracting primitive: Lamp_diffuser_23
13:05:08 | INFO: Primitives created: 1
13:05:08 | INFO: Extracting primitive: Lamp_base_23
13:05:08 | INFO: Primitives created: 1
13:05:08 | INFO: Extracting primitive: Lamp_outreach_26
13:05:08 | INFO: Primitives created: 1
13:05:08 | INFO: Extracting primitive: Lamp_diffuser_26
13:05:08 | INFO: Primitives created: 1
13:05:08 | INFO: Extracting primitive: Lamp_base_26
13:05:08 | INFO: Primitives created: 1
13:05:08 | INFO: Extracting primitive: Lamp_base_27
13:05:08 | INFO: Primitives created: 1
13:05:08 | INFO: Extracting primitive: Lamp_hood_28
13:05:08 | INFO: Primitives created: 1
13:05:08 | INFO: Extracting primitive: Lamp_diffuser_28
13:05:08 | INFO: Primitives created: 1
13:05:08 | INFO: Extracting primitive: Lamp_base_28
13:05:08 | INFO: Primitives created: 1
13:05:08 | INFO: Extracting primitive: Lamp_diffuser_30
13:05:08 | INFO: Primitives created: 1
13:05:08 | INFO: Extracting primitive: Lamp_base_30
13:05:08 | INFO: Primitives created: 1
13:05:08 | INFO: Extracting primitive: Lamp_diffuser_31
13:05:08 | INFO: Primitives created: 1
13:05:08 | INFO: Extracting primitive: Lamp_base_31
13:05:08 | INFO: Primitives created: 1
13:05:08 | INFO: Extracting primitive: Lamp_diffuser_32
13:05:08 | INFO: Primitives created: 1
13:05:08 | INFO: Extracting primitive: Lamp_base_32
13:05:08 | INFO: Primitives created: 1
13:05:08 | INFO: Extracting primitive: Lamp_diffuser_33
13:05:08 | INFO: Primitives created: 1
13:05:08 | INFO: Extracting primitive: Lamp_base_33
13:05:08 | INFO: Primitives created: 1
13:05:08 | INFO: Extracting primitive: Lamp_diffuser_34
13:05:08 | INFO: Primitives created: 1
13:05:08 | INFO: Extracting primitive: Lamp_base_34
13:05:08 | INFO: Primitives created: 1
13:05:08 | INFO: Extracting primitive: Lamp_diffuser_35
13:05:08 | INFO: Primitives created: 1
13:05:08 | INFO: Extracting primitive: Lamp_base_35
13:05:08 | INFO: Primitives created: 1
13:05:08 | INFO: Extracting primitive: Lamp_hood_37
13:05:08 | INFO: Primitives created: 1
13:05:08 | INFO: Extracting primitive: Lamp_diffuser_37
13:05:08 | INFO: Primitives created: 1
13:05:08 | INFO: Extracting primitive: Lamp_base_37
13:05:08 | INFO: Primitives created: 1
13:05:08 | INFO: Extracting primitive: Gate_marker_0_-1
13:05:08 | INFO: Primitives created: 1
13:05:08 | INFO: Extracting primitive: Gate_marker_0_1
13:05:08 | INFO: Primitives created: 1
13:05:08 | INFO: Extracting primitive: Gate_marker_1_-1
13:05:08 | INFO: Primitives created: 1
13:05:08 | INFO: Extracting primitive: Gate_marker_1_1
13:05:08 | INFO: Primitives created: 1
13:05:08 | INFO: Extracting primitive: Gate_marker_2_-1
13:05:08 | INFO: Primitives created: 1
13:05:08 | INFO: Extracting primitive: Gate_marker_2_1
13:05:08 | INFO: Primitives created: 1
13:05:08 | INFO: Extracting primitive: Gate_marker_3_-1
13:05:08 | INFO: Primitives created: 1
13:05:08 | INFO: Extracting primitive: Gate_marker_3_1
13:05:08 | INFO: Primitives created: 1
13:05:08 | INFO: Extracting primitive: Gate_marker_4_-1
13:05:08 | INFO: Primitives created: 1
13:05:08 | INFO: Extracting primitive: Gate_marker_5_-1
13:05:08 | INFO: Primitives created: 1
13:05:08 | INFO: Extracting primitive: Gate_marker_6_-1
13:05:08 | INFO: Primitives created: 1
13:05:08 | INFO: Extracting primitive: Gate_marker_7_-1
13:05:08 | INFO: Primitives created: 1
13:05:08 | INFO: Extracting primitive: Gate_marker_8_-1
13:05:08 | INFO: Primitives created: 1
13:05:08 | INFO: Extracting primitive: Gate_marker_9_-1
13:05:08 | INFO: Primitives created: 1
13:05:08 | INFO: Extracting primitive: Gate_marker_10_-1
13:05:08 | INFO: Primitives created: 1
13:05:08 | INFO: Extracting primitive: Gate_marker_11_-1
13:05:08 | INFO: Primitives created: 1
13:05:08 | INFO: Extracting primitive: Gate_marker_12_-1
13:05:08 | INFO: Primitives created: 1
13:05:08 | INFO: Extracting primitive: Gate_marker_12_1
13:05:08 | INFO: Primitives created: 1
13:05:08 | INFO: Extracting primitive: Gate_marker_13_-1
13:05:08 | INFO: Primitives created: 1
13:05:08 | INFO: Extracting primitive: Gate_marker_13_1
13:05:08 | INFO: Primitives created: 1
13:05:08 | INFO: Extracting primitive: Gate_marker_14_-1
13:05:08 | INFO: Primitives created: 1
13:05:08 | INFO: Extracting primitive: Gate_marker_14_1
13:05:08 | INFO: Primitives created: 1
13:05:08 | INFO: Extracting primitive: Gate_marker_15_-1
13:05:08 | INFO: Primitives created: 1
13:05:08 | INFO: Finished glTF 2.0 export in 0.2680490016937256 s

Info: Saved as "showcase-kit.blend"
Warning: No mesh data to join
Warning: No mesh data to join
Warning: No mesh data to join
Warning: No mesh data to join
Warning: No mesh data to join
13:05:11 | INFO: Starting glTF 2.0 export
13:05:11 | INFO: Extracting primitive: stepped_plinth
13:05:11 | WARNING: More than one shader node tex image used for a texture. The resulting glTF sampler will behave like the first shader node tex image.
13:05:11 | INFO: Primitives created: 1
13:05:11 | INFO: Extracting primitive: warm_canopy_practical
13:05:11 | WARNING: More than one shader node tex image used for a texture. The resulting glTF sampler will behave like the first shader node tex image.
13:05:11 | INFO: Primitives created: 1
13:05:11 | INFO: Extracting primitive: outside_barrier_post
13:05:11 | INFO: Primitives created: 1
13:05:11 | INFO: Extracting primitive: restrained_practical
13:05:11 | INFO: Primitives created: 1
13:05:11 | INFO: Extracting primitive: roof
13:05:11 | INFO: Primitives created: 1
13:05:11 | INFO: Extracting primitive: stepped_plinth.001
13:05:11 | INFO: Primitives created: 1
13:05:11 | INFO: Extracting primitive: timber_deck
13:05:11 | INFO: Primitives created: 1
13:05:11 | INFO: Extracting primitive: paving
13:05:11 | INFO: Primitives created: 1
13:05:11 | INFO: Extracting primitive: sheer_hull
13:05:11 | INFO: Primitives created: 1
13:05:11 | INFO: Extracting primitive: floor
13:05:11 | INFO: Primitives created: 1
13:05:11 | INFO: Extracting primitive: concrete_trough
13:05:11 | INFO: Primitives created: 1
13:05:11 | INFO: Extracting primitive: curved_low_leaf
13:05:11 | WARNING: More than one shader node tex image used for a texture. The resulting glTF sampler will behave like the first shader node tex image.
13:05:11 | INFO: Primitives created: 1
13:05:11 | INFO: Extracting primitive: flush_frame
13:05:11 | INFO: Primitives created: 1
13:05:11 | INFO: Extracting primitive: irregular_edge_repair
13:05:11 | INFO: Primitives created: 1
13:05:11 | INFO: Extracting primitive: equipment_body
13:05:11 | INFO: Primitives created: 1
13:05:11 | INFO: Extracting primitive: mastL
13:05:11 | INFO: Primitives created: 1
13:05:11 | INFO: Extracting primitive: post.004
13:05:11 | INFO: Primitives created: 1
13:05:11 | INFO: Extracting primitive: post.005
13:05:11 | INFO: Primitives created: 1
13:05:11 | INFO: Extracting primitive: post.006
13:05:11 | INFO: Primitives created: 1
13:05:11 | INFO: Extracting primitive: tapered_ring0
13:05:11 | INFO: Primitives created: 1
13:05:11 | INFO: Extracting primitive: folded_tapered_frond0
13:05:11 | INFO: Primitives created: 1
13:05:11 | INFO: Extracting primitive: tapered_ring0.001
13:05:11 | INFO: Primitives created: 1
13:05:11 | INFO: Extracting primitive: folded_tapered_frond0.001
13:05:11 | INFO: Primitives created: 1
13:05:11 | INFO: Extracting primitive: tapered_ring0.002
13:05:11 | INFO: Primitives created: 1
13:05:11 | INFO: Extracting primitive: folded_tapered_frond0.002
13:05:11 | INFO: Primitives created: 1
13:05:11 | INFO: Extracting primitive: plinth
13:05:11 | INFO: Primitives created: 1
13:05:11 | INFO: Extracting primitive: inset_window.002
13:05:11 | INFO: Primitives created: 1
13:05:11 | INFO: Extracting primitive: plinth.001
13:05:11 | INFO: Primitives created: 1
13:05:11 | INFO: Extracting primitive: inset_window.009
13:05:11 | INFO: Primitives created: 1
13:05:11 | INFO: Extracting primitive: plinth.002
13:05:11 | INFO: Primitives created: 1
13:05:11 | INFO: Extracting primitive: inset_window.012
13:05:11 | INFO: Primitives created: 1
13:05:11 | INFO: Extracting primitive: irregular_quay_landform
13:05:11 | INFO: Primitives created: 1
13:05:11 | INFO: Extracting primitive: marina_surface
13:05:11 | INFO: Primitives created: 1
13:05:11 | INFO: Extracting primitive: floor_slab
13:05:11 | INFO: Primitives created: 1
13:05:11 | INFO: Extracting primitive: epoxy_aggregate_metres
13:05:11 | WARNING: More than one shader node tex image used for a texture. The resulting glTF sampler will behave like the first shader node tex image.
13:05:11 | INFO: Primitives created: 1
13:05:11 | INFO: Extracting primitive: broad_diffuser
13:05:11 | INFO: Primitives created: 1
13:05:11 | INFO: Finished glTF 2.0 export in 0.18325352668762207 s

P06_SHOWCASE_EXPORT full 266 instances
Blender 4.5.2 LTS (hash ab25eae04993 built 2025-08-20 02:20:52)
Read blend: "C:\Users\SM - Dan\Documents\GitHub\slingmods-three-wheel-tour-rebuild\assets\blender\harbor\harbor.blend"

Blender quit
