Info: Saved as "preserved-foundation.blend"
Warning: No mesh data to join
Warning: No mesh data to join
Warning: No mesh data to join
Warning: No mesh data to join
Warning: No mesh data to join
Warning: No mesh data to join
Warning: No mesh data to join
Warning: No mesh data to join
Warning: No mesh data to join
Warning: No mesh data to join
Warning: No mesh data to join
Warning: No mesh data to join
Warning: No mesh data to join
Warning: No mesh data to join
Warning: No mesh data to join
Warning: No mesh data to join
Warning: No mesh data to join
Warning: No mesh data to join
Warning: No mesh data to join
Warning: No mesh data to join
Warning: No mesh data to join
Warning: No mesh data to join
Warning: No mesh data to join
Warning: No mesh data to join
Warning: No mesh data to join
Warning: No mesh data to join
Warning: No mesh data to join
Warning: No mesh data to join
Warning: No mesh data to join
Warning: No mesh data to join
Warning: No mesh data to join
Warning: No mesh data to join
Warning: No mesh data to join
Warning: No mesh data to join
INFO Draco mesh compression is available, use library at C:\Users\SM - Dan\Documents\GitHub\slingmods-three-wheel-tour-rebuild\.tools\blender-4.5.2-windows-x64\4.5\scripts\addons_core\io_scene_gltf2\extern_draco.dll
12:57:17 | INFO: Starting glTF 2.0 export
12:57:17 | INFO: Extracting primitive: road_closed_asphalt
12:57:17 | WARNING: More than one shader node tex image used for a texture. The resulting glTF sampler will behave like the first shader node tex image.
12:57:17 | INFO: Primitives created: 1
12:57:17 | INFO: Extracting primitive: runoff_left
12:57:17 | INFO: Primitives created: 1
12:57:17 | INFO: Extracting primitive: barriers_exact_route_colliders
12:57:17 | WARNING: More than one shader node tex image used for a texture. The resulting glTF sampler will behave like the first shader node tex image.
12:57:17 | INFO: Primitives created: 1
12:57:17 | INFO: Extracting primitive: finish_line_paint
12:57:17 | INFO: Primitives created: 1
12:57:17 | INFO: Extracting primitive: Harbor_land
12:57:17 | WARNING: More than one shader node tex image used for a texture. The resulting glTF sampler will behave like the first shader node tex image.
12:57:17 | INFO: Primitives created: 1
12:57:17 | INFO: Extracting primitive: Quay_coping_0
12:57:17 | INFO: Primitives created: 1
12:57:17 | INFO: Extracting primitive: Freight_container_0_0
12:57:17 | WARNING: More than one shader node tex image used for a texture. The resulting glTF sampler will behave like the first shader node tex image.
12:57:17 | INFO: Primitives created: 1
12:57:17 | INFO: Extracting primitive: Lamp_diffuser_0
12:57:17 | INFO: Primitives created: 1
12:57:17 | INFO: Extracting primitive: Lamp_base_0
12:57:17 | INFO: Primitives created: 1
12:57:17 | INFO: Extracting primitive: Lamp_diffuser_1
12:57:17 | INFO: Primitives created: 1
12:57:17 | INFO: Extracting primitive: Lamp_base_1
12:57:17 | INFO: Primitives created: 1
12:57:17 | INFO: Extracting primitive: Lamp_hood_2
12:57:17 | INFO: Primitives created: 1
12:57:17 | INFO: Extracting primitive: Lamp_diffuser_2
12:57:17 | INFO: Primitives created: 1
12:57:17 | INFO: Extracting primitive: Lamp_base_2
12:57:17 | INFO: Primitives created: 1
12:57:17 | INFO: Extracting primitive: Lamp_diffuser_3
12:57:17 | INFO: Primitives created: 1
12:57:17 | INFO: Extracting primitive: Lamp_base_3
12:57:17 | INFO: Primitives created: 1
12:57:17 | INFO: Extracting primitive: Lamp_diffuser_4
12:57:17 | INFO: Primitives created: 1
12:57:17 | INFO: Extracting primitive: Lamp_base_4
12:57:17 | INFO: Primitives created: 1
12:57:17 | INFO: Extracting primitive: Lamp_diffuser_5
12:57:17 | INFO: Primitives created: 1
12:57:17 | INFO: Extracting primitive: Lamp_base_5
12:57:17 | INFO: Primitives created: 1
12:57:17 | INFO: Extracting primitive: Lamp_diffuser_6
12:57:17 | INFO: Primitives created: 1
12:57:17 | INFO: Extracting primitive: Lamp_base_6
12:57:17 | INFO: Primitives created: 1
12:57:17 | INFO: Extracting primitive: Lamp_diffuser_7
12:57:17 | INFO: Primitives created: 1
12:57:17 | INFO: Extracting primitive: Lamp_base_7
12:57:17 | INFO: Primitives created: 1
12:57:17 | INFO: Extracting primitive: Lamp_diffuser_10
12:57:17 | INFO: Primitives created: 1
12:57:17 | INFO: Extracting primitive: Lamp_base_10
12:57:17 | INFO: Primitives created: 1
12:57:17 | INFO: Extracting primitive: Lamp_diffuser_12
12:57:17 | INFO: Primitives created: 1
12:57:17 | INFO: Extracting primitive: Lamp_base_12
12:57:17 | INFO: Primitives created: 1
12:57:17 | INFO: Extracting primitive: Lamp_base_14
12:57:17 | INFO: Primitives created: 1
12:57:17 | INFO: Extracting primitive: Lamp_diffuser_15
12:57:17 | INFO: Primitives created: 1
12:57:17 | INFO: Extracting primitive: Lamp_base_15
12:57:17 | INFO: Primitives created: 1
12:57:17 | INFO: Extracting primitive: Lamp_diffuser_16
12:57:17 | INFO: Primitives created: 1
12:57:17 | INFO: Extracting primitive: Lamp_diffuser_18
12:57:17 | INFO: Primitives created: 1
12:57:17 | INFO: Extracting primitive: Lamp_base_18
12:57:17 | INFO: Primitives created: 1
12:57:17 | INFO: Extracting primitive: Lamp_hood_21
12:57:17 | INFO: Primitives created: 1
12:57:17 | INFO: Extracting primitive: Lamp_diffuser_21
12:57:17 | INFO: Primitives created: 1
12:57:17 | INFO: Extracting primitive: Lamp_base_21
12:57:17 | INFO: Primitives created: 1
12:57:17 | INFO: Extracting primitive: Lamp_diffuser_22
12:57:17 | INFO: Primitives created: 1
12:57:17 | INFO: Extracting primitive: Lamp_base_22
12:57:17 | INFO: Primitives created: 1
12:57:17 | INFO: Extracting primitive: Lamp_diffuser_23
12:57:17 | INFO: Primitives created: 1
12:57:17 | INFO: Extracting primitive: Lamp_base_23
12:57:17 | INFO: Primitives created: 1
12:57:17 | INFO: Extracting primitive: Lamp_outreach_26
12:57:17 | INFO: Primitives created: 1
12:57:17 | INFO: Extracting primitive: Lamp_diffuser_26
12:57:17 | INFO: Primitives created: 1
12:57:17 | INFO: Extracting primitive: Lamp_base_26
12:57:17 | INFO: Primitives created: 1
12:57:17 | INFO: Extracting primitive: Lamp_base_27
12:57:17 | INFO: Primitives created: 1
12:57:17 | INFO: Extracting primitive: Lamp_hood_28
12:57:17 | INFO: Primitives created: 1
12:57:17 | INFO: Extracting primitive: Lamp_diffuser_28
12:57:17 | INFO: Primitives created: 1
12:57:17 | INFO: Extracting primitive: Lamp_base_28
12:57:17 | INFO: Primitives created: 1
12:57:17 | INFO: Extracting primitive: Lamp_diffuser_30
12:57:17 | INFO: Primitives created: 1
12:57:17 | INFO: Extracting primitive: Lamp_base_30
12:57:17 | INFO: Primitives created: 1
12:57:17 | INFO: Extracting primitive: Lamp_diffuser_31
12:57:17 | INFO: Primitives created: 1
12:57:17 | INFO: Extracting primitive: Lamp_base_31
12:57:17 | INFO: Primitives created: 1
12:57:17 | INFO: Extracting primitive: Lamp_diffuser_32
12:57:17 | INFO: Primitives created: 1
12:57:17 | INFO: Extracting primitive: Lamp_base_32
12:57:17 | INFO: Primitives created: 1
12:57:17 | INFO: Extracting primitive: Lamp_diffuser_33
12:57:17 | INFO: Primitives created: 1
12:57:17 | INFO: Extracting primitive: Lamp_base_33
12:57:17 | INFO: Primitives created: 1
12:57:17 | INFO: Extracting primitive: Lamp_diffuser_34
12:57:17 | INFO: Primitives created: 1
12:57:17 | INFO: Extracting primitive: Lamp_base_34
12:57:17 | INFO: Primitives created: 1
12:57:17 | INFO: Extracting primitive: Lamp_diffuser_35
12:57:17 | INFO: Primitives created: 1
12:57:17 | INFO: Extracting primitive: Lamp_base_35
12:57:17 | INFO: Primitives created: 1
12:57:17 | INFO: Extracting primitive: Lamp_hood_37
12:57:17 | INFO: Primitives created: 1
12:57:17 | INFO: Extracting primitive: Lamp_diffuser_37
12:57:17 | INFO: Primitives created: 1
12:57:17 | INFO: Extracting primitive: Lamp_base_37
12:57:17 | INFO: Primitives created: 1
12:57:17 | INFO: Extracting primitive: Gate_marker_0_-1
12:57:17 | INFO: Primitives created: 1
12:57:17 | INFO: Extracting primitive: Gate_marker_0_1
12:57:17 | INFO: Primitives created: 1
12:57:17 | INFO: Extracting primitive: Gate_marker_1_-1
12:57:17 | INFO: Primitives created: 1
12:57:17 | INFO: Extracting primitive: Gate_marker_1_1
12:57:17 | INFO: Primitives created: 1
12:57:17 | INFO: Extracting primitive: Gate_marker_2_-1
12:57:17 | INFO: Primitives created: 1
12:57:17 | INFO: Extracting primitive: Gate_marker_2_1
12:57:17 | INFO: Primitives created: 1
12:57:17 | INFO: Extracting primitive: Gate_marker_3_-1
12:57:17 | INFO: Primitives created: 1
12:57:17 | INFO: Extracting primitive: Gate_marker_3_1
12:57:17 | INFO: Primitives created: 1
12:57:17 | INFO: Extracting primitive: Gate_marker_4_-1
12:57:17 | INFO: Primitives created: 1
12:57:17 | INFO: Extracting primitive: Gate_marker_5_-1
12:57:17 | INFO: Primitives created: 1
12:57:17 | INFO: Extracting primitive: Gate_marker_6_-1
12:57:17 | INFO: Primitives created: 1
12:57:17 | INFO: Extracting primitive: Gate_marker_7_-1
12:57:17 | INFO: Primitives created: 1
12:57:17 | INFO: Extracting primitive: Gate_marker_8_-1
12:57:17 | INFO: Primitives created: 1
12:57:17 | INFO: Extracting primitive: Gate_marker_9_-1
12:57:17 | INFO: Primitives created: 1
12:57:17 | INFO: Extracting primitive: Gate_marker_10_-1
12:57:17 | INFO: Primitives created: 1
12:57:17 | INFO: Extracting primitive: Gate_marker_11_-1
12:57:17 | INFO: Primitives created: 1
12:57:17 | INFO: Extracting primitive: Gate_marker_12_-1
12:57:17 | INFO: Primitives created: 1
12:57:17 | INFO: Extracting primitive: Gate_marker_12_1
12:57:17 | INFO: Primitives created: 1
12:57:17 | INFO: Extracting primitive: Gate_marker_13_-1
12:57:17 | INFO: Primitives created: 1
12:57:17 | INFO: Extracting primitive: Gate_marker_13_1
12:57:17 | INFO: Primitives created: 1
12:57:17 | INFO: Extracting primitive: Gate_marker_14_-1
12:57:17 | INFO: Primitives created: 1
12:57:17 | INFO: Extracting primitive: Gate_marker_14_1
12:57:17 | INFO: Primitives created: 1
12:57:17 | INFO: Extracting primitive: Gate_marker_15_-1
12:57:17 | INFO: Primitives created: 1
12:57:17 | INFO: Finished glTF 2.0 export in 0.27606821060180664 s

Info: Saved as "showcase-kit.blend"
Warning: No mesh data to join
Warning: No mesh data to join
Warning: No mesh data to join
Warning: No mesh data to join
12:57:19 | INFO: Starting glTF 2.0 export
12:57:19 | INFO: Extracting primitive: stepped_plinth
12:57:19 | WARNING: More than one shader node tex image used for a texture. The resulting glTF sampler will behave like the first shader node tex image.
12:57:19 | INFO: Primitives created: 1
12:57:19 | INFO: Extracting primitive: warm_canopy_practical
12:57:19 | WARNING: More than one shader node tex image used for a texture. The resulting glTF sampler will behave like the first shader node tex image.
12:57:19 | INFO: Primitives created: 1
12:57:19 | INFO: Extracting primitive: outside_barrier_post
12:57:19 | INFO: Primitives created: 1
12:57:19 | INFO: Extracting primitive: restrained_practical
12:57:19 | INFO: Primitives created: 1
12:57:19 | INFO: Extracting primitive: roof
12:57:19 | INFO: Primitives created: 1
12:57:19 | INFO: Extracting primitive: stepped_plinth.001
12:57:19 | INFO: Primitives created: 1
12:57:19 | INFO: Extracting primitive: timber_deck
12:57:19 | INFO: Primitives created: 1
12:57:19 | INFO: Extracting primitive: paving
12:57:19 | INFO: Primitives created: 1
12:57:19 | INFO: Extracting primitive: sheer_hull
12:57:19 | INFO: Primitives created: 1
12:57:19 | INFO: Extracting primitive: floor
12:57:19 | INFO: Primitives created: 1
12:57:19 | INFO: Extracting primitive: concrete_trough
12:57:19 | INFO: Primitives created: 1
12:57:19 | INFO: Extracting primitive: curved_low_leaf
12:57:19 | WARNING: More than one shader node tex image used for a texture. The resulting glTF sampler will behave like the first shader node tex image.
12:57:19 | INFO: Primitives created: 1
12:57:19 | INFO: Extracting primitive: flush_frame
12:57:19 | INFO: Primitives created: 1
12:57:19 | INFO: Extracting primitive: irregular_edge_repair
12:57:19 | INFO: Primitives created: 1
12:57:19 | INFO: Extracting primitive: equipment_body
12:57:19 | INFO: Primitives created: 1
12:57:19 | INFO: Extracting primitive: mastL
12:57:19 | INFO: Primitives created: 1
12:57:19 | INFO: Extracting primitive: post.004
12:57:19 | INFO: Primitives created: 1
12:57:19 | INFO: Extracting primitive: post.005
12:57:19 | INFO: Primitives created: 1
12:57:19 | INFO: Extracting primitive: post.006
12:57:19 | INFO: Primitives created: 1
12:57:19 | INFO: Extracting primitive: tapered_ring0
12:57:19 | INFO: Primitives created: 1
12:57:19 | INFO: Extracting primitive: folded_tapered_frond0
12:57:19 | INFO: Primitives created: 1
12:57:19 | INFO: Extracting primitive: tapered_ring0.001
12:57:19 | INFO: Primitives created: 1
12:57:19 | INFO: Extracting primitive: folded_tapered_frond0.001
12:57:19 | INFO: Primitives created: 1
12:57:19 | INFO: Extracting primitive: tapered_ring0.002
12:57:19 | INFO: Primitives created: 1
12:57:19 | INFO: Extracting primitive: folded_tapered_frond0.002
12:57:19 | INFO: Primitives created: 1
12:57:19 | INFO: Extracting primitive: plinth
12:57:19 | INFO: Primitives created: 1
12:57:19 | INFO: Extracting primitive: inset_window.002
12:57:19 | INFO: Primitives created: 1
12:57:19 | INFO: Extracting primitive: plinth.001
12:57:19 | INFO: Primitives created: 1
12:57:19 | INFO: Extracting primitive: inset_window.009
12:57:19 | INFO: Primitives created: 1
12:57:19 | INFO: Extracting primitive: plinth.002
12:57:19 | INFO: Primitives created: 1
12:57:19 | INFO: Extracting primitive: inset_window.012
12:57:19 | INFO: Primitives created: 1
12:57:19 | INFO: Extracting primitive: irregular_quay_landform
12:57:19 | INFO: Primitives created: 1
12:57:19 | INFO: Extracting primitive: marina_surface
12:57:19 | INFO: Primitives created: 1
12:57:19 | INFO: Extracting primitive: floor_slab
12:57:19 | INFO: Primitives created: 1
12:57:19 | INFO: Extracting primitive: broad_diffuser
12:57:19 | INFO: Primitives created: 1
12:57:19 | INFO: Finished glTF 2.0 export in 0.1566920280456543 s

P06_SHOWCASE_EXPORT full 266 instances
Blender 4.5.2 LTS (hash ab25eae04993 built 2025-08-20 02:20:52)
Read blend: "C:\Users\SM - Dan\Documents\GitHub\slingmods-three-wheel-tour-rebuild\assets\blender\harbor\harbor.blend"

Blender quit
