{
  "method": "Native recorded live player and nearest-two-rival buses; actual game mix. Three disclosed evidence-only sync chirps/DOM flashes are retained. One constant audio shift, no time stretching or engine dubbing. Video and input use wallclock. Bay/loading outside capture graph is silent. Numerical signal checks do not confer human listening approval.",
  "anchors": [
    {
      "id": "start",
      "frequency": 3000,
      "audioOnsetApproxSeconds": 6.450666666666667,
      "videoFlashSeconds": 9.64,
      "videoMinusAudioSeconds": 3.189333333333334,
      "toneAmplitude": 0.12192512956567576,
      "windowMs": 20,
      "hopMs": 5,
      "videoFrameMs": 40
    },
    {
      "id": "middle",
      "frequency": 3400,
      "audioOnsetApproxSeconds": 90.20497916666666,
      "videoFlashSeconds": 93.4,
      "videoMinusAudioSeconds": 3.195020833333345,
      "toneAmplitude": 0.12475638828322762,
      "windowMs": 20,
      "hopMs": 5,
      "videoFrameMs": 40
    },
    {
      "id": "finish",
      "frequency": 3800,
      "audioOnsetApproxSeconds": 180.845,
      "videoFlashSeconds": 184.04,
      "videoMinusAudioSeconds": 3.194999999999993,
      "toneAmplitude": 0.1215569465999731,
      "windowMs": 20,
      "hopMs": 5,
      "videoFrameMs": 40
    }
  ],
  "constantAudioOffsetSeconds": 3.194999999999993,
  "alignmentResidualSeconds": [
    -0.005666666666659381,
    2.0833333351788497e-05,
    0.0
  ],
  "decodedSampleRate": 48000,
  "channels": 2,
  "durationSeconds": 181.14,
  "channelPeak": [
    0.24921834468841553,
    0.23611712455749512
  ],
  "channelRms": [
    0.03909164630357576,
    0.038939964770021866
  ],
  "clippedSamples": 0,
  "nonfiniteSamples": 0,
  "sourceAudioSHA256": "b37c3d16dbec5d6d683d97e199ad3658225af596e0da6fbc737c1682f470c52c",
  "sourceVideoSHA256": "1b51cc657b6b4c439991075e27b3b93778b435b53475646c2989bd6bec45624b",
  "outputSHA256": "4c1249ac145c1337ac7e34b7d03eb8ace2a12770c0aff7800f6459049cbe5f91"
}
