{"label":"after-intro-countdown","now":5866.666666666667,"phase":"running","paused":false,"elapsedMs":316.6666666666667,"armed":true,"control":{"throttle":0,"brake":0,"steer":0,"reverse":false,"tractionControl":true},"focus":{"tag":"BODY","id":""}}
{"label":"after-camera-lookback","now":6650.000000000002,"phase":"running","paused":false,"elapsedMs":433.3333333333335,"armed":true,"control":{"throttle":0,"brake":0,"steer":0,"reverse":false,"tractionControl":true},"focus":{"tag":"BODY","id":""}}
{"label":"before-held-reset","now":6700.000000000003,"phase":"running","paused":false,"elapsedMs":466.66666666666686,"armed":true,"control":{"throttle":0,"brake":0,"steer":0,"reverse":false,"tractionControl":true},"focus":{"tag":"BODY","id":""}}
{"label":"after-held-reset","now":7883.333333333337,"phase":"running","paused":false,"elapsedMs":1650.0000000000018,"armed":true,"control":{"throttle":0,"brake":0,"steer":0,"reverse":false,"tractionControl":true},"focus":{"tag":"BODY","id":""}}
{"label":"driver-block-0","now":17883.333333333336,"phase":"running","paused":false,"elapsedMs":11649.999999999935,"armed":true,"control":{"throttle":0,"brake":0,"steer":0,"reverse":false,"tractionControl":true},"focus":{"tag":"BODY","id":""}}
{"label":"driver-block-1","now":27883.333333333336,"phase":"running","paused":false,"elapsedMs":21650.000000000146,"armed":true,"control":{"throttle":0,"brake":0,"steer":0,"reverse":false,"tractionControl":true},"focus":{"tag":"BODY","id":""}}
{"label":"driver-block-2","now":37883.333333333336,"phase":"running","paused":false,"elapsedMs":31650.000000000873,"armed":true,"control":{"throttle":0,"brake":0,"steer":0,"reverse":false,"tractionControl":true},"focus":{"tag":"BODY","id":""}}
{"label":"driver-block-3","now":47883.333333333336,"phase":"running","paused":false,"elapsedMs":41649.999999999665,"armed":true,"control":{"throttle":0,"brake":0,"steer":0,"reverse":false,"tractionControl":true},"focus":{"tag":"BODY","id":""}}
{"label":"driver-block-4","now":57883.333333333336,"phase":"running","paused":false,"elapsedMs":51649.99999999821,"armed":true,"control":{"throttle":0,"brake":0,"steer":0,"reverse":false,"tractionControl":true},"focus":{"tag":"BODY","id":""}}
{"label":"driver-block-5","now":67883.33333333334,"phase":"running","paused":false,"elapsedMs":61649.999999996755,"armed":true,"control":{"throttle":0,"brake":0,"steer":0,"reverse":false,"tractionControl":true},"focus":{"tag":"BODY","id":""}}
{"label":"driver-block-6","now":77883.33333333334,"phase":"running","paused":false,"elapsedMs":71649.99999999796,"armed":true,"control":{"throttle":0,"brake":0,"steer":0,"reverse":false,"tractionControl":true},"focus":{"tag":"BODY","id":""}}
{"label":"driver-block-7","now":87883.33333333334,"phase":"running","paused":false,"elapsedMs":81650.00000000087,"armed":true,"control":{"throttle":0,"brake":0,"steer":0,"reverse":false,"tractionControl":true},"focus":{"tag":"BODY","id":""}}
{"label":"driver-block-8","now":97883.33333333334,"phase":"running","paused":false,"elapsedMs":91650.00000000378,"armed":true,"control":{"throttle":0,"brake":0,"steer":0,"reverse":false,"tractionControl":true},"focus":{"tag":"BODY","id":""}}
{"label":"driver-block-9","now":107883.33333333334,"phase":"running","paused":false,"elapsedMs":101650.0000000067,"armed":true,"control":{"throttle":0,"brake":0,"steer":0,"reverse":false,"tractionControl":true},"focus":{"tag":"BODY","id":""}}
{"label":"driver-block-10","now":117883.33333333334,"phase":"running","paused":false,"elapsedMs":111650.0000000096,"armed":true,"control":{"throttle":0,"brake":0,"steer":0,"reverse":false,"tractionControl":true},"focus":{"tag":"BODY","id":""}}
{"label":"driver-block-11","now":127883.33333333334,"phase":"running","paused":false,"elapsedMs":121650.00000001251,"armed":true,"control":{"throttle":0,"brake":0,"steer":0,"reverse":false,"tractionControl":true},"focus":{"tag":"BODY","id":""}}
{"label":"driver-block-12","now":137883.33333333334,"phase":"running","paused":false,"elapsedMs":131650.00000001493,"armed":true,"control":{"throttle":0,"brake":0,"steer":0,"reverse":false,"tractionControl":true},"focus":{"tag":"BODY","id":""}}
{"label":"driver-block-13","now":147883.33333333334,"phase":"running","paused":false,"elapsedMs":141650.0000000091,"armed":true,"control":{"throttle":0,"brake":0,"steer":0,"reverse":false,"tractionControl":true},"focus":{"tag":"BODY","id":""}}
{"label":"driver-block-14","now":157883.33333333334,"phase":"running","paused":false,"elapsedMs":151650.0000000033,"armed":true,"control":{"throttle":0,"brake":0,"steer":0,"reverse":false,"tractionControl":true},"focus":{"tag":"BODY","id":""}}
{"label":"driver-block-15","now":167883.33333333334,"phase":"running","paused":false,"elapsedMs":161649.99999999747,"armed":true,"control":{"throttle":0,"brake":0,"steer":0,"reverse":false,"tractionControl":true},"focus":{"tag":"BODY","id":""}}
{"label":"driver-block-16","now":177883.33333333334,"phase":"running","paused":false,"elapsedMs":171649.99999999165,"armed":true,"control":{"throttle":0,"brake":0,"steer":0,"reverse":false,"tractionControl":true},"focus":{"tag":"BODY","id":""}}
{"label":"driver-block-17","now":187883.33333333334,"phase":"running","paused":false,"elapsedMs":181649.99999998583,"armed":true,"control":{"throttle":0,"brake":0,"steer":0,"reverse":false,"tractionControl":true},"focus":{"tag":"BODY","id":""}}
{"label":"driver-block-18","now":197883.33333333334,"phase":"running","paused":false,"elapsedMs":191649.99999998,"armed":true,"control":{"throttle":0,"brake":0,"steer":0,"reverse":false,"tractionControl":true},"focus":{"tag":"BODY","id":""}}
{"label":"driver-block-19","now":207883.33333333334,"phase":"running","paused":false,"elapsedMs":201649.99999997418,"armed":true,"control":{"throttle":0,"brake":0,"steer":0,"reverse":false,"tractionControl":true},"focus":{"tag":"BODY","id":""}}
{"label":"driver-block-20","now":217883.33333333334,"phase":"running","paused":false,"elapsedMs":211649.99999996836,"armed":true,"control":{"throttle":0,"brake":0,"steer":0,"reverse":false,"tractionControl":true},"focus":{"tag":"BODY","id":""}}
{"label":"driver-block-21","now":227883.33333333334,"phase":"running","paused":false,"elapsedMs":221649.99999996254,"armed":true,"control":{"throttle":0,"brake":0,"steer":0,"reverse":false,"tractionControl":true},"focus":{"tag":"BODY","id":""}}
{"label":"driver-block-22","now":237883.33333333334,"phase":"running","paused":false,"elapsedMs":231649.99999995672,"armed":true,"control":{"throttle":0,"brake":0,"steer":0,"reverse":false,"tractionControl":true},"focus":{"tag":"BODY","id":""}}
{"label":"driver-block-23","now":247883.33333333334,"phase":"running","paused":false,"elapsedMs":241649.9999999509,"armed":true,"control":{"throttle":0,"brake":0,"steer":0,"reverse":false,"tractionControl":true},"focus":{"tag":"BODY","id":""}}
{"label":"driver-block-24","now":257883.33333333334,"phase":"running","paused":false,"elapsedMs":251649.99999994508,"armed":true,"control":{"throttle":0,"brake":0,"steer":0,"reverse":false,"tractionControl":true},"focus":{"tag":"BODY","id":""}}
{"label":"driver-block-25","now":267883.3333333334,"phase":"running","paused":false,"elapsedMs":261649.99999993926,"armed":true,"control":{"throttle":0,"brake":0,"steer":0,"reverse":false,"tractionControl":true},"focus":{"tag":"BODY","id":""}}
{"label":"driver-block-26","now":277883.3333333334,"phase":"running","paused":false,"elapsedMs":271649.99999995006,"armed":true,"control":{"throttle":0,"brake":0,"steer":0,"reverse":false,"tractionControl":true},"focus":{"tag":"BODY","id":""}}
{"label":"driver-block-27","now":287883.3333333334,"phase":"running","paused":false,"elapsedMs":281649.9999999617,"armed":true,"control":{"throttle":0,"brake":0,"steer":0,"reverse":false,"tractionControl":true},"focus":{"tag":"BODY","id":""}}
{"label":"caught-error","now":287883.3333333334,"phase":"running","paused":false,"elapsedMs":281649.9999999617,"armed":true,"control":{"throttle":0,"brake":0,"steer":0,"reverse":false,"tractionControl":true},"focus":{"tag":"BODY","id":""}}
node:internal/modules/run_main:107
    triggerUncaughtException(
    ^

AssertionError [ERR_ASSERTION]: The expression evaluated to a falsy value:

  assert.ok(finish?.race.playerResult?.valid)

    at file:///C:/Users/SM%20-%20Dan/Documents/GitHub/slingmods-three-wheel-tour-rebuild/scripts/diagnose-crew-ui-clock-p06.mjs:14:101 {
  generatedMessage: true,
  code: 'ERR_ASSERTION',
  actual: undefined,
  expected: true,
  operator: '==',
  diff: 'simple'
}

Node.js v24.15.0
