{"label":"after-intro-countdown","now":5866.666666666667,"phase":"running","paused":false,"elapsedMs":316.6666666666667,"armed":true,"control":{"throttle":0,"brake":0,"steer":0,"reverse":false,"tractionControl":true},"focus":{"tag":"BODY","id":""}}
{"label":"after-camera-lookback","now":6650.000000000002,"phase":"running","paused":false,"elapsedMs":433.3333333333335,"armed":true,"control":{"throttle":0,"brake":0,"steer":0,"reverse":false,"tractionControl":true},"focus":{"tag":"BODY","id":""}}
{"label":"before-held-reset","now":6700.000000000003,"phase":"running","paused":false,"elapsedMs":466.66666666666686,"armed":true,"control":{"throttle":0,"brake":0,"steer":0,"reverse":false,"tractionControl":true},"focus":{"tag":"BODY","id":""}}
{"label":"after-held-reset","now":13930.533333332587,"phase":"countdown","paused":false,"elapsedMs":0,"armed":true,"control":{"throttle":0,"brake":0,"steer":0,"reverse":false,"tractionControl":true},"focus":{"tag":"BODY","id":""}}
{"label":"driver-block-0","now":23930.533333332587,"phase":"running","paused":false,"elapsedMs":7166.666666666708,"armed":true,"control":{"throttle":0.5248883741916879,"brake":0,"steer":-0.04478496517162537,"reverse":false,"tractionControl":true},"focus":{"tag":"BODY","id":""}}
{"label":"driver-block-1","now":33930.53333333258,"phase":"running","paused":false,"elapsedMs":17166.666666666486,"armed":true,"control":{"throttle":0.1291793420751604,"brake":0.012723735398513085,"steer":-0.5777465711493649,"reverse":false,"tractionControl":true},"focus":{"tag":"BODY","id":""}}
{"label":"driver-block-2","now":43930.53333333258,"phase":"running","paused":false,"elapsedMs":27166.666666667214,"armed":true,"control":{"throttle":0.013011715403344087,"brake":0.0837150628090675,"steer":-0.021892889343989187,"reverse":false,"tractionControl":true},"focus":{"tag":"BODY","id":""}}
{"label":"driver-block-3","now":53930.53333333258,"phase":"running","paused":false,"elapsedMs":37166.666666666984,"armed":true,"control":{"throttle":0.15694517000029512,"brake":0,"steer":-0.6551995295782105,"reverse":false,"tractionControl":true},"focus":{"tag":"BODY","id":""}}
{"label":"driver-block-4","now":63930.53333333258,"phase":"running","paused":false,"elapsedMs":47166.66666666553,"armed":true,"control":{"throttle":0.09908608013528186,"brake":0.031114062139549967,"steer":0.41925617310452273,"reverse":false,"tractionControl":true},"focus":{"tag":"BODY","id":""}}
{"label":"driver-block-5","now":73930.53333333258,"phase":"running","paused":false,"elapsedMs":57166.666666664074,"armed":true,"control":{"throttle":1,"brake":0,"steer":-0.22160368047097367,"reverse":false,"tractionControl":true},"focus":{"tag":"BODY","id":""}}
{"label":"driver-block-6","now":83930.53333333258,"phase":"running","paused":false,"elapsedMs":67166.66666666332,"armed":true,"control":{"throttle":1,"brake":0,"steer":0.03529086854631297,"reverse":false,"tractionControl":true},"focus":{"tag":"BODY","id":""}}
{"label":"driver-block-7","now":93930.53333333258,"phase":"running","paused":false,"elapsedMs":77166.66666666623,"armed":true,"control":{"throttle":0.5891992253405213,"brake":0,"steer":-0.5566329052582047,"reverse":false,"tractionControl":true},"focus":{"tag":"BODY","id":""}}
{"label":"driver-block-8","now":103930.53333333258,"phase":"running","paused":false,"elapsedMs":87166.66666666915,"armed":true,"control":{"throttle":0.2601145874023551,"brake":0,"steer":0.12985343364037716,"reverse":false,"tractionControl":true},"focus":{"tag":"BODY","id":""}}
{"label":"driver-block-9","now":113930.53333333258,"phase":"running","paused":false,"elapsedMs":97166.66666667206,"armed":true,"control":{"throttle":0.20249843908966098,"brake":0,"steer":-0.714326409299693,"reverse":false,"tractionControl":true},"focus":{"tag":"BODY","id":""}}
{"label":"driver-block-10","now":123930.53333333258,"phase":"running","paused":false,"elapsedMs":107166.66666667497,"armed":true,"control":{"throttle":0,"brake":0.19341252437150583,"steer":0.025106672851423147,"reverse":false,"tractionControl":true},"focus":{"tag":"BODY","id":""}}
{"label":"driver-block-11","now":133930.53333333257,"phase":"running","paused":false,"elapsedMs":117166.66666667788,"armed":true,"control":{"throttle":0.14302516571672413,"brake":0.004262398728668586,"steer":-0.6597978869242164,"reverse":false,"tractionControl":true},"focus":{"tag":"BODY","id":""}}
{"label":"driver-block-12","now":143930.53333333257,"phase":"running","paused":false,"elapsedMs":127166.66666668079,"armed":true,"control":{"throttle":0.06991705779041851,"brake":0.04893957579474424,"steer":0.41413918077948736,"reverse":false,"tractionControl":true},"focus":{"tag":"BODY","id":""}}
{"label":"driver-block-13","now":153930.53333333257,"phase":"running","paused":false,"elapsedMs":137166.6666666784,"armed":true,"control":{"throttle":1,"brake":0,"steer":-0.28109354872720355,"reverse":false,"tractionControl":true},"focus":{"tag":"BODY","id":""}}
{"label":"driver-block-14","now":163930.53333333257,"phase":"running","paused":false,"elapsedMs":147166.66666667257,"armed":true,"control":{"throttle":1,"brake":0,"steer":0.012667598428273426,"reverse":false,"tractionControl":true},"focus":{"tag":"BODY","id":""}}
{"label":"driver-block-15","now":173930.53333333257,"phase":"running","paused":false,"elapsedMs":157166.66666666674,"armed":true,"control":{"throttle":0.5461162800498761,"brake":0,"steer":-0.5219834086723596,"reverse":false,"tractionControl":true},"focus":{"tag":"BODY","id":""}}
{"label":"driver-block-16","now":183930.53333333257,"phase":"finished","paused":false,"elapsedMs":165916.66666666165,"armed":true,"control":{"throttle":0.3545528151942139,"brake":0,"steer":-0.45206863978393313,"reverse":false,"tractionControl":true},"focus":{"tag":"BODY","id":""}}
["ready blur recovery and intro have zero world steps; synchronized countdown","all4 paused, heldW neutral rearm, native cameras and quick lookback","actual two-lap podium, real resultproof, placement + firstpodium persisted","immediate retry freshattempt no repeatedcredits","savedchapter and equippedcyan reload and return"]
