{"label":"after-intro-countdown","now":5866.666666666667,"phase":"running","paused":false,"elapsedMs":316.6666666666667,"armed":true,"control":{"throttle":0,"brake":0,"steer":0,"reverse":false,"tractionControl":true},"focus":{"tag":"BODY","id":""}}
{"label":"after-camera-lookback","now":6650.000000000002,"phase":"running","paused":false,"elapsedMs":433.3333333333335,"armed":true,"control":{"throttle":0,"brake":0,"steer":0,"reverse":false,"tractionControl":true},"focus":{"tag":"BODY","id":""}}
{"label":"before-held-reset","now":6700.000000000003,"phase":"running","paused":false,"elapsedMs":466.66666666666686,"armed":true,"control":{"throttle":0,"brake":0,"steer":0,"reverse":false,"tractionControl":true},"focus":{"tag":"BODY","id":""}}
{"label":"after-held-reset","now":13724.533333332587,"phase":"countdown","paused":false,"elapsedMs":0,"armed":true,"control":{"throttle":0,"brake":0,"steer":0,"reverse":false,"tractionControl":true},"focus":{"tag":"BODY","id":""}}
{"label":"focused-neutral-before-driver","now":13741.199999999253,"phase":"countdown","paused":false,"elapsedMs":0,"armed":true,"control":{"throttle":0,"brake":0,"steer":0,"reverse":false,"tractionControl":true},"focus":{"tag":"BODY","id":""}}
{"label":"driver-block-0","now":23741.199999999255,"phase":"running","paused":false,"elapsedMs":7183.333333333375,"armed":true,"control":{"throttle":0.5137258481590687,"brake":0,"steer":-0.046210827743440396,"reverse":false,"tractionControl":true},"focus":{"tag":"BODY","id":""}}
{"label":"driver-block-1","now":33741.199999999255,"phase":"running","paused":false,"elapsedMs":17183.333333333154,"armed":true,"control":{"throttle":0.12917755998023822,"brake":0.012724824456521091,"steer":-0.5784077249291106,"reverse":false,"tractionControl":true},"focus":{"tag":"BODY","id":""}}
{"label":"driver-block-2","now":43741.199999999255,"phase":"running","paused":false,"elapsedMs":27183.33333333388,"armed":true,"control":{"throttle":0.01663429175570727,"brake":0.08150126614929,"steer":-0.023740681150210587,"reverse":false,"tractionControl":true},"focus":{"tag":"BODY","id":""}}
{"label":"driver-block-3","now":53741.199999999255,"phase":"running","paused":false,"elapsedMs":37183.33333333365,"armed":true,"control":{"throttle":0.1558275441463605,"brake":0,"steer":-0.6539549144115746,"reverse":false,"tractionControl":true},"focus":{"tag":"BODY","id":""}}
{"label":"driver-block-4","now":63741.199999999255,"phase":"running","paused":false,"elapsedMs":47183.33333333219,"armed":true,"control":{"throttle":0.09105110007572961,"brake":0.03602432773149857,"steer":0.4182110185076785,"reverse":false,"tractionControl":true},"focus":{"tag":"BODY","id":""}}
{"label":"driver-block-5","now":73741.19999999925,"phase":"running","paused":false,"elapsedMs":57183.33333333074,"armed":true,"control":{"throttle":1,"brake":0,"steer":-0.2132871609999531,"reverse":false,"tractionControl":true},"focus":{"tag":"BODY","id":""}}
{"label":"driver-block-6","now":83741.19999999925,"phase":"running","paused":false,"elapsedMs":67183.33333333,"armed":true,"control":{"throttle":1,"brake":0,"steer":0.040928769311925337,"reverse":false,"tractionControl":true},"focus":{"tag":"BODY","id":""}}
{"label":"driver-block-7","now":93741.19999999925,"phase":"running","paused":false,"elapsedMs":77183.3333333329,"armed":true,"control":{"throttle":0.5660401538949308,"brake":0,"steer":-0.5522761742745477,"reverse":false,"tractionControl":true},"focus":{"tag":"BODY","id":""}}
{"label":"driver-block-8","now":103741.19999999925,"phase":"running","paused":false,"elapsedMs":87183.33333333582,"armed":true,"control":{"throttle":0.25579240502435824,"brake":0,"steer":0.13724669481048613,"reverse":false,"tractionControl":true},"focus":{"tag":"BODY","id":""}}
{"label":"driver-block-9","now":113741.19999999925,"phase":"running","paused":false,"elapsedMs":97183.33333333873,"armed":true,"control":{"throttle":0.2004556709896469,"brake":0,"steer":-0.7140926101164342,"reverse":false,"tractionControl":true},"focus":{"tag":"BODY","id":""}}
{"label":"driver-block-10","now":123741.19999999925,"phase":"running","paused":false,"elapsedMs":107183.33333334164,"armed":true,"control":{"throttle":0,"brake":0.18370549469502204,"steer":0.023163790512314826,"reverse":false,"tractionControl":true},"focus":{"tag":"BODY","id":""}}
{"label":"driver-block-11","now":133741.19999999925,"phase":"running","paused":false,"elapsedMs":117183.33333334455,"armed":true,"control":{"throttle":0.1426374801518405,"brake":0.004499317684986366,"steer":-0.6634797550206908,"reverse":false,"tractionControl":true},"focus":{"tag":"BODY","id":""}}
{"label":"driver-block-12","now":143741.19999999925,"phase":"running","paused":false,"elapsedMs":127183.33333334746,"armed":true,"control":{"throttle":0.06496994135937591,"brake":0.05196281361371472,"steer":0.41154933944822086,"reverse":false,"tractionControl":true},"focus":{"tag":"BODY","id":""}}
{"label":"driver-block-13","now":153741.19999999925,"phase":"running","paused":false,"elapsedMs":137183.33333334504,"armed":true,"control":{"throttle":1,"brake":0,"steer":-0.2726629351611859,"reverse":false,"tractionControl":true},"focus":{"tag":"BODY","id":""}}
{"label":"driver-block-14","now":163741.19999999925,"phase":"running","paused":false,"elapsedMs":147183.33333333922,"armed":true,"control":{"throttle":1,"brake":0,"steer":0.018679414247649212,"reverse":false,"tractionControl":true},"focus":{"tag":"BODY","id":""}}
{"label":"driver-block-15","now":173741.19999999925,"phase":"running","paused":false,"elapsedMs":157183.3333333334,"armed":true,"control":{"throttle":0.5248129570155933,"brake":0,"steer":-0.5178365437109516,"reverse":false,"tractionControl":true},"focus":{"tag":"BODY","id":""}}
{"label":"driver-block-16","now":183741.19999999925,"phase":"finished","paused":false,"elapsedMs":165916.66666666165,"armed":true,"control":{"throttle":0.3545528151942139,"brake":0,"steer":-0.45206863978393313,"reverse":false,"tractionControl":true},"focus":{"tag":"BODY","id":""}}
["ready blur recovery and intro have zero world steps; synchronized countdown","all4 paused, heldW neutral rearm, native cameras and quick lookback","actual two-lap podium, real resultproof, placement + firstpodium persisted","immediate retry freshattempt no repeatedcredits","savedchapter and equippedcyan reload and return"]
