
> slingmods-three-wheel-tour-rebuild@1.0.0 build
> tsc --noEmit && vite build

warning: in the working copy of '.gitignore', LF will be replaced by CRLF the next time Git touches it
warning: in the working copy of 'AGENTS.md', LF will be replaced by CRLF the next time Git touches it
warning: in the working copy of 'src/audio/opponents.ts', LF will be replaced by CRLF the next time Git touches it
vite v8.3.0 building client environment for production...
transforming...
✓ 72 modules transformed.
rendering chunks...
computing gzip size...
dist/index.html                              0.72 kB │ gzip:     0.48 kB
dist/assets/save-S_mbsQK_.css                0.86 kB │ gzip:     0.44 kB
dist/assets/crew-CydNNodD.css                1.53 kB │ gzip:     0.70 kB
dist/assets/workbench-BcSrgDzu.css           7.38 kB │ gzip:     2.33 kB
dist/assets/game-audio-B6vjf2eX.css         10.71 kB │ gzip:     3.04 kB
dist/assets/calibration-BCREkm6G.js          2.33 kB │ gzip:     1.24 kB
dist/assets/index-hkZ4wXOC.js                2.97 kB │ gzip:     1.41 kB
dist/assets/harbor-AaSyFVdj.js              11.25 kB │ gzip:     5.00 kB
dist/assets/harbor-lighting-CM400YHl.js     15.12 kB │ gzip:     6.26 kB
dist/assets/OrbitControls-dGnZwRhg.js       19.84 kB │ gzip:     4.40 kB
dist/assets/crew-D7K9MQFT.js                33.05 kB │ gzip:    12.81 kB
dist/assets/workbench-Dq4WYYe8.js           41.83 kB │ gzip:    14.49 kB
dist/assets/save-kleMLYaj.js               639.09 kB │ gzip:   161.56 kB
dist/assets/game-audio-DVqvZaxb.js       3,166.63 kB │ gzip: 1,223.45 kB

✓ built in 419ms
[plugin builtin:vite-reporter] 
(!) Some chunks are larger than 500 kB after minification. Consider:
- Using dynamic import() to code-split the application
- Use build.rolldownOptions.output.codeSplitting to improve chunking: https://rolldown.rs/reference/OutputOptions.codeSplitting
- Adjust chunk size limit for this warning via build.chunkSizeWarningLimit.
