{
  "sizes": [
    {
      "viewport": {
        "width": 1280,
        "height": 720
      },
      "closeFocus": "chapter-build",
      "controls": 11,
      "crew": {
        "commit": "0c6e1be9a575-working",
        "menuHelp": true,
        "paused": true,
        "phase": "running",
        "worldSteps": 269,
        "participants": 4,
        "errors": []
      }
    },
    {
      "viewport": {
        "width": 1920,
        "height": 1080
      },
      "closeFocus": "chapter-build",
      "controls": 11,
      "crew": {
        "commit": "0c6e1be9a575-working",
        "menuHelp": true,
        "paused": true,
        "phase": "running",
        "worldSteps": 279,
        "participants": 4,
        "errors": []
      }
    }
  ],
  "captures": 16,
  "errors": []
}
