{"dir":"director-kit/production/evidence/P06/verified-scored-equipped1080","attempt":0,"seconds":11.96666666666659,"phase":"running","order":[["maya",1,"running"],["jett",1,"running"],["player",1,"running"],["nico",1,"running"]]}
{"dir":"director-kit/production/evidence/P06/verified-scored-equipped1080","attempt":0,"seconds":26.983333333333867,"phase":"running","order":[["maya",1,"running"],["jett",1,"running"],["player",1,"running"],["nico",1,"running"]]}
{"dir":"director-kit/production/evidence/P06/verified-scored-equipped1080","attempt":0,"seconds":41.999999999999616,"phase":"running","order":[["maya",1,"running"],["jett",1,"running"],["player",1,"running"],["nico",1,"running"]]}
{"dir":"director-kit/production/evidence/P06/verified-scored-equipped1080","attempt":0,"seconds":56.999999999997435,"phase":"running","order":[["maya",1,"running"],["jett",1,"running"],["player",1,"running"],["nico",1,"running"]]}
{"dir":"director-kit/production/evidence/P06/verified-scored-equipped1080","attempt":0,"seconds":72.01666666666473,"phase":"running","order":[["maya",1,"running"],["jett",1,"running"],["player",1,"running"],["nico",1,"running"]]}
{"dir":"director-kit/production/evidence/P06/verified-scored-equipped1080","attempt":0,"seconds":87.0166666666691,"phase":"running","order":[["maya",2,"running"],["jett",2,"running"],["player",2,"running"],["nico",1,"running"]]}
{"dir":"director-kit/production/evidence/P06/verified-scored-equipped1080","attempt":0,"seconds":102.03333333334014,"phase":"running","order":[["maya",2,"running"],["jett",2,"running"],["player",2,"running"],["nico",2,"running"]]}
{"dir":"director-kit/production/evidence/P06/verified-scored-equipped1080","attempt":0,"seconds":117.05000000001118,"phase":"running","order":[["maya",2,"running"],["jett",2,"running"],["player",2,"running"],["nico",2,"running"]]}
{"dir":"director-kit/production/evidence/P06/verified-scored-equipped1080","attempt":0,"seconds":132.06666666668136,"phase":"running","order":[["maya",2,"running"],["jett",2,"running"],["player",2,"running"],["nico",2,"running"]]}
{"dir":"director-kit/production/evidence/P06/verified-scored-equipped1080","attempt":0,"seconds":147.08333333333928,"phase":"running","order":[["maya",2,"running"],["jett",2,"running"],["player",2,"running"],["nico",2,"running"]]}
{"dir":"director-kit/production/evidence/P06/verified-scored-equipped1080","attempt":0,"seconds":162.0999999999972,"phase":"running","order":[["maya",2,"running"],["jett",2,"running"],["player",2,"running"],["nico",2,"running"]]}
{"dir":"director-kit/production/evidence/P06/verified-scored-equipped1080","attempt":0,"seconds":177.11666666665514,"phase":"finished","order":[["maya",2,"finished"],["jett",2,"finished"],["player",2,"finished"],["nico",2,"finished"]]}
{"dir":"director-kit/production/evidence/P06/verified-scored-equipped1080","attempt":1,"seconds":11.999999999999922,"phase":"running","order":[["maya",1,"running"],["jett",1,"running"],["player",1,"running"],["nico",1,"running"]]}
{"dir":"director-kit/production/evidence/P06/verified-scored-equipped1080","attempt":1,"seconds":27.016666666667202,"phase":"running","order":[["maya",1,"running"],["jett",1,"running"],["player",1,"running"],["nico",1,"running"]]}
{"dir":"director-kit/production/evidence/P06/verified-scored-equipped1080","attempt":1,"seconds":42.03333333333294,"phase":"running","order":[["maya",1,"running"],["jett",1,"running"],["player",1,"running"],["nico",1,"running"]]}
{"dir":"director-kit/production/evidence/P06/verified-scored-equipped1080","attempt":1,"seconds":57.049999999997425,"phase":"running","order":[["maya",1,"running"],["jett",1,"running"],["player",1,"running"],["nico",1,"running"]]}
{"dir":"director-kit/production/evidence/P06/verified-scored-equipped1080","attempt":1,"seconds":72.04999999999808,"phase":"running","order":[["maya",1,"running"],["jett",1,"running"],["player",1,"running"],["nico",1,"running"]]}
{"dir":"director-kit/production/evidence/P06/verified-scored-equipped1080","attempt":1,"seconds":87.06666666666912,"phase":"running","order":[["maya",2,"running"],["jett",2,"running"],["player",2,"running"],["nico",1,"running"]]}
{"dir":"director-kit/production/evidence/P06/verified-scored-equipped1080","attempt":1,"seconds":102.06666666667348,"phase":"running","order":[["maya",2,"running"],["jett",2,"running"],["player",2,"running"],["nico",2,"running"]]}
{"dir":"director-kit/production/evidence/P06/verified-scored-equipped1080","attempt":1,"seconds":117.08333333334451,"phase":"running","order":[["maya",2,"running"],["jett",2,"running"],["player",2,"running"],["nico",2,"running"]]}
{"dir":"director-kit/production/evidence/P06/verified-scored-equipped1080","attempt":1,"seconds":132.083333333348,"phase":"running","order":[["maya",2,"running"],["jett",2,"running"],["player",2,"running"],["nico",2,"running"]]}
{"dir":"director-kit/production/evidence/P06/verified-scored-equipped1080","attempt":1,"seconds":147.10000000000593,"phase":"running","order":[["maya",2,"running"],["jett",2,"running"],["player",2,"running"],["nico",2,"running"]]}
{"dir":"director-kit/production/evidence/P06/verified-scored-equipped1080","attempt":1,"seconds":162.11666666666386,"phase":"running","order":[["maya",2,"running"],["jett",2,"running"],["player",2,"running"],["nico",2,"running"]]}
{"dir":"director-kit/production/evidence/P06/verified-scored-equipped1080","attempt":1,"seconds":177.1333333333218,"phase":"finished","order":[["maya",2,"finished"],["jett",2,"finished"],["player",2,"finished"],["nico",2,"finished"]]}
{"dir":"director-kit/production/evidence/P06/verified-scored-equipped1080","results":[{"event":"harbor-crew-night-v1","attemptId":"2b137e61-d7c5-4b83-b553-5c9c0bdfddda","participantId":"player","status":"finished","valid":true,"laps":2,"timeMs":165902.96992007253,"place":3,"invalidReason":null},{"event":"harbor-crew-night-v1","attemptId":"509908c2-9f5f-4fb4-8df0-547d890c84f9","participantId":"player","status":"finished","valid":true,"laps":2,"timeMs":165902.9699200773,"place":3,"invalidReason":null}],"rows":21683,"errors":[]}
{"dir":"director-kit/production/evidence/P06/verified-scored-stock1080","attempt":0,"seconds":11.983333333333256,"phase":"running","order":[["maya",1,"running"],["jett",1,"running"],["player",1,"running"],["nico",1,"running"]]}
{"dir":"director-kit/production/evidence/P06/verified-scored-stock1080","attempt":0,"seconds":26.983333333333867,"phase":"running","order":[["maya",1,"running"],["jett",1,"running"],["player",1,"running"],["nico",1,"running"]]}
{"dir":"director-kit/production/evidence/P06/verified-scored-stock1080","attempt":0,"seconds":41.999999999999616,"phase":"running","order":[["maya",1,"running"],["jett",1,"running"],["player",1,"running"],["nico",1,"running"]]}
{"dir":"director-kit/production/evidence/P06/verified-scored-stock1080","attempt":0,"seconds":57.016666666664094,"phase":"running","order":[["maya",1,"running"],["jett",1,"running"],["player",1,"running"],["nico",1,"running"]]}
{"dir":"director-kit/production/evidence/P06/verified-scored-stock1080","attempt":0,"seconds":72.03333333333141,"phase":"running","order":[["maya",1,"running"],["jett",1,"running"],["player",1,"running"],["nico",1,"running"]]}
{"dir":"director-kit/production/evidence/P06/verified-scored-stock1080","attempt":0,"seconds":87.05000000000244,"phase":"running","order":[["maya",2,"running"],["jett",2,"running"],["player",2,"running"],["nico",1,"running"]]}
{"dir":"director-kit/production/evidence/P06/verified-scored-stock1080","attempt":0,"seconds":102.0500000000068,"phase":"running","order":[["maya",2,"running"],["jett",2,"running"],["player",2,"running"],["nico",2,"running"]]}
{"dir":"director-kit/production/evidence/P06/verified-scored-stock1080","attempt":0,"seconds":117.06666666667785,"phase":"running","order":[["maya",2,"running"],["jett",2,"running"],["player",2,"running"],["nico",2,"running"]]}
{"dir":"director-kit/production/evidence/P06/verified-scored-stock1080","attempt":0,"seconds":132.083333333348,"phase":"running","order":[["maya",2,"running"],["jett",2,"running"],["player",2,"running"],["nico",2,"running"]]}
{"dir":"director-kit/production/evidence/P06/verified-scored-stock1080","attempt":0,"seconds":147.10000000000593,"phase":"running","order":[["maya",2,"running"],["jett",2,"running"],["player",2,"running"],["nico",2,"running"]]}
{"dir":"director-kit/production/evidence/P06/verified-scored-stock1080","attempt":0,"seconds":162.0999999999972,"phase":"running","order":[["maya",2,"running"],["jett",2,"running"],["player",2,"running"],["nico",2,"running"]]}
{"dir":"director-kit/production/evidence/P06/verified-scored-stock1080","attempt":0,"seconds":177.11666666665514,"phase":"finished","order":[["maya",2,"finished"],["jett",2,"finished"],["player",2,"finished"],["nico",2,"finished"]]}
{"dir":"director-kit/production/evidence/P06/verified-scored-stock1080","results":[{"event":"harbor-crew-night-v1","attemptId":"ba411993-94f1-4f4e-a7fa-3fd521cb2e28","participantId":"player","status":"finished","valid":true,"laps":2,"timeMs":165790.0625354622,"place":3,"invalidReason":null}],"rows":10864,"errors":[]}
{"dir":"director-kit/production/evidence/P06/verified-scored-equipped720","attempt":0,"seconds":11.983333333333256,"phase":"running","order":[["maya",1,"running"],["jett",1,"running"],["player",1,"running"],["nico",1,"running"]]}
{"dir":"director-kit/production/evidence/P06/verified-scored-equipped720","attempt":0,"seconds":26.983333333333867,"phase":"running","order":[["maya",1,"running"],["jett",1,"running"],["player",1,"running"],["nico",1,"running"]]}
{"dir":"director-kit/production/evidence/P06/verified-scored-equipped720","attempt":0,"seconds":41.999999999999616,"phase":"running","order":[["maya",1,"running"],["jett",1,"running"],["player",1,"running"],["nico",1,"running"]]}
{"dir":"director-kit/production/evidence/P06/verified-scored-equipped720","attempt":0,"seconds":56.999999999997435,"phase":"running","order":[["maya",1,"running"],["jett",1,"running"],["player",1,"running"],["nico",1,"running"]]}
{"dir":"director-kit/production/evidence/P06/verified-scored-equipped720","attempt":0,"seconds":72.01666666666473,"phase":"running","order":[["maya",1,"running"],["jett",1,"running"],["player",1,"running"],["nico",1,"running"]]}
{"dir":"director-kit/production/evidence/P06/verified-scored-equipped720","attempt":0,"seconds":87.0166666666691,"phase":"running","order":[["maya",2,"running"],["jett",2,"running"],["player",2,"running"],["nico",1,"running"]]}
{"dir":"director-kit/production/evidence/P06/verified-scored-equipped720","attempt":0,"seconds":102.03333333334014,"phase":"running","order":[["maya",2,"running"],["jett",2,"running"],["player",2,"running"],["nico",2,"running"]]}
{"dir":"director-kit/production/evidence/P06/verified-scored-equipped720","attempt":0,"seconds":117.0333333333445,"phase":"running","order":[["maya",2,"running"],["jett",2,"running"],["player",2,"running"],["nico",2,"running"]]}
{"dir":"director-kit/production/evidence/P06/verified-scored-equipped720","attempt":0,"seconds":132.0500000000147,"phase":"running","order":[["maya",2,"running"],["jett",2,"running"],["player",2,"running"],["nico",2,"running"]]}
{"dir":"director-kit/production/evidence/P06/verified-scored-equipped720","attempt":0,"seconds":147.06666666667263,"phase":"running","order":[["maya",2,"running"],["jett",2,"running"],["player",2,"running"],["nico",2,"running"]]}
{"dir":"director-kit/production/evidence/P06/verified-scored-equipped720","attempt":0,"seconds":162.0666666666639,"phase":"running","order":[["maya",2,"running"],["jett",2,"running"],["player",2,"running"],["nico",2,"running"]]}
{"dir":"director-kit/production/evidence/P06/verified-scored-equipped720","attempt":0,"seconds":177.08333333332183,"phase":"finished","order":[["maya",2,"finished"],["jett",2,"finished"],["player",2,"finished"],["nico",2,"finished"]]}
{"dir":"director-kit/production/evidence/P06/verified-scored-equipped720","results":[{"event":"harbor-crew-night-v1","attemptId":"53ab85e7-ddd1-4233-a9fa-3a29414b14c4","participantId":"player","status":"finished","valid":true,"laps":2,"timeMs":165902.96923622952,"place":3,"invalidReason":null}],"rows":10868,"errors":[]}
{"dir":"director-kit/production/evidence/P06/verified-scored-stock720","attempt":0,"seconds":11.983333333333256,"phase":"running","order":[["maya",1,"running"],["jett",1,"running"],["player",1,"running"],["nico",1,"running"]]}
{"dir":"director-kit/production/evidence/P06/verified-scored-stock720","attempt":0,"seconds":27.000000000000536,"phase":"running","order":[["maya",1,"running"],["jett",1,"running"],["player",1,"running"],["nico",1,"running"]]}
{"dir":"director-kit/production/evidence/P06/verified-scored-stock720","attempt":0,"seconds":41.999999999999616,"phase":"running","order":[["maya",1,"running"],["jett",1,"running"],["player",1,"running"],["nico",1,"running"]]}
{"dir":"director-kit/production/evidence/P06/verified-scored-stock720","attempt":0,"seconds":57.016666666664094,"phase":"running","order":[["maya",1,"running"],["jett",1,"running"],["player",1,"running"],["nico",1,"running"]]}
{"dir":"director-kit/production/evidence/P06/verified-scored-stock720","attempt":0,"seconds":72.03333333333141,"phase":"running","order":[["maya",1,"running"],["jett",1,"running"],["player",1,"running"],["nico",1,"running"]]}
{"dir":"director-kit/production/evidence/P06/verified-scored-stock720","attempt":0,"seconds":87.05000000000244,"phase":"running","order":[["maya",2,"running"],["jett",2,"running"],["player",2,"running"],["nico",1,"running"]]}
{"dir":"director-kit/production/evidence/P06/verified-scored-stock720","attempt":0,"seconds":102.06666666667348,"phase":"running","order":[["maya",2,"running"],["jett",2,"running"],["player",2,"running"],["nico",2,"running"]]}
{"dir":"director-kit/production/evidence/P06/verified-scored-stock720","attempt":0,"seconds":117.06666666667785,"phase":"running","order":[["maya",2,"running"],["jett",2,"running"],["player",2,"running"],["nico",2,"running"]]}
{"dir":"director-kit/production/evidence/P06/verified-scored-stock720","attempt":0,"seconds":132.083333333348,"phase":"running","order":[["maya",2,"running"],["jett",2,"running"],["player",2,"running"],["nico",2,"running"]]}
{"dir":"director-kit/production/evidence/P06/verified-scored-stock720","attempt":0,"seconds":147.10000000000593,"phase":"running","order":[["maya",2,"running"],["jett",2,"running"],["player",2,"running"],["nico",2,"running"]]}
{"dir":"director-kit/production/evidence/P06/verified-scored-stock720","attempt":0,"seconds":162.11666666666386,"phase":"running","order":[["maya",2,"running"],["jett",2,"running"],["player",2,"running"],["nico",2,"running"]]}
{"dir":"director-kit/production/evidence/P06/verified-scored-stock720","attempt":0,"seconds":177.1333333333218,"phase":"finished","order":[["maya",2,"finished"],["jett",2,"finished"],["player",2,"finished"],["nico",2,"finished"]]}
{"dir":"director-kit/production/evidence/P06/verified-scored-stock720","results":[{"event":"harbor-crew-night-v1","attemptId":"defc67f9-6e20-49f6-9b80-4f94d765602c","participantId":"player","status":"finished","valid":true,"laps":2,"timeMs":165790.06219514724,"place":3,"invalidReason":null}],"rows":10873,"errors":[]}
{"dir":"director-kit/production/evidence/P06/verified-scored-equipped1080-repeat","attempt":0,"seconds":11.983333333333256,"phase":"running","order":[["maya",1,"running"],["jett",1,"running"],["player",1,"running"],["nico",1,"running"]]}
{"dir":"director-kit/production/evidence/P06/verified-scored-equipped1080-repeat","attempt":0,"seconds":27.000000000000536,"phase":"running","order":[["maya",1,"running"],["jett",1,"running"],["player",1,"running"],["nico",1,"running"]]}
{"dir":"director-kit/production/evidence/P06/verified-scored-equipped1080-repeat","attempt":0,"seconds":41.999999999999616,"phase":"running","order":[["maya",1,"running"],["jett",1,"running"],["player",1,"running"],["nico",1,"running"]]}
{"dir":"director-kit/production/evidence/P06/verified-scored-equipped1080-repeat","attempt":0,"seconds":57.016666666664094,"phase":"running","order":[["maya",1,"running"],["jett",1,"running"],["player",1,"running"],["nico",1,"running"]]}
{"dir":"director-kit/production/evidence/P06/verified-scored-equipped1080-repeat","attempt":0,"seconds":72.03333333333141,"phase":"running","order":[["maya",1,"running"],["jett",1,"running"],["player",1,"running"],["nico",1,"running"]]}
{"dir":"director-kit/production/evidence/P06/verified-scored-equipped1080-repeat","attempt":0,"seconds":87.05000000000244,"phase":"running","order":[["maya",2,"running"],["jett",2,"running"],["player",2,"running"],["nico",1,"running"]]}
{"dir":"director-kit/production/evidence/P06/verified-scored-equipped1080-repeat","attempt":0,"seconds":102.0500000000068,"phase":"running","order":[["maya",2,"running"],["jett",2,"running"],["player",2,"running"],["nico",2,"running"]]}
{"dir":"director-kit/production/evidence/P06/verified-scored-equipped1080-repeat","attempt":0,"seconds":117.06666666667785,"phase":"running","order":[["maya",2,"running"],["jett",2,"running"],["player",2,"running"],["nico",2,"running"]]}
