
> slingmods-three-wheel-tour-rebuild@1.0.0 build
> tsc --noEmit && vite build

warning: in the working copy of 'AGENTS.md', LF will be replaced by CRLF the next time Git touches it
warning: in the working copy of 'src/audio/opponents.ts', LF will be replaced by CRLF the next time Git touches it
warning: in the working copy of 'src/workbench.css', LF will be replaced by CRLF the next time Git touches it
vite v8.3.0 building client environment for production...
transforming...
✓ 72 modules transformed.
rendering chunks...
computing gzip size...
dist/index.html                              0.72 kB │ gzip:     0.48 kB
dist/assets/save-S_mbsQK_.css                0.86 kB │ gzip:     0.44 kB
dist/assets/crew-CydNNodD.css                1.53 kB │ gzip:     0.70 kB
dist/assets/workbench-DuS9sGzO.css           7.43 kB │ gzip:     2.34 kB
dist/assets/game-audio-DFagKZS_.css         10.92 kB │ gzip:     3.08 kB
dist/assets/calibration-BCREkm6G.js          2.33 kB │ gzip:     1.24 kB
dist/assets/index-DAEgEIT0.js                2.97 kB │ gzip:     1.41 kB
dist/assets/harbor-DuwWUM6t.js              11.25 kB │ gzip:     5.00 kB
dist/assets/harbor-lighting-8FwgnjQ4.js     15.12 kB │ gzip:     6.26 kB
dist/assets/OrbitControls-dGnZwRhg.js       19.84 kB │ gzip:     4.40 kB
dist/assets/crew-Cc-OL-sH.js                33.05 kB │ gzip:    12.81 kB
dist/assets/workbench--5-DePzF.js           41.95 kB │ gzip:    14.54 kB
dist/assets/save-kleMLYaj.js               639.09 kB │ gzip:   161.56 kB
dist/assets/game-audio-Cmn5iJTw.js       3,167.25 kB │ gzip: 1,223.62 kB

✓ built in 332ms
[plugin builtin:vite-reporter] 
(!) Some chunks are larger than 500 kB after minification. Consider:
- Using dynamic import() to code-split the application
- Use build.rolldownOptions.output.codeSplitting to improve chunking: https://rolldown.rs/reference/OutputOptions.codeSplitting
- Adjust chunk size limit for this warning via build.chunkSizeWarningLimit.
