{"dir":"director-kit/production/evidence/P06/video-final","attempt":0,"seconds":0,"phase":"countdown","order":[["maya",1,"running"],["jett",1,"running"],["nico",1,"running"],["player",1,"running"]]}
{"dir":"director-kit/production/evidence/P06/video-final","attempt":0,"seconds":0,"phase":"countdown","order":[["maya",1,"running"],["jett",1,"running"],["nico",1,"running"],["player",1,"running"]]}
{"dir":"director-kit/production/evidence/P06/video-final","attempt":0,"seconds":0.6666666666666665,"phase":"running","order":[["maya",1,"running"],["jett",1,"running"],["nico",1,"running"],["player",1,"running"]]}
{"dir":"director-kit/production/evidence/P06/video-final","attempt":0,"seconds":1.6833333333333353,"phase":"running","order":[["maya",1,"running"],["jett",1,"running"],["nico",1,"running"],["player",1,"running"]]}
{"dir":"director-kit/production/evidence/P06/video-final","attempt":0,"seconds":2.6833333333333313,"phase":"running","order":[["maya",1,"running"],["jett",1,"running"],["nico",1,"running"],["player",1,"running"]]}
{"dir":"director-kit/production/evidence/P06/video-final","attempt":0,"seconds":3.683333333333322,"phase":"running","order":[["maya",1,"running"],["jett",1,"running"],["nico",1,"running"],["player",1,"running"]]}
{"dir":"director-kit/production/evidence/P06/video-final","attempt":0,"seconds":4.699999999999997,"phase":"running","order":[["maya",1,"running"],["jett",1,"running"],["player",1,"running"],["nico",1,"running"]]}
{"dir":"director-kit/production/evidence/P06/video-final","attempt":0,"seconds":5.716666666666682,"phase":"running","order":[["maya",1,"running"],["jett",1,"running"],["player",1,"running"],["nico",1,"running"]]}
{"dir":"director-kit/production/evidence/P06/video-final","attempt":0,"seconds":6.900000000000037,"phase":"running","order":[["maya",1,"running"],["jett",1,"running"],["player",1,"running"],["nico",1,"running"]]}
{"dir":"director-kit/production/evidence/P06/video-final","attempt":0,"seconds":7.916666666666721,"phase":"running","order":[["maya",1,"running"],["jett",1,"running"],["player",1,"running"],["nico",1,"running"]]}
{"dir":"director-kit/production/evidence/P06/video-final","attempt":0,"seconds":8.9166666666667,"phase":"running","order":[["maya",1,"running"],["jett",1,"running"],["player",1,"running"],["nico",1,"running"]]}
{"dir":"director-kit/production/evidence/P06/video-final","attempt":0,"seconds":9.916666666666664,"phase":"running","order":[["maya",1,"running"],["jett",1,"running"],["player",1,"running"],["nico",1,"running"]]}
{"dir":"director-kit/production/evidence/P06/video-final","attempt":0,"seconds":10.94999999999996,"phase":"running","order":[["maya",1,"running"],["jett",1,"running"],["player",1,"running"],["nico",1,"running"]]}
{"dir":"director-kit/production/evidence/P06/video-final","attempt":0,"seconds":11.96666666666659,"phase":"running","order":[["maya",1,"running"],["jett",1,"running"],["player",1,"running"],["nico",1,"running"]]}
{"dir":"director-kit/production/evidence/P06/video-final","attempt":0,"seconds":12.966666666666553,"phase":"running","order":[["maya",1,"running"],["jett",1,"running"],["player",1,"running"],["nico",1,"running"]]}
{"dir":"director-kit/production/evidence/P06/video-final","attempt":0,"seconds":13.983333333333183,"phase":"running","order":[["maya",1,"running"],["jett",1,"running"],["player",1,"running"],["nico",1,"running"]]}
{"dir":"director-kit/production/evidence/P06/video-final","attempt":0,"seconds":14.999999999999813,"phase":"running","order":[["maya",1,"running"],["jett",1,"running"],["player",1,"running"],["nico",1,"running"]]}
{"dir":"director-kit/production/evidence/P06/video-final","attempt":0,"seconds":16.016666666666442,"phase":"running","order":[["maya",1,"running"],["jett",1,"running"],["player",1,"running"],["nico",1,"running"]]}
{"dir":"director-kit/production/evidence/P06/video-final","attempt":0,"seconds":17.033333333333143,"phase":"running","order":[["maya",1,"running"],["jett",1,"running"],["player",1,"running"],["nico",1,"running"]]}
{"dir":"director-kit/production/evidence/P06/video-final","attempt":0,"seconds":18.049999999999883,"phase":"running","order":[["maya",1,"running"],["jett",1,"running"],["player",1,"running"],["nico",1,"running"]]}
{"dir":"director-kit/production/evidence/P06/video-final","attempt":0,"seconds":19.049999999999958,"phase":"running","order":[["maya",1,"running"],["jett",1,"running"],["player",1,"running"],["nico",1,"running"]]}
{"dir":"director-kit/production/evidence/P06/video-final","attempt":0,"seconds":20.0666666666667,"phase":"running","order":[["maya",1,"running"],["jett",1,"running"],["player",1,"running"],["nico",1,"running"]]}
{"dir":"director-kit/production/evidence/P06/video-final","attempt":0,"seconds":21.06666666666677,"phase":"running","order":[["maya",1,"running"],["jett",1,"running"],["player",1,"running"],["nico",1,"running"]]}
{"dir":"director-kit/production/evidence/P06/video-final","attempt":0,"seconds":22.08333333333351,"phase":"running","order":[["maya",1,"running"],["jett",1,"running"],["player",1,"running"],["nico",1,"running"]]}
{"dir":"director-kit/production/evidence/P06/video-final","attempt":0,"seconds":23.083333333333584,"phase":"running","order":[["maya",1,"running"],["jett",1,"running"],["player",1,"running"],["nico",1,"running"]]}
{"dir":"director-kit/production/evidence/P06/video-final","attempt":0,"seconds":24.100000000000325,"phase":"running","order":[["maya",1,"running"],["jett",1,"running"],["player",1,"running"],["nico",1,"running"]]}
{"dir":"director-kit/production/evidence/P06/video-final","attempt":0,"seconds":25.283333333333744,"phase":"running","order":[["maya",1,"running"],["jett",1,"running"],["player",1,"running"],["nico",1,"running"]]}
{"dir":"director-kit/production/evidence/P06/video-final","attempt":0,"seconds":26.300000000000484,"phase":"running","order":[["maya",1,"running"],["jett",1,"running"],["player",1,"running"],["nico",1,"running"]]}
{"dir":"director-kit/production/evidence/P06/video-final","attempt":0,"seconds":27.316666666667224,"phase":"running","order":[["maya",1,"running"],["jett",1,"running"],["player",1,"running"],["nico",1,"running"]]}
{"dir":"director-kit/production/evidence/P06/video-final","attempt":0,"seconds":28.333333333333965,"phase":"running","order":[["maya",1,"running"],["jett",1,"running"],["player",1,"running"],["nico",1,"running"]]}
{"dir":"director-kit/production/evidence/P06/video-final","attempt":0,"seconds":29.33333333333404,"phase":"running","order":[["maya",1,"running"],["jett",1,"running"],["player",1,"running"],["nico",1,"running"]]}
{"dir":"director-kit/production/evidence/P06/video-final","attempt":0,"seconds":30.35000000000078,"phase":"running","order":[["maya",1,"running"],["jett",1,"running"],["player",1,"running"],["nico",1,"running"]]}
{"dir":"director-kit/production/evidence/P06/video-final","attempt":0,"seconds":31.35000000000085,"phase":"running","order":[["maya",1,"running"],["jett",1,"running"],["player",1,"running"],["nico",1,"running"]]}
{"dir":"director-kit/production/evidence/P06/video-final","attempt":0,"seconds":32.36666666666759,"phase":"running","order":[["maya",1,"running"],["jett",1,"running"],["player",1,"running"],["nico",1,"running"]]}
{"dir":"director-kit/production/evidence/P06/video-final","attempt":0,"seconds":33.3833333333342,"phase":"running","order":[["maya",1,"running"],["jett",1,"running"],["player",1,"running"],["nico",1,"running"]]}
{"dir":"director-kit/production/evidence/P06/video-final","attempt":0,"seconds":34.40000000000072,"phase":"running","order":[["maya",1,"running"],["jett",1,"running"],["player",1,"running"],["nico",1,"running"]]}
{"dir":"director-kit/production/evidence/P06/video-final","attempt":0,"seconds":35.400000000000574,"phase":"running","order":[["maya",1,"running"],["jett",1,"running"],["player",1,"running"],["nico",1,"running"]]}
{"dir":"director-kit/production/evidence/P06/video-final","attempt":0,"seconds":36.41666666666709,"phase":"running","order":[["maya",1,"running"],["jett",1,"running"],["player",1,"running"],["nico",1,"running"]]}
{"dir":"director-kit/production/evidence/P06/video-final","attempt":0,"seconds":37.41666666666695,"phase":"running","order":[["maya",1,"running"],["jett",1,"running"],["player",1,"running"],["nico",1,"running"]]}
{"dir":"director-kit/production/evidence/P06/video-final","attempt":0,"seconds":38.433333333333465,"phase":"running","order":[["maya",1,"running"],["jett",1,"running"],["player",1,"running"],["nico",1,"running"]]}
{"dir":"director-kit/production/evidence/P06/video-final","attempt":0,"seconds":39.44999999999999,"phase":"running","order":[["maya",1,"running"],["jett",1,"running"],["player",1,"running"],["nico",1,"running"]]}
{"dir":"director-kit/production/evidence/P06/video-final","attempt":0,"seconds":40.466666666666505,"phase":"running","order":[["maya",1,"running"],["jett",1,"running"],["player",1,"running"],["nico",1,"running"]]}
{"dir":"director-kit/production/evidence/P06/video-final","attempt":0,"seconds":41.466666666666356,"phase":"running","order":[["maya",1,"running"],["jett",1,"running"],["player",1,"running"],["nico",1,"running"]]}
{"dir":"director-kit/production/evidence/P06/video-final","attempt":0,"seconds":42.466666666666214,"phase":"running","order":[["maya",1,"running"],["jett",1,"running"],["player",1,"running"],["nico",1,"running"]]}
{"dir":"director-kit/production/evidence/P06/video-final","attempt":0,"seconds":43.48333333333273,"phase":"running","order":[["maya",1,"running"],["jett",1,"running"],["player",1,"running"],["nico",1,"running"]]}
{"dir":"director-kit/production/evidence/P06/video-final","attempt":0,"seconds":44.499999999999254,"phase":"running","order":[["maya",1,"running"],["jett",1,"running"],["player",1,"running"],["nico",1,"running"]]}
{"dir":"director-kit/production/evidence/P06/video-final","attempt":0,"seconds":45.51666666666577,"phase":"running","order":[["maya",1,"running"],["jett",1,"running"],["player",1,"running"],["nico",1,"running"]]}
{"dir":"director-kit/production/evidence/P06/video-final","attempt":0,"seconds":46.53333333333229,"phase":"running","order":[["maya",1,"running"],["jett",1,"running"],["player",1,"running"],["nico",1,"running"]]}
{"dir":"director-kit/production/evidence/P06/video-final","attempt":0,"seconds":47.5499999999988,"phase":"running","order":[["maya",1,"running"],["jett",1,"running"],["player",1,"running"],["nico",1,"running"]]}
{"dir":"director-kit/production/evidence/P06/video-final","attempt":0,"seconds":48.54999999999866,"phase":"running","order":[["maya",1,"running"],["jett",1,"running"],["player",1,"running"],["nico",1,"running"]]}
{"dir":"director-kit/production/evidence/P06/video-final","attempt":0,"seconds":49.56666666666518,"phase":"running","order":[["maya",1,"running"],["jett",1,"running"],["player",1,"running"],["nico",1,"running"]]}
{"dir":"director-kit/production/evidence/P06/video-final","attempt":0,"seconds":50.566666666665036,"phase":"running","order":[["maya",1,"running"],["jett",1,"running"],["player",1,"running"],["nico",1,"running"]]}
{"dir":"director-kit/production/evidence/P06/video-final","attempt":0,"seconds":51.58333333333155,"phase":"running","order":[["maya",1,"running"],["jett",1,"running"],["player",1,"running"],["nico",1,"running"]]}
{"dir":"director-kit/production/evidence/P06/video-final","attempt":0,"seconds":52.58333333333141,"phase":"running","order":[["maya",1,"running"],["jett",1,"running"],["player",1,"running"],["nico",1,"running"]]}
{"dir":"director-kit/production/evidence/P06/video-final","attempt":0,"seconds":53.59999999999793,"phase":"running","order":[["maya",1,"running"],["jett",1,"running"],["player",1,"running"],["nico",1,"running"]]}
{"dir":"director-kit/production/evidence/P06/video-final","attempt":0,"seconds":54.61666666666444,"phase":"running","order":[["maya",1,"running"],["jett",1,"running"],["player",1,"running"],["nico",1,"running"]]}
{"dir":"director-kit/production/evidence/P06/video-final","attempt":0,"seconds":55.6166666666643,"phase":"running","order":[["maya",1,"running"],["jett",1,"running"],["player",1,"running"],["nico",1,"running"]]}
{"dir":"director-kit/production/evidence/P06/video-final","attempt":0,"seconds":56.61666666666415,"phase":"running","order":[["maya",1,"running"],["jett",1,"running"],["player",1,"running"],["nico",1,"running"]]}
{"dir":"director-kit/production/evidence/P06/video-final","attempt":0,"seconds":57.633333333330675,"phase":"running","order":[["maya",1,"running"],["jett",1,"running"],["player",1,"running"],["nico",1,"running"]]}
{"dir":"director-kit/production/evidence/P06/video-final","attempt":0,"seconds":58.633333333330526,"phase":"running","order":[["maya",1,"running"],["jett",1,"running"],["player",1,"running"],["nico",1,"running"]]}
{"dir":"director-kit/production/evidence/P06/video-final","attempt":0,"seconds":59.64999999999704,"phase":"running","order":[["maya",1,"running"],["jett",1,"running"],["player",1,"running"],["nico",1,"running"]]}
{"dir":"director-kit/production/evidence/P06/video-final","attempt":0,"seconds":60.6499999999969,"phase":"running","order":[["maya",1,"running"],["jett",1,"running"],["player",1,"running"],["nico",1,"running"]]}
{"dir":"director-kit/production/evidence/P06/video-final","attempt":0,"seconds":61.66666666666342,"phase":"running","order":[["maya",1,"running"],["jett",1,"running"],["player",1,"running"],["nico",1,"running"]]}
{"dir":"director-kit/production/evidence/P06/video-final","attempt":0,"seconds":62.68333333332994,"phase":"running","order":[["maya",1,"running"],["jett",1,"running"],["player",1,"running"],["nico",1,"running"]]}
{"dir":"director-kit/production/evidence/P06/video-final","attempt":0,"seconds":63.69999999999646,"phase":"running","order":[["maya",1,"running"],["jett",1,"running"],["player",1,"running"],["nico",1,"running"]]}
{"dir":"director-kit/production/evidence/P06/video-final","attempt":0,"seconds":64.69999999999631,"phase":"running","order":[["maya",1,"running"],["jett",1,"running"],["player",1,"running"],["nico",1,"running"]]}
{"dir":"director-kit/production/evidence/P06/video-final","attempt":0,"seconds":65.7166666666629,"phase":"running","order":[["maya",1,"running"],["jett",1,"running"],["player",1,"running"],["nico",1,"running"]]}
{"dir":"director-kit/production/evidence/P06/video-final","attempt":0,"seconds":66.73333333332987,"phase":"running","order":[["maya",1,"running"],["jett",1,"running"],["player",1,"running"],["nico",1,"running"]]}
{"dir":"director-kit/production/evidence/P06/video-final","attempt":0,"seconds":67.74999999999683,"phase":"running","order":[["maya",1,"running"],["jett",1,"running"],["player",1,"running"],["nico",1,"running"]]}
{"dir":"director-kit/production/evidence/P06/video-final","attempt":0,"seconds":68.74999999999712,"phase":"running","order":[["maya",1,"running"],["jett",1,"running"],["player",1,"running"],["nico",1,"running"]]}
{"dir":"director-kit/production/evidence/P06/video-final","attempt":0,"seconds":69.74999999999741,"phase":"running","order":[["maya",1,"running"],["jett",1,"running"],["player",1,"running"],["nico",1,"running"]]}
{"dir":"director-kit/production/evidence/P06/video-final","attempt":0,"seconds":70.76666666666438,"phase":"running","order":[["maya",1,"running"],["jett",1,"running"],["player",1,"running"],["nico",1,"running"]]}
{"dir":"director-kit/production/evidence/P06/video-final","attempt":0,"seconds":71.78333333333134,"phase":"running","order":[["maya",1,"running"],["jett",1,"running"],["player",1,"running"],["nico",1,"running"]]}
{"dir":"director-kit/production/evidence/P06/video-final","attempt":0,"seconds":72.78333333333163,"phase":"running","order":[["maya",1,"running"],["jett",1,"running"],["player",1,"running"],["nico",1,"running"]]}
{"dir":"director-kit/production/evidence/P06/video-final","attempt":0,"seconds":73.78333333333191,"phase":"running","order":[["maya",1,"running"],["jett",1,"running"],["player",1,"running"],["nico",1,"running"]]}
{"dir":"director-kit/production/evidence/P06/video-final","attempt":0,"seconds":74.79999999999887,"phase":"running","order":[["maya",1,"running"],["jett",1,"running"],["player",1,"running"],["nico",1,"running"]]}
{"dir":"director-kit/production/evidence/P06/video-final","attempt":0,"seconds":75.79999999999917,"phase":"running","order":[["maya",1,"running"],["jett",1,"running"],["player",1,"running"],["nico",1,"running"]]}
{"dir":"director-kit/production/evidence/P06/video-final","attempt":0,"seconds":76.81666666666614,"phase":"running","order":[["maya",1,"running"],["jett",1,"running"],["player",1,"running"],["nico",1,"running"]]}
{"dir":"director-kit/production/evidence/P06/video-final","attempt":0,"seconds":77.81666666666642,"phase":"running","order":[["maya",1,"running"],["jett",1,"running"],["player",1,"running"],["nico",1,"running"]]}
{"dir":"director-kit/production/evidence/P06/video-final","attempt":0,"seconds":78.81666666666672,"phase":"running","order":[["maya",1,"running"],["jett",1,"running"],["player",1,"running"],["nico",1,"running"]]}
{"dir":"director-kit/production/evidence/P06/video-final","attempt":0,"seconds":79.83333333333368,"phase":"running","order":[["maya",1,"running"],["jett",1,"running"],["player",1,"running"],["nico",1,"running"]]}
{"dir":"director-kit/production/evidence/P06/video-final","attempt":0,"seconds":80.83333333333397,"phase":"running","order":[["maya",1,"running"],["jett",1,"running"],["player",1,"running"],["nico",1,"running"]]}
{"dir":"director-kit/production/evidence/P06/video-final","attempt":0,"seconds":81.83333333333427,"phase":"running","order":[["maya",1,"running"],["jett",1,"running"],["player",1,"running"],["nico",1,"running"]]}
{"dir":"director-kit/production/evidence/P06/video-final","attempt":0,"seconds":82.85000000000122,"phase":"running","order":[["maya",2,"running"],["jett",1,"running"],["player",1,"running"],["nico",1,"running"]]}
{"dir":"director-kit/production/evidence/P06/video-final","attempt":0,"seconds":83.85000000000151,"phase":"running","order":[["maya",2,"running"],["jett",1,"running"],["player",1,"running"],["nico",1,"running"]]}
{"dir":"director-kit/production/evidence/P06/video-final","attempt":0,"seconds":84.8500000000018,"phase":"running","order":[["maya",2,"running"],["jett",2,"running"],["player",1,"running"],["nico",1,"running"]]}
{"dir":"director-kit/production/evidence/P06/video-final","attempt":0,"seconds":85.86666666666876,"phase":"running","order":[["maya",2,"running"],["jett",2,"running"],["player",2,"running"],["nico",1,"running"]]}
{"dir":"director-kit/production/evidence/P06/video-final","attempt":0,"seconds":86.86666666666906,"phase":"running","order":[["maya",2,"running"],["jett",2,"running"],["player",2,"running"],["nico",1,"running"]]}
{"dir":"director-kit/production/evidence/P06/video-final","attempt":0,"seconds":87.88333333333603,"phase":"running","order":[["maya",2,"running"],["jett",2,"running"],["player",2,"running"],["nico",1,"running"]]}
{"dir":"director-kit/production/evidence/P06/video-final","attempt":0,"seconds":88.88333333333631,"phase":"running","order":[["maya",2,"running"],["jett",2,"running"],["player",2,"running"],["nico",2,"running"]]}
{"dir":"director-kit/production/evidence/P06/video-final","attempt":0,"seconds":89.90000000000327,"phase":"running","order":[["maya",2,"running"],["jett",2,"running"],["player",2,"running"],["nico",2,"running"]]}
{"dir":"director-kit/production/evidence/P06/video-final","attempt":0,"seconds":90.91666666667024,"phase":"running","order":[["maya",2,"running"],["jett",2,"running"],["player",2,"running"],["nico",2,"running"]]}
{"dir":"director-kit/production/evidence/P06/video-final","attempt":0,"seconds":91.91666666667052,"phase":"running","order":[["maya",2,"running"],["jett",2,"running"],["player",2,"running"],["nico",2,"running"]]}
{"dir":"director-kit/production/evidence/P06/video-final","attempt":0,"seconds":92.93333333333749,"phase":"running","order":[["maya",2,"running"],["jett",2,"running"],["player",2,"running"],["nico",2,"running"]]}
{"dir":"director-kit/production/evidence/P06/video-final","attempt":0,"seconds":93.95000000000445,"phase":"running","order":[["maya",2,"running"],["jett",2,"running"],["player",2,"running"],["nico",2,"running"]]}
{"dir":"director-kit/production/evidence/P06/video-final","attempt":0,"seconds":94.96666666667141,"phase":"running","order":[["maya",2,"running"],["jett",2,"running"],["player",2,"running"],["nico",2,"running"]]}
{"dir":"director-kit/production/evidence/P06/video-final","attempt":0,"seconds":95.96666666667171,"phase":"running","order":[["maya",2,"running"],["jett",2,"running"],["player",2,"running"],["nico",2,"running"]]}
{"dir":"director-kit/production/evidence/P06/video-final","attempt":0,"seconds":97.2000000000054,"phase":"running","order":[["maya",2,"running"],["jett",2,"running"],["player",2,"running"],["nico",2,"running"]]}
{"dir":"director-kit/production/evidence/P06/video-final","attempt":0,"seconds":98.20000000000569,"phase":"running","order":[["maya",2,"running"],["jett",2,"running"],["player",2,"running"],["nico",2,"running"]]}
{"dir":"director-kit/production/evidence/P06/video-final","attempt":0,"seconds":99.21666666667265,"phase":"running","order":[["maya",2,"running"],["jett",2,"running"],["player",2,"running"],["nico",2,"running"]]}
{"dir":"director-kit/production/evidence/P06/video-final","attempt":0,"seconds":100.23333333333962,"phase":"running","order":[["maya",2,"running"],["jett",2,"running"],["player",2,"running"],["nico",2,"running"]]}
{"dir":"director-kit/production/evidence/P06/video-final","attempt":0,"seconds":101.25000000000658,"phase":"running","order":[["maya",2,"running"],["jett",2,"running"],["player",2,"running"],["nico",2,"running"]]}
{"dir":"director-kit/production/evidence/P06/video-final","attempt":0,"seconds":102.26666666667354,"phase":"running","order":[["maya",2,"running"],["jett",2,"running"],["player",2,"running"],["nico",2,"running"]]}
{"dir":"director-kit/production/evidence/P06/video-final","attempt":0,"seconds":103.26666666667383,"phase":"running","order":[["maya",2,"running"],["jett",2,"running"],["player",2,"running"],["nico",2,"running"]]}
{"dir":"director-kit/production/evidence/P06/video-final","attempt":0,"seconds":104.26666666667413,"phase":"running","order":[["maya",2,"running"],["jett",2,"running"],["player",2,"running"],["nico",2,"running"]]}
{"dir":"director-kit/production/evidence/P06/video-final","attempt":0,"seconds":105.28333333334109,"phase":"running","order":[["maya",2,"running"],["jett",2,"running"],["player",2,"running"],["nico",2,"running"]]}
{"dir":"director-kit/production/evidence/P06/video-final","attempt":0,"seconds":106.28333333334137,"phase":"running","order":[["maya",2,"running"],["jett",2,"running"],["player",2,"running"],["nico",2,"running"]]}
{"dir":"director-kit/production/evidence/P06/video-final","attempt":0,"seconds":107.316666666675,"phase":"running","order":[["maya",2,"running"],["jett",2,"running"],["player",2,"running"],["nico",2,"running"]]}
{"dir":"director-kit/production/evidence/P06/video-final","attempt":0,"seconds":108.33333333334197,"phase":"running","order":[["maya",2,"running"],["jett",2,"running"],["player",2,"running"],["nico",2,"running"]]}
{"dir":"director-kit/production/evidence/P06/video-final","attempt":0,"seconds":109.35000000000893,"phase":"running","order":[["maya",2,"running"],["jett",2,"running"],["player",2,"running"],["nico",2,"running"]]}
{"dir":"director-kit/production/evidence/P06/video-final","attempt":0,"seconds":110.3666666666759,"phase":"running","order":[["maya",2,"running"],["jett",2,"running"],["player",2,"running"],["nico",2,"running"]]}
{"dir":"director-kit/production/evidence/P06/video-final","attempt":0,"seconds":111.3666666666762,"phase":"running","order":[["maya",2,"running"],["jett",2,"running"],["player",2,"running"],["nico",2,"running"]]}
{"dir":"director-kit/production/evidence/P06/video-final","attempt":0,"seconds":112.38333333334315,"phase":"running","order":[["maya",2,"running"],["jett",2,"running"],["player",2,"running"],["nico",2,"running"]]}
{"dir":"director-kit/production/evidence/P06/video-final","attempt":0,"seconds":113.40000000001011,"phase":"running","order":[["maya",2,"running"],["jett",2,"running"],["player",2,"running"],["nico",2,"running"]]}
{"dir":"director-kit/production/evidence/P06/video-final","attempt":0,"seconds":114.41666666667707,"phase":"running","order":[["maya",2,"running"],["jett",2,"running"],["player",2,"running"],["nico",2,"running"]]}
{"dir":"director-kit/production/evidence/P06/video-final","attempt":0,"seconds":115.41666666667737,"phase":"running","order":[["maya",2,"running"],["jett",2,"running"],["player",2,"running"],["nico",2,"running"]]}
{"dir":"director-kit/production/evidence/P06/video-final","attempt":0,"seconds":116.41666666667766,"phase":"running","order":[["maya",2,"running"],["jett",2,"running"],["player",2,"running"],["nico",2,"running"]]}
{"dir":"director-kit/production/evidence/P06/video-final","attempt":0,"seconds":117.43333333334462,"phase":"running","order":[["maya",2,"running"],["jett",2,"running"],["player",2,"running"],["nico",2,"running"]]}
{"dir":"director-kit/production/evidence/P06/video-final","attempt":0,"seconds":118.4333333333449,"phase":"running","order":[["maya",2,"running"],["jett",2,"running"],["player",2,"running"],["nico",2,"running"]]}
{"dir":"director-kit/production/evidence/P06/video-final","attempt":0,"seconds":119.4333333333452,"phase":"running","order":[["maya",2,"running"],["jett",2,"running"],["player",2,"running"],["nico",2,"running"]]}
{"dir":"director-kit/production/evidence/P06/video-final","attempt":0,"seconds":120.45000000001217,"phase":"running","order":[["maya",2,"running"],["jett",2,"running"],["player",2,"running"],["nico",2,"running"]]}
{"dir":"director-kit/production/evidence/P06/video-final","attempt":0,"seconds":121.46666666667913,"phase":"running","order":[["maya",2,"running"],["jett",2,"running"],["player",2,"running"],["nico",2,"running"]]}
{"dir":"director-kit/production/evidence/P06/video-final","attempt":0,"seconds":122.46666666667942,"phase":"running","order":[["maya",2,"running"],["jett",2,"running"],["player",2,"running"],["nico",2,"running"]]}
{"dir":"director-kit/production/evidence/P06/video-final","attempt":0,"seconds":123.48333333334638,"phase":"running","order":[["maya",2,"running"],["jett",2,"running"],["player",2,"running"],["nico",2,"running"]]}
{"dir":"director-kit/production/evidence/P06/video-final","attempt":0,"seconds":124.48333333334668,"phase":"running","order":[["maya",2,"running"],["jett",2,"running"],["player",2,"running"],["nico",2,"running"]]}
{"dir":"director-kit/production/evidence/P06/video-final","attempt":0,"seconds":125.50000000001363,"phase":"running","order":[["maya",2,"running"],["jett",2,"running"],["player",2,"running"],["nico",2,"running"]]}
{"dir":"director-kit/production/evidence/P06/video-final","attempt":0,"seconds":126.50000000001393,"phase":"running","order":[["maya",2,"running"],["jett",2,"running"],["player",2,"running"],["nico",2,"running"]]}
{"dir":"director-kit/production/evidence/P06/video-final","attempt":0,"seconds":127.51666666668089,"phase":"running","order":[["maya",2,"running"],["jett",2,"running"],["player",2,"running"],["nico",2,"running"]]}
{"dir":"director-kit/production/evidence/P06/video-final","attempt":0,"seconds":128.53333333334785,"phase":"running","order":[["maya",2,"running"],["jett",2,"running"],["player",2,"running"],["nico",2,"running"]]}
{"dir":"director-kit/production/evidence/P06/video-final","attempt":0,"seconds":129.53333333334814,"phase":"running","order":[["maya",2,"running"],["jett",2,"running"],["player",2,"running"],["nico",2,"running"]]}
{"dir":"director-kit/production/evidence/P06/video-final","attempt":0,"seconds":130.53333333334842,"phase":"running","order":[["maya",2,"running"],["jett",2,"running"],["player",2,"running"],["nico",2,"running"]]}
{"dir":"director-kit/production/evidence/P06/video-final","attempt":0,"seconds":131.550000000015,"phase":"running","order":[["maya",2,"running"],["jett",2,"running"],["player",2,"running"],["nico",2,"running"]]}
{"dir":"director-kit/production/evidence/P06/video-final","attempt":0,"seconds":132.56666666668107,"phase":"running","order":[["maya",2,"running"],["jett",2,"running"],["player",2,"running"],["nico",2,"running"]]}
{"dir":"director-kit/production/evidence/P06/video-final","attempt":0,"seconds":133.56666666668048,"phase":"running","order":[["maya",2,"running"],["jett",2,"running"],["player",2,"running"],["nico",2,"running"]]}
{"dir":"director-kit/production/evidence/P06/video-final","attempt":0,"seconds":134.58333333334656,"phase":"running","order":[["maya",2,"running"],["jett",2,"running"],["player",2,"running"],["nico",2,"running"]]}
{"dir":"director-kit/production/evidence/P06/video-final","attempt":0,"seconds":135.58333333334596,"phase":"running","order":[["maya",2,"running"],["jett",2,"running"],["player",2,"running"],["nico",2,"running"]]}
{"dir":"director-kit/production/evidence/P06/video-final","attempt":0,"seconds":136.5833333333454,"phase":"running","order":[["maya",2,"running"],["jett",2,"running"],["player",2,"running"],["nico",2,"running"]]}
{"dir":"director-kit/production/evidence/P06/video-final","attempt":0,"seconds":137.60000000001148,"phase":"running","order":[["maya",2,"running"],["jett",2,"running"],["player",2,"running"],["nico",2,"running"]]}
{"dir":"director-kit/production/evidence/P06/video-final","attempt":0,"seconds":138.60000000001088,"phase":"running","order":[["maya",2,"running"],["jett",2,"running"],["player",2,"running"],["nico",2,"running"]]}
{"dir":"director-kit/production/evidence/P06/video-final","attempt":0,"seconds":139.6000000000103,"phase":"running","order":[["maya",2,"running"],["jett",2,"running"],["player",2,"running"],["nico",2,"running"]]}
{"dir":"director-kit/production/evidence/P06/video-final","attempt":0,"seconds":140.61666666667637,"phase":"running","order":[["maya",2,"running"],["jett",2,"running"],["player",2,"running"],["nico",2,"running"]]}
{"dir":"director-kit/production/evidence/P06/video-final","attempt":0,"seconds":141.6166666666758,"phase":"running","order":[["maya",2,"running"],["jett",2,"running"],["player",2,"running"],["nico",2,"running"]]}
{"dir":"director-kit/production/evidence/P06/video-final","attempt":0,"seconds":142.6166666666752,"phase":"running","order":[["maya",2,"running"],["jett",2,"running"],["player",2,"running"],["nico",2,"running"]]}
{"dir":"director-kit/production/evidence/P06/video-final","attempt":0,"seconds":143.63333333334128,"phase":"running","order":[["maya",2,"running"],["jett",2,"running"],["player",2,"running"],["nico",2,"running"]]}
{"dir":"director-kit/production/evidence/P06/video-final","attempt":0,"seconds":144.63333333334072,"phase":"running","order":[["maya",2,"running"],["jett",2,"running"],["player",2,"running"],["nico",2,"running"]]}
{"dir":"director-kit/production/evidence/P06/video-final","attempt":0,"seconds":145.63333333334012,"phase":"running","order":[["maya",2,"running"],["jett",2,"running"],["player",2,"running"],["nico",2,"running"]]}
{"dir":"director-kit/production/evidence/P06/video-final","attempt":0,"seconds":146.6500000000062,"phase":"running","order":[["maya",2,"running"],["jett",2,"running"],["player",2,"running"],["nico",2,"running"]]}
{"dir":"director-kit/production/evidence/P06/video-final","attempt":0,"seconds":147.66666666667228,"phase":"running","order":[["maya",2,"running"],["jett",2,"running"],["player",2,"running"],["nico",2,"running"]]}
{"dir":"director-kit/production/evidence/P06/video-final","attempt":0,"seconds":148.68333333333834,"phase":"running","order":[["maya",2,"running"],["jett",2,"running"],["player",2,"running"],["nico",2,"running"]]}
{"dir":"director-kit/production/evidence/P06/video-final","attempt":0,"seconds":149.70000000000442,"phase":"running","order":[["maya",2,"running"],["jett",2,"running"],["player",2,"running"],["nico",2,"running"]]}
{"dir":"director-kit/production/evidence/P06/video-final","attempt":0,"seconds":150.70000000000385,"phase":"running","order":[["maya",2,"running"],["jett",2,"running"],["player",2,"running"],["nico",2,"running"]]}
{"dir":"director-kit/production/evidence/P06/video-final","attempt":0,"seconds":151.7166666666699,"phase":"running","order":[["maya",2,"running"],["jett",2,"running"],["player",2,"running"],["nico",2,"running"]]}
{"dir":"director-kit/production/evidence/P06/video-final","attempt":0,"seconds":152.71666666666934,"phase":"running","order":[["maya",2,"running"],["jett",2,"running"],["player",2,"running"],["nico",2,"running"]]}
{"dir":"director-kit/production/evidence/P06/video-final","attempt":0,"seconds":153.73333333333542,"phase":"running","order":[["maya",2,"running"],["jett",2,"running"],["player",2,"running"],["nico",2,"running"]]}
{"dir":"director-kit/production/evidence/P06/video-final","attempt":0,"seconds":154.73333333333483,"phase":"running","order":[["maya",2,"running"],["jett",2,"running"],["player",2,"running"],["nico",2,"running"]]}
{"dir":"director-kit/production/evidence/P06/video-final","attempt":0,"seconds":155.7500000000009,"phase":"running","order":[["maya",2,"running"],["jett",2,"running"],["player",2,"running"],["nico",2,"running"]]}
{"dir":"director-kit/production/evidence/P06/video-final","attempt":0,"seconds":156.76666666666696,"phase":"running","order":[["maya",2,"running"],["jett",2,"running"],["player",2,"running"],["nico",2,"running"]]}
{"dir":"director-kit/production/evidence/P06/video-final","attempt":0,"seconds":157.78333333333305,"phase":"running","order":[["maya",2,"running"],["jett",2,"running"],["player",2,"running"],["nico",2,"running"]]}
{"dir":"director-kit/production/evidence/P06/video-final","attempt":0,"seconds":158.78333333333248,"phase":"running","order":[["maya",2,"running"],["jett",2,"running"],["player",2,"running"],["nico",2,"running"]]}
{"dir":"director-kit/production/evidence/P06/video-final","attempt":0,"seconds":159.78333333333188,"phase":"running","order":[["maya",2,"running"],["jett",2,"running"],["player",2,"running"],["nico",2,"running"]]}
{"dir":"director-kit/production/evidence/P06/video-final","attempt":0,"seconds":160.79999999999797,"phase":"running","order":[["maya",2,"running"],["jett",2,"running"],["player",2,"running"],["nico",2,"running"]]}
{"dir":"director-kit/production/evidence/P06/video-final","attempt":0,"seconds":161.79999999999737,"phase":"running","order":[["maya",2,"running"],["jett",2,"running"],["player",2,"running"],["nico",2,"running"]]}
{"dir":"director-kit/production/evidence/P06/video-final","attempt":0,"seconds":162.81666666666345,"phase":"running","order":[["maya",2,"finished"],["jett",2,"running"],["player",2,"running"],["nico",2,"running"]]}
{"dir":"director-kit/production/evidence/P06/video-final","attempt":0,"seconds":163.81666666666288,"phase":"running","order":[["maya",2,"finished"],["jett",2,"running"],["player",2,"running"],["nico",2,"running"]]}
{"dir":"director-kit/production/evidence/P06/video-final","attempt":0,"seconds":164.8166666666623,"phase":"running","order":[["maya",2,"finished"],["jett",2,"finished"],["player",2,"running"],["nico",2,"running"]]}
{"dir":"director-kit/production/evidence/P06/video-final","attempt":0,"seconds":165.83333333332837,"phase":"running","order":[["maya",2,"finished"],["jett",2,"finished"],["player",2,"running"],["nico",2,"running"]]}
{"dir":"director-kit/production/evidence/P06/video-final","attempt":0,"seconds":166.83333333332777,"phase":"finished","order":[["maya",2,"finished"],["jett",2,"finished"],["player",2,"finished"],["nico",2,"running"]]}
{"dir":"director-kit/production/evidence/P06/video-final","results":[{"event":"harbor-crew-night-v1","attemptId":"809ad9e8-b5c6-4189-952a-c316c2c2e386","participantId":"player","status":"finished","valid":true,"laps":2,"timeMs":165902.96992004002,"place":3,"invalidReason":null}],"rows":10779,"errors":[]}
