{"dir":"director-kit/production/evidence/P06/video-verified","attempt":0,"seconds":0,"phase":"countdown","order":[["maya",1,"running"],["jett",1,"running"],["nico",1,"running"],["player",1,"running"]]}
{"dir":"director-kit/production/evidence/P06/video-verified","attempt":0,"seconds":0,"phase":"countdown","order":[["maya",1,"running"],["jett",1,"running"],["nico",1,"running"],["player",1,"running"]]}
{"dir":"director-kit/production/evidence/P06/video-verified","attempt":0,"seconds":0.33333333333333337,"phase":"running","order":[["maya",1,"running"],["jett",1,"running"],["nico",1,"running"],["player",1,"running"]]}
{"dir":"director-kit/production/evidence/P06/video-verified","attempt":0,"seconds":1.3333333333333337,"phase":"running","order":[["maya",1,"running"],["jett",1,"running"],["nico",1,"running"],["player",1,"running"]]}
{"dir":"director-kit/production/evidence/P06/video-verified","attempt":0,"seconds":2.350000000000001,"phase":"running","order":[["maya",1,"running"],["jett",1,"running"],["nico",1,"running"],["player",1,"running"]]}
{"dir":"director-kit/production/evidence/P06/video-verified","attempt":0,"seconds":3.3499999999999917,"phase":"running","order":[["maya",1,"running"],["jett",1,"running"],["nico",1,"running"],["player",1,"running"]]}
{"dir":"director-kit/production/evidence/P06/video-verified","attempt":0,"seconds":4.366666666666657,"phase":"running","order":[["maya",1,"running"],["jett",1,"running"],["player",1,"running"],["nico",1,"running"]]}
{"dir":"director-kit/production/evidence/P06/video-verified","attempt":0,"seconds":5.366666666666675,"phase":"running","order":[["maya",1,"running"],["jett",1,"running"],["player",1,"running"],["nico",1,"running"]]}
{"dir":"director-kit/production/evidence/P06/video-verified","attempt":0,"seconds":6.616666666666698,"phase":"running","order":[["maya",1,"running"],["jett",1,"running"],["player",1,"running"],["nico",1,"running"]]}
{"dir":"director-kit/production/evidence/P06/video-verified","attempt":0,"seconds":7.616666666666716,"phase":"running","order":[["maya",1,"running"],["jett",1,"running"],["player",1,"running"],["nico",1,"running"]]}
{"dir":"director-kit/production/evidence/P06/video-verified","attempt":0,"seconds":8.650000000000043,"phase":"running","order":[["maya",1,"running"],["jett",1,"running"],["player",1,"running"],["nico",1,"running"]]}
{"dir":"director-kit/production/evidence/P06/video-verified","attempt":0,"seconds":9.650000000000007,"phase":"running","order":[["maya",1,"running"],["jett",1,"running"],["player",1,"running"],["nico",1,"running"]]}
{"dir":"director-kit/production/evidence/P06/video-verified","attempt":0,"seconds":10.666666666666638,"phase":"running","order":[["maya",1,"running"],["jett",1,"running"],["player",1,"running"],["nico",1,"running"]]}
{"dir":"director-kit/production/evidence/P06/video-verified","attempt":0,"seconds":11.683333333333266,"phase":"running","order":[["maya",1,"running"],["jett",1,"running"],["player",1,"running"],["nico",1,"running"]]}
{"dir":"director-kit/production/evidence/P06/video-verified","attempt":0,"seconds":12.68333333333323,"phase":"running","order":[["maya",1,"running"],["jett",1,"running"],["player",1,"running"],["nico",1,"running"]]}
{"dir":"director-kit/production/evidence/P06/video-verified","attempt":0,"seconds":13.69999999999986,"phase":"running","order":[["maya",1,"running"],["jett",1,"running"],["player",1,"running"],["nico",1,"running"]]}
{"dir":"director-kit/production/evidence/P06/video-verified","attempt":0,"seconds":14.699999999999823,"phase":"running","order":[["maya",1,"running"],["jett",1,"running"],["player",1,"running"],["nico",1,"running"]]}
{"dir":"director-kit/production/evidence/P06/video-verified","attempt":0,"seconds":15.716666666666454,"phase":"running","order":[["maya",1,"running"],["jett",1,"running"],["player",1,"running"],["nico",1,"running"]]}
{"dir":"director-kit/production/evidence/P06/video-verified","attempt":0,"seconds":16.716666666666452,"phase":"running","order":[["maya",1,"running"],["jett",1,"running"],["player",1,"running"],["nico",1,"running"]]}
{"dir":"director-kit/production/evidence/P06/video-verified","attempt":0,"seconds":17.733333333333192,"phase":"running","order":[["maya",1,"running"],["jett",1,"running"],["player",1,"running"],["nico",1,"running"]]}
{"dir":"director-kit/production/evidence/P06/video-verified","attempt":0,"seconds":18.749999999999936,"phase":"running","order":[["maya",1,"running"],["jett",1,"running"],["player",1,"running"],["nico",1,"running"]]}
{"dir":"director-kit/production/evidence/P06/video-verified","attempt":0,"seconds":19.766666666666676,"phase":"running","order":[["maya",1,"running"],["jett",1,"running"],["player",1,"running"],["nico",1,"running"]]}
{"dir":"director-kit/production/evidence/P06/video-verified","attempt":0,"seconds":20.866666666666756,"phase":"running","order":[["maya",1,"running"],["jett",1,"running"],["player",1,"running"],["nico",1,"running"]]}
{"dir":"director-kit/production/evidence/P06/video-verified","attempt":0,"seconds":21.900000000000162,"phase":"running","order":[["maya",1,"running"],["jett",1,"running"],["player",1,"running"],["nico",1,"running"]]}
{"dir":"director-kit/production/evidence/P06/video-verified","attempt":0,"seconds":22.95000000000024,"phase":"running","order":[["maya",1,"running"],["jett",1,"running"],["player",1,"running"],["nico",1,"running"]]}
{"dir":"director-kit/production/evidence/P06/video-verified","attempt":0,"seconds":24.016666666666985,"phase":"running","order":[["maya",1,"running"],["jett",1,"running"],["player",1,"running"],["nico",1,"running"]]}
{"dir":"director-kit/production/evidence/P06/video-verified","attempt":0,"seconds":25.6166666666671,"phase":"running","order":[["maya",1,"running"],["jett",1,"running"],["player",1,"running"],["nico",1,"running"]]}
{"dir":"director-kit/production/evidence/P06/video-verified","attempt":0,"seconds":26.63333333333384,"phase":"running","order":[["maya",1,"running"],["jett",1,"running"],["player",1,"running"],["nico",1,"running"]]}
{"dir":"director-kit/production/evidence/P06/video-verified","attempt":0,"seconds":27.716666666667255,"phase":"running","order":[["maya",1,"running"],["jett",1,"running"],["player",1,"running"],["nico",1,"running"]]}
{"dir":"director-kit/production/evidence/P06/video-verified","attempt":0,"seconds":28.733333333333995,"phase":"running","order":[["maya",1,"running"],["jett",1,"running"],["player",1,"running"],["nico",1,"running"]]}
{"dir":"director-kit/production/evidence/P06/video-verified","attempt":0,"seconds":29.78333333333407,"phase":"running","order":[["maya",1,"running"],["jett",1,"running"],["player",1,"running"],["nico",1,"running"]]}
{"dir":"director-kit/production/evidence/P06/video-verified","attempt":0,"seconds":30.81666666666748,"phase":"running","order":[["maya",1,"running"],["jett",1,"running"],["player",1,"running"],["nico",1,"running"]]}
{"dir":"director-kit/production/evidence/P06/video-verified","attempt":0,"seconds":31.850000000000886,"phase":"running","order":[["maya",1,"running"],["jett",1,"running"],["player",1,"running"],["nico",1,"running"]]}
{"dir":"director-kit/production/evidence/P06/video-verified","attempt":0,"seconds":32.850000000000946,"phase":"running","order":[["maya",1,"running"],["jett",1,"running"],["player",1,"running"],["nico",1,"running"]]}
{"dir":"director-kit/production/evidence/P06/video-verified","attempt":0,"seconds":33.86666666666746,"phase":"running","order":[["maya",1,"running"],["jett",1,"running"],["player",1,"running"],["nico",1,"running"]]}
{"dir":"director-kit/production/evidence/P06/video-verified","attempt":0,"seconds":34.86666666666732,"phase":"running","order":[["maya",1,"running"],["jett",1,"running"],["player",1,"running"],["nico",1,"running"]]}
{"dir":"director-kit/production/evidence/P06/video-verified","attempt":0,"seconds":35.88333333333384,"phase":"running","order":[["maya",1,"running"],["jett",1,"running"],["player",1,"running"],["nico",1,"running"]]}
{"dir":"director-kit/production/evidence/P06/video-verified","attempt":0,"seconds":36.900000000000354,"phase":"running","order":[["maya",1,"running"],["jett",1,"running"],["player",1,"running"],["nico",1,"running"]]}
{"dir":"director-kit/production/evidence/P06/video-verified","attempt":0,"seconds":37.91666666666688,"phase":"running","order":[["maya",1,"running"],["jett",1,"running"],["player",1,"running"],["nico",1,"running"]]}
{"dir":"director-kit/production/evidence/P06/video-verified","attempt":0,"seconds":38.91666666666673,"phase":"running","order":[["maya",1,"running"],["jett",1,"running"],["player",1,"running"],["nico",1,"running"]]}
{"dir":"director-kit/production/evidence/P06/video-verified","attempt":0,"seconds":39.916666666666586,"phase":"running","order":[["maya",1,"running"],["jett",1,"running"],["player",1,"running"],["nico",1,"running"]]}
{"dir":"director-kit/production/evidence/P06/video-verified","attempt":0,"seconds":40.9333333333331,"phase":"running","order":[["maya",1,"running"],["jett",1,"running"],["player",1,"running"],["nico",1,"running"]]}
{"dir":"director-kit/production/evidence/P06/video-verified","attempt":0,"seconds":41.94999999999962,"phase":"running","order":[["maya",1,"running"],["jett",1,"running"],["player",1,"running"],["nico",1,"running"]]}
{"dir":"director-kit/production/evidence/P06/video-verified","attempt":0,"seconds":42.94999999999948,"phase":"running","order":[["maya",1,"running"],["jett",1,"running"],["player",1,"running"],["nico",1,"running"]]}
{"dir":"director-kit/production/evidence/P06/video-verified","attempt":0,"seconds":43.96666666666599,"phase":"running","order":[["maya",1,"running"],["jett",1,"running"],["player",1,"running"],["nico",1,"running"]]}
{"dir":"director-kit/production/evidence/P06/video-verified","attempt":0,"seconds":44.98333333333251,"phase":"running","order":[["maya",1,"running"],["jett",1,"running"],["player",1,"running"],["nico",1,"running"]]}
{"dir":"director-kit/production/evidence/P06/video-verified","attempt":0,"seconds":45.999999999999034,"phase":"running","order":[["maya",1,"running"],["jett",1,"running"],["player",1,"running"],["nico",1,"running"]]}
{"dir":"director-kit/production/evidence/P06/video-verified","attempt":0,"seconds":46.999999999998884,"phase":"running","order":[["maya",1,"running"],["jett",1,"running"],["player",1,"running"],["nico",1,"running"]]}
{"dir":"director-kit/production/evidence/P06/video-verified","attempt":0,"seconds":47.99999999999874,"phase":"running","order":[["maya",1,"running"],["jett",1,"running"],["player",1,"running"],["nico",1,"running"]]}
{"dir":"director-kit/production/evidence/P06/video-verified","attempt":0,"seconds":49.01666666666526,"phase":"running","order":[["maya",1,"running"],["jett",1,"running"],["player",1,"running"],["nico",1,"running"]]}
{"dir":"director-kit/production/evidence/P06/video-verified","attempt":0,"seconds":50.01666666666512,"phase":"running","order":[["maya",1,"running"],["jett",1,"running"],["player",1,"running"],["nico",1,"running"]]}
{"dir":"director-kit/production/evidence/P06/video-verified","attempt":0,"seconds":51.03333333333163,"phase":"running","order":[["maya",1,"running"],["jett",1,"running"],["player",1,"running"],["nico",1,"running"]]}
{"dir":"director-kit/production/evidence/P06/video-verified","attempt":0,"seconds":52.03333333333149,"phase":"running","order":[["maya",1,"running"],["jett",1,"running"],["player",1,"running"],["nico",1,"running"]]}
{"dir":"director-kit/production/evidence/P06/video-verified","attempt":0,"seconds":53.03333333333134,"phase":"running","order":[["maya",1,"running"],["jett",1,"running"],["player",1,"running"],["nico",1,"running"]]}
{"dir":"director-kit/production/evidence/P06/video-verified","attempt":0,"seconds":54.04999999999786,"phase":"running","order":[["maya",1,"running"],["jett",1,"running"],["player",1,"running"],["nico",1,"running"]]}
{"dir":"director-kit/production/evidence/P06/video-verified","attempt":0,"seconds":55.06666666666438,"phase":"running","order":[["maya",1,"running"],["jett",1,"running"],["player",1,"running"],["nico",1,"running"]]}
{"dir":"director-kit/production/evidence/P06/video-verified","attempt":0,"seconds":56.06666666666423,"phase":"running","order":[["maya",1,"running"],["jett",1,"running"],["player",1,"running"],["nico",1,"running"]]}
{"dir":"director-kit/production/evidence/P06/video-verified","attempt":0,"seconds":57.08333333333075,"phase":"running","order":[["maya",1,"running"],["jett",1,"running"],["player",1,"running"],["nico",1,"running"]]}
{"dir":"director-kit/production/evidence/P06/video-verified","attempt":0,"seconds":58.09999999999727,"phase":"running","order":[["maya",1,"running"],["jett",1,"running"],["player",1,"running"],["nico",1,"running"]]}
{"dir":"director-kit/production/evidence/P06/video-verified","attempt":0,"seconds":59.11666666666379,"phase":"running","order":[["maya",1,"running"],["jett",1,"running"],["player",1,"running"],["nico",1,"running"]]}
{"dir":"director-kit/production/evidence/P06/video-verified","attempt":0,"seconds":60.133333333330306,"phase":"running","order":[["maya",1,"running"],["jett",1,"running"],["player",1,"running"],["nico",1,"running"]]}
{"dir":"director-kit/production/evidence/P06/video-verified","attempt":0,"seconds":61.14999999999683,"phase":"running","order":[["maya",1,"running"],["jett",1,"running"],["player",1,"running"],["nico",1,"running"]]}
{"dir":"director-kit/production/evidence/P06/video-verified","attempt":0,"seconds":62.14999999999668,"phase":"running","order":[["maya",1,"running"],["jett",1,"running"],["player",1,"running"],["nico",1,"running"]]}
{"dir":"director-kit/production/evidence/P06/video-verified","attempt":0,"seconds":63.166666666663204,"phase":"running","order":[["maya",1,"running"],["jett",1,"running"],["player",1,"running"],["nico",1,"running"]]}
{"dir":"director-kit/production/evidence/P06/video-verified","attempt":0,"seconds":64.18333333332971,"phase":"running","order":[["maya",1,"running"],["jett",1,"running"],["player",1,"running"],["nico",1,"running"]]}
{"dir":"director-kit/production/evidence/P06/video-verified","attempt":0,"seconds":65.18333333332957,"phase":"running","order":[["maya",1,"running"],["jett",1,"running"],["player",1,"running"],["nico",1,"running"]]}
{"dir":"director-kit/production/evidence/P06/video-verified","attempt":0,"seconds":66.19999999999638,"phase":"running","order":[["maya",1,"running"],["jett",1,"running"],["player",1,"running"],["nico",1,"running"]]}
{"dir":"director-kit/production/evidence/P06/video-verified","attempt":0,"seconds":67.19999999999666,"phase":"running","order":[["maya",1,"running"],["jett",1,"running"],["player",1,"running"],["nico",1,"running"]]}
{"dir":"director-kit/production/evidence/P06/video-verified","attempt":0,"seconds":68.21666666666363,"phase":"running","order":[["maya",1,"running"],["jett",1,"running"],["player",1,"running"],["nico",1,"running"]]}
{"dir":"director-kit/production/evidence/P06/video-verified","attempt":0,"seconds":69.21666666666393,"phase":"running","order":[["maya",1,"running"],["jett",1,"running"],["player",1,"running"],["nico",1,"running"]]}
{"dir":"director-kit/production/evidence/P06/video-verified","attempt":0,"seconds":70.23333333333089,"phase":"running","order":[["maya",1,"running"],["jett",1,"running"],["player",1,"running"],["nico",1,"running"]]}
{"dir":"director-kit/production/evidence/P06/video-verified","attempt":0,"seconds":71.23333333333117,"phase":"running","order":[["maya",1,"running"],["jett",1,"running"],["player",1,"running"],["nico",1,"running"]]}
{"dir":"director-kit/production/evidence/P06/video-verified","attempt":0,"seconds":72.24999999999814,"phase":"running","order":[["maya",1,"running"],["jett",1,"running"],["player",1,"running"],["nico",1,"running"]]}
{"dir":"director-kit/production/evidence/P06/video-verified","attempt":0,"seconds":73.24999999999842,"phase":"running","order":[["maya",1,"running"],["jett",1,"running"],["player",1,"running"],["nico",1,"running"]]}
{"dir":"director-kit/production/evidence/P06/video-verified","attempt":0,"seconds":74.26666666666539,"phase":"running","order":[["maya",1,"running"],["jett",1,"running"],["player",1,"running"],["nico",1,"running"]]}
{"dir":"director-kit/production/evidence/P06/video-verified","attempt":0,"seconds":75.28333333333235,"phase":"running","order":[["maya",1,"running"],["jett",1,"running"],["player",1,"running"],["nico",1,"running"]]}
{"dir":"director-kit/production/evidence/P06/video-verified","attempt":0,"seconds":76.29999999999932,"phase":"running","order":[["maya",1,"running"],["jett",1,"running"],["player",1,"running"],["nico",1,"running"]]}
{"dir":"director-kit/production/evidence/P06/video-verified","attempt":0,"seconds":77.31666666666628,"phase":"running","order":[["maya",1,"running"],["jett",1,"running"],["player",1,"running"],["nico",1,"running"]]}
{"dir":"director-kit/production/evidence/P06/video-verified","attempt":0,"seconds":78.31666666666656,"phase":"running","order":[["maya",1,"running"],["jett",1,"running"],["player",1,"running"],["nico",1,"running"]]}
{"dir":"director-kit/production/evidence/P06/video-verified","attempt":0,"seconds":79.31666666666686,"phase":"running","order":[["maya",1,"running"],["jett",1,"running"],["player",1,"running"],["nico",1,"running"]]}
{"dir":"director-kit/production/evidence/P06/video-verified","attempt":0,"seconds":80.33333333333383,"phase":"running","order":[["maya",1,"running"],["jett",1,"running"],["player",1,"running"],["nico",1,"running"]]}
{"dir":"director-kit/production/evidence/P06/video-verified","attempt":0,"seconds":81.36666666666746,"phase":"running","order":[["maya",1,"running"],["jett",1,"running"],["player",1,"running"],["nico",1,"running"]]}
{"dir":"director-kit/production/evidence/P06/video-verified","attempt":0,"seconds":82.36666666666775,"phase":"running","order":[["maya",1,"running"],["jett",1,"running"],["player",1,"running"],["nico",1,"running"]]}
{"dir":"director-kit/production/evidence/P06/video-verified","attempt":0,"seconds":83.36666666666804,"phase":"running","order":[["maya",2,"running"],["jett",1,"running"],["player",1,"running"],["nico",1,"running"]]}
{"dir":"director-kit/production/evidence/P06/video-verified","attempt":0,"seconds":84.383333333335,"phase":"running","order":[["maya",2,"running"],["jett",1,"running"],["player",1,"running"],["nico",1,"running"]]}
{"dir":"director-kit/production/evidence/P06/video-verified","attempt":0,"seconds":85.38333333333529,"phase":"running","order":[["maya",2,"running"],["jett",2,"running"],["player",1,"running"],["nico",1,"running"]]}
{"dir":"director-kit/production/evidence/P06/video-verified","attempt":0,"seconds":86.40000000000225,"phase":"running","order":[["maya",2,"running"],["jett",2,"running"],["player",2,"running"],["nico",1,"running"]]}
{"dir":"director-kit/production/evidence/P06/video-verified","attempt":0,"seconds":87.40000000000255,"phase":"running","order":[["maya",2,"running"],["jett",2,"running"],["player",2,"running"],["nico",1,"running"]]}
{"dir":"director-kit/production/evidence/P06/video-verified","attempt":0,"seconds":88.41666666666951,"phase":"running","order":[["maya",2,"running"],["jett",2,"running"],["player",2,"running"],["nico",1,"running"]]}
{"dir":"director-kit/production/evidence/P06/video-verified","attempt":0,"seconds":89.45000000000314,"phase":"running","order":[["maya",2,"running"],["jett",2,"running"],["player",2,"running"],["nico",2,"running"]]}
{"dir":"director-kit/production/evidence/P06/video-verified","attempt":0,"seconds":90.45000000000343,"phase":"running","order":[["maya",2,"running"],["jett",2,"running"],["player",2,"running"],["nico",2,"running"]]}
{"dir":"director-kit/production/evidence/P06/video-verified","attempt":0,"seconds":91.46666666667039,"phase":"running","order":[["maya",2,"running"],["jett",2,"running"],["player",2,"running"],["nico",2,"running"]]}
{"dir":"director-kit/production/evidence/P06/video-verified","attempt":0,"seconds":92.46666666667069,"phase":"running","order":[["maya",2,"running"],["jett",2,"running"],["player",2,"running"],["nico",2,"running"]]}
{"dir":"director-kit/production/evidence/P06/video-verified","attempt":0,"seconds":93.50000000000432,"phase":"running","order":[["maya",2,"running"],["jett",2,"running"],["player",2,"running"],["nico",2,"running"]]}
{"dir":"director-kit/production/evidence/P06/video-verified","attempt":0,"seconds":94.51666666667128,"phase":"running","order":[["maya",2,"running"],["jett",2,"running"],["player",2,"running"],["nico",2,"running"]]}
{"dir":"director-kit/production/evidence/P06/video-verified","attempt":0,"seconds":95.51666666667157,"phase":"running","order":[["maya",2,"running"],["jett",2,"running"],["player",2,"running"],["nico",2,"running"]]}
{"dir":"director-kit/production/evidence/P06/video-verified","attempt":0,"seconds":96.76666666667194,"phase":"running","order":[["maya",2,"running"],["jett",2,"running"],["player",2,"running"],["nico",2,"running"]]}
{"dir":"director-kit/production/evidence/P06/video-verified","attempt":0,"seconds":97.7833333333389,"phase":"running","order":[["maya",2,"running"],["jett",2,"running"],["player",2,"running"],["nico",2,"running"]]}
{"dir":"director-kit/production/evidence/P06/video-verified","attempt":0,"seconds":98.80000000000587,"phase":"running","order":[["maya",2,"running"],["jett",2,"running"],["player",2,"running"],["nico",2,"running"]]}
{"dir":"director-kit/production/evidence/P06/video-verified","attempt":0,"seconds":99.81666666667283,"phase":"running","order":[["maya",2,"running"],["jett",2,"running"],["player",2,"running"],["nico",2,"running"]]}
{"dir":"director-kit/production/evidence/P06/video-verified","attempt":0,"seconds":100.81666666667311,"phase":"running","order":[["maya",2,"running"],["jett",2,"running"],["player",2,"running"],["nico",2,"running"]]}
{"dir":"director-kit/production/evidence/P06/video-verified","attempt":0,"seconds":101.83333333334008,"phase":"running","order":[["maya",2,"running"],["jett",2,"running"],["player",2,"running"],["nico",2,"running"]]}
{"dir":"director-kit/production/evidence/P06/video-verified","attempt":0,"seconds":102.83333333334038,"phase":"running","order":[["maya",2,"running"],["jett",2,"running"],["player",2,"running"],["nico",2,"running"]]}
{"dir":"director-kit/production/evidence/P06/video-verified","attempt":0,"seconds":103.83333333334066,"phase":"running","order":[["maya",2,"running"],["jett",2,"running"],["player",2,"running"],["nico",2,"running"]]}
{"dir":"director-kit/production/evidence/P06/video-verified","attempt":0,"seconds":104.83333333334096,"phase":"running","order":[["maya",2,"running"],["jett",2,"running"],["player",2,"running"],["nico",2,"running"]]}
{"dir":"director-kit/production/evidence/P06/video-verified","attempt":0,"seconds":105.85000000000791,"phase":"running","order":[["maya",2,"running"],["jett",2,"running"],["player",2,"running"],["nico",2,"running"]]}
{"dir":"director-kit/production/evidence/P06/video-verified","attempt":0,"seconds":106.86666666667487,"phase":"running","order":[["maya",2,"running"],["jett",2,"running"],["player",2,"running"],["nico",2,"running"]]}
{"dir":"director-kit/production/evidence/P06/video-verified","attempt":0,"seconds":107.86666666667517,"phase":"running","order":[["maya",2,"running"],["jett",2,"running"],["player",2,"running"],["nico",2,"running"]]}
{"dir":"director-kit/production/evidence/P06/video-verified","attempt":0,"seconds":108.88333333334214,"phase":"running","order":[["maya",2,"running"],["jett",2,"running"],["player",2,"running"],["nico",2,"running"]]}
{"dir":"director-kit/production/evidence/P06/video-verified","attempt":0,"seconds":109.9000000000091,"phase":"running","order":[["maya",2,"running"],["jett",2,"running"],["player",2,"running"],["nico",2,"running"]]}
{"dir":"director-kit/production/evidence/P06/video-verified","attempt":0,"seconds":110.91666666667605,"phase":"running","order":[["maya",2,"running"],["jett",2,"running"],["player",2,"running"],["nico",2,"running"]]}
{"dir":"director-kit/production/evidence/P06/video-verified","attempt":0,"seconds":111.93333333334301,"phase":"running","order":[["maya",2,"running"],["jett",2,"running"],["player",2,"running"],["nico",2,"running"]]}
{"dir":"director-kit/production/evidence/P06/video-verified","attempt":0,"seconds":112.93333333334331,"phase":"running","order":[["maya",2,"running"],["jett",2,"running"],["player",2,"running"],["nico",2,"running"]]}
{"dir":"director-kit/production/evidence/P06/video-verified","attempt":0,"seconds":113.95000000001028,"phase":"running","order":[["maya",2,"running"],["jett",2,"running"],["player",2,"running"],["nico",2,"running"]]}
{"dir":"director-kit/production/evidence/P06/video-verified","attempt":0,"seconds":114.95000000001056,"phase":"running","order":[["maya",2,"running"],["jett",2,"running"],["player",2,"running"],["nico",2,"running"]]}
{"dir":"director-kit/production/evidence/P06/video-verified","attempt":0,"seconds":115.96666666667753,"phase":"running","order":[["maya",2,"running"],["jett",2,"running"],["player",2,"running"],["nico",2,"running"]]}
{"dir":"director-kit/production/evidence/P06/video-verified","attempt":0,"seconds":116.98333333334449,"phase":"running","order":[["maya",2,"running"],["jett",2,"running"],["player",2,"running"],["nico",2,"running"]]}
{"dir":"director-kit/production/evidence/P06/video-verified","attempt":0,"seconds":117.98333333334477,"phase":"running","order":[["maya",2,"running"],["jett",2,"running"],["player",2,"running"],["nico",2,"running"]]}
{"dir":"director-kit/production/evidence/P06/video-verified","attempt":0,"seconds":119.00000000001174,"phase":"running","order":[["maya",2,"running"],["jett",2,"running"],["player",2,"running"],["nico",2,"running"]]}
{"dir":"director-kit/production/evidence/P06/video-verified","attempt":0,"seconds":120.00000000001204,"phase":"running","order":[["maya",2,"running"],["jett",2,"running"],["player",2,"running"],["nico",2,"running"]]}
{"dir":"director-kit/production/evidence/P06/video-verified","attempt":0,"seconds":121.00000000001232,"phase":"running","order":[["maya",2,"running"],["jett",2,"running"],["player",2,"running"],["nico",2,"running"]]}
{"dir":"director-kit/production/evidence/P06/video-verified","attempt":0,"seconds":122.01666666667928,"phase":"running","order":[["maya",2,"running"],["jett",2,"running"],["player",2,"running"],["nico",2,"running"]]}
{"dir":"director-kit/production/evidence/P06/video-verified","attempt":0,"seconds":123.01666666667958,"phase":"running","order":[["maya",2,"running"],["jett",2,"running"],["player",2,"running"],["nico",2,"running"]]}
{"dir":"director-kit/production/evidence/P06/video-verified","attempt":0,"seconds":124.03333333334655,"phase":"running","order":[["maya",2,"running"],["jett",2,"running"],["player",2,"running"],["nico",2,"running"]]}
{"dir":"director-kit/production/evidence/P06/video-verified","attempt":0,"seconds":125.03333333334683,"phase":"running","order":[["maya",2,"running"],["jett",2,"running"],["player",2,"running"],["nico",2,"running"]]}
{"dir":"director-kit/production/evidence/P06/video-verified","attempt":0,"seconds":126.0500000000138,"phase":"running","order":[["maya",2,"running"],["jett",2,"running"],["player",2,"running"],["nico",2,"running"]]}
{"dir":"director-kit/production/evidence/P06/video-verified","attempt":0,"seconds":127.05000000001408,"phase":"running","order":[["maya",2,"running"],["jett",2,"running"],["player",2,"running"],["nico",2,"running"]]}
{"dir":"director-kit/production/evidence/P06/video-verified","attempt":0,"seconds":128.05000000001436,"phase":"running","order":[["maya",2,"running"],["jett",2,"running"],["player",2,"running"],["nico",2,"running"]]}
{"dir":"director-kit/production/evidence/P06/video-verified","attempt":0,"seconds":129.06666666668133,"phase":"running","order":[["maya",2,"running"],["jett",2,"running"],["player",2,"running"],["nico",2,"running"]]}
{"dir":"director-kit/production/evidence/P06/video-verified","attempt":0,"seconds":130.06666666668164,"phase":"running","order":[["maya",2,"running"],["jett",2,"running"],["player",2,"running"],["nico",2,"running"]]}
{"dir":"director-kit/production/evidence/P06/video-verified","attempt":0,"seconds":131.0833333333486,"phase":"running","order":[["maya",2,"running"],["jett",2,"running"],["player",2,"running"],["nico",2,"running"]]}
{"dir":"director-kit/production/evidence/P06/video-verified","attempt":0,"seconds":132.083333333348,"phase":"running","order":[["maya",2,"running"],["jett",2,"running"],["player",2,"running"],["nico",2,"running"]]}
{"dir":"director-kit/production/evidence/P06/video-verified","attempt":0,"seconds":133.1000000000141,"phase":"running","order":[["maya",2,"running"],["jett",2,"running"],["player",2,"running"],["nico",2,"running"]]}
{"dir":"director-kit/production/evidence/P06/video-verified","attempt":0,"seconds":134.11666666668017,"phase":"running","order":[["maya",2,"running"],["jett",2,"running"],["player",2,"running"],["nico",2,"running"]]}
{"dir":"director-kit/production/evidence/P06/video-verified","attempt":0,"seconds":135.11666666667958,"phase":"running","order":[["maya",2,"running"],["jett",2,"running"],["player",2,"running"],["nico",2,"running"]]}
{"dir":"director-kit/production/evidence/P06/video-verified","attempt":0,"seconds":136.13333333334566,"phase":"running","order":[["maya",2,"running"],["jett",2,"running"],["player",2,"running"],["nico",2,"running"]]}
{"dir":"director-kit/production/evidence/P06/video-verified","attempt":0,"seconds":137.13333333334506,"phase":"running","order":[["maya",2,"running"],["jett",2,"running"],["player",2,"running"],["nico",2,"running"]]}
{"dir":"director-kit/production/evidence/P06/video-verified","attempt":0,"seconds":138.15000000001115,"phase":"running","order":[["maya",2,"running"],["jett",2,"running"],["player",2,"running"],["nico",2,"running"]]}
{"dir":"director-kit/production/evidence/P06/video-verified","attempt":0,"seconds":139.15000000001058,"phase":"running","order":[["maya",2,"running"],["jett",2,"running"],["player",2,"running"],["nico",2,"running"]]}
{"dir":"director-kit/production/evidence/P06/video-verified","attempt":0,"seconds":140.16666666667663,"phase":"running","order":[["maya",2,"running"],["jett",2,"running"],["player",2,"running"],["nico",2,"running"]]}
{"dir":"director-kit/production/evidence/P06/video-verified","attempt":0,"seconds":141.16666666667606,"phase":"running","order":[["maya",2,"running"],["jett",2,"running"],["player",2,"running"],["nico",2,"running"]]}
{"dir":"director-kit/production/evidence/P06/video-verified","attempt":0,"seconds":142.18333333334212,"phase":"running","order":[["maya",2,"running"],["jett",2,"running"],["player",2,"running"],["nico",2,"running"]]}
{"dir":"director-kit/production/evidence/P06/video-verified","attempt":0,"seconds":143.18333333334155,"phase":"running","order":[["maya",2,"running"],["jett",2,"running"],["player",2,"running"],["nico",2,"running"]]}
{"dir":"director-kit/production/evidence/P06/video-verified","attempt":0,"seconds":144.18333333334095,"phase":"running","order":[["maya",2,"running"],["jett",2,"running"],["player",2,"running"],["nico",2,"running"]]}
{"dir":"director-kit/production/evidence/P06/video-verified","attempt":0,"seconds":145.20000000000704,"phase":"running","order":[["maya",2,"running"],["jett",2,"running"],["player",2,"running"],["nico",2,"running"]]}
{"dir":"director-kit/production/evidence/P06/video-verified","attempt":0,"seconds":146.20000000000647,"phase":"running","order":[["maya",2,"running"],["jett",2,"running"],["player",2,"running"],["nico",2,"running"]]}
{"dir":"director-kit/production/evidence/P06/video-verified","attempt":0,"seconds":147.21666666667252,"phase":"running","order":[["maya",2,"running"],["jett",2,"running"],["player",2,"running"],["nico",2,"running"]]}
{"dir":"director-kit/production/evidence/P06/video-verified","attempt":0,"seconds":148.21666666667195,"phase":"running","order":[["maya",2,"running"],["jett",2,"running"],["player",2,"running"],["nico",2,"running"]]}
{"dir":"director-kit/production/evidence/P06/video-verified","attempt":0,"seconds":149.21666666667136,"phase":"running","order":[["maya",2,"running"],["jett",2,"running"],["player",2,"running"],["nico",2,"running"]]}
{"dir":"director-kit/production/evidence/P06/video-verified","attempt":0,"seconds":150.23333333333744,"phase":"running","order":[["maya",2,"running"],["jett",2,"running"],["player",2,"running"],["nico",2,"running"]]}
{"dir":"director-kit/production/evidence/P06/video-verified","attempt":0,"seconds":151.25000000000352,"phase":"running","order":[["maya",2,"running"],["jett",2,"running"],["player",2,"running"],["nico",2,"running"]]}
{"dir":"director-kit/production/evidence/P06/video-verified","attempt":0,"seconds":152.25000000000293,"phase":"running","order":[["maya",2,"running"],["jett",2,"running"],["player",2,"running"],["nico",2,"running"]]}
{"dir":"director-kit/production/evidence/P06/video-verified","attempt":0,"seconds":153.266666666669,"phase":"running","order":[["maya",2,"running"],["jett",2,"running"],["player",2,"running"],["nico",2,"running"]]}
{"dir":"director-kit/production/evidence/P06/video-verified","attempt":0,"seconds":154.26666666666844,"phase":"running","order":[["maya",2,"running"],["jett",2,"running"],["player",2,"running"],["nico",2,"running"]]}
{"dir":"director-kit/production/evidence/P06/video-verified","attempt":0,"seconds":155.26666666666785,"phase":"running","order":[["maya",2,"running"],["jett",2,"running"],["player",2,"running"],["nico",2,"running"]]}
{"dir":"director-kit/production/evidence/P06/video-verified","attempt":0,"seconds":156.28333333333393,"phase":"running","order":[["maya",2,"running"],["jett",2,"running"],["player",2,"running"],["nico",2,"running"]]}
{"dir":"director-kit/production/evidence/P06/video-verified","attempt":0,"seconds":157.3,"phase":"running","order":[["maya",2,"running"],["jett",2,"running"],["player",2,"running"],["nico",2,"running"]]}
{"dir":"director-kit/production/evidence/P06/video-verified","attempt":0,"seconds":158.29999999999941,"phase":"running","order":[["maya",2,"running"],["jett",2,"running"],["player",2,"running"],["nico",2,"running"]]}
{"dir":"director-kit/production/evidence/P06/video-verified","attempt":0,"seconds":159.3166666666655,"phase":"running","order":[["maya",2,"running"],["jett",2,"running"],["player",2,"running"],["nico",2,"running"]]}
{"dir":"director-kit/production/evidence/P06/video-verified","attempt":0,"seconds":160.3166666666649,"phase":"running","order":[["maya",2,"running"],["jett",2,"running"],["player",2,"running"],["nico",2,"running"]]}
{"dir":"director-kit/production/evidence/P06/video-verified","attempt":0,"seconds":161.31666666666433,"phase":"running","order":[["maya",2,"running"],["jett",2,"running"],["player",2,"running"],["nico",2,"running"]]}
{"dir":"director-kit/production/evidence/P06/video-verified","attempt":0,"seconds":162.31666666666374,"phase":"running","order":[["maya",2,"running"],["jett",2,"running"],["player",2,"running"],["nico",2,"running"]]}
{"dir":"director-kit/production/evidence/P06/video-verified","attempt":0,"seconds":163.33333333332982,"phase":"running","order":[["maya",2,"finished"],["jett",2,"running"],["player",2,"running"],["nico",2,"running"]]}
{"dir":"director-kit/production/evidence/P06/video-verified","attempt":0,"seconds":164.33333333332925,"phase":"running","order":[["maya",2,"finished"],["jett",2,"running"],["player",2,"running"],["nico",2,"running"]]}
{"dir":"director-kit/production/evidence/P06/video-verified","attempt":0,"seconds":165.3499999999953,"phase":"running","order":[["maya",2,"finished"],["jett",2,"finished"],["player",2,"running"],["nico",2,"running"]]}
{"dir":"director-kit/production/evidence/P06/video-verified","attempt":0,"seconds":166.34999999999474,"phase":"finished","order":[["maya",2,"finished"],["jett",2,"finished"],["player",2,"finished"],["nico",2,"running"]]}
{"dir":"director-kit/production/evidence/P06/video-verified","results":[{"event":"harbor-crew-night-v1","attemptId":"282b6aa9-c8a0-425a-a8ce-3138a412fd42","participantId":"player","status":"finished","valid":true,"laps":2,"timeMs":165902.9692400933,"place":3,"invalidReason":null}],"rows":10522,"errors":[]}
