
> slingmods-three-wheel-tour-rebuild@1.0.0 demo:build
> node scripts/build-demo.mjs

vite v8.3.0 building client environment for demo...
transforming...
✓ 101 modules transformed.
rendering chunks...
computing gzip size...
demo-dist/2026-09-15T17-32-36-922Z-6aa1dafaac03/index.html                              0.95 kB │ gzip:     0.56 kB
demo-dist/2026-09-15T17-32-36-922Z-6aa1dafaac03/.vite/manifest.json                     6.58 kB │ gzip:     0.99 kB
demo-dist/2026-09-15T17-32-36-922Z-6aa1dafaac03/assets/style-S_mbsQK_.css               0.86 kB │ gzip:     0.44 kB
demo-dist/2026-09-15T17-32-36-922Z-6aa1dafaac03/assets/competition-eoblom2f.css         3.68 kB │ gzip:     1.33 kB
demo-dist/2026-09-15T17-32-36-922Z-6aa1dafaac03/assets/build-cza-csh3.css               4.86 kB │ gzip:     1.62 kB
demo-dist/2026-09-15T17-32-36-922Z-6aa1dafaac03/assets/recovery-C_RFDXna.css            7.49 kB │ gzip:     2.24 kB
demo-dist/2026-09-15T17-32-36-922Z-6aa1dafaac03/assets/workbench-YJCDbCc6.css          12.31 kB │ gzip:     3.42 kB
demo-dist/2026-09-15T17-32-36-922Z-6aa1dafaac03/assets/driving-camera-8pBO1Ms_.css     12.96 kB │ gzip:     3.52 kB
demo-dist/2026-09-15T17-32-36-922Z-6aa1dafaac03/assets/scene-DXnhylLo.css              14.86 kB │ gzip:     3.92 kB
demo-dist/2026-09-15T17-32-36-922Z-6aa1dafaac03/assets/profile-BYVn74a4.js              1.35 kB │ gzip:     0.67 kB
demo-dist/2026-09-15T17-32-36-922Z-6aa1dafaac03/assets/inspection-B4zBUgYx.js           1.46 kB │ gzip:     0.77 kB
demo-dist/2026-09-15T17-32-36-922Z-6aa1dafaac03/assets/recovery-Dv3vFEnD.js             1.99 kB │ gzip:     1.05 kB
demo-dist/2026-09-15T17-32-36-922Z-6aa1dafaac03/assets/RoomEnvironment-CcjMrw2H.js      2.02 kB │ gzip:     0.88 kB
demo-dist/2026-09-15T17-32-36-922Z-6aa1dafaac03/assets/calibration-7jIuGMIx.js          2.40 kB │ gzip:     1.27 kB
demo-dist/2026-09-15T17-32-36-922Z-6aa1dafaac03/assets/hero-klpR12_R.js                 2.86 kB │ gzip:     1.25 kB
demo-dist/2026-09-15T17-32-36-922Z-6aa1dafaac03/assets/signature-art-BUzI42qJ.js        4.51 kB │ gzip:     1.96 kB
demo-dist/2026-09-15T17-32-36-922Z-6aa1dafaac03/assets/index-CjdGXi3N.js                4.88 kB │ gzip:     2.14 kB
demo-dist/2026-09-15T17-32-36-922Z-6aa1dafaac03/assets/config-CTHO87wx.js               9.80 kB │ gzip:     4.26 kB
demo-dist/2026-09-15T17-32-36-922Z-6aa1dafaac03/assets/harbor-DeqnynOP.js              11.77 kB │ gzip:     5.19 kB
demo-dist/2026-09-15T17-32-36-922Z-6aa1dafaac03/assets/crew-Dntl9CLv.js                13.61 kB │ gzip:     5.93 kB
demo-dist/2026-09-15T17-32-36-922Z-6aa1dafaac03/assets/express-C5thWCCj.js             14.21 kB │ gzip:     6.35 kB
demo-dist/2026-09-15T17-32-36-922Z-6aa1dafaac03/assets/build-BvijdtFg.js               16.09 kB │ gzip:     5.38 kB
demo-dist/2026-09-15T17-32-36-922Z-6aa1dafaac03/assets/OrbitControls-D28Fv8AQ.js       19.84 kB │ gzip:     4.40 kB
demo-dist/2026-09-15T17-32-36-922Z-6aa1dafaac03/assets/driving-camera-CgtGyjzt.js      20.18 kB │ gzip:     7.52 kB
demo-dist/2026-09-15T17-32-36-922Z-6aa1dafaac03/assets/harbor-lighting-UeaYMeoi.js     22.70 kB │ gzip:     9.54 kB
demo-dist/2026-09-15T17-32-36-922Z-6aa1dafaac03/assets/competition-6_BPG9je.js         24.06 kB │ gzip:     9.08 kB
demo-dist/2026-09-15T17-32-36-922Z-6aa1dafaac03/assets/scene-HUzMWdkb.js               25.11 kB │ gzip:     9.87 kB
demo-dist/2026-09-15T17-32-36-922Z-6aa1dafaac03/assets/workbench-C4XUerkM.js           49.78 kB │ gzip:    16.60 kB
demo-dist/2026-09-15T17-32-36-922Z-6aa1dafaac03/assets/save-BGQzU5Mb.js               639.01 kB │ gzip:   161.34 kB
demo-dist/2026-09-15T17-32-36-922Z-6aa1dafaac03/assets/game-audio-CQcHow8P.js       3,156.69 kB │ gzip: 1,220.54 kB

✓ built in 1.47s
[plugin builtin:vite-reporter] 
(!) Some chunks are larger than 500 kB after minification. Consider:
- Using dynamic import() to code-split the application
- Use build.rolldownOptions.output.codeSplitting to improve chunking: https://rolldown.rs/reference/OutputOptions.codeSplitting
- Adjust chunk size limit for this warning via build.chunkSizeWarningLimit.
{
  "output": "demo-dist/2026-09-15T17-32-36-922Z-6aa1dafaac03",
  "buildRef": "6aa1dafaac03",
  "files": 77,
  "bytes": 126231587
}
