
> slingmods-three-wheel-tour-rebuild@1.0.0 build
> tsc --noEmit && vite build

vite v8.3.0 building client environment for production...
transforming...
✓ 26 modules transformed.
rendering chunks...
computing gzip size...
dist/index.html                          0.73 kB │ gzip:     0.49 kB
dist/assets/save-S_mbsQK_.css            0.86 kB │ gzip:     0.44 kB
dist/assets/workbench-FDpJM8LG.css       3.01 kB │ gzip:     1.11 kB
dist/assets/calibration-DEe9fh9f.js      2.29 kB │ gzip:     1.21 kB
dist/assets/index-Xb_xXXCH.js            2.57 kB │ gzip:     1.26 kB
dist/assets/save-Clkzk0mx.js           650.29 kB │ gzip:   162.93 kB
dist/assets/workbench-Db8gHSGE.js    2,881.50 kB │ gzip: 1,105.38 kB

✓ built in 245ms
[plugin builtin:vite-reporter] 
(!) Some chunks are larger than 500 kB after minification. Consider:
- Using dynamic import() to code-split the application
- Use build.rolldownOptions.output.codeSplitting to improve chunking: https://rolldown.rs/reference/OutputOptions.codeSplitting
- Adjust chunk size limit for this warning via build.chunkSizeWarningLimit.
REVIEW BUILD inputs stable; commit 404dff91255eb0dadcaadeb81075f86508f36607
