Info: Saved as "tricled-sm133-base.blend"
INFO Draco mesh compression is available, use library at C:\Users\SM - Dan\Documents\GitHub\slingmods-three-wheel-tour-rebuild\.tools\blender-4.5.2-windows-x64\4.5\scripts\addons_core\io_scene_gltf2\extern_draco.dll
16:07:51 | INFO: Starting glTF 2.0 export
16:07:51 | INFO: Extracting primitive: left_front_lower_diffuser
16:07:51 | INFO: Primitives created: 1
16:07:51 | INFO: Extracting primitive: left_front_lower_endcap_0
16:07:51 | INFO: Primitives created: 1
16:07:51 | INFO: Finished glTF 2.0 export in 0.014520406723022461 s

{
  "geometryRevision": 1,
  "blender": "4.5.2 LTS",
  "protectedHashesBefore": {
    "assets\\blender\\vehicles\\slingshot-p04a1.blend": "196a2ca54df12c4ac0b69641e3d4ec806fbfb9e484286a218d753e82358027ee",
    "public\\assets\\vehicles\\slingshot-p04a1.glb": "e2724f0dfa071dc9a83d16cde492840e21ac096ee1d9002a175444fe6acede2c",
    "public\\assets\\vehicles\\slingshot-p04a1-rear-rig.json": "caa7c7bb901c32ca3d04e0b98b42963079ea0085dd5be4ea469bbcd954ba805d"
  },
  "protectedHashesAfter": {
    "assets\\blender\\vehicles\\slingshot-p04a1.blend": "196a2ca54df12c4ac0b69641e3d4ec806fbfb9e484286a218d753e82358027ee",
    "public\\assets\\vehicles\\slingshot-p04a1.glb": "e2724f0dfa071dc9a83d16cde492840e21ac096ee1d9002a175444fe6acede2c",
    "public\\assets\\vehicles\\slingshot-p04a1-rear-rig.json": "caa7c7bb901c32ca3d04e0b98b42963079ea0085dd5be4ea469bbcd954ba805d"
  },
  "glbSha256": "da206aaf6530a83479cb870e013c4efe7372a3ff9ffff038dccda9df19213d93",
  "blendSha256": "ffaa504ef62eaa30a3457d823c0d9c3a3b7a9fb2ab15a2729dca2f58f1261cd1",
  "glbBytes": 89992,
  "triangles": 2368,
  "primitives": 2,
  "materials": [
    "SM133_Diffuser",
    "SM133_Housing"
  ],
  "textures": 0,
  "aabb": {
    "min": [
      -0.9188219904899597,
      0.1182342916727066,
      -2.110499858856201
    ],
    "max": [
      0.9188219904899597,
      0.18784742057323456,
      0.7179999947547913
    ]
  },
  "staticCarTriangleIntersections": [],
  "restRoadY0ClearanceM": 0.1182342916727066,
  "mountRayCount": 144,
  "mountingNote": "Actual fixed underside rays, 1.5mm adhesive tolerance; 2024 photo-informed game adaptation. Full old install strip lengths and hidden cable routing are not represented. No optional add-ons."
}
Blender 4.5.2 LTS (hash ab25eae04993 built 2025-08-20 02:20:52)

Blender quit
