
> slingmods-three-wheel-tour-rebuild@1.0.0 build
> tsc --noEmit && vite build

vite v8.3.0 building client environment for production...
transforming...
✓ 25 modules transformed.
rendering chunks...
computing gzip size...
dist/index.html                          0.73 kB │ gzip:     0.49 kB
dist/assets/save-S_mbsQK_.css            0.86 kB │ gzip:     0.44 kB
dist/assets/workbench-FDpJM8LG.css       3.01 kB │ gzip:     1.11 kB
dist/assets/calibration-DwYEN2Nz.js      2.29 kB │ gzip:     1.21 kB
dist/assets/index-BZdLk_4T.js            2.57 kB │ gzip:     1.26 kB
dist/assets/save-DQegTTFx.js           650.25 kB │ gzip:   162.90 kB
dist/assets/workbench-0hHQxsTZ.js    2,878.33 kB │ gzip: 1,104.31 kB

✓ built in 212ms
[plugin builtin:vite-reporter] 
(!) Some chunks are larger than 500 kB after minification. Consider:
- Using dynamic import() to code-split the application
- Use build.rolldownOptions.output.codeSplitting to improve chunking: https://rolldown.rs/reference/OutputOptions.codeSplitting
- Adjust chunk size limit for this warning via build.chunkSizeWarningLimit.
