228 files 105942333 bytes
{
  "driving-variant01-force": {
    "brake60": {
      "pathMetres": 36.16483613990027,
      "yawDegrees": -7.076912640760377e-07,
      "lateralMetres": 1.6282807631162026e-07,
      "brakingTicks": 161,
      "saturatedTicks": 12,
      "guardManifoldTicks": 109,
      "maxReportedNormalImpulse": 0,
      "minimumWheelLoad": 1000.4401323675982
    },
    "brake110": {
      "pathMetres": 125.89714520035062,
      "yawDegrees": -21.91883849013181,
      "lateralMetres": 13.582133020829975,
      "brakingTicks": 305,
      "saturatedTicks": 210,
      "guardManifoldTicks": 246,
      "maxReportedNormalImpulse": 0,
      "minimumWheelLoad": 0
    }
  },
  "driving-variant02-load": {
    "brake60": {
      "pathMetres": 36.031973585339976,
      "yawDegrees": -1.372411079433025e-06,
      "lateralMetres": 4.347223940442769e-07,
      "brakingTicks": 161,
      "saturatedTicks": 8,
      "guardManifoldTicks": 108,
      "maxReportedNormalImpulse": 0,
      "minimumWheelLoad": 976.4541456337959
    },
    "brake110": {
      "pathMetres": 116.50571886439444,
      "yawDegrees": -5.478574612865501,
      "lateralMetres": 3.9159015313353054,
      "brakingTicks": 288,
      "saturatedTicks": 38,
      "guardManifoldTicks": 239,
      "maxReportedNormalImpulse": 0,
      "minimumWheelLoad": 0
    }
  },
  "driving-variant03-no-guard-diagnostic": {
    "brake60": {
      "pathMetres": 36.031973585339976,
      "yawDegrees": -1.372411079433025e-06,
      "lateralMetres": 4.347223940442769e-07,
      "brakingTicks": 161,
      "saturatedTicks": 8,
      "guardManifoldTicks": 0,
      "maxReportedNormalImpulse": 0,
      "minimumWheelLoad": 976.4541456337959
    },
    "brake110": {
      "pathMetres": 116.36958665412425,
      "yawDegrees": 6.592884803901431e-07,
      "lateralMetres": -7.507673655785432e-07,
      "brakingTicks": 288,
      "saturatedTicks": 17,
      "guardManifoldTicks": 0,
      "maxReportedNormalImpulse": 0,
      "minimumWheelLoad": 698.0144939427989
    }
  },
  "driving-variant04-no-ccd-diagnostic": {
    "brake60": {
      "pathMetres": 36.031973585339976,
      "yawDegrees": -1.372411079433025e-06,
      "lateralMetres": 4.347223940442769e-07,
      "brakingTicks": 161,
      "saturatedTicks": 8,
      "guardManifoldTicks": 108,
      "maxReportedNormalImpulse": 0,
      "minimumWheelLoad": 976.4541456337959
    },
    "brake110": {
      "pathMetres": 116.50571886439444,
      "yawDegrees": -5.478574612865501,
      "lateralMetres": 3.9159015313353054,
      "brakingTicks": 288,
      "saturatedTicks": 38,
      "guardManifoldTicks": 239,
      "maxReportedNormalImpulse": 0,
      "minimumWheelLoad": 0
    }
  },
  "driving-variant05-faceted-guard": {
    "brake60": {
      "pathMetres": 36.031973585339976,
      "yawDegrees": -1.372411079433025e-06,
      "lateralMetres": 4.347223940442769e-07,
      "brakingTicks": 161,
      "saturatedTicks": 8,
      "guardManifoldTicks": 108,
      "maxReportedNormalImpulse": 0,
      "minimumWheelLoad": 976.4541456337959
    },
    "brake110": {
      "pathMetres": 116.29338209548268,
      "yawDegrees": -5.579115312539406,
      "lateralMetres": 4.23634413174148,
      "brakingTicks": 288,
      "saturatedTicks": 19,
      "guardManifoldTicks": 239,
      "maxReportedNormalImpulse": 0,
      "minimumWheelLoad": 0
    }
  },
  "driving-variant06-ground-filter": {
    "brake60": {
      "pathMetres": 36.031973585339976,
      "yawDegrees": -1.372411079433025e-06,
      "lateralMetres": 4.347223940442769e-07,
      "brakingTicks": 161,
      "saturatedTicks": 8,
      "guardManifoldTicks": 0,
      "maxReportedNormalImpulse": 0,
      "minimumWheelLoad": 976.4541456337959
    },
    "brake110": {
      "pathMetres": 116.36958665412425,
      "yawDegrees": 6.592884803901431e-07,
      "lateralMetres": -7.507673655785432e-07,
      "brakingTicks": 288,
      "saturatedTicks": 17,
      "guardManifoldTicks": 0,
      "maxReportedNormalImpulse": 0,
      "minimumWheelLoad": 698.0144939427989
    }
  }
}
