{
  "method": "Matched entry-speed measures through production input at60Hz. Radius is path length divided by actual yaw change; author game tuning, not manufacturer/hardware claims.",
  "profiles": {
    "slingmods-sport-v2": {
      "low-left": {
        "targetEntrySpeed": 4,
        "entry": {
          "time": 0.65,
          "speed": 3.963815294132453,
          "position": {
            "x": -2.4840626171819544e-10,
            "y": 0.004337800362531952,
            "z": 33.690963096472196
          }
        },
        "finish": {
          "time": 2.549999999999996,
          "speed": 4.229854813555545,
          "position": {
            "x": -5.76175515901062,
            "y": 0.004597427419686717,
            "z": 29.641620043106748
          }
        },
        "lateralDisplacement": -5.761755158762213,
        "maneuverSeconds": 1.899999999999996,
        "pathMetres": 8.019304766712539,
        "yawRadians": 1.5748883445417217,
        "averageRadiusMetres": 5.091983056770976,
        "shifts": [],
        "threeContactsFraction": 1,
        "maxSlipAngle": 0.22936696761762596,
        "maxRoll": 0.04014568647064498
      },
      "low-right": {
        "targetEntrySpeed": 4,
        "entry": {
          "time": 0.65,
          "speed": 3.963815294132453,
          "position": {
            "x": -2.4840626171819544e-10,
            "y": 0.004337800362531952,
            "z": 33.690963096472196
          }
        },
        "finish": {
          "time": 2.549999999999996,
          "speed": 4.229852100121199,
          "position": {
            "x": 5.761754689574235,
            "y": 0.004597427068057547,
            "z": 29.641616213402017
          }
        },
        "lateralDisplacement": 5.7617546898226415,
        "maneuverSeconds": 1.899999999999996,
        "pathMetres": 8.019304356298615,
        "yawRadians": -1.574887670021334,
        "averageRadiusMetres": 5.091984977055528,
        "shifts": [],
        "threeContactsFraction": 1,
        "maxSlipAngle": 0.22936702535130343,
        "maxRoll": 0.04014568232270302
      },
      "medium-left": {
        "targetEntrySpeed": 20,
        "entry": {
          "time": 3.4,
          "speed": 20.011196293408407,
          "position": {
            "x": -2.342679793425223e-9,
            "y": 0.01968195459383215,
            "z": -0.9537322235946678
          }
        },
        "finish": {
          "time": 8.18333333333332,
          "speed": 20.047080194109714,
          "position": {
            "x": -56.48725600703188,
            "y": 0.0010786506500715665,
            "z": -66.34481936109029
          }
        },
        "lateralDisplacement": -56.4872560046892,
        "maneuverSeconds": 4.783333333333319,
        "pathMetres": 96.09628675844652,
        "yawRadians": 1.5751396152795276,
        "averageRadiusMetres": 61.00810736157701,
        "shifts": [
          {
            "time": 3.1499999999999937,
            "from": 1,
            "to": 2,
            "speed": 18.69949992417695,
            "remaining": 0
          }
        ],
        "threeContactsFraction": 1,
        "maxSlipAngle": 0.09924976705925186,
        "maxRoll": 0.046901394787651894
      },
      "medium-right": {
        "targetEntrySpeed": 20,
        "entry": {
          "time": 3.4,
          "speed": 20.011196293408407,
          "position": {
            "x": -2.342679793425223e-9,
            "y": 0.01968195459383215,
            "z": -0.9537322235946678
          }
        },
        "finish": {
          "time": 8.18333333333332,
          "speed": 20.04708148525846,
          "position": {
            "x": 56.48726361832252,
            "y": 0.0010786499581185716,
            "z": -66.34481174525708
          }
        },
        "lateralDisplacement": 56.4872636206652,
        "maneuverSeconds": 4.783333333333319,
        "pathMetres": 96.09628578218205,
        "yawRadians": -1.5751401168947625,
        "averageRadiusMetres": 61.00808731329035,
        "shifts": [
          {
            "time": 3.1499999999999937,
            "from": 1,
            "to": 2,
            "speed": 18.69949992417695,
            "remaining": 0
          }
        ],
        "threeContactsFraction": 1,
        "maxSlipAngle": 0.09924980515749518,
        "maxRoll": 0.04690139353183187
      },
      "high-left": {
        "targetEntrySpeed": 35,
        "entry": {
          "time": 7.233333333333333,
          "speed": 34.991427867425486,
          "position": {
            "x": 9.092445480408747e-8,
            "y": 0.037285127903539605,
            "z": -110.72287058527439
          }
        },
        "finish": {
          "time": 24.84999999999987,
          "speed": 34.908069305899005,
          "position": {
            "x": -376.4175110818808,
            "y": 0.004857009891183595,
            "z": -517.17992410575
          }
        },
        "lateralDisplacement": -376.41751117280523,
        "maneuverSeconds": 17.616666666666536,
        "pathMetres": 615.4338781659137,
        "yawRadians": 1.5718186581179507,
        "averageRadiusMetres": 391.54254531042153,
        "shifts": [
          {
            "time": 3.1499999999999937,
            "from": 1,
            "to": 2,
            "speed": 18.69949992417695,
            "remaining": 0
          },
          {
            "time": 5.6833333333333185,
            "from": 2,
            "to": 3,
            "speed": 30.508839777747216,
            "remaining": 0
          }
        ],
        "threeContactsFraction": 1,
        "maxSlipAngle": 0.04442832615225308,
        "maxRoll": 0.02205170777508353
      },
      "high-right": {
        "targetEntrySpeed": 35,
        "entry": {
          "time": 7.233333333333333,
          "speed": 34.991427867425486,
          "position": {
            "x": 9.092445480408747e-8,
            "y": 0.037285127903539605,
            "z": -110.72287058527439
          }
        },
        "finish": {
          "time": 24.84999999999987,
          "speed": 34.90807324725192,
          "position": {
            "x": 376.4175416099261,
            "y": 0.004856859524763835,
            "z": -517.1799241684264
          }
        },
        "lateralDisplacement": 376.41754151900165,
        "maneuverSeconds": 17.616666666666536,
        "pathMetres": 615.4338489086083,
        "yawRadians": -1.571817813031992,
        "averageRadiusMetres": 391.54273720912596,
        "shifts": [
          {
            "time": 3.1499999999999937,
            "from": 1,
            "to": 2,
            "speed": 18.69949992417695,
            "remaining": 0
          },
          {
            "time": 5.6833333333333185,
            "from": 2,
            "to": 3,
            "speed": 30.508839777747216,
            "remaining": 0
          }
        ],
        "threeContactsFraction": 1,
        "maxSlipAngle": 0.044428435680229514,
        "maxRoll": 0.02205175409547918
      },
      "brake60": {
        "targetEntrySpeed": 26.8224,
        "entry": {
          "time": 4.716666666666667,
          "speed": 26.802971649300346,
          "position": {
            "x": 4.880298176931256e-8,
            "y": 0.04463221314660365,
            "z": -31.803424832008794
          }
        },
        "finish": {
          "time": 7.399999999999979,
          "speed": 0.1485382978487255,
          "position": {
            "x": 4.835253758135895e-7,
            "y": -0.0019989971227817316,
            "z": -67.83539841734877
          }
        },
        "lateralDisplacement": 4.347223940442769e-7,
        "maneuverSeconds": 2.6833333333333123,
        "pathMetres": 36.031973585339976,
        "yawRadians": -2.395309202695572e-8,
        "averageRadiusMetres": null,
        "shifts": [
          {
            "time": 3.1499999999999937,
            "from": 1,
            "to": 2,
            "speed": 18.69949992417695,
            "remaining": 0
          },
          {
            "time": 6.499999999999982,
            "from": 2,
            "to": 1,
            "speed": 9.020912926422369,
            "remaining": 0
          }
        ],
        "threeContactsFraction": 1,
        "maxSlipAngle": 2.383410576825219e-8,
        "maxRoll": 8.27574767878292e-9
      },
      "brake110": {
        "targetEntrySpeed": 49.1744,
        "entry": {
          "time": 13.85,
          "speed": 49.13373368663799,
          "position": {
            "x": -2.7569592685910444e-7,
            "y": 0.037229807167868556,
            "z": -396.7427343504399
          }
        },
        "finish": {
          "time": 18.650000000000222,
          "speed": 0.11398797602635456,
          "position": {
            "x": -0.0000010264632924376476,
            "y": -0.0018598130655129164,
            "z": -513.1123210045641
          }
        },
        "lateralDisplacement": -7.507673655785432e-7,
        "maneuverSeconds": 4.800000000000223,
        "pathMetres": 116.36958665412425,
        "yawRadians": 1.1506754703278065e-8,
        "averageRadiusMetres": null,
        "shifts": [
          {
            "time": 3.1499999999999937,
            "from": 1,
            "to": 2,
            "speed": 18.69949992417695,
            "remaining": 0
          },
          {
            "time": 5.6833333333333185,
            "from": 2,
            "to": 3,
            "speed": 30.508839777747216,
            "remaining": 0
          },
          {
            "time": 12.333333333333526,
            "from": 3,
            "to": 4,
            "speed": 47.26402861582306,
            "remaining": 0
          },
          {
            "time": 16.43333333333368,
            "from": 4,
            "to": 3,
            "speed": 22.159342867216985,
            "remaining": 0.18
          },
          {
            "time": 16.616666666667005,
            "from": 3,
            "to": 2,
            "speed": 20.30371835587501,
            "remaining": 0
          },
          {
            "time": 17.750000000000274,
            "from": 2,
            "to": 1,
            "speed": 8.971269353202919,
            "remaining": 0
          }
        ],
        "threeContactsFraction": 1,
        "maxSlipAngle": 2.6701576480266672e-8,
        "maxRoll": 8.27574767878292e-9
      },
      "brake-turn-partial-left": {
        "targetEntrySpeed": 20,
        "entry": {
          "time": 3.4,
          "speed": 20.011196293408407,
          "position": {
            "x": -2.342679793425223e-9,
            "y": 0.01968195459383215,
            "z": -0.9537322235946678
          }
        },
        "finish": {
          "time": 6.816666666666648,
          "speed": 0.16809234252078792,
          "position": {
            "x": -12.676680520125968,
            "y": -0.0003450924399476252,
            "z": -28.23327582131454
          }
        },
        "lateralDisplacement": -12.67668051778329,
        "maneuverSeconds": 3.416666666666648,
        "pathMetres": 34.06891698983504,
        "yawRadians": 1.7836177552775783,
        "averageRadiusMetres": 19.101019200458122,
        "shifts": [
          {
            "time": 3.1499999999999937,
            "from": 1,
            "to": 2,
            "speed": 18.69949992417695,
            "remaining": 0
          },
          {
            "time": 5.149999999999987,
            "from": 2,
            "to": 1,
            "speed": 9.792721163005645,
            "remaining": 0
          }
        ],
        "threeContactsFraction": 1,
        "maxSlipAngle": 0.2263563783721716,
        "maxRoll": 0.050668346325744046
      },
      "brake-turn-partial-right": {
        "targetEntrySpeed": 20,
        "entry": {
          "time": 3.4,
          "speed": 20.011196293408407,
          "position": {
            "x": -2.342679793425223e-9,
            "y": 0.01968195459383215,
            "z": -0.9537322235946678
          }
        },
        "finish": {
          "time": 6.816666666666648,
          "speed": 0.1680935107063357,
          "position": {
            "x": 12.676685286542849,
            "y": -0.0003450925335123367,
            "z": -28.2332815335254
          }
        },
        "lateralDisplacement": 12.676685288885528,
        "maneuverSeconds": 3.416666666666648,
        "pathMetres": 34.06892319470515,
        "yawRadians": -1.7836177514667282,
        "averageRadiusMetres": 19.101022720080657,
        "shifts": [
          {
            "time": 3.1499999999999937,
            "from": 1,
            "to": 2,
            "speed": 18.69949992417695,
            "remaining": 0
          },
          {
            "time": 5.149999999999987,
            "from": 2,
            "to": 1,
            "speed": 9.792725270851696,
            "remaining": 0
          }
        ],
        "threeContactsFraction": 1,
        "maxSlipAngle": 0.2263562838566963,
        "maxRoll": 0.05066835593266344
      },
      "brake-turn-full-left": {
        "targetEntrySpeed": 20,
        "entry": {
          "time": 3.4,
          "speed": 20.011196293408407,
          "position": {
            "x": -2.342679793425223e-9,
            "y": 0.01968195459383215,
            "z": -0.9537322235946678
          }
        },
        "finish": {
          "time": 5.399999999999986,
          "speed": 0.14379863113928618,
          "position": {
            "x": -4.0830187820549755,
            "y": -0.0016625577364716704,
            "z": -19.867327720582196
          }
        },
        "lateralDisplacement": -4.083018779712296,
        "maneuverSeconds": 1.9999999999999862,
        "pathMetres": 19.97814999330214,
        "yawRadians": 0.8316347821515476,
        "averageRadiusMetres": 24.022744625490603,
        "shifts": [
          {
            "time": 3.1499999999999937,
            "from": 1,
            "to": 2,
            "speed": 18.69949992417695,
            "remaining": 0
          },
          {
            "time": 4.483333333333323,
            "from": 2,
            "to": 1,
            "speed": 9.097932920515873,
            "remaining": 0
          }
        ],
        "threeContactsFraction": 1,
        "maxSlipAngle": 0.2703935695484771,
        "maxRoll": 0.041085549160343605
      },
      "brake-turn-full-right": {
        "targetEntrySpeed": 20,
        "entry": {
          "time": 3.4,
          "speed": 20.011196293408407,
          "position": {
            "x": -2.342679793425223e-9,
            "y": 0.01968195459383215,
            "z": -0.9537322235946678
          }
        },
        "finish": {
          "time": 5.399999999999986,
          "speed": 0.14380166045096882,
          "position": {
            "x": 4.083021645335588,
            "y": -0.001662587578632413,
            "z": -19.867327718989824
          }
        },
        "lateralDisplacement": 4.083021647678268,
        "maneuverSeconds": 1.9999999999999862,
        "pathMetres": 19.978151834034957,
        "yawRadians": -0.8316354043538627,
        "averageRadiusMetres": 24.0227288658507,
        "shifts": [
          {
            "time": 3.1499999999999937,
            "from": 1,
            "to": 2,
            "speed": 18.69949992417695,
            "remaining": 0
          },
          {
            "time": 4.483333333333323,
            "from": 2,
            "to": 1,
            "speed": 9.097933191561587,
            "remaining": 0
          }
        ],
        "threeContactsFraction": 1,
        "maxSlipAngle": 0.270393787094461,
        "maxRoll": 0.04108558708828862
      },
      "fast-brake-turn-partial-left": {
        "targetEntrySpeed": 35,
        "entry": {
          "time": 7.233333333333333,
          "speed": 34.991427867425486,
          "position": {
            "x": 9.092445480408747e-8,
            "y": 0.037285127903539605,
            "z": -110.72287058527439
          }
        },
        "finish": {
          "time": 13.116666666666898,
          "speed": 0.17424173590861936,
          "position": {
            "x": -35.438530715955224,
            "y": -0.0003545719783143997,
            "z": -193.69703850993403
          }
        },
        "lateralDisplacement": -35.438530806879676,
        "maneuverSeconds": 5.883333333333565,
        "pathMetres": 102.64286932508233,
        "yawRadians": 2.3797891104155298,
        "averageRadiusMetres": 43.13107782359761,
        "shifts": [
          {
            "time": 3.1499999999999937,
            "from": 1,
            "to": 2,
            "speed": 18.69949992417695,
            "remaining": 0
          },
          {
            "time": 5.6833333333333185,
            "from": 2,
            "to": 3,
            "speed": 30.508839777747216,
            "remaining": 0
          },
          {
            "time": 10.433333333333431,
            "from": 3,
            "to": 2,
            "speed": 15.922470460803655,
            "remaining": 0
          },
          {
            "time": 11.450000000000149,
            "from": 2,
            "to": 1,
            "speed": 9.800806054771225,
            "remaining": 0
          }
        ],
        "threeContactsFraction": 1,
        "maxSlipAngle": 0.22585709044204352,
        "maxRoll": 0.050668991038017995
      },
      "fast-brake-turn-partial-right": {
        "targetEntrySpeed": 35,
        "entry": {
          "time": 7.233333333333333,
          "speed": 34.991427867425486,
          "position": {
            "x": 9.092445480408747e-8,
            "y": 0.037285127903539605,
            "z": -110.72287058527439
          }
        },
        "finish": {
          "time": 13.116666666666898,
          "speed": 0.1742456877902801,
          "position": {
            "x": 35.438545967126615,
            "y": -0.00035460186381841563,
            "z": -193.69705376295946
          }
        },
        "lateralDisplacement": 35.43854587620216,
        "maneuverSeconds": 5.883333333333565,
        "pathMetres": 102.64289214738388,
        "yawRadians": -2.379788469015275,
        "averageRadiusMetres": 43.131099038334334,
        "shifts": [
          {
            "time": 3.1499999999999937,
            "from": 1,
            "to": 2,
            "speed": 18.69949992417695,
            "remaining": 0
          },
          {
            "time": 5.6833333333333185,
            "from": 2,
            "to": 3,
            "speed": 30.508839777747216,
            "remaining": 0
          },
          {
            "time": 10.433333333333431,
            "from": 3,
            "to": 2,
            "speed": 15.922479050326928,
            "remaining": 0
          },
          {
            "time": 11.450000000000149,
            "from": 2,
            "to": 1,
            "speed": 9.80081122892374,
            "remaining": 0
          }
        ],
        "threeContactsFraction": 1,
        "maxSlipAngle": 0.22585706288757618,
        "maxRoll": 0.05066896837889154
      },
      "fast-brake-turn-full-left": {
        "targetEntrySpeed": 35,
        "entry": {
          "time": 7.233333333333333,
          "speed": 34.991427867425486,
          "position": {
            "x": 9.092445480408747e-8,
            "y": 0.037285127903539605,
            "z": -110.72287058527439
          }
        },
        "finish": {
          "time": 10.683333333333444,
          "speed": 0.10350709273151325,
          "position": {
            "x": -10.75968875569159,
            "y": -0.0015578235630352988,
            "z": -167.5652613439259
          }
        },
        "lateralDisplacement": -10.759688846616045,
        "maneuverSeconds": 3.4500000000001103,
        "pathMetres": 59.75371382663889,
        "yawRadians": 1.112918391319509,
        "averageRadiusMetres": 53.69101121223552,
        "shifts": [
          {
            "time": 3.1499999999999937,
            "from": 1,
            "to": 2,
            "speed": 18.69949992417695,
            "remaining": 0
          },
          {
            "time": 5.6833333333333185,
            "from": 2,
            "to": 3,
            "speed": 30.508839777747216,
            "remaining": 0
          },
          {
            "time": 9.1166666666667,
            "from": 3,
            "to": 2,
            "speed": 15.486895425047159,
            "remaining": 0.18
          },
          {
            "time": 9.300000000000042,
            "from": 2,
            "to": 1,
            "speed": 13.646203940014146,
            "remaining": 0
          }
        ],
        "threeContactsFraction": 1,
        "maxSlipAngle": 0.2679029213389308,
        "maxRoll": 0.04122553415241195
      },
      "fast-brake-turn-full-right": {
        "targetEntrySpeed": 35,
        "entry": {
          "time": 7.233333333333333,
          "speed": 34.991427867425486,
          "position": {
            "x": 9.092445480408747e-8,
            "y": 0.037285127903539605,
            "z": -110.72287058527439
          }
        },
        "finish": {
          "time": 10.683333333333444,
          "speed": 0.10350919335414939,
          "position": {
            "x": 10.759695443291298,
            "y": -0.0015578240057766424,
            "z": -167.56526130732732
          }
        },
        "lateralDisplacement": 10.759695352366842,
        "maneuverSeconds": 3.4500000000001103,
        "pathMetres": 59.75371770966621,
        "yawRadians": -1.1129189091029812,
        "averageRadiusMetres": 53.690989721639326,
        "shifts": [
          {
            "time": 3.1499999999999937,
            "from": 1,
            "to": 2,
            "speed": 18.69949992417695,
            "remaining": 0
          },
          {
            "time": 5.6833333333333185,
            "from": 2,
            "to": 3,
            "speed": 30.508839777747216,
            "remaining": 0
          },
          {
            "time": 9.1166666666667,
            "from": 3,
            "to": 2,
            "speed": 15.48689628118598,
            "remaining": 0.18
          },
          {
            "time": 9.300000000000042,
            "from": 2,
            "to": 1,
            "speed": 13.646205271492764,
            "remaining": 0
          }
        ],
        "threeContactsFraction": 1,
        "maxSlipAngle": 0.26790253709325496,
        "maxRoll": 0.04122548946531732
      }
    }
  },
  "tuning": {
    "legacy-p08a": {
      "id": "legacy-p08a",
      "name": "Legacy P08A",
      "torqueScale": 1,
      "shiftSeconds": 0.24,
      "steerLock": 0.53,
      "steerFalloff": 0.037,
      "lateralSteerLimit": 5.4,
      "steerRate": 1.7,
      "asphaltGripScale": 1,
      "tireStiffness": 7,
      "brakeScale": 1,
      "brakeSteerRelief": 0,
      "damperFront": 3800,
      "damperRear": 6500
    },
    "slingmods-sport-v1": {
      "id": "slingmods-sport-v1",
      "name": "SlingMods Sport",
      "torqueScale": 1.3,
      "shiftSeconds": 0.18,
      "steerLock": 0.6,
      "steerFalloff": 0.021,
      "lateralSteerLimit": 8.2,
      "steerRate": 2.7,
      "asphaltGripScale": 1.15,
      "tireStiffness": 8,
      "brakeScale": 0.7,
      "brakeSteerRelief": 0.35,
      "damperFront": 3800,
      "damperRear": 6500
    },
    "slingmods-sport-v2": {
      "id": "slingmods-sport-v2",
      "name": "SlingMods Sport v2",
      "torqueScale": 1.3,
      "shiftSeconds": 0.18,
      "steerLock": 0.6,
      "steerFalloff": 0.021,
      "lateralSteerLimit": 8.2,
      "steerRate": 2.7,
      "asphaltGripScale": 1.15,
      "tireStiffness": 8,
      "brakeScale": 1,
      "brakeSteerRelief": 0.15,
      "damperFront": 3800,
      "damperRear": 6500
    }
  },
  "build": "street"
}
