{
  "method": "Matched entry-speed measures through production input at60Hz. Radius is path length divided by actual yaw change; author game tuning, not manufacturer/hardware claims.",
  "profiles": {
    "slingmods-sport-v2": {
      "low-left": {
        "targetEntrySpeed": 4,
        "entry": {
          "time": 0.65,
          "speed": 4.006197740752097,
          "position": {
            "x": 3.9418828203358957e-10,
            "y": 0.01533873830350857,
            "z": 33.66371638430862
          }
        },
        "finish": {
          "time": 2.549999999999996,
          "speed": 4.22667159389232,
          "position": {
            "x": -5.7629777677283025,
            "y": 0.016375019681213576,
            "z": 29.605521941139084
          }
        },
        "lateralDisplacement": -5.762977768122491,
        "maneuverSeconds": 1.899999999999996,
        "pathMetres": 8.027837678375686,
        "yawRadians": 1.5745254526980508,
        "averageRadiusMetres": 5.098575996100584,
        "shifts": [],
        "threeContactsFraction": 1,
        "maxSlipAngle": 0.2311104050569096,
        "maxRoll": 0.03755313582285024
      },
      "low-right": {
        "targetEntrySpeed": 4,
        "entry": {
          "time": 0.65,
          "speed": 4.006197740752097,
          "position": {
            "x": 3.9418828203358957e-10,
            "y": 0.01533873830350857,
            "z": 33.66371638430862
          }
        },
        "finish": {
          "time": 2.549999999999996,
          "speed": 4.2266703363945055,
          "position": {
            "x": 5.76297728617173,
            "y": 0.01637502000518981,
            "z": 29.605521953333284
          }
        },
        "lateralDisplacement": 5.762977285777541,
        "maneuverSeconds": 1.899999999999996,
        "pathMetres": 8.027837203320761,
        "yawRadians": -1.5745256215686534,
        "averageRadiusMetres": 5.09857514755642,
        "shifts": [],
        "threeContactsFraction": 1,
        "maxSlipAngle": 0.23111005545957516,
        "maxRoll": 0.03755314725662911
      },
      "medium-left": {
        "targetEntrySpeed": 20,
        "entry": {
          "time": 3.3833333333333333,
          "speed": 20.025941533726687,
          "position": {
            "x": 1.018766739266228e-9,
            "y": 0.03931443040699173,
            "z": -0.862132633161461
          }
        },
        "finish": {
          "time": 8.18333333333332,
          "speed": 20.046500652670776,
          "position": {
            "x": -56.71863103024497,
            "y": 0.013235780740533165,
            "z": -66.47043073387347
          }
        },
        "lateralDisplacement": -56.71863103126374,
        "maneuverSeconds": 4.7999999999999865,
        "pathMetres": 96.43042459575432,
        "yawRadians": 1.574400739423368,
        "averageRadiusMetres": 61.248970596312375,
        "shifts": [
          {
            "time": 3.1166666666666605,
            "from": 1,
            "to": 2,
            "speed": 18.629919755941017,
            "remaining": 0
          }
        ],
        "threeContactsFraction": 1,
        "maxSlipAngle": 0.0990654548022352,
        "maxRoll": 0.04789116694372267
      },
      "medium-right": {
        "targetEntrySpeed": 20,
        "entry": {
          "time": 3.3833333333333333,
          "speed": 20.025941533726687,
          "position": {
            "x": 1.018766739266228e-9,
            "y": 0.03931443040699173,
            "z": -0.862132633161461
          }
        },
        "finish": {
          "time": 8.18333333333332,
          "speed": 20.046505703696646,
          "position": {
            "x": 56.71863102842191,
            "y": 0.013235750342268815,
            "z": -66.4704307434634
          }
        },
        "lateralDisplacement": 56.71863102740314,
        "maneuverSeconds": 4.7999999999999865,
        "pathMetres": 96.43042455672317,
        "yawRadians": -1.5744007399443702,
        "averageRadiusMetres": 61.24897055125268,
        "shifts": [
          {
            "time": 3.1166666666666605,
            "from": 1,
            "to": 2,
            "speed": 18.629919755941017,
            "remaining": 0
          }
        ],
        "threeContactsFraction": 1,
        "maxSlipAngle": 0.09906550988747888,
        "maxRoll": 0.0478911930774945
      },
      "high-left": {
        "targetEntrySpeed": 35,
        "entry": {
          "time": 7.216666666666667,
          "speed": 34.96688289150785,
          "position": {
            "x": -5.308666117222199e-7,
            "y": 0.06095322067524134,
            "z": -110.6114889860088
          }
        },
        "finish": {
          "time": 24.96666666666653,
          "speed": 34.908171002903444,
          "position": {
            "x": -379.27807529213743,
            "y": 0.017013760177843285,
            "z": -520.1707556038153
          }
        },
        "lateralDisplacement": -379.27807476127083,
        "maneuverSeconds": 17.749999999999865,
        "pathMetres": 620.0694131381233,
        "yawRadians": 1.5712474560229979,
        "averageRadiusMetres": 394.6351103139336,
        "shifts": [
          {
            "time": 3.1166666666666605,
            "from": 1,
            "to": 2,
            "speed": 18.629919755941017,
            "remaining": 0
          },
          {
            "time": 5.666666666666652,
            "from": 2,
            "to": 3,
            "speed": 30.49722842680939,
            "remaining": 0
          }
        ],
        "threeContactsFraction": 1,
        "maxSlipAngle": 0.04413114533021776,
        "maxRoll": 0.022444246281034738
      },
      "high-right": {
        "targetEntrySpeed": 35,
        "entry": {
          "time": 7.216666666666667,
          "speed": 34.96688289150785,
          "position": {
            "x": -5.308666117222199e-7,
            "y": 0.06095322067524134,
            "z": -110.6114889860088
          }
        },
        "finish": {
          "time": 24.96666666666653,
          "speed": 34.908180729291054,
          "position": {
            "x": 379.2780752776495,
            "y": 0.017013581730333016,
            "z": -520.1705724800702
          }
        },
        "lateralDisplacement": 379.2780758085161,
        "maneuverSeconds": 17.749999999999865,
        "pathMetres": 620.0693766269499,
        "yawRadians": -1.5712481508072293,
        "averageRadiusMetres": 394.6349125746872,
        "shifts": [
          {
            "time": 3.1166666666666605,
            "from": 1,
            "to": 2,
            "speed": 18.629919755941017,
            "remaining": 0
          },
          {
            "time": 5.666666666666652,
            "from": 2,
            "to": 3,
            "speed": 30.49722842680939,
            "remaining": 0
          }
        ],
        "threeContactsFraction": 1,
        "maxSlipAngle": 0.044131143895892934,
        "maxRoll": 0.02244423692004633
      },
      "brake60": {
        "targetEntrySpeed": 26.8224,
        "entry": {
          "time": 4.7,
          "speed": 26.804606984831114,
          "position": {
            "x": -3.246901142243914e-8,
            "y": 0.06987846856528285,
            "z": -31.724147237162832
          }
        },
        "finish": {
          "time": 7.383333333333312,
          "speed": 0.1447194759144513,
          "position": {
            "x": -3.3581661054832e-7,
            "y": 0.006690417787580061,
            "z": -67.74568564262127
          }
        },
        "lateralDisplacement": -3.0334759912588085e-7,
        "maneuverSeconds": 2.6833333333333123,
        "pathMetres": 36.021538405458436,
        "yawRadians": 1.6880278769657456e-8,
        "averageRadiusMetres": null,
        "shifts": [
          {
            "time": 3.1166666666666605,
            "from": 1,
            "to": 2,
            "speed": 18.629919755941017,
            "remaining": 0
          },
          {
            "time": 6.483333333333316,
            "from": 2,
            "to": 1,
            "speed": 9.014630189067367,
            "remaining": 0
          }
        ],
        "threeContactsFraction": 1,
        "maxSlipAngle": 2.159134487392797e-8,
        "maxRoll": 4.6714896711281754e-9
      },
      "brake110": {
        "targetEntrySpeed": 49.1744,
        "entry": {
          "time": 13.866666666666667,
          "speed": 49.12455910014671,
          "position": {
            "x": -0.0000037154485055643494,
            "y": 0.06268512194592385,
            "z": -397.98617310298755
          }
        },
        "finish": {
          "time": 18.650000000000222,
          "speed": 0.17953038020530018,
          "position": {
            "x": -0.000006172898769708446,
            "y": 0.006527754749171888,
            "z": -514.0705241747924
          }
        },
        "lateralDisplacement": -0.000002457450264144097,
        "maneuverSeconds": 4.783333333333555,
        "pathMetres": 116.0843510718048,
        "yawRadians": 1.812605149783976e-8,
        "averageRadiusMetres": null,
        "shifts": [
          {
            "time": 3.1166666666666605,
            "from": 1,
            "to": 2,
            "speed": 18.629919755941017,
            "remaining": 0
          },
          {
            "time": 5.666666666666652,
            "from": 2,
            "to": 3,
            "speed": 30.49722842680939,
            "remaining": 0
          },
          {
            "time": 12.350000000000193,
            "from": 3,
            "to": 4,
            "speed": 47.26716143688832,
            "remaining": 0
          },
          {
            "time": 16.450000000000347,
            "from": 4,
            "to": 3,
            "speed": 22.09201224040573,
            "remaining": 0.18
          },
          {
            "time": 16.63333333333367,
            "from": 3,
            "to": 2,
            "speed": 20.235456477267427,
            "remaining": 0
          },
          {
            "time": 17.750000000000274,
            "from": 2,
            "to": 1,
            "speed": 9.064663589349113,
            "remaining": 0
          }
        ],
        "threeContactsFraction": 1,
        "maxSlipAngle": 4.277318288577911e-8,
        "maxRoll": 8.27010926232103e-9
      },
      "brake-turn-partial-left": {
        "targetEntrySpeed": 20,
        "entry": {
          "time": 3.3833333333333333,
          "speed": 20.025941533726687,
          "position": {
            "x": 1.018766739266228e-9,
            "y": 0.03931443040699173,
            "z": -0.862132633161461
          }
        },
        "finish": {
          "time": 6.799999999999981,
          "speed": 0.14928157835688005,
          "position": {
            "x": -12.659376109981288,
            "y": 0.009462165939429168,
            "z": -28.16582448881364
          }
        },
        "lateralDisplacement": -12.659376111000055,
        "maneuverSeconds": 3.416666666666648,
        "pathMetres": 34.062229206839504,
        "yawRadians": 1.779406431978717,
        "averageRadiusMetres": 19.142467170337234,
        "shifts": [
          {
            "time": 3.1166666666666605,
            "from": 1,
            "to": 2,
            "speed": 18.629919755941017,
            "remaining": 0
          },
          {
            "time": 5.13333333333332,
            "from": 2,
            "to": 1,
            "speed": 9.794180548560854,
            "remaining": 0
          }
        ],
        "threeContactsFraction": 1,
        "maxSlipAngle": 0.22690750435420953,
        "maxRoll": 0.051756219711402686
      },
      "brake-turn-partial-right": {
        "targetEntrySpeed": 20,
        "entry": {
          "time": 3.3833333333333333,
          "speed": 20.025941533726687,
          "position": {
            "x": 1.018766739266228e-9,
            "y": 0.03931443040699173,
            "z": -0.862132633161461
          }
        },
        "finish": {
          "time": 6.799999999999981,
          "speed": 0.1492844147462435,
          "position": {
            "x": 12.659380882789588,
            "y": 0.009462165848566462,
            "z": -28.16582448413594
          }
        },
        "lateralDisplacement": 12.65938088177082,
        "maneuverSeconds": 3.416666666666648,
        "pathMetres": 34.06223338106571,
        "yawRadians": -1.7794073775644033,
        "averageRadiusMetres": 19.142459343789515,
        "shifts": [
          {
            "time": 3.1166666666666605,
            "from": 1,
            "to": 2,
            "speed": 18.629919755941017,
            "remaining": 0
          },
          {
            "time": 5.13333333333332,
            "from": 2,
            "to": 1,
            "speed": 9.794180210767449,
            "remaining": 0
          }
        ],
        "threeContactsFraction": 1,
        "maxSlipAngle": 0.22690699627985575,
        "maxRoll": 0.05175622986253975
      },
      "brake-turn-full-left": {
        "targetEntrySpeed": 20,
        "entry": {
          "time": 3.3833333333333333,
          "speed": 20.025941533726687,
          "position": {
            "x": 1.018766739266228e-9,
            "y": 0.03931443040699173,
            "z": -0.862132633161461
          }
        },
        "finish": {
          "time": 5.3833333333333195,
          "speed": 0.1113212747566881,
          "position": {
            "x": -4.070733699997135,
            "y": 0.008039473107035733,
            "z": -19.7308657352704
          }
        },
        "lateralDisplacement": -4.070733701015901,
        "maneuverSeconds": 1.9999999999999862,
        "pathMetres": 19.929475372297432,
        "yawRadians": 0.8304753617170699,
        "averageRadiusMetres": 23.997672045431607,
        "shifts": [
          {
            "time": 3.1166666666666605,
            "from": 1,
            "to": 2,
            "speed": 18.629919755941017,
            "remaining": 0
          },
          {
            "time": 4.466666666666656,
            "from": 2,
            "to": 1,
            "speed": 9.065579181478064,
            "remaining": 0
          }
        ],
        "threeContactsFraction": 1,
        "maxSlipAngle": 0.2679572905738861,
        "maxRoll": 0.041719232339873735
      },
      "brake-turn-full-right": {
        "targetEntrySpeed": 20,
        "entry": {
          "time": 3.3833333333333333,
          "speed": 20.025941533726687,
          "position": {
            "x": 1.018766739266228e-9,
            "y": 0.03931443040699173,
            "z": -0.862132633161461
          }
        },
        "finish": {
          "time": 5.3833333333333195,
          "speed": 0.11132213487867124,
          "position": {
            "x": 4.0707332300694254,
            "y": 0.008039472984701035,
            "z": -19.73086572500935
          }
        },
        "lateralDisplacement": 4.070733229050659,
        "maneuverSeconds": 1.9999999999999862,
        "pathMetres": 19.929475226167632,
        "yawRadians": -0.830475034717776,
        "averageRadiusMetres": 23.99768131854843,
        "shifts": [
          {
            "time": 3.1166666666666605,
            "from": 1,
            "to": 2,
            "speed": 18.629919755941017,
            "remaining": 0
          },
          {
            "time": 4.466666666666656,
            "from": 2,
            "to": 1,
            "speed": 9.065579087165538,
            "remaining": 0
          }
        ],
        "threeContactsFraction": 1,
        "maxSlipAngle": 0.2679577368523164,
        "maxRoll": 0.04171921009273888
      },
      "fast-brake-turn-partial-left": {
        "targetEntrySpeed": 35,
        "entry": {
          "time": 7.216666666666667,
          "speed": 34.96688289150785,
          "position": {
            "x": -5.308666117222199e-7,
            "y": 0.06095322067524134,
            "z": -110.6114889860088
          }
        },
        "finish": {
          "time": 13.083333333333563,
          "speed": 0.19385741048788094,
          "position": {
            "x": -35.294829137605,
            "y": 0.00939385159487266,
            "z": -193.46530095515834
          }
        },
        "lateralDisplacement": -35.294828606738385,
        "maneuverSeconds": 5.866666666666896,
        "pathMetres": 102.3852394379113,
        "yawRadians": 2.3723349789539294,
        "averageRadiusMetres": 43.15800270460018,
        "shifts": [
          {
            "time": 3.1166666666666605,
            "from": 1,
            "to": 2,
            "speed": 18.629919755941017,
            "remaining": 0
          },
          {
            "time": 5.666666666666652,
            "from": 2,
            "to": 3,
            "speed": 30.49722842680939,
            "remaining": 0
          },
          {
            "time": 10.400000000000096,
            "from": 3,
            "to": 2,
            "speed": 15.98016776610808,
            "remaining": 0
          },
          {
            "time": 11.433333333333481,
            "from": 2,
            "to": 1,
            "speed": 9.748851171597648,
            "remaining": 0
          }
        ],
        "threeContactsFraction": 1,
        "maxSlipAngle": 0.2275985219662529,
        "maxRoll": 0.05175691999826004
      },
      "fast-brake-turn-partial-right": {
        "targetEntrySpeed": 35,
        "entry": {
          "time": 7.216666666666667,
          "speed": 34.96688289150785,
          "position": {
            "x": -5.308666117222199e-7,
            "y": 0.06095322067524134,
            "z": -110.6114889860088
          }
        },
        "finish": {
          "time": 13.083333333333563,
          "speed": 0.19387056111257883,
          "position": {
            "x": 35.294874879027,
            "y": 0.009393851128491115,
            "z": -193.46531617735147
          }
        },
        "lateralDisplacement": 35.29487540989361,
        "maneuverSeconds": 5.866666666666896,
        "pathMetres": 102.3852780992283,
        "yawRadians": -2.3723354384426485,
        "averageRadiusMetres": 43.15801064222204,
        "shifts": [
          {
            "time": 3.1166666666666605,
            "from": 1,
            "to": 2,
            "speed": 18.629919755941017,
            "remaining": 0
          },
          {
            "time": 5.666666666666652,
            "from": 2,
            "to": 3,
            "speed": 30.49722842680939,
            "remaining": 0
          },
          {
            "time": 10.400000000000096,
            "from": 3,
            "to": 2,
            "speed": 15.980170066304161,
            "remaining": 0
          },
          {
            "time": 11.433333333333481,
            "from": 2,
            "to": 1,
            "speed": 9.748869021840024,
            "remaining": 0
          }
        ],
        "threeContactsFraction": 1,
        "maxSlipAngle": 0.22759971339232424,
        "maxRoll": 0.051756948957530476
      },
      "fast-brake-turn-full-left": {
        "targetEntrySpeed": 35,
        "entry": {
          "time": 7.216666666666667,
          "speed": 34.96688289150785,
          "position": {
            "x": -5.308666117222199e-7,
            "y": 0.06095322067524134,
            "z": -110.6114889860088
          }
        },
        "finish": {
          "time": 10.650000000000109,
          "speed": 0.19138363505960787,
          "position": {
            "x": -10.698106141788509,
            "y": 0.007826354085727794,
            "z": -167.3597572618156
          }
        },
        "lateralDisplacement": -10.698105610921898,
        "maneuverSeconds": 3.433333333333442,
        "pathMetres": 59.63733930996861,
        "yawRadians": 1.1104308958840576,
        "averageRadiusMetres": 53.70648415045133,
        "shifts": [
          {
            "time": 3.1166666666666605,
            "from": 1,
            "to": 2,
            "speed": 18.629919755941017,
            "remaining": 0
          },
          {
            "time": 5.666666666666652,
            "from": 2,
            "to": 3,
            "speed": 30.49722842680939,
            "remaining": 0
          },
          {
            "time": 9.100000000000032,
            "from": 3,
            "to": 2,
            "speed": 15.453590702651962,
            "remaining": 0.18
          },
          {
            "time": 9.283333333333374,
            "from": 2,
            "to": 1,
            "speed": 13.612210857357024,
            "remaining": 0
          }
        ],
        "threeContactsFraction": 1,
        "maxSlipAngle": 0.27048699100066764,
        "maxRoll": 0.04192286400209387
      },
      "fast-brake-turn-full-right": {
        "targetEntrySpeed": 35,
        "entry": {
          "time": 7.216666666666667,
          "speed": 34.96688289150785,
          "position": {
            "x": -5.308666117222199e-7,
            "y": 0.06095322067524134,
            "z": -110.6114889860088
          }
        },
        "finish": {
          "time": 10.650000000000109,
          "speed": 0.19137605283874565,
          "position": {
            "x": 10.698090876422707,
            "y": 0.007826384073013504,
            "z": -167.35975726951855
          }
        },
        "lateralDisplacement": 10.698091407289319,
        "maneuverSeconds": 3.433333333333442,
        "pathMetres": 59.637330286739356,
        "yawRadians": -1.1104300545907906,
        "averageRadiusMetres": 53.70651671411809,
        "shifts": [
          {
            "time": 3.1166666666666605,
            "from": 1,
            "to": 2,
            "speed": 18.629919755941017,
            "remaining": 0
          },
          {
            "time": 5.666666666666652,
            "from": 2,
            "to": 3,
            "speed": 30.49722842680939,
            "remaining": 0
          },
          {
            "time": 9.100000000000032,
            "from": 3,
            "to": 2,
            "speed": 15.453582637749635,
            "remaining": 0.18
          },
          {
            "time": 9.283333333333374,
            "from": 2,
            "to": 1,
            "speed": 13.612202219346358,
            "remaining": 0
          }
        ],
        "threeContactsFraction": 1,
        "maxSlipAngle": 0.2704882007857655,
        "maxRoll": 0.041922931260673736
      }
    }
  },
  "tuning": {
    "legacy-p08a": {
      "id": "legacy-p08a",
      "name": "Legacy P08A",
      "torqueScale": 1,
      "shiftSeconds": 0.24,
      "steerLock": 0.53,
      "steerFalloff": 0.037,
      "lateralSteerLimit": 5.4,
      "steerRate": 1.7,
      "asphaltGripScale": 1,
      "tireStiffness": 7,
      "brakeScale": 1,
      "brakeSteerRelief": 0,
      "damperFront": 3800,
      "damperRear": 6500
    },
    "slingmods-sport-v1": {
      "id": "slingmods-sport-v1",
      "name": "SlingMods Sport",
      "torqueScale": 1.3,
      "shiftSeconds": 0.18,
      "steerLock": 0.6,
      "steerFalloff": 0.021,
      "lateralSteerLimit": 8.2,
      "steerRate": 2.7,
      "asphaltGripScale": 1.15,
      "tireStiffness": 8,
      "brakeScale": 0.7,
      "brakeSteerRelief": 0.35,
      "damperFront": 3800,
      "damperRear": 6500
    },
    "slingmods-sport-v2": {
      "id": "slingmods-sport-v2",
      "name": "SlingMods Sport v2",
      "torqueScale": 1.3,
      "shiftSeconds": 0.18,
      "steerLock": 0.6,
      "steerFalloff": 0.021,
      "lateralSteerLimit": 8.2,
      "steerRate": 2.7,
      "asphaltGripScale": 1.15,
      "tireStiffness": 8,
      "brakeScale": 1,
      "brakeSteerRelief": 0.15,
      "damperFront": 3800,
      "damperRear": 6500
    }
  },
  "build": "modified"
}
