{
  "slingmods-sport-v1": {
    "rest": {
      "finite": true,
      "minUpright": 0.9999998736949598,
      "finalZ": 35.000068667169174,
      "finalSpeed": -3.6481936475819206e-9,
      "guardTicks": 0
    },
    "straight": {
      "finite": true,
      "minUpright": 0.9998836846442773,
      "finalZ": -148.66528576544445,
      "finalSpeed": 33.75553690547465,
      "guardTicks": 0
    },
    "coast": {
      "finite": true,
      "minUpright": 0.9998836845022298,
      "finalZ": -182.99316743614668,
      "finalSpeed": 23.34150655580561,
      "guardTicks": 0
    },
    "brake": {
      "finite": true,
      "minUpright": 0.9998836845022298,
      "finalZ": -107.51586902850556,
      "finalSpeed": -0.0000010067839655732977,
      "guardTicks": 100
    },
    "reverse": {
      "finite": true,
      "minUpright": 0.9999817417105696,
      "finalZ": 75.41192112542215,
      "finalSpeed": -5.910698886159537,
      "guardTicks": 0
    },
    "moving-reverse-interlock": {
      "finite": true,
      "minUpright": 0.9998946805100405,
      "finalZ": -78.71625165752698,
      "finalSpeed": -5.456074628023214,
      "guardTicks": 0
    },
    "left-circle": {
      "finite": true,
      "minUpright": 0.9986269100215884,
      "finalZ": 67.44791526635645,
      "finalSpeed": 7.420035259911032,
      "guardTicks": 0
    },
    "right-circle": {
      "finite": true,
      "minUpright": 0.9986269078730765,
      "finalZ": 67.44790764224153,
      "finalSpeed": 7.420036526836454,
      "guardTicks": 0
    },
    "slalom": {
      "finite": true,
      "minUpright": 0.9992724260631944,
      "finalZ": -80.1527248581254,
      "finalSpeed": 11.586137530908688,
      "guardTicks": 0
    },
    "wet-traction-recovery": {
      "finite": true,
      "minUpright": 0.9994420228377112,
      "finalZ": -99.94060646099442,
      "finalSpeed": -0.006773355190788453,
      "guardTicks": 0
    },
    "wet-assisted": {
      "finite": true,
      "minUpright": 0.9998851103121275,
      "finalZ": -75.57776964523063,
      "finalSpeed": 21.382821330442756,
      "guardTicks": 0
    },
    "dry-assisted": {
      "finite": true,
      "minUpright": 0.9998834191197391,
      "finalZ": -113.01333613480574,
      "finalSpeed": 31.381337255172237,
      "guardTicks": 0
    },
    "gravel": {
      "finite": true,
      "minUpright": 0.9998990319326199,
      "finalZ": -112.78963459296003,
      "finalSpeed": 26.081738829244674,
      "guardTicks": 0
    },
    "one-wheel-bump": {
      "finite": true,
      "minUpright": 0.97737711159658,
      "finalZ": -10.734629419912709,
      "finalSpeed": 5.928471162582273,
      "guardTicks": 3
    },
    "curb": {
      "finite": true,
      "minUpright": 0.9651968903611458,
      "finalZ": -16.100529210563852,
      "finalSpeed": 6.8441400776305565,
      "guardTicks": 4
    },
    "split-seam": {
      "finite": true,
      "minUpright": 0.9998601477793307,
      "finalZ": -2.6535311800786805,
      "finalSpeed": 4.926101206268128,
      "guardTicks": 0
    },
    "barrier": {
      "finite": true,
      "minUpright": 0.9918310430646261,
      "finalZ": -58.14232253761519,
      "finalSpeed": 2.7904882561417914e-9,
      "guardTicks": 415
    },
    "drop-landing": {
      "finite": true,
      "minUpright": 0.9999605912952217,
      "finalZ": -0.0008882632461278178,
      "finalSpeed": 3.5263373735131925e-9,
      "guardTicks": 11
    },
    "incline-launch": {
      "finite": true,
      "minUpright": 0.9854233370518469,
      "finalZ": 10.595911183055858,
      "finalSpeed": 8.930001792743129,
      "guardTicks": 137
    },
    "high-speed-lock": {
      "finite": true,
      "minUpright": 0.9994649678817396,
      "finalZ": -217.68304645652609,
      "finalSpeed": 42.11836083797834,
      "guardTicks": 0
    },
    "high-speed-curb": {
      "finite": true,
      "minUpright": -0.9788005208798003,
      "finalZ": -60.95036474464459,
      "finalSpeed": -6.336916683158632,
      "guardTicks": 119
    }
  },
  "slingmods-sport-v2": {
    "rest": {
      "finite": true,
      "minUpright": 0.9999998736949598,
      "finalZ": 35.000068667169174,
      "finalSpeed": -3.6481936475819206e-9,
      "guardTicks": 0
    },
    "straight": {
      "finite": true,
      "minUpright": 0.9998836846442773,
      "finalZ": -148.66528576544445,
      "finalSpeed": 33.75553690547465,
      "guardTicks": 0
    },
    "coast": {
      "finite": true,
      "minUpright": 0.9998836845022298,
      "finalZ": -182.99316743614668,
      "finalSpeed": 23.34150655580561,
      "guardTicks": 0
    },
    "brake": {
      "finite": true,
      "minUpright": 0.9997763721079542,
      "finalZ": -92.55027770719357,
      "finalSpeed": 7.945946340796738e-9,
      "guardTicks": 0
    },
    "reverse": {
      "finite": true,
      "minUpright": 0.9999817417105696,
      "finalZ": 75.41192112542215,
      "finalSpeed": -5.910698886159537,
      "guardTicks": 0
    },
    "moving-reverse-interlock": {
      "finite": true,
      "minUpright": 0.9998946805100405,
      "finalZ": -53.667067762547234,
      "finalSpeed": -5.921138646848402,
      "guardTicks": 0
    },
    "left-circle": {
      "finite": true,
      "minUpright": 0.9986269100215884,
      "finalZ": 67.44791526635645,
      "finalSpeed": 7.420035259911032,
      "guardTicks": 0
    },
    "right-circle": {
      "finite": true,
      "minUpright": 0.9986269078730765,
      "finalZ": 67.44790764224153,
      "finalSpeed": 7.420036526836454,
      "guardTicks": 0
    },
    "slalom": {
      "finite": true,
      "minUpright": 0.9992724260631944,
      "finalZ": -80.1527248581254,
      "finalSpeed": 11.586137530908688,
      "guardTicks": 0
    },
    "wet-traction-recovery": {
      "finite": true,
      "minUpright": 0.9994420228377112,
      "finalZ": -94.6941374886571,
      "finalSpeed": -0.0000017134131853756318,
      "guardTicks": 0
    },
    "wet-assisted": {
      "finite": true,
      "minUpright": 0.9998851103121275,
      "finalZ": -75.57776964523063,
      "finalSpeed": 21.382821330442756,
      "guardTicks": 0
    },
    "dry-assisted": {
      "finite": true,
      "minUpright": 0.9998834191197391,
      "finalZ": -113.01333613480574,
      "finalSpeed": 31.381337255172237,
      "guardTicks": 0
    },
    "gravel": {
      "finite": true,
      "minUpright": 0.9998990319326199,
      "finalZ": -112.78963459296003,
      "finalSpeed": 26.081738829244674,
      "guardTicks": 0
    },
    "one-wheel-bump": {
      "finite": true,
      "minUpright": 0.97737711159658,
      "finalZ": -10.734629419912709,
      "finalSpeed": 5.928471162582273,
      "guardTicks": 3
    },
    "curb": {
      "finite": true,
      "minUpright": 0.9651968903611458,
      "finalZ": -16.100529210563852,
      "finalSpeed": 6.8441400776305565,
      "guardTicks": 3
    },
    "split-seam": {
      "finite": true,
      "minUpright": 0.9998601477793307,
      "finalZ": -2.6535311800786805,
      "finalSpeed": 4.926101206268128,
      "guardTicks": 0
    },
    "barrier": {
      "finite": true,
      "minUpright": 0.9911804807029309,
      "finalZ": -58.142257687787236,
      "finalSpeed": 6.0602296585747906e-9,
      "guardTicks": 415
    },
    "drop-landing": {
      "finite": true,
      "minUpright": 0.9999750796088837,
      "finalZ": 0.00947705069795788,
      "finalSpeed": -3.444523936319225e-9,
      "guardTicks": 0
    },
    "incline-launch": {
      "finite": true,
      "minUpright": 0.9854233370518469,
      "finalZ": -12.581880760168424,
      "finalSpeed": 8.929744686548357,
      "guardTicks": 94
    },
    "high-speed-lock": {
      "finite": true,
      "minUpright": 0.9994649678817396,
      "finalZ": -217.68304645652609,
      "finalSpeed": 42.11836083797834,
      "guardTicks": 0
    },
    "high-speed-curb": {
      "finite": true,
      "minUpright": -1.0000000260098716,
      "finalZ": -33.28691457362308,
      "finalSpeed": -1.1009990176558387e-8,
      "guardTicks": 2
    }
  }
}
