Info: Total files 17 | Changed 0 | Failed 0
Info: Saved as "slingshot-p04a1.blend"
INFO Draco mesh compression is available, use library at C:\Users\SM - Dan\Documents\GitHub\slingmods-three-wheel-tour-rebuild\.tools\blender-4.5.2-windows-x64\4.5\scripts\addons_core\io_scene_gltf2\extern_draco.dll
14:40:48 | INFO: Starting glTF 2.0 export
14:40:48 | INFO: Extracting primitive: rear_continuous_drive_belt.001
14:40:48 | WARNING: More than one shader node tex image used for a texture. The resulting glTF sampler will behave like the first shader node tex image.
14:40:48 | INFO: Primitives created: 1
14:40:48 | INFO: Extracting primitive: P03A1_upper_light_socket_left.001
14:40:48 | INFO: Primitives created: 1
14:40:48 | INFO: Extracting primitive: roll_hoop_inner_driver
14:40:48 | WARNING: More than one shader node tex image used for a texture. The resulting glTF sampler will behave like the first shader node tex image.
14:40:48 | INFO: Primitives created: 1
14:40:48 | INFO: Extracting primitive: exposed_chassis_rail_left
14:40:48 | INFO: Primitives created: 1
14:40:48 | INFO: Extracting primitive: hood_crown_left.001
14:40:48 | WARNING: More than one shader node tex image used for a texture. The resulting glTF sampler will behave like the first shader node tex image.
14:40:48 | INFO: Primitives created: 1
14:40:48 | INFO: Extracting primitive: P03A1_cheek_to_lower_return_left.001
14:40:48 | INFO: Primitives created: 2
14:40:48 | INFO: Extracting primitive: hood_inlet_dark_throat.001
14:40:48 | INFO: Primitives created: 1
14:40:48 | INFO: Extracting primitive: boarding_sill_shell_left.001
14:40:48 | INFO: Primitives created: 1
14:40:48 | INFO: Extracting primitive: console_round_control_center.001
14:40:48 | INFO: Primitives created: 1
14:40:48 | INFO: Extracting primitive: ride_command_lens.001
14:40:48 | INFO: Primitives created: 1
14:40:48 | INFO: Extracting primitive: instrument_lens.001
14:40:48 | INFO: Primitives created: 1
14:40:48 | INFO: Extracting primitive: console_round_control
14:40:48 | INFO: Primitives created: 1
14:40:48 | INFO: Extracting primitive: autodrive_console_shell.001
14:40:48 | INFO: Primitives created: 1
14:40:48 | INFO: Extracting primitive: console_pocket_floor.001
14:40:48 | INFO: Primitives created: 1
14:40:48 | INFO: Extracting primitive: Mesh
14:40:48 | WARNING: More than one shader node tex image used for a texture. The resulting glTF sampler will behave like the first shader node tex image.
14:40:48 | INFO: Primitives created: 1
14:40:48 | INFO: Extracting primitive: P03A1_label_D.001
14:40:48 | INFO: Primitives created: 1
14:40:48 | INFO: Extracting primitive: cockpit_firewall.001
14:40:48 | INFO: Primitives created: 1
14:40:48 | INFO: Extracting primitive: windshield_curved.001
14:40:48 | INFO: Primitives created: 1
14:40:48 | INFO: Extracting primitive: P03A1_steering_static_switch.006
14:40:48 | INFO: Primitives created: 1
14:40:48 | INFO: Extracting primitive: autodrive_paddle.002
14:40:48 | INFO: Primitives created: 1
14:40:48 | INFO: Extracting primitive: P03A1_steering_D_grip
14:40:48 | INFO: Primitives created: 1
14:40:48 | INFO: Extracting primitive: P03A1_steering_polygon_hub.001
14:40:48 | INFO: Primitives created: 1
14:40:48 | INFO: Extracting primitive: front_left_hub_recess.002
14:40:48 | INFO: Primitives created: 1
14:40:48 | INFO: Extracting primitive: front_left_lug_nut.010
14:40:48 | INFO: Primitives created: 1
14:40:48 | INFO: Extracting primitive: front_left_lug_well.010
14:40:48 | INFO: Primitives created: 1
14:40:48 | INFO: Extracting primitive: front_left_tire.002
14:40:48 | WARNING: More than one shader node tex image used for a texture. The resulting glTF sampler will behave like the first shader node tex image.
14:40:48 | INFO: Primitives created: 1
14:40:48 | INFO: Extracting primitive: front_left_brake_disc.002
14:40:48 | INFO: Primitives created: 1
14:40:48 | INFO: Extracting primitive: front_left_stationary_caliper.001
14:40:48 | INFO: Primitives created: 1
14:40:48 | INFO: Extracting primitive: front_right_hub_recess.002
14:40:48 | INFO: Primitives created: 1
14:40:48 | INFO: Extracting primitive: front_right_lug_nut.010
14:40:48 | INFO: Primitives created: 1
14:40:48 | INFO: Extracting primitive: front_right_lug_well.010
14:40:48 | INFO: Primitives created: 1
14:40:48 | INFO: Extracting primitive: front_right_tire.002
14:40:48 | INFO: Primitives created: 1
14:40:48 | INFO: Extracting primitive: front_right_brake_disc.002
14:40:48 | INFO: Primitives created: 1
14:40:48 | INFO: Extracting primitive: front_right_stationary_caliper.001
14:40:48 | INFO: Primitives created: 1
14:40:48 | INFO: Extracting primitive: rear_tail_lamp_bed_left.001
14:40:48 | INFO: Primitives created: 1
14:40:48 | INFO: Extracting primitive: lights_brake_left
14:40:48 | INFO: Primitives created: 1
14:40:48 | INFO: Extracting primitive: lights_head_center_clear_cover.001
14:40:48 | INFO: Primitives created: 1
14:40:48 | INFO: Extracting primitive: lights_head_diagonal_left.002
14:40:48 | INFO: Primitives created: 1
14:40:48 | INFO: Extracting primitive: lights_head_center_projector_eye.005
14:40:48 | INFO: Primitives created: 1
14:40:48 | INFO: Extracting primitive: lights_head_center_reflector_cell.005
14:40:48 | INFO: Primitives created: 1
14:40:48 | INFO: Extracting primitive: lights_head_center.001
14:40:48 | INFO: Primitives created: 1
14:40:48 | INFO: Extracting primitive: lights_signals_left_clear_cover.001
14:40:48 | INFO: Primitives created: 1
14:40:48 | INFO: Extracting primitive: lights_signals_left_reflector_cell.005
14:40:48 | INFO: Primitives created: 1
14:40:48 | INFO: Extracting primitive: lights_signals_left.001
14:40:48 | INFO: Primitives created: 1
14:40:48 | INFO: Extracting primitive: rear_arm_hub_boss.001
14:40:48 | INFO: Primitives created: 1
14:40:48 | INFO: Extracting primitive: rear_open_pulley_guard.001
14:40:48 | INFO: Primitives created: 1
14:40:48 | INFO: Extracting primitive: Cylinder.073
14:40:48 | INFO: Primitives created: 1
14:40:48 | INFO: Extracting primitive: shock_upper_chassis_bracket_-1.001
14:40:48 | INFO: Primitives created: 1
14:40:48 | INFO: Extracting primitive: rear_central_forward_bulkhead.001
14:40:48 | INFO: Primitives created: 1
14:40:48 | INFO: Extracting primitive: rear_stationary_caliper.001
14:40:48 | INFO: Primitives created: 1
14:40:48 | INFO: Extracting primitive: rear_drive_pulley.001
14:40:48 | INFO: Primitives created: 1
14:40:48 | INFO: Extracting primitive: rear_lug_nut.010
14:40:48 | INFO: Primitives created: 1
14:40:48 | INFO: Extracting primitive: rear_lug_well.010
14:40:48 | INFO: Primitives created: 1
14:40:48 | INFO: Extracting primitive: rear_tire.002
14:40:48 | INFO: Primitives created: 1
14:40:48 | INFO: Extracting primitive: rear_brake_disc.002
14:40:48 | INFO: Primitives created: 1
14:40:48 | INFO: Extracting primitive: storage_access_lip_left.001
14:40:48 | INFO: Primitives created: 1
14:40:48 | INFO: Extracting primitive: storage_access_latch_left.001
14:40:48 | INFO: Primitives created: 1
14:40:48 | INFO: Extracting primitive: rear_storage_left_shell.001
14:40:48 | INFO: Primitives created: 1
14:40:48 | INFO: Extracting primitive: rear_shock_upper_eye.001
14:40:48 | INFO: Primitives created: 1
14:40:48 | INFO: Extracting primitive: rear_shock_upper_sleeve.001
14:40:48 | INFO: Primitives created: 1
14:40:48 | INFO: Extracting primitive: rear_shock_lower_eye.001
14:40:48 | INFO: Primitives created: 1
14:40:48 | INFO: Extracting primitive: rear_coil_spring.001
14:40:48 | INFO: Primitives created: 1
14:40:48 | INFO: Extracting primitive: Cylinder.019
14:40:48 | INFO: Primitives created: 1
14:40:48 | INFO: Extracting primitive: front_spring_left
14:40:48 | INFO: Primitives created: 1
14:40:48 | INFO: Extracting primitive: Cylinder.067
14:40:48 | INFO: Primitives created: 1
14:40:48 | INFO: Extracting primitive: Cylinder.031
14:40:48 | INFO: Primitives created: 1
14:40:48 | INFO: Extracting primitive: front_spring_right
14:40:48 | INFO: Primitives created: 1
14:40:48 | INFO: Extracting primitive: Cylinder.068
14:40:48 | INFO: Primitives created: 1
14:40:48 | INFO: Finished glTF 2.0 export in 0.41312599182128906 s

P03A_EXPORT {"stage": "mapped", "baseline_unmodified": true, "source_objects": 698, "export_meshes": 68, "export_color_primitives": 69, "triangles": 210315, "bounds_blender_m": [[-0.9926999807357788, 1.0068292617797852], [-1.6790000200271606, 2.1463053226470947], [0.0, 1.3127319812774658]], "dimensions_m": {"width": 1.999529242515564, "length": 3.8253053426742554, "height": 1.3127319812774658}, "materials": ["P03A_Amber_Lens", "P03A_Amber_Reflector", "P03A_Brake_Caliper", "P03A_Clear_Optical_Cover", "P03A_Gloss_Black_Wheel", "P03A_Instrument_Glass", "P03A_Instrument_Scale", "P03A_Machined_Aluminum", "P03A_Optical_Lens", "P03A_Optical_Reflector", "P03A_Orange_Accent", "P03A_Radar_Blue", "P03A_Recess_Black", "P03A_Rubber", "P03A_Seat_Charcoal", "P03A_Seat_Silver", "P03A_Tail_Lens", "P03A_Textured_Polymer", "P03A_Wind_Deflector"], "batches": [{"name": "cockpit__Radar_Blue", "binding": "cockpit", "triangles": 2824}, {"name": "steering_control__Machined_Aluminum", "binding": "steering_control", "triangles": 968}, {"name": "body_static__Textured_Polymer", "binding": "body_static", "triangles": 26796}, {"name": "cockpit__Textured_Polymer", "binding": "cockpit", "triangles": 15732}, {"name": "cockpit__Recess_Black", "binding": "cockpit", "triangles": 752}, {"name": "cockpit__Machined_Aluminum", "binding": "cockpit", "triangles": 4300}, {"name": "cockpit__Gloss_Black_Wheel", "binding": "cockpit", "triangles": 564}, {"name": "body_static__Orange_Accent", "binding": "body_static", "triangles": 80}, {"name": "suspension_front_left__Machined_Aluminum", "binding": "suspension_front_left", "triangles": 176}, {"name": "suspension_front_right__Machined_Aluminum", "binding": "suspension_front_right", "triangles": 176}, {"name": "suspension_front_left__Textured_Polymer", "binding": "suspension_front_left", "triangles": 44}, {"name": "suspension_front_right__Textured_Polymer", "binding": "suspension_front_right", "triangles": 44}, {"name": "front_left_spin__Textured_Polymer", "binding": "front_left_spin", "triangles": 256}, {"name": "front_left_spin__Gloss_Black_Wheel", "binding": "front_left_spin", "triangles": 9076}, {"name": "front_left_spin__Machined_Aluminum", "binding": "front_left_spin", "triangles": 6248}, {"name": "front_left_spin__Recess_Black", "binding": "front_left_spin", "triangles": 800}, {"name": "front_left_steer__Brake_Caliper", "binding": "front_left_steer", "triangles": 188}, {"name": "front_left_spin__Rubber", "binding": "front_left_spin", "triangles": 3584}, {"name": "front_right_spin__Textured_Polymer", "binding": "front_right_spin", "triangles": 256}, {"name": "front_right_spin__Gloss_Black_Wheel", "binding": "front_right_spin", "triangles": 9076}, {"name": "front_right_spin__Machined_Aluminum", "binding": "front_right_spin", "triangles": 6248}, {"name": "front_right_spin__Recess_Black", "binding": "front_right_spin", "triangles": 800}, {"name": "front_right_steer__Brake_Caliper", "binding": "front_right_steer", "triangles": 188}, {"name": "front_right_spin__Rubber", "binding": "front_right_spin", "triangles": 3584}, {"name": "suspension_front_left__Orange_Accent", "binding": "suspension_front_left", "triangles": 1920}, {"name": "suspension_front_right__Orange_Accent", "binding": "suspension_front_right", "triangles": 1920}, {"name": "body_static__Radar_Blue", "binding": "body_static", "triangles": 40396}, {"name": "body_static__Recess_Black", "binding": "body_static", "triangles": 1276}, {"name": "cockpit__Instrument_Scale", "binding": "cockpit", "triangles": 188}, {"name": "lights_head__Gloss_Black_Wheel", "binding": "lights_head", "triangles": 456}, {"name": "lights_brake__Tail_Lens", "binding": "lights_brake", "triangles": 120}, {"name": "lights_head__Recess_Black", "binding": "lights_head", "triangles": 6}, {"name": "lights_head__Clear_Optical_Cover", "binding": "lights_head", "triangles": 564}, {"name": "lights_head__Optical_Lens", "binding": "lights_head", "triangles": 3492}, {"name": "lights_head__Optical_Reflector", "binding": "lights_head", "triangles": 104}, {"name": "lights_signals__Recess_Black", "binding": "lights_signals", "triangles": 4}, {"name": "lights_signals__Amber_Lens", "binding": "lights_signals", "triangles": 376}, {"name": "lights_signals__Amber_Reflector", "binding": "lights_signals", "triangles": 80}, {"name": "cockpit__Seat_Silver", "binding": "cockpit", "triangles": 6177}, {"name": "body_static__Radar_Blue_Textured_Polymer", "binding": "body_static", "triangles": 696}, {"name": "cockpit__Seat_Charcoal", "binding": "cockpit", "triangles": 18608}, {"name": "steering_control__Seat_Charcoal", "binding": "steering_control", "triangles": 2560}, {"name": "steering_control__Textured_Polymer", "binding": "steering_control", "triangles": 708}, {"name": "steering_control__Gloss_Black_Wheel", "binding": "steering_control", "triangles": 1128}, {"name": "body_static__Gloss_Black_Wheel", "binding": "body_static", "triangles": 800}, {"name": "rear_arm_visual__Orange_Accent", "binding": "rear_arm_visual", "triangles": 436}, {"name": "rear_axle_visual__Machined_Aluminum", "binding": "rear_axle_visual", "triangles": 556}, {"name": "rear_spin__Textured_Polymer", "binding": "rear_spin", "triangles": 256}, {"name": "rear_body_static__Textured_Polymer", "binding": "rear_body_static", "triangles": 432}, {"name": "shock_spring_visual__Orange_Accent", "binding": "shock_spring_visual", "triangles": 2572}, {"name": "belt_visual__Textured_Polymer", "binding": "belt_visual", "triangles": 784}, {"name": "rear_spin__Gloss_Black_Wheel", "binding": "rear_spin", "triangles": 9588}, {"name": "rear_spin__Machined_Aluminum", "binding": "rear_spin", "triangles": 6600}, {"name": "rear_spin__Recess_Black", "binding": "rear_spin", "triangles": 800}, {"name": "rear_arm_visual__Radar_Blue", "binding": "rear_arm_visual", "triangles": 316}, {"name": "shock_piston_visual__Machined_Aluminum", "binding": "shock_piston_visual", "triangles": 604}, {"name": "shock_body_visual__Machined_Aluminum", "binding": "shock_body_visual", "triangles": 512}, {"name": "shock_body_visual__Textured_Polymer", "binding": "shock_body_visual", "triangles": 92}, {"name": "rear_caliper_visual__Brake_Caliper", "binding": "rear_caliper_visual", "triangles": 188}, {"name": "rear_storage_static__Textured_Polymer", "binding": "rear_storage_static", "triangles": 1524}, {"name": "lights_brake__Seat_Charcoal", "binding": "lights_brake", "triangles": 328}, {"name": "rear_spin__Rubber", "binding": "rear_spin", "triangles": 3584}, {"name": "cockpit__Instrument_Glass", "binding": "cockpit", "triangles": 188}, {"name": "body_static__Machined_Aluminum", "binding": "body_static", "triangles": 120}, {"name": "rear_body_static__Machined_Aluminum", "binding": "rear_body_static", "triangles": 216}, {"name": "rear_storage_static__Machined_Aluminum", "binding": "rear_storage_static", "triangles": 304}, {"name": "rear_storage_static__Gloss_Black_Wheel", "binding": "rear_storage_static", "triangles": 216}, {"name": "cockpit__Wind_Deflector", "binding": "cockpit", "triangles": 5760}], "source": "assets\\blender\\vehicles\\slingshot-p04a1.blend", "maps": [{"name": "instrument-scale_basecolor", "width": 512, "height": 512}, {"name": "machined-alloy_basecolor", "width": 512, "height": 512}, {"name": "machined-alloy_normal", "width": 512, "height": 512}, {"name": "machined-alloy_orm", "width": 512, "height": 512}, {"name": "molded-polymer_basecolor", "width": 512, "height": 512}, {"name": "molded-polymer_normal", "width": 512, "height": 512}, {"name": "molded-polymer_orm", "width": 512, "height": 512}, {"name": "P03A1_radar_blue_coverage_AA", "width": 2048, "height": 2048}, {"name": "radar-blue_normal", "width": 1024, "height": 1024}, {"name": "radar-blue_orm", "width": 1024, "height": 1024}, {"name": "road-tire_basecolor", "width": 1024, "height": 1024}, {"name": "road-tire_normal", "width": 1024, "height": 1024}, {"name": "road-tire_orm", "width": 1024, "height": 1024}, {"name": "sport-seat_basecolor", "width": 1024, "height": 1024}, {"name": "sport-seat_normal", "width": 1024, "height": 1024}, {"name": "sport-seat_orm", "width": 1024, "height": 1024}], "limits": ["No rider or G3 readiness claim", "Actual runtime light-sweep review required", "Panel vertices are reference estimates, not OEM CAD", "Hardware performance is not inferred from asset census"]}
REAR_CANDIDATE {"status": "Candidate01 exported; not yet evaluated by runtime reviewer", "protectedEvaluatedComponents": 687, "comparisonMethod": "Strict within-process evaluated vertex/triangle/UV bytes before and after rear surgery; old process hash order can differ for existing Boolean console", "baselineProcessHashes": {"autodrive_console_shell": "e40aa7723323dce1ee4009d8d4d6f3f88a9a1bfedd16f4840e2e56b21aa6ff97", "autodrive_paddle": "268dcd2fe4c2ba4d9ba843b289f874cfbbc90d3e98878115ad4fc708bd8f9c16", "autodrive_paddle.001": "90e5aee483ff508d03333f2d6f49e04b43c72ca8e10b13182c3f960ffcc052fd", "boarding_sill_shell_left": "3a13bee149b26cd59791dcc5c574133bc6ea3acd95ba163fe837280c9a8eac64", "boarding_sill_shell_right": "5a301e122bc6a3b5e5a3f0a54b3d9a4d7ce18f4530b4e8d7b376f32d1d66733b", "central_lamp_projector_division": "f7916458afbb4f902b2eea636d7f517fa0ebba577c9e5122dde1c0e4670c8a11", "central_lamp_projector_division.001": "f7916458afbb4f902b2eea636d7f517fa0ebba577c9e5122dde1c0e4670c8a11", "central_lamp_projector_division.002": "f7916458afbb4f902b2eea636d7f517fa0ebba577c9e5122dde1c0e4670c8a11", "cockpit_firewall": "d5b5bd8b3bdad756adbd2e23fa6715de0fd4b6fbefb4d006c9c4cae413eabb48", "console_pocket_floor": "8717adfb5e96c6e43b0206c290e07410170c9b295972756e36426f61741f9dd0", "console_pocket_wall": "e62aaff133929009905db5bf7f41b50f1d906d6c1156f4079b5496b1a7941b00", "console_pocket_wall.001": "3e10cad7595cdd3bdf1ddc309a5d4a011f91d89fe0ae75f91725d97e3e746f4d", "console_pocket_wall.002": "9c11dc217098271e3374aa96744d6a30911ce67171f6cd93ef5017860fddca0c", "console_pocket_wall.003": "55c833035ca4c9cbf3b2bf5a51ce697092329abaaa1e93b8f0b51fad632a6295", "console_round_control": "3eaae2faa4872bd5b4de9cf912c7136678aeac1efc6b2d49bb5416ee336b6aad", "console_round_control_center": "043db3be41e550f0940b5ca1712ac11b3e5ec5421a1e1dc63685afc98c6f8691", "console_start_center": "f9955c2c6fa5a303616a78d613cd7d677c62c1aac60e9fb4883733b64d2f9696", "console_start_ring": "5bfea32d180a0d835e54cef1044789bf05ff9ba66e260473e4aa9e1ac001aad8", "console_switch": "4fcfc1c24b9583644ae2eb200150612d933965d368119433d9cd76555ed1c9c6", "console_switch.001": "7516126cb9a7fc84b94e68ba83a57dafb2dbf7e1cd6f77f0dd3de7bb010c3323", "console_switch.002": "d9db6b28b256e53c6a225e9e72af5e3073bae7a8560ebb7c1bf7e582d4278088", "console_switch_housing": "595196c096cfecf9d496dc8f5aec4245dca54419851e3bf5690472e9c410cdcd", "console_switch_recess": "51be605a72265ab3e2b1b0dd39df3b42111b275408b5b538b1d717f7b65f9317", "console_switch_recess.001": "477c6729a127b3d6ece3d80d252102331631a2d0309945e551df2384c48d4605", "console_switch_recess.002": "32ef30cc593039182871a9dce2b7c3a1981868b18239d312fefb34b265fd70fd", "dashboard_continuous": "7ae678a57fef9438ef331bfeb5ebc5da12a9ac486c9b0965cbe976f317600d3a", "drive_belt": "5db2a8c6bd54f73abd734909933d464dac2707c5539f9b38c5acabcd2619a827", "exposed_chassis_rail_left": "97a0925abfb6c68d6efe8e923f79bfc07818456f675203ff0666315ca253b740", "exposed_chassis_rail_right": "e10a1d31f112070caed6fe0b3207ef16bf2dc7ec3d9c992bdfe2d9d644ce2369", "floor_driver": "e9a564f18dc1ee2bb115400e028da0dc84915f07cb4d4911749d1db52290dc20", "floor_passenger": "55a6b611aec294e80dc3a56363762f56f6f44c5c985585f3a693337a1e3828d3", "front_A_arm_left": "5f2308909edf60aefc710f4fe7f4ecf78e3c923df5d38d05767fe732c5a54c3d", "front_A_arm_left.001": "106b72bfec171b3c15aa16faf7d6999565499c3a4f77ee3d84d52016b3a5a563", "front_A_arm_left.002": "5f2308909edf60aefc710f4fe7f4ecf78e3c923df5d38d05767fe732c5a54c3d", "front_A_arm_left.003": "106b72bfec171b3c15aa16faf7d6999565499c3a4f77ee3d84d52016b3a5a563", "front_A_arm_right": "5f2308909edf60aefc710f4fe7f4ecf78e3c923df5d38d05767fe732c5a54c3d", "front_A_arm_right.001": "106b72bfec171b3c15aa16faf7d6999565499c3a4f77ee3d84d52016b3a5a563", "front_A_arm_right.002": "5f2308909edf60aefc710f4fe7f4ecf78e3c923df5d38d05767fe732c5a54c3d", "front_A_arm_right.003": "106b72bfec171b3c15aa16faf7d6999565499c3a4f77ee3d84d52016b3a5a563", "front_damper_left": "230b4842953ae0f27ab6d73ffdf480cc37134f065458d59011c00f0e434d9e03", "front_damper_right": "230b4842953ae0f27ab6d73ffdf480cc37134f065458d59011c00f0e434d9e03", "front_left_brake_disc": "e280f64f74b603ddef39eafcf2d5bb6c857715ebd8470d2b6c669e2a712c9ce1", "front_left_brake_disc.001": "ea6bbcd71dec13bf6ac739ae3e2b5bc8d79041cd2954e7adab5e062ef648c10d", "front_left_hub_recess": "58e11e16f636d2b73dc0ce3303a541695cdf3ff20fb7f52376b1e0d8822d17ad", "front_left_hub_recess.001": "cb0a85cb39beb13a1dbc80f5f763ec70b1e5a4d3b833dbf667256ee224d4a319", "front_left_lug_nut": "2fb8433c7079417c00ad85875777eb69f50a816b6ca116563d592517a9dea4cd", "front_left_lug_nut.001": "60b4b2333ba0ac1dfc619bb5bd9a00aa0acdbd7064f016f226652ca96dd5387c", "front_left_lug_nut.002": "ceadc491f8e439fc7d85d893fe705127087f80c386a5feb52650a9df9ecac6bc", "front_left_lug_nut.003": "5047bbe93a652dfa0661bdc3faa64e694168d5bb045ee0b39ea628bf3718a624", "front_left_lug_nut.004": "2f1c38364d7d607e394549342099121c6d29e1ecd5c9d479f8367ddf71855e8f", "front_left_lug_nut.005": "723f37ebf355bdf4ca31b5ebaeea9eaa279dd90bf2a7b86edab16026fa26f08c", "front_left_lug_nut.006": "dadbc6868b01b34b66dcff807e5828ac53b7ce3cb2dede0d7095c8154dc65b11", "front_left_lug_nut.007": "6d67de16affe419ecefe6bde203c0d82539cbd27f78d9d28ec2240c8c7246f9b", "front_left_lug_nut.008": "157e9b81aad93dea3e10fbe4601e1d71a356ed05eb8cee775a7c5f2fa8a0d845", "front_left_lug_nut.009": "c410c3502fe23081acc035fc3cc009ea8c45365e59aacb5d42a7e945a11c3a81", "front_left_lug_well": "32bf6ee4d478c91e23a7e7e0a1132844eaea98201bda4591365afbb22cd403fe", "front_left_lug_well.001": "8d261e40cfc2cfbecddec215a4923dda9bc55697a8356509129e15d6f1277d30", "front_left_lug_well.002": "578d0206044c7890aaccbead779c94f1ec98c6ea24784c52a840cfb8eb704a11", "front_left_lug_well.003": "61bf8b3e190b9da7fd116446c906080f1f5c2b43f2a7cae21ede414075f9fe8f", "front_left_lug_well.004": "01169073e88302558560cfbbe862bdaebcee53a5ee27c41ba805062deaf4df1f", "front_left_lug_well.005": "8ea85d72ab4dfa557093d6c8529d21904846c9755ada2d25efe3d0f30b0150ca", "front_left_lug_well.006": "92d076346fbff24c7a0c73fc73fa507cae759ec488bfaad925b300b3ca214f80", "front_left_lug_well.007": "bad569908acd90f0835983693caba925b7d922b771754a2aea6dd2a8d91f68d0", "front_left_lug_well.008": "0c66c73b56326302f8f978ae4c479cd8487796d21247128f5ca46354210c5b00", "front_left_lug_well.009": "c1579cbe656ecfa1b3f4e028349d8f5a873cfb51a3b57f396933b1f9d4b336f1", "front_left_rim_barrel": "f9cb4fae64ec7bd7d8bda5470ee31a03a214bf7d5e7e649d64cc39613dd248ef", "front_left_rim_machined_channel": "045dc9a54a58ed04d685674c378741dfa85cdd8a9534ddefc1f029b372835390", "front_left_rim_machined_channel.001": "229eb1601eb17e77dae5ec9f0d8c0940326f2efc184c191d6d7b37f969eb6138", "front_left_shoulder_sipe": "21c1646d6e02c09baaaeff636717366fe14ce79d803179ca1d76e151d492e160", "front_left_shoulder_sipe.001": "2a6dcd40b0b7a891bbd1440d382b92e044bcd7665e88ccb1351c0f7fd77aedae", "front_left_shoulder_sipe.002": "b0fae71c079f0e838a9992bc4985d1587eae60fdfe898638f444bf0430469b6e", "front_left_shoulder_sipe.003": "40e74b554a0d119f4abf9c7366c13c6eeaed0ecdc8c2cc1198ccdca1ca632e81", "front_left_shoulder_sipe.004": "b2600de5ecd2812435edca29e88ce0d4e50d77e4d9bdcb44ce7aa4e6968ba612", "front_left_shoulder_sipe.005": "118b07a2fc8a267cd70b6d64fe51a07a73b79b039cb16d527da8f6942b9308f4", "front_left_shoulder_sipe.006": "f1f48b14d6d2faa7016a487beba5af4a6d85b0d7eeef7286ae27daea12317c1c", "front_left_shoulder_sipe.007": "906aaec3cd19fe83107aa3993a38c6b1927b458d1643cbcaf13fcb04d55957ac", "front_left_shoulder_sipe.008": "f697afe94273650861b12d23b995f11e75489350bc48feeb7e7b4614e2d773a7", "front_left_shoulder_sipe.009": "dcbf8ba5629578c98e39f7497031e24bb8c3e328c3ed86a4194ccef15be29528", "front_left_shoulder_sipe.010": "1bf5b402b2d8a6a585dc1b8c9ecafe94d96ceb5e358097c462b326459f2ea65b", "front_left_shoulder_sipe.011": "5e07051972facad36e010ab94fbcd346d522d9721dfad347fe306b2e22a670cd", "front_left_shoulder_sipe.012": "5b70e38f850ff24e1e533d35e044d3ac3fa44f1bb3c43d7d34f9d621e8ed0748", "front_left_shoulder_sipe.013": "cdced19d6da2316cc754e6bf60661574cd02b947ddc7b3c60cd28e35882b69dc", "front_left_shoulder_sipe.014": "db6475b51d2f42168fb66e08d7fcd76ff0bbdbebc39630918aea5a5027465ebe", "front_left_shoulder_sipe.015": "cf491ce45a1e21172da4631e0c16993d7d827cc1f9c11a772b9b10fc7b7ced9b", "front_left_shoulder_sipe.016": "3efc60288f57b4eaa3c5eb60c94d846479ade577d11456087fdcf0376d4738c5", "front_left_shoulder_sipe.017": "ff5977d1b4a7a47b469bf38ff77b695e5d4aa4cdf345992307e93b8ca180f9fb", "front_left_shoulder_sipe.018": "031c72e5b96c719751668a82bd578bb1efa23abe14fc604e76287e9bf88cdb2d", "front_left_shoulder_sipe.019": "8246a358e1ccf849dcb50158777f02b7d6a4e1d3a27efd0595746e7bad923091", "front_left_shoulder_sipe.020": "0f59abbe1e151fd926671c5781b9568a386fe09c7ae8ebb4afadb4f292363c7a", "front_left_shoulder_sipe.021": "fa336d619c87435d6c895e333e0939ca7aa13f522d6ae2cb89b280ca3d750bed", "front_left_shoulder_sipe.022": "e7ea6908413a86eeab48e94b7eea877aa95c46c14dfde1fe6f918034d9d8e708", "front_left_shoulder_sipe.023": "a4391b5fc679076c7e01b5107e29c0b0915ec54dee853a8c256c42360022f81a", "front_left_shoulder_sipe.024": "b5a19899b01d1beb2cb2b733fdd317e5bc7eea0ffdd85a1c9d988fc91c945048", "front_left_shoulder_sipe.025": "bbdb7e96f427b08f92786cf9e36526d15c0d7bb48ef5787a7066cba4657be5df", "front_left_shoulder_sipe.026": "a745ab773684dfd4677f40c57ceed722a2a9a430c064d8ab06e25abf6e90040b", "front_left_shoulder_sipe.027": "0c72bf085af66dc28b5a164340893c23779281f83bdb4e5158b856fa38f78577", "front_left_shoulder_sipe.028": "c51ae56b64f08a9acc499c5860edd6cae3130433cfed803c5baafd7c708a087b", "front_left_shoulder_sipe.029": "6ec0354190013ca4d84ccdb683be762617e9db8eb69c7640a9352f24f6e9a950", "front_left_shoulder_sipe.030": "2b6568a6b706616d8779947716afd9c9e2e91e7572848deaaddcb88d67253535", "front_left_shoulder_sipe.031": "a6b26ca464b1c2edd7f0e4e86e3e8339a28b2a98f71fb114248bfc4e04b80b00", "front_left_shoulder_sipe.032": "7266bcacc682471243bdb7763cc44cacd493aa6de3f02979ab6c0bffb61a9442", "front_left_shoulder_sipe.033": "7fd906ebf65879e74ed38cc2681f7630214b46ce272a3f5d2562b88b40f92349", "front_left_shoulder_sipe.034": "6c1f8e911ffdc6bce30c97e25fcf0bcce8837e036264eec3e4ae2f540c00547a", "front_left_shoulder_sipe.035": "1ec1d834b5a9892cb103caef2e679f01d6b018ec2d251a6966796a14e38afc7b", "front_left_shoulder_sipe.036": "c0b815bf843d8d9f66b23aaf2b9957ed417e88cfdd0f296a58a1a4cc683c8364", "front_left_shoulder_sipe.037": "4cf1d09e1bd15f411b8a869ac981d7e3e133ffee0ed906439cdc8e3670462e81", "front_left_shoulder_sipe.038": "c2334fedc0ca0b14b2781c38ceff57f6ce7a2fe6bbb57172f689e26ff15d7ba9", "front_left_shoulder_sipe.039": "321041c1ded1215cfc866b91b4f3347bf75046ca1ec556d763a013836f7237c6", "front_left_shoulder_sipe.040": "78fd6b6f358889686a32b316c1a1f3ed13e08b332fc459bce9f3ca60c707dd44", "front_left_shoulder_sipe.041": "b8b0b96317e0021f215f08099f4261aae8a1c042f100a0d7b5a7abf7b0863f02", "front_left_shoulder_sipe.042": "258def9b634f89b4f6dde8989ccdc77a9821b15fbf145c6c079ed23e3650a2d2", "front_left_shoulder_sipe.043": "47a41530cfab99ae159e4ba0d8550e608f0947de9453e2c88f893e010edf6358", "front_left_shoulder_sipe.044": "2f3760e90f0a6efc4f9f0ef79d72e83486a9928dbbedb300655648a7f757b939", "front_left_shoulder_sipe.045": "18c7fe19c863d8fd74c98448cd4c989a8c33a360b05943d3c66007288d633914", "front_left_shoulder_sipe.046": "d59aaaf771a350fc0eaf51b4e03e556f6295c56b754fa9293a06620b3b9ee802", "front_left_shoulder_sipe.047": "d0dae0d398159912bf71cdf68077c072b78ac07cf8ae9e6d22ae1a9c580d2b87", "front_left_shoulder_sipe.048": "37c3e25366a802c6b2b132b721b388fb4f3b070355552311e71c53d5e86966cb", "front_left_shoulder_sipe.049": "4e51b7eae27598d858d4e672e995311ca1741b4c17cde721cad7885462b0fbcf", "front_left_shoulder_sipe.050": "5b199df92403314c60493acf83d2e482bf3a2d91b7d8f589e574f4d08fa8d7c8", "front_left_shoulder_sipe.051": "b7b819198c1c2a29f6603b7aecb6dfeeaabcb0c9e28e9be9ab97fbfbba967467", "front_left_shoulder_sipe.052": "5819929afd31e432df55025a6d4d9ab846bbb15d57496c3964447cdde2d605c7", "front_left_shoulder_sipe.053": "54de87dce30991135b5eaf89e0d895e52c5bba5d03b87cc69f15b00cb189c78b", "front_left_shoulder_sipe.054": "5ba1e3023cc7d97858e6f3c0cd62e2e70832ddb9fb623b30a12c3de69ead1ea8", "front_left_shoulder_sipe.055": "8a737d3c6f6d7d87679a09286c1b49f25a9c9995fd88d393815154c39bca5b5f", "front_left_shoulder_sipe.056": "1670725b164cf23dc0a1ccf6819f8732a429da839cfd191d34cd0001d6d1e0ca", "front_left_shoulder_sipe.057": "cdb314c3b5be6b30df48210a96616401a85220293b941e9b7fca4b58221e5237", "front_left_shoulder_sipe.058": "207a0a368703320e75c339df2e5812380e57903f9e35dbea44c15ce11bcd87b9", "front_left_shoulder_sipe.059": "f27fdcf1542f61099a8ac039549b8399218285ce2231959643bb84c7b33608ee", "front_left_shoulder_sipe.060": "926990209bdc42a2b9973b5510a6fb51d49e9d88205a8b8217b1f6569e8d01b6", "front_left_shoulder_sipe.061": "a6e2894211545cb46b95220f7b6e139dcbaa3c86062615ebf35fea8023dd1754", "front_left_shoulder_sipe.062": "deac9be0290217423a9929607b39eb7a74c6853ca113c67920038858b2450ef7", "front_left_shoulder_sipe.063": "9ee5030555c3b720300ad533391062153a85e3dbaa18aa2a7e5846228845237a", "front_left_shoulder_sipe.064": "da569644bf837e3945e943809627ecc07059e97272887e008a716c0252cbbda4", "front_left_shoulder_sipe.065": "5dbce39f971970b9b8dc0bf837d6f57f9a1ebc1fea5f1fd58322a20ebd46e64a", "front_left_shoulder_sipe.066": "7014e6c494dc530f30d883937f171c5198cc746b5615ff621e336ddbc400d62b", "front_left_shoulder_sipe.067": "43caab2a78499a5961c53e0ed6cd5d3a2b6daaf922dac0e3b37d4f3daedf2ce0", "front_left_shoulder_sipe.068": "00d0fb9f95ce3056a1eed26bb6ea7fd31ae676407964757c4a50748f49d7a5c7", "front_left_shoulder_sipe.069": "61f5d323f6b16f0ff7100fe38b51279625595d8cd0494fc5551d587fa53a58ef", "front_left_shoulder_sipe.070": "3ec8267ddc0699405e80cc46b90c00aaa47f709a7460d8fa96c28875b55af69e", "front_left_shoulder_sipe.071": "5050cd7ef250e9dfb1a8145d8c4f2c0a0b1beaf2279e18bc3ded8a157e565739", "front_left_shoulder_sipe.072": "8fa8e9cc1f9839a13f7d3b1c4017380bbe2691f22a2f35db6495cfab4510475b", "front_left_shoulder_sipe.073": "1e758e4218a11a358bd997dafb8c8190cb5db856e4a9b53028ad1abe1f46ecf1", "front_left_shoulder_sipe.074": "29fdab47c6dcbfb8eff5fef3173a8d41ef723b8d537616dc918da67089304a8f", "front_left_shoulder_sipe.075": "9d784bd70de5a26e7fc0576f4f1ca1c8409f01aa41024ba96a6976aa94d01101", "front_left_shoulder_sipe.076": "8eaa82eef180ea9390c33e35041dab655e5871fd96ad8adaff2240262fc8d577", "front_left_shoulder_sipe.077": "1b32b502831deccd3d37be12e52e319950c73d09aed43302011c180548c1efaf", "front_left_shoulder_sipe.078": "6970c8471f5e40206b1f7489848cb2f5fb957dc0ea074cfe561ee47c324da110", "front_left_shoulder_sipe.079": "a584e917933d5a203abb180ca205d9f8797cfa1ebed4b7520f261c62783a178b", "front_left_stationary_caliper": "32d6986ee68aa032dd539ecf1605a6ad92bc238a19ba8220825eac0608faf37c", "front_left_swept_machined_face": "dc1b63ad0642b6be4502a9f070fbabb826fd5bd91c75667e87033a38b20d37e9", "front_left_swept_machined_face.001": "a0bb86b7121a02d6b0757b333eb0d07008010141fb88122af38f649587a93515", "front_left_swept_machined_face.002": "99c6806d12ee438259117d25a99deb526c156ddaea202acd64bdecaa667a3b3b", "front_left_swept_machined_face.003": "5d1bde4399bdfb84632dc32553249e025b43b76a33e63a077ff854c84dd00941", "front_left_swept_machined_face.004": "16921f913d7c6479d96f095beeacd96ba8e7fd7120dfa6d2d5f87d83be630f83", "front_left_swept_machined_face.005": "ff668da5441ef72189dca0e10d129418eef94d7e112dc6fd10a2576804138b72", "front_left_swept_machined_face.006": "cd05035d6c2b51a3d8df96f26f83920786bb1c69099ab268a922ee7579959aad", "front_left_swept_machined_face.007": "ea68f9d808f3843eab36338bf5d5f058d75c9a957b8e3e294978a2fd2fc51ac3", "front_left_swept_machined_face.008": "1650d2bf5d6dba3c74b99b4dd17b6c3eb286dba7e97ff209dc0f10184ebe3820", "front_left_swept_machined_face.009": "31fa77be91b590f02c0d8f4523c3a1c2e098864fb6732ac512a05b9b01e24766", "front_left_swept_machined_face.010": "3409cedbe892c2683b036d70d036460f63d41d8ac9561611e27243f41e202524", "front_left_swept_machined_face.011": "b7943f4308187c6a1030d66454646254af5b001d1ab966e8f3bdb65852356357", "front_left_swept_machined_face.012": "405271faf79ead5446d3bf655a68c21be4a22f45fb40bab810e9c3eab6bd2bd7", "front_left_swept_machined_face.013": "e08d2936d6822e9b5c84779048de84c09c0e5c1cc5e85f37236cc24f678abe3b", "front_left_swept_machined_face.014": "dfc429e03353df5ad65ca3c487604b8a301098f21e29862d3983dd145a915e49", "front_left_swept_machined_face.015": "6951a84f36f5858518ba20a475ad05e78ecc7bb141dbff1fe07ea493d68e8013", "front_left_swept_machined_face.016": "1f07766c960e014d4367edd3b8e60449d0545d2a591555e7fc693c17b046c6c5", "front_left_swept_machined_face.017": "0496e80edfae6f6185628a5c4050312a5845ca09246d3d84dbf52bf9cc6c8075", "front_left_swept_machined_face.018": "b898164cd695404c7417cb9372477e6f597d346927873ce4b89eceef450cef5e", "front_left_swept_machined_face.019": "8ce1b10f324dc51bc0b0338b5dd1494fccbf46e365b4b13e4b2fc691efd6bf38", "front_left_swept_spoke_core": "a97e02c0c17cc4687d10d2fdf8c38d77b90d61062acfe29c26a978330f7a1885", "front_left_swept_spoke_core.001": "c756799f469e985e422b44ee718b6869ebb5c07835c528e57ec58def0eda3ebb", "front_left_swept_spoke_core.002": "617ece15f15e830ec2d54fa224a8cf184cf5af98e3dacaa3511b844d1ef7cc5a", "front_left_swept_spoke_core.003": "f7520c3dab465d4e11a20ca0a5b6daa7c43aba569e5beecfb80b0d55f5b9aa8b", "front_left_swept_spoke_core.004": "966882e8c3ded7012e3a42a1f9841309a1f9924a35059ff0daf68561e62e2618", "front_left_swept_spoke_core.005": "84b2ec766051567a75799fdf5a3b6758b705c912e8db6b7a3354313a1c99605b", "front_left_swept_spoke_core.006": "ce4abd8bb36ffcacd37bd9969f52e280aac8223b73bd9d57ac74ca546af85362", "front_left_swept_spoke_core.007": "a2318e356c024685ae25474392d35c2c5ee09ef8e7a4c1e00f3c9007912d48c9", "front_left_swept_spoke_core.008": "ccde0782ef41bcf478db96d7dcb3776076a671268dd774fa60cda8afc83bdbba", "front_left_swept_spoke_core.009": "3cc699c2216da6f6ed3cd2cfb398b0e8506856d76efe86f813491261b5719dd2", "front_left_swept_spoke_core.010": "c991d4c840b78e9570e9f9d0a785aa3d4a9a5c958f6fd00138c9e54de39f15d5", "front_left_swept_spoke_core.011": "2aa5cb1b6ac00c29ace9cbb4409d510f4ae333500f957768ee4b862359937cf8", "front_left_swept_spoke_core.012": "ac9ada01c156a70a262ec79429c7c761faf3426e7e731e7c0c9d12ebae23da92", "front_left_swept_spoke_core.013": "1ef595463bd7d284966805d3b4856f0af5028d25031d8fdd28ae5459ab98df6a", "front_left_swept_spoke_core.014": "44f049411791b8eaf0cda34690a08009f93341095df92272a7e4febc9be8c2a3", "front_left_swept_spoke_core.015": "e2eb42f2b1da013a91ea5dcd581e1c46efbcff4bd128a8e79bebd2302e377bba", "front_left_swept_spoke_core.016": "c6be506b731ac5c524866e2c119bfd45b96a74af81421d80ba675e1ae0920f5d", "front_left_swept_spoke_core.017": "d886ed4123e70c727c9d7bbae8c3f32bf535d95f8be9cda36d77fd829d7226b5", "front_left_swept_spoke_core.018": "aee33ac9627f9dbab90a5c03a0bc22e640284cf578b963d1e7e1771a8d9cf23d", "front_left_swept_spoke_core.019": "0e64eb35cd0bb3f645abd76f214af908d93a97565de78f3d5625ad1620790ad6", "front_left_tire": "a62264bf868e912d930f50f77bf82640984300f86abeee9986d91bd456495c54", "front_right_brake_disc": "e280f64f74b603ddef39eafcf2d5bb6c857715ebd8470d2b6c669e2a712c9ce1", "front_right_brake_disc.001": "ea6bbcd71dec13bf6ac739ae3e2b5bc8d79041cd2954e7adab5e062ef648c10d", "front_right_hub_recess": "58e11e16f636d2b73dc0ce3303a541695cdf3ff20fb7f52376b1e0d8822d17ad", "front_right_hub_recess.001": "cb0a85cb39beb13a1dbc80f5f763ec70b1e5a4d3b833dbf667256ee224d4a319", "front_right_lug_nut": "2fb8433c7079417c00ad85875777eb69f50a816b6ca116563d592517a9dea4cd", "front_right_lug_nut.001": "60b4b2333ba0ac1dfc619bb5bd9a00aa0acdbd7064f016f226652ca96dd5387c", "front_right_lug_nut.002": "ceadc491f8e439fc7d85d893fe705127087f80c386a5feb52650a9df9ecac6bc", "front_right_lug_nut.003": "5047bbe93a652dfa0661bdc3faa64e694168d5bb045ee0b39ea628bf3718a624", "front_right_lug_nut.004": "2f1c38364d7d607e394549342099121c6d29e1ecd5c9d479f8367ddf71855e8f", "front_right_lug_nut.005": "723f37ebf355bdf4ca31b5ebaeea9eaa279dd90bf2a7b86edab16026fa26f08c", "front_right_lug_nut.006": "dadbc6868b01b34b66dcff807e5828ac53b7ce3cb2dede0d7095c8154dc65b11", "front_right_lug_nut.007": "6d67de16affe419ecefe6bde203c0d82539cbd27f78d9d28ec2240c8c7246f9b", "front_right_lug_nut.008": "157e9b81aad93dea3e10fbe4601e1d71a356ed05eb8cee775a7c5f2fa8a0d845", "front_right_lug_nut.009": "c410c3502fe23081acc035fc3cc009ea8c45365e59aacb5d42a7e945a11c3a81", "front_right_lug_well": "32bf6ee4d478c91e23a7e7e0a1132844eaea98201bda4591365afbb22cd403fe", "front_right_lug_well.001": "8d261e40cfc2cfbecddec215a4923dda9bc55697a8356509129e15d6f1277d30", "front_right_lug_well.002": "578d0206044c7890aaccbead779c94f1ec98c6ea24784c52a840cfb8eb704a11", "front_right_lug_well.003": "61bf8b3e190b9da7fd116446c906080f1f5c2b43f2a7cae21ede414075f9fe8f", "front_right_lug_well.004": "01169073e88302558560cfbbe862bdaebcee53a5ee27c41ba805062deaf4df1f", "front_right_lug_well.005": "8ea85d72ab4dfa557093d6c8529d21904846c9755ada2d25efe3d0f30b0150ca", "front_right_lug_well.006": "92d076346fbff24c7a0c73fc73fa507cae759ec488bfaad925b300b3ca214f80", "front_right_lug_well.007": "bad569908acd90f0835983693caba925b7d922b771754a2aea6dd2a8d91f68d0", "front_right_lug_well.008": "0c66c73b56326302f8f978ae4c479cd8487796d21247128f5ca46354210c5b00", "front_right_lug_well.009": "c1579cbe656ecfa1b3f4e028349d8f5a873cfb51a3b57f396933b1f9d4b336f1", "front_right_rim_barrel": "f9cb4fae64ec7bd7d8bda5470ee31a03a214bf7d5e7e649d64cc39613dd248ef", "front_right_rim_machined_channel": "045dc9a54a58ed04d685674c378741dfa85cdd8a9534ddefc1f029b372835390", "front_right_rim_machined_channel.001": "229eb1601eb17e77dae5ec9f0d8c0940326f2efc184c191d6d7b37f969eb6138", "front_right_shoulder_sipe": "21c1646d6e02c09baaaeff636717366fe14ce79d803179ca1d76e151d492e160", "front_right_shoulder_sipe.001": "2a6dcd40b0b7a891bbd1440d382b92e044bcd7665e88ccb1351c0f7fd77aedae", "front_right_shoulder_sipe.002": "b0fae71c079f0e838a9992bc4985d1587eae60fdfe898638f444bf0430469b6e", "front_right_shoulder_sipe.003": "40e74b554a0d119f4abf9c7366c13c6eeaed0ecdc8c2cc1198ccdca1ca632e81", "front_right_shoulder_sipe.004": "b2600de5ecd2812435edca29e88ce0d4e50d77e4d9bdcb44ce7aa4e6968ba612", "front_right_shoulder_sipe.005": "118b07a2fc8a267cd70b6d64fe51a07a73b79b039cb16d527da8f6942b9308f4", "front_right_shoulder_sipe.006": "f1f48b14d6d2faa7016a487beba5af4a6d85b0d7eeef7286ae27daea12317c1c", "front_right_shoulder_sipe.007": "906aaec3cd19fe83107aa3993a38c6b1927b458d1643cbcaf13fcb04d55957ac", "front_right_shoulder_sipe.008": "f697afe94273650861b12d23b995f11e75489350bc48feeb7e7b4614e2d773a7", "front_right_shoulder_sipe.009": "dcbf8ba5629578c98e39f7497031e24bb8c3e328c3ed86a4194ccef15be29528", "front_right_shoulder_sipe.010": "1bf5b402b2d8a6a585dc1b8c9ecafe94d96ceb5e358097c462b326459f2ea65b", "front_right_shoulder_sipe.011": "5e07051972facad36e010ab94fbcd346d522d9721dfad347fe306b2e22a670cd", "front_right_shoulder_sipe.012": "5b70e38f850ff24e1e533d35e044d3ac3fa44f1bb3c43d7d34f9d621e8ed0748", "front_right_shoulder_sipe.013": "cdced19d6da2316cc754e6bf60661574cd02b947ddc7b3c60cd28e35882b69dc", "front_right_shoulder_sipe.014": "db6475b51d2f42168fb66e08d7fcd76ff0bbdbebc39630918aea5a5027465ebe", "front_right_shoulder_sipe.015": "cf491ce45a1e21172da4631e0c16993d7d827cc1f9c11a772b9b10fc7b7ced9b", "front_right_shoulder_sipe.016": "3efc60288f57b4eaa3c5eb60c94d846479ade577d11456087fdcf0376d4738c5", "front_right_shoulder_sipe.017": "ff5977d1b4a7a47b469bf38ff77b695e5d4aa4cdf345992307e93b8ca180f9fb", "front_right_shoulder_sipe.018": "031c72e5b96c719751668a82bd578bb1efa23abe14fc604e76287e9bf88cdb2d", "front_right_shoulder_sipe.019": "8246a358e1ccf849dcb50158777f02b7d6a4e1d3a27efd0595746e7bad923091", "front_right_shoulder_sipe.020": "0f59abbe1e151fd926671c5781b9568a386fe09c7ae8ebb4afadb4f292363c7a", "front_right_shoulder_sipe.021": "fa336d619c87435d6c895e333e0939ca7aa13f522d6ae2cb89b280ca3d750bed", "front_right_shoulder_sipe.022": "e7ea6908413a86eeab48e94b7eea877aa95c46c14dfde1fe6f918034d9d8e708", "front_right_shoulder_sipe.023": "a4391b5fc679076c7e01b5107e29c0b0915ec54dee853a8c256c42360022f81a", "front_right_shoulder_sipe.024": "b5a19899b01d1beb2cb2b733fdd317e5bc7eea0ffdd85a1c9d988fc91c945048", "front_right_shoulder_sipe.025": "bbdb7e96f427b08f92786cf9e36526d15c0d7bb48ef5787a7066cba4657be5df", "front_right_shoulder_sipe.026": "a745ab773684dfd4677f40c57ceed722a2a9a430c064d8ab06e25abf6e90040b", "front_right_shoulder_sipe.027": "0c72bf085af66dc28b5a164340893c23779281f83bdb4e5158b856fa38f78577", "front_right_shoulder_sipe.028": "c51ae56b64f08a9acc499c5860edd6cae3130433cfed803c5baafd7c708a087b", "front_right_shoulder_sipe.029": "6ec0354190013ca4d84ccdb683be762617e9db8eb69c7640a9352f24f6e9a950", "front_right_shoulder_sipe.030": "2b6568a6b706616d8779947716afd9c9e2e91e7572848deaaddcb88d67253535", "front_right_shoulder_sipe.031": "a6b26ca464b1c2edd7f0e4e86e3e8339a28b2a98f71fb114248bfc4e04b80b00", "front_right_shoulder_sipe.032": "7266bcacc682471243bdb7763cc44cacd493aa6de3f02979ab6c0bffb61a9442", "front_right_shoulder_sipe.033": "7fd906ebf65879e74ed38cc2681f7630214b46ce272a3f5d2562b88b40f92349", "front_right_shoulder_sipe.034": "6c1f8e911ffdc6bce30c97e25fcf0bcce8837e036264eec3e4ae2f540c00547a", "front_right_shoulder_sipe.035": "1ec1d834b5a9892cb103caef2e679f01d6b018ec2d251a6966796a14e38afc7b", "front_right_shoulder_sipe.036": "c0b815bf843d8d9f66b23aaf2b9957ed417e88cfdd0f296a58a1a4cc683c8364", "front_right_shoulder_sipe.037": "4cf1d09e1bd15f411b8a869ac981d7e3e133ffee0ed906439cdc8e3670462e81", "front_right_shoulder_sipe.038": "c2334fedc0ca0b14b2781c38ceff57f6ce7a2fe6bbb57172f689e26ff15d7ba9", "front_right_shoulder_sipe.039": "321041c1ded1215cfc866b91b4f3347bf75046ca1ec556d763a013836f7237c6", "front_right_shoulder_sipe.040": "78fd6b6f358889686a32b316c1a1f3ed13e08b332fc459bce9f3ca60c707dd44", "front_right_shoulder_sipe.041": "b8b0b96317e0021f215f08099f4261aae8a1c042f100a0d7b5a7abf7b0863f02", "front_right_shoulder_sipe.042": "258def9b634f89b4f6dde8989ccdc77a9821b15fbf145c6c079ed23e3650a2d2", "front_right_shoulder_sipe.043": "47a41530cfab99ae159e4ba0d8550e608f0947de9453e2c88f893e010edf6358", "front_right_shoulder_sipe.044": "2f3760e90f0a6efc4f9f0ef79d72e83486a9928dbbedb300655648a7f757b939", "front_right_shoulder_sipe.045": "18c7fe19c863d8fd74c98448cd4c989a8c33a360b05943d3c66007288d633914", "front_right_shoulder_sipe.046": "d59aaaf771a350fc0eaf51b4e03e556f6295c56b754fa9293a06620b3b9ee802", "front_right_shoulder_sipe.047": "d0dae0d398159912bf71cdf68077c072b78ac07cf8ae9e6d22ae1a9c580d2b87", "front_right_shoulder_sipe.048": "37c3e25366a802c6b2b132b721b388fb4f3b070355552311e71c53d5e86966cb", "front_right_shoulder_sipe.049": "4e51b7eae27598d858d4e672e995311ca1741b4c17cde721cad7885462b0fbcf", "front_right_shoulder_sipe.050": "5b199df92403314c60493acf83d2e482bf3a2d91b7d8f589e574f4d08fa8d7c8", "front_right_shoulder_sipe.051": "b7b819198c1c2a29f6603b7aecb6dfeeaabcb0c9e28e9be9ab97fbfbba967467", "front_right_shoulder_sipe.052": "5819929afd31e432df55025a6d4d9ab846bbb15d57496c3964447cdde2d605c7", "front_right_shoulder_sipe.053": "54de87dce30991135b5eaf89e0d895e52c5bba5d03b87cc69f15b00cb189c78b", "front_right_shoulder_sipe.054": "5ba1e3023cc7d97858e6f3c0cd62e2e70832ddb9fb623b30a12c3de69ead1ea8", "front_right_shoulder_sipe.055": "8a737d3c6f6d7d87679a09286c1b49f25a9c9995fd88d393815154c39bca5b5f", "front_right_shoulder_sipe.056": "1670725b164cf23dc0a1ccf6819f8732a429da839cfd191d34cd0001d6d1e0ca", "front_right_shoulder_sipe.057": "cdb314c3b5be6b30df48210a96616401a85220293b941e9b7fca4b58221e5237", "front_right_shoulder_sipe.058": "207a0a368703320e75c339df2e5812380e57903f9e35dbea44c15ce11bcd87b9", "front_right_shoulder_sipe.059": "f27fdcf1542f61099a8ac039549b8399218285ce2231959643bb84c7b33608ee", "front_right_shoulder_sipe.060": "926990209bdc42a2b9973b5510a6fb51d49e9d88205a8b8217b1f6569e8d01b6", "front_right_shoulder_sipe.061": "a6e2894211545cb46b95220f7b6e139dcbaa3c86062615ebf35fea8023dd1754", "front_right_shoulder_sipe.062": "deac9be0290217423a9929607b39eb7a74c6853ca113c67920038858b2450ef7", "front_right_shoulder_sipe.063": "9ee5030555c3b720300ad533391062153a85e3dbaa18aa2a7e5846228845237a", "front_right_shoulder_sipe.064": "da569644bf837e3945e943809627ecc07059e97272887e008a716c0252cbbda4", "front_right_shoulder_sipe.065": "5dbce39f971970b9b8dc0bf837d6f57f9a1ebc1fea5f1fd58322a20ebd46e64a", "front_right_shoulder_sipe.066": "7014e6c494dc530f30d883937f171c5198cc746b5615ff621e336ddbc400d62b", "front_right_shoulder_sipe.067": "43caab2a78499a5961c53e0ed6cd5d3a2b6daaf922dac0e3b37d4f3daedf2ce0", "front_right_shoulder_sipe.068": "00d0fb9f95ce3056a1eed26bb6ea7fd31ae676407964757c4a50748f49d7a5c7", "front_right_shoulder_sipe.069": "61f5d323f6b16f0ff7100fe38b51279625595d8cd0494fc5551d587fa53a58ef", "front_right_shoulder_sipe.070": "3ec8267ddc0699405e80cc46b90c00aaa47f709a7460d8fa96c28875b55af69e", "front_right_shoulder_sipe.071": "5050cd7ef250e9dfb1a8145d8c4f2c0a0b1beaf2279e18bc3ded8a157e565739", "front_right_shoulder_sipe.072": "8fa8e9cc1f9839a13f7d3b1c4017380bbe2691f22a2f35db6495cfab4510475b", "front_right_shoulder_sipe.073": "1e758e4218a11a358bd997dafb8c8190cb5db856e4a9b53028ad1abe1f46ecf1", "front_right_shoulder_sipe.074": "29fdab47c6dcbfb8eff5fef3173a8d41ef723b8d537616dc918da67089304a8f", "front_right_shoulder_sipe.075": "9d784bd70de5a26e7fc0576f4f1ca1c8409f01aa41024ba96a6976aa94d01101", "front_right_shoulder_sipe.076": "8eaa82eef180ea9390c33e35041dab655e5871fd96ad8adaff2240262fc8d577", "front_right_shoulder_sipe.077": "1b32b502831deccd3d37be12e52e319950c73d09aed43302011c180548c1efaf", "front_right_shoulder_sipe.078": "6970c8471f5e40206b1f7489848cb2f5fb957dc0ea074cfe561ee47c324da110", "front_right_shoulder_sipe.079": "a584e917933d5a203abb180ca205d9f8797cfa1ebed4b7520f261c62783a178b", "front_right_stationary_caliper": "987bcf4c4ab3d06a6714c620dc064ecdbfb60aa27ec5e599d664d8fc8096f02a", "front_right_swept_machined_face": "7e2216a2fa68cf49ab8ced324eff1a9ddd60a2372a51f3e1f3e544523d6941c0", "front_right_swept_machined_face.001": "86d2ee5e27062d96c31410617414244b8da1b7af4af87aae456a148a200495f7", "front_right_swept_machined_face.002": "89bb429b932f02392334258eb7eb75fd07879dbb39025d90ac432cd546aebf10", "front_right_swept_machined_face.003": "0eb8938ac095af91d1bd82c52d5738ed4dffd794e53d69b91e9ebe23279a1e79", "front_right_swept_machined_face.004": "2f091237905d83f99611084974481ddb438f401b16e748a42077cc0a7963bd65", "front_right_swept_machined_face.005": "517323203798271beed64cfa35bc48795b2cd560a46d237710c3fd686d40ac38", "front_right_swept_machined_face.006": "c2bfed65c727c2375e9065131cde237f1d67a477f1060e1fc1eb7dcd0aaab9ad", "front_right_swept_machined_face.007": "aabfce6207fbddfdae70fc4bb02268872ccca1e5f02f7b53097fba830bfc54f5", "front_right_swept_machined_face.008": "cdbd1dabb2cd0ea431198142ce89a4076e34c1e84a478fb97933d5bd261d553c", "front_right_swept_machined_face.009": "153a3351c68d7f5d335aad5d94513d8878060cf7edcf59559aba4b87685f4b0d", "front_right_swept_machined_face.010": "59049ebbb36bf7dfcf6dfcbe1d125434346a04ae3b2c07106ee86524d7f97b43", "front_right_swept_machined_face.011": "78d2c3c034084433e88a0d08d975c9e5eeeb79fc64fb1b796e6694f2b14d256a", "front_right_swept_machined_face.012": "0b3bae9e8b98f6e2aed93ca3f7bb8fbde9cd519a30888588460653e8d9a09367", "front_right_swept_machined_face.013": "661eb33f717672293a690dc2b59a94532e03d540b46188c2ef0cab61d5afe55b", "front_right_swept_machined_face.014": "5a12bec894cbca6783d7ca9bc38e3bb6f6ec267cb21b338e84bb26947539d558", "front_right_swept_machined_face.015": "a484911f4105ac9435d2c1cd00d7acb0234729ee1eb85f3cdc81c339fdd97409", "front_right_swept_machined_face.016": "1f30e5399bf527b53d3b8fc37e070826302f6db323c52a58fe9270f6bab252df", "front_right_swept_machined_face.017": "ebb1649f789c7a4f20cc2eb74ded7721ebeb7176e247e32418ccf60bc8fa44fc", "front_right_swept_machined_face.018": "034dbbbfee213a8609293f6b12d423cad4715da59701ecc0a897439d54103a73", "front_right_swept_machined_face.019": "bb32781551087b1fc9812a216d2d47b94a12098c06ae79dd74b90d8eec1a280b", "front_right_swept_spoke_core": "0fa90d2ec46b0ead2d9cc0d188b5d261fbb22fcb9e4aace987c41dd01e4640d2", "front_right_swept_spoke_core.001": "abc70e07c6f791fc1b97d23828309d50b812a6813fcc5d525e8a4c71785e6d50", "front_right_swept_spoke_core.002": "b04d77125a70482eea7f916456e860f16476b58f48296733676de4a93d0ef099", "front_right_swept_spoke_core.003": "0b9fe6ce57dc9bc7733b32b8cdb2a73aad7d88b0f762c3318dfe3cf05c90e582", "front_right_swept_spoke_core.004": "1948f82d6bd6b29ad479b17345dca6c1aa15e8a2056f785d180cfa9b40ed7a28", "front_right_swept_spoke_core.005": "3be963c43d4caba75ced5a106c18369cb5183e7d33b4bbbad90999fe982ae1fa", "front_right_swept_spoke_core.006": "f28ebc6c2270174668ab65fbb80100477400d05ac93d32a2e2291fcd99f60ef1", "front_right_swept_spoke_core.007": "f5b0c062086a89da1a696545e6a797b8547fc8c2a7ac84edf7064dba53946670", "front_right_swept_spoke_core.008": "d5669d77ee9536d903d07ce1e639197a3e718c2178c4ceb24ea94edef86fcc64", "front_right_swept_spoke_core.009": "48d3de3157f3059d358cbca593cba9c76b53ef34d0305c9fa6c63d278fe91540", "front_right_swept_spoke_core.010": "9f8fa0845fc90b46c9977e945b2a3f4c200b6e405daebbee615af7f9972abd21", "front_right_swept_spoke_core.011": "587f90ff4bccdd1318bc44c7e48bbb80c4ccee43246dcb65fecf4ea39f04e34c", "front_right_swept_spoke_core.012": "c8d9ed5400a374018970a2647479df1475442867949e2ab094c2eaff2ae54805", "front_right_swept_spoke_core.013": "74c59483be8e71ef0918c8da0af73fa5b6af604c3fd846ac7460240e6aea29c2", "front_right_swept_spoke_core.014": "d5df4d2b948e4da1bf5b4ced8611c8250aa5497bb1beb9ef3135e2d5d449e936", "front_right_swept_spoke_core.015": "f58f97c92c370e1438800c281e5b8daf4c9cd5d9c3280b6adf46dee022b4500e", "front_right_swept_spoke_core.016": "fc59f66f2a97c16871fc0266ffcced43f84ca9f4219a42860d0974f568f99bd1", "front_right_swept_spoke_core.017": "5194aa1b0874eefdb40b7199f5781d461ec1de0e6f4b220637bdb9663ea9d1fc", "front_right_swept_spoke_core.018": "a16e0fad704cc4cb1c83452f63f3e98ee56d19a7ed7e3c8d0047db747ada2f29", "front_right_swept_spoke_core.019": "d443c96da2900eb162f6c5919be55467ababda38ca94eee68d275a8ffde433e7", "front_right_tire": "a62264bf868e912d930f50f77bf82640984300f86abeee9986d91bd456495c54", "front_spring_left": "802930bd774177cc3dd8498d42bfb36855ae5c92721d786f76353e05ea189847", "front_spring_right": "7b2531bf7d98bfaf706ab8a3365ff821db77db9bc6437d4437c3b98ed97dd603", "hood_crown_left": "de7cb074fb6dc77912c2416b71e7d610b1693a9389e0338eebe3b762ac0ee300", "hood_crown_right": "fa8d99023db13061136bf1e259b9643e1e3ad5de52962b53cafb0d9ac65c65a9", "hood_inlet_dark_throat": "698c1691a9dc7e221eedcbc1f85a6f3af17a78061b942fa3a637c8ac11eb4321", "hood_inlet_lower_return": "87abe26127381d93ba6ac737c17e9774d8949dc1cfc37eb5e04eaf1b961913c8", "hood_inlet_roof": "2d1057e24e7a5f2e62ddf781958d3e55b721f12ed1845b8578871593c83310b3", "hood_inlet_shoulder_left": "9c3c8f81e643ac32318f46b64ae50eda3ab096bee897dfab8de81970484313d3", "hood_inlet_shoulder_right": "cc495a37991c040cc1b906695c369f16155feba34045b281db3d6e6fb232ea48", "hoop_rear_brace_driver": "787436c13a22330b6d3b833da38743f5f88635dc0f02e21e31d4a3bfe01e8330", "hoop_rear_brace_driver.001": "787436c13a22330b6d3b833da38743f5f88635dc0f02e21e31d4a3bfe01e8330", "hoop_rear_brace_passenger": "787436c13a22330b6d3b833da38743f5f88635dc0f02e21e31d4a3bfe01e8330", "hoop_rear_brace_passenger.001": "787436c13a22330b6d3b833da38743f5f88635dc0f02e21e31d4a3bfe01e8330", "inner_wheelhouse_left": "8eec8859d9d90187219de269ba67425a94216fc63153c21a90c40afeda857d4f", "inner_wheelhouse_right": "1801a1714e4605fd0eaf0c8f879ce14a95768d33045c6d90871b1bbb3a04c3a7", "instrument_lens": "f8348f9c998d8a4865d8f8eed9668266c5a6f83c24ae84cdabda28b0c7e79a97", "instrument_ring": "157ec2161a3ea7fd8699910b9ad1941aa45fcec8670a453273fdec80a9214ea9", "instrument_ring.001": "2140cd7abc0a70dffa78f3e7a5c2ba99450c4e23a35b113a37e7d3a54eac48cc", "lamp_bezel_lights_head_diagonal_left": "825000aad293ff42d9ad26f133d80615eeefdf88485b9f785d7d773b26f3f20c", "lamp_bezel_lights_head_diagonal_right": "53b795b0800c261fa3e2b57d54d920b0f716c727428e053b87b07fd19db84623", "lamp_bezel_open_rim_lights_head_center": "70e9eb65769f020bc85bf9abe804c88ce5e9a8bd98f9f4bda5263f4fac4f3bc4", "lamp_bezel_open_rim_lights_head_upper_left": "7d229b2ba6492fde261f7929f12bd197413fc2354d77c7248822b119c7e1ae28", "lamp_bezel_open_rim_lights_head_upper_right": "5a9f07c7932c533a40707952735d21f2d80d028146ca546e5f467a3e676fbc70", "lamp_recess_left": "a06c9b52c69ed9f14658e8066fdaf795d687c183ff6c9a220ee578f77fba6a2d", "lamp_recess_right": "08e74bd77b49f5638647f370257786f3b5c630787d288d2f0d1fdc49f553595f", "lights_brake_left": "957664ca9bcb1628091b7589225fd49e3d3e958ed379f51f8ab6191e80e85647", "lights_brake_right": "03c02515adee03c05b40b0d4fa6951e082fd82065a44a6ba9e4a0ddd323325c8", "lights_head_center": "2f56004257f82165acf4ba62588339446b6b374953fa071aa582dab5114d2a25", "lights_head_center_clear_cover": "535f2863a86496911472fd3be86f542509a72ad821644370260fcc68c9c614c9", "lights_head_center_projector_eye": "735fa934dcb33fc0393518a4f26d6e17c5b90da6745e690ecbfd10547c2e1292", "lights_head_center_projector_eye.001": "43ece2a9ecb91a063040ad5120c556f570ec4302daca919c8ec579eca1430d02", "lights_head_center_projector_eye.002": "fbaae62a12d5ea45c49c79fb18e1b48c0e5f7acfbbe619f6373df75b678cc572", "lights_head_center_projector_eye.003": "db4f7402ecc68efb9ef95245b972ac20403bf370f3012fd29ba67e606cb29c5b", "lights_head_center_projector_eye.004": "61bcb9bc310008e2305695ee87742a7ca98bfdd86977fa522321eec384a4cb2b", "lights_head_center_reflector_cell": "b90bf126cf37b13f94c5fb25d03749ffd0218866c26481c8248ba4ca4c9c4f00", "lights_head_center_reflector_cell.001": "fb8c4bd35b3cca9f2ecb6d9e455123ab2e7f8a7fc06182c40ff82533c151b6fe", "lights_head_center_reflector_cell.002": "21ed4ef23cbc03fab278a17d9d4db90a2e2b8ad912e3dfd76550e7b9ac4d9dd7", "lights_head_center_reflector_cell.003": "a4b5dc1f320b6de8850cc98d02cd2d3efcaa3032d19155139761d429abd25122", "lights_head_center_reflector_cell.004": "5622310f5d06fe8ca7076b5db7b53120b27c726af0fbf3929a34fc76c7b69841", "lights_head_diagonal_left": "3239e6beba3eb986d03b8d4a9dd536ff4703cd4b6c05e2b7aa62ae5cc1757c29", "lights_head_diagonal_right": "b19547570f19cd8d5a537b69e49a0dde658e47f091cbd15ebaea74b9cf582cb3", "lights_head_upper_left": "21ff8c289b450a808c1df4d18c6dc660fa0ddeec1e0021725cb6ed591ededc79", "lights_head_upper_left_clear_cover": "e99e8dd8196f408a0fbf2538cf970dcd078283bb92889e0ecbbd8a9562129c03", "lights_head_upper_left_projector_eye": "22f910b7e1850f254eb7057259c9a13d1ed79a5e5736e6c5c04808629b027c2e", "lights_head_upper_left_projector_eye.001": "f4271be9a6e7dc87eee0938521fc34d203c2977de3dfd630b5c658ea239e5c61", "lights_head_upper_left_projector_eye.002": "b1011eba75f629f34a276fca2d7cca7a499012161ab06bb3be2b799c5d5af9a7", "lights_head_upper_left_projector_eye.003": "47ec6a59c61db13759c1f625a526364d0ad002394e2e459c8057e70b626c59e7", "lights_head_upper_left_reflector_cell": "74390ea02f337b3e1565f8bbe7d7a4c6293805a94ac1cbcfc41737dc02343a82", "lights_head_upper_left_reflector_cell.001": "80e45e12c4632c3a859268e8830a578d50c9664972ae9521304e938288bc7318", "lights_head_upper_left_reflector_cell.002": "3b5bfc22cde314550f0ee9dbcb29bc567138926e63d124ed0432461c679ad9f3", "lights_head_upper_left_reflector_cell.003": "73c71e35256da7283d13b1f7bea7cf73e431ef80211c4abd873d3fa829a578d4", "lights_head_upper_right": "bc343dd87d733442b235d73e5d3ccc8846a44424eed2ffced2996002c371a5e5", "lights_head_upper_right_clear_cover": "7c6f8647e902066788119c054559b82f13f99412997932e0f64106e401ad933e", "lights_head_upper_right_projector_eye": "05b5b30a107aae826c15af12f06f9684dc47d47502d89dc6037ad1613e54a75f", "lights_head_upper_right_projector_eye.001": "af4031d0ba362d5c2b989c5a23b90a369eb80f8be5947aea9ac2d39664df0eaa", "lights_head_upper_right_projector_eye.002": "e5bb12d68ef529d23878e336523b9ab6810bb4d8464e9cff3793a41de2e3184a", "lights_head_upper_right_projector_eye.003": "34c02ce9a5866aecaf65cb192bc9967dd78e9b0e01345e6f159944dd8a377a76", "lights_head_upper_right_reflector_cell": "057c9d87bf903d06fa3ef9899e69dc63ed586e5ec8ff10228317fb6148137702", "lights_head_upper_right_reflector_cell.001": "58f008754a911d4060effc46177e29148597ac07d8b1aad335b4b4b3bab21db6", "lights_head_upper_right_reflector_cell.002": "ea0b386b83147960989d8b97754f83bd334e7a22172bd4989cc7184a1b72ec5c", "lights_head_upper_right_reflector_cell.003": "d5d9f877328b406edbc5eef0c956283c7a2979a2c3b44a043c6ce2217c304b90", "lights_signals_left": "828ae73e486f5e8633201c0cb0444cb317d90949f93d92df8dad5c5e9d2d94b5", "lights_signals_left_clear_cover": "c8c8f2adab98040a8b552f644851cc52711a354335cf366d3f32a325d42aa7fb", "lights_signals_left_reflector_cell": "eccc65fc093f72551c50d2c3a98d25c7c2cf290c7a4bf2479f7630aada250b23", "lights_signals_left_reflector_cell.001": "d7ef28fb9a9abff5118a064b3f9d528cce8f8c47b7dee17adb7485d45de01e4a", "lights_signals_left_reflector_cell.002": "17cfe11a009c79e8d7439f98a1939bfdf215956a318dab23d27d68f42e620d9e", "lights_signals_left_reflector_cell.003": "7679d65222d16ba348aadea90911a9e5fbd13e110c8f168a4f6a53c3bab6be24", "lights_signals_left_reflector_cell.004": "9f6118c4828923eac41e96973428b489875eefc8e72d1dfcf855018293ac9521", "lights_signals_right": "d24c6826c94667268bd53f2e18741da5a7205eba98eaaca34a847dde75504c47", "lights_signals_right_clear_cover": "ae931f1c54cd0cee269973da1253181d7e31e49c6e491a6a1e53730ca19e7d40", "lights_signals_right_reflector_cell": "da50eabc7a7cb0f32d3988997d8734ef5bf834347766c84e4c6924ee0bbf8630", "lights_signals_right_reflector_cell.001": "0bf22c000fd7aafb7d1d93b8954db8d2e9ff203b3494071cf2c465f72bd0476a", "lights_signals_right_reflector_cell.002": "606ec12aaf6c4832fd2fd908656a3d9ff5cab1a3f31298867fb413c8ce28cd3c", "lights_signals_right_reflector_cell.003": "e7056021db4f1760519520a52faec05f0c5d562974e039666be6035918e25a98", "lights_signals_right_reflector_cell.004": "001093e5e52f0f1eb81721736b61d304f97d7ffe1a8db8dbe3eba1a8dafe0fac", "lower_vent_left": "b7fa63410c1dcf24e7d74068e764ed5cc312ab78eaf35e16d9d137b1a8968669", "lower_vent_right": "f0801a851c3558d912ae69b41794836f53eefed74e1a54c96f31d40f2023e31b", "mirror_driver": "377ed2fc395e1346663b08866f0dad59b7b82f3251bf02fb0777e6b922fb6172", "mirror_glass_driver": "75b9bb988826aa53dfb0dea1580d59d66c9b84e97b1a0ec86b8451381e7a6714", "mirror_glass_passenger": "b2f43a689c1de3a8914619546b205dfe93eebd76e56bb55b6bfae50d301844c3", "mirror_passenger": "24b7eb3bbb33601f845bbce4a019810745fd1907e5e51a6c6c2bbc89cae3b06c", "mirror_stalk_driver": "cb5bc8fedb422352838da9fbe7e4007295e6c5ed81416a27010b90a622414686", "mirror_stalk_passenger": "b381bcd337c43973bc0678674e65cad2f7c7e17da6b822ece22bed7150b5a88a", "P03A1_AutoDrive_key": "9b92dff38e232a4206f8bccf6af97ef550769030f70698c65a7be29c260f3fd7", "P03A1_AutoDrive_key.001": "62cd651391e5b1af5452d4c4ebb6654d7f2addff5b02c7991a8318d15a45bbac", "P03A1_AutoDrive_key.002": "e30b5f592aa5414806ea0f1dcb99bf3846dea81bfd3517ce3e98b404cf471659", "P03A1_AutoDrive_key.003": "6cea676badd4e58e70cb58277e468324c68bb985359fb2f4e14230eeac9d38ac", "P03A1_AutoDrive_label_D": "7711a55a311a00b7efa2215ee06860ad8c5976a1995dd2e2cd4a2533f5696757", "P03A1_AutoDrive_label_M": "a5a42745ea18db74084b7067d0a3c2180b39dc37fb7091247933b214f848ffaa", "P03A1_AutoDrive_label_N": "ab83dcb82254deeec31b1cec12baa431a364bc4ef54f394c2cbc6bc935e5e78c", "P03A1_AutoDrive_label_R": "4c9467daf6ebcbbe17ec0c1ecbfcead48b0615cba40838c12d28c3bf5dc15933", "P03A1_AutoDrive_pod": "3bf572fea5b9833c06dddd09d10e0c43a86dc681c9d900b7ebeb815c0df06d03", "P03A1_center_lamp_back": "b9a4dc5ffa79e6cf0e61899f356c2b6d4fbf92cbc3108cd4d04ca5c5d0343c77", "P03A1_center_lamp_surround": "8e9578737b726d1855c47d4a760b1cf5db641a0c2a4ca1edfc177c2923e50b48", "P03A1_centerstack_surround": "46f34ab8e73a19af082a1cd0d0f127eaba08a8eee0a8ee8cb7a0bad4c5b79e4e", "P03A1_cheek_to_lower_return_left": "00f03bbdc7d3f8b106b333dfc9658bd31290de97e3a724d29f4aa18ad8a78015", "P03A1_cheek_to_lower_return_right": "e3af2b468361aa883bc4d3d22e10f5807b68a8bd553fa8f57952d1a2d32c3743", "P03A1_grille_inset_slat": "bb1583a7cf3d5e4ba41acb576f5accfc60a8f3a0a8486d2ccf4b30fb5b2135da", "P03A1_grille_inset_slat.001": "5f461d8dde5beadf280bbaa6e405c89d2bfe7e7678fa459354d7ab38ad53339f", "P03A1_grille_inset_slat.002": "857ddbc10fdfb5e42dbf4681156371de506a2aee4f37bc01089724ff9caf995a", "P03A1_grille_inset_slat.003": "3a664f213b6ff11fd12d9d3787824d9dc32de6420dcf98fd1d9bc4f19e3275ca", "P03A1_grille_inset_slat.004": "c6803a3ca72a751224d013cdbbd67f93807e5196276ffca37f9dd62c458e6aaa", "P03A1_grille_inset_slat.005": "ed3ac3289312913dcc2a15404caf5453a620e55f913ff48ee47371d0c01136dd", "P03A1_grille_recess_back": "1c99c8f453399bf652ab7ba14de58762f33d48499205c6a0b5028bfdf1eff26c", "P03A1_instrument_hood": "3677bac168512f536f9762a033d4807e709f0e0fb371eb889cb5ddcaf88192a2", "P03A1_instrument_hood_side": "8b9cf8146ee048f7a3ed58949856a0cb9b8d8e2fccf06f590789e44f0e8476f9", "P03A1_instrument_hood_side.001": "8e30ca4417e7e041971e5b31a9186d5f7a9622928dc455a5a2bc3d9ec7429e2c", "P03A1_lower_vent_socket_left": "404afe5f8effb8800f7508bb07999413ee734792d68d9588d658ae5a64bf7b67", "P03A1_lower_vent_socket_right": "4219274f221742371cc888f92ac32248b34956f538dec1335af1ea9dad5ed9b9", "P03A1_padded_bolster_driver": "7b12c09c732b5e2a20859044bd276be59ad5953ad98f12d4b7199c353879213b", "P03A1_padded_bolster_driver.001": "aec1b7e80f876c94e466bfd8396144ba0ec1d9d1e597ddae3f2875ccb78d2b72", "P03A1_padded_bolster_passenger": "1de8fa3b5732ed191035eab44bf8c400581c6f615300b074d96d179383e7e4d7", "P03A1_padded_bolster_passenger.001": "489074be0397ab5e6f859743462144ca6bbe95cc43e912531ca2fbc788abfe2e", "P03A1_splitter_molded_blade": "75c7a790f45e5605ba898bc1af9fe5d5d6e3d16ec6b683dfac9244fa46a621c6", "P03A1_steering_D_grip": "e0409362b75a100ba9371c1116bb2469ff49bf70740deee499ec9bb547bac406", "P03A1_steering_paddle": "78913c1aeb4d635f17c9b82bd9e7a99e196fbb5647d41e9965b965ac32f32b3c", "P03A1_steering_paddle.001": "925583a97c5f77618d6883a286fe5f8d47693cd41cfa78e77409ce348f7cdb8d", "P03A1_steering_polygon_hub": "8ae5b86db139aa815e923f97a9f93264b0df38eab0861f12cb572521d8698b08", "P03A1_steering_static_switch": "df9434b0b2808c4b2849e3cb691bd6e67997478d209799f19642403a460c00ed", "P03A1_steering_static_switch.001": "3285af3439330d531a218a258dd41fba3fc2e5e997925e7544b557ec0207a745", "P03A1_steering_static_switch.002": "eef92c19b902a87c49a9d38479366cb6ecc4167a82fbad90769921cb10456379", "P03A1_steering_static_switch.003": "49330f2d87c7166eb4d0de79a35d546b2b423fe8fb9c562eb498508e765372dc", "P03A1_steering_static_switch.004": "fe5a634ddd608f43d9f9518462a084859b205f0374325486e6bbf8ac573e1bda", "P03A1_steering_static_switch.005": "2462fc468f9c6b33dcf8d82adf4de574b8facb9437f07219c2d107f87c8fd89c", "P03A1_steering_swept_spoke": "a4e13d06092e9bf265e887baec7401bac71269af9f73f014cd89e92d8ecf0675", "P03A1_steering_swept_spoke.001": "e5a99d9a14d4dee55accba51abddb07da4fc1d661e8bbf09b494dc9b9b53a4a0", "P03A1_steering_switch_pod": "5b1446a401fce298a2c834c0b498cb73f4f2960f13267c380f41ebcc0a9189d0", "P03A1_steering_switch_pod.001": "c12efc2dc9a467b9cb6730440b42d24e6c9415d2315ce7212e34ddc787e67ca4", "P03A1_upholstered_back_driver": "6a17549bfa9c0c5487ba66b520df6aa673fd9cb62b378d2d05bc9e0292142350", "P03A1_upholstered_back_passenger": "b455374db97c479ac2a9805dfad79097c380d378fd137910388be6c591bc186d", "P03A1_upholstered_lumbar_driver": "2c15bc4db6a3703b24c17414bfb286092e17bb02be7d557b251e3028bad6a38e", "P03A1_upholstered_lumbar_passenger": "97d8aa1a59150a94cd9d238d16b9a1e6d0c217833b7727ff8c8692311741efb8", "P03A1_upholstered_squab_driver": "c02833516d1b93c842f7a467d05c440bda52770e90ca5d9b9d0dabcd60719a06", "P03A1_upholstered_squab_passenger": "9ae59dc9e37f9b27747b5d40233ce532e9848b65e02e987d1808fef4141338c9", "P03A1_upper_light_socket_left": "528efcbfd816939f5eee41edaa9eabb83d1933b9462f96b8f5cfa689379a3dcf", "P03A1_upper_light_socket_right": "afa3ef038e23f5b4a596524f14c41dbfd38693fb5db5f1514f485cc8dd0fa63c", "P03A2_left_brow_boundary_master": "9ce30f66bad63b54a811df3c9c98f1c6b481e47db07f0107e15cf3da5c6af923", "P03A2_right_brow_boundary_master": "32ea01dace8722aa2ad3e5201684fe1a028c6129536d90e841ebc07ac9dcc73f", "rear_axle": "5549d5a64ef8a63bbdac170896f8220322d38d37859cc48896b5a23ab7c2f95b", "rear_brake_disc": "864b0ea2d99779904a8a8dde5cf182a158419de492bd77439f6a52a2404c57a0", "rear_brake_disc.001": "1797d3dbd8cf5e79d782710f3e32d65feda4d6845b6b268fae254e5c71821f00", "rear_center_fin_housing": "a99ac3c228b4aa94f2db498f3796c12e46c3f7adad752eb02418a3c3e4a27b42", "rear_coil": "d97ac5413041ff603997f91fef199041f629163e752d9b7effcd026ff9f39c80", "rear_deck_continuous": "575c1027d37e5b232776c65eccc8b75421ad132cd4f7d84aa969e65bab087b92", "rear_firewall": "6eb3d859985081f0eb773cfe53c7312c515bfeddd968f89035c6add68b352a5a", "rear_hub_recess": "274bd80c5494410321dbca8190ecc4528ddecd9db1dc1de6d2c47a680e161989", "rear_hub_recess.001": "45df558b621724e4f67d1914e9599b14b6a5dbc3f4fb8878f5d00e786f1fc615", "rear_lug_nut": "340a1cd15e2239c6749768a6718c45ee1b432e9d2ed5d224af4667895ce61710", "rear_lug_nut.001": "90b4b84e7c29c4bd9013b4353e82233a6f086e47d3ea31cc2adbf1644eabe100", "rear_lug_nut.002": "8e9f8d45bd52e38b51d5cf207765e590869a3335d1f5a435615e66eee35c346f", "rear_lug_nut.003": "0431ce22492354e860a1b76a4edc6e2b4d40792c8bc6bf48dccdf9fb0fb8bf96", "rear_lug_nut.004": "157a5537f0907d0aaa7be5a0c1f181f5ec4e5b78ce04e78fe538052e715de838", "rear_lug_nut.005": "3ab75a9a6cdac234442e4685f8d64de7449dc2ff59315c0f5ae40cbab477bb96", "rear_lug_nut.006": "7f91673d390764ad4e9fb7f8bb0bec91b5e3fac8545bfc585bc11d9d38a7f28b", "rear_lug_nut.007": "793ec86805990b2aaae633f581f8cbab674bd7b090bfdb8aaddd3197e8fbc48b", "rear_lug_nut.008": "62e5a2ecd440e2158a2a142fc2283b511aaef521b61a9f491b1d0b78ea17dfef", "rear_lug_nut.009": "b2e69bd3fb8bd6d022d1cb85a283ae44dc42ebd857113c004cba9603172f15a0", "rear_lug_well": "42619b9bfbb99f6665e44420944fd855eb7f8e50fe0dbeb38b6ea525df1d88cd", "rear_lug_well.001": "3cd216440cab6e4b9ec75466da9b4ce7484022c9dec1b11eb666372b9a5f77e5", "rear_lug_well.002": "3cc431525022d9ba5d01633740583b5a3402f3906b8ad138bc534eb20ea7a4db", "rear_lug_well.003": "83ca43237571510ddfc4351f9f15c54669cac07dd8bed3bea1e7f290b4a637ee", "rear_lug_well.004": "2092b70af6b29910d1a45d2cc5bcbd35b250f7aa95e3dbf7ed107a1fcd95410b", "rear_lug_well.005": "fb1748de7c00c1d033acac44b890f32ebb14178d73421d197a81f08141a52261", "rear_lug_well.006": "3f813bf16bf63000df6c2cf65f5ee12dd2d8790955db1405865318e5a1ba7280", "rear_lug_well.007": "8a405b870c1a63c5b53b5c9522e118b478d735fe07c781f6e258d7bf1737efe9", "rear_lug_well.008": "3669ec881b93ec576c7807366b3acf305fa9305d065cd8c0a2233c17c23602d5", "rear_lug_well.009": "bf6a9cae1a20cbb979eee20acc126013b2338a6aab39ea3bb2322879f1cedcc2", "rear_rim_barrel": "4920b412cef4657d2742b11e7d38010b6fb00f30ddd5aec2175b32d0cc881596", "rear_rim_machined_channel": "8118ae8701f1957c5aae194381bfb7f47e9d934f2e9f9037df12893e7258d559", "rear_rim_machined_channel.001": "73d3e41a12381402eca6447f3b35a772fb269f1d73106873bb0ca18a7f9c238f", "rear_shock": "4335d5cf42845907479f4aca389324b27f6a64a057da93d569c9b566b7e85feb", "rear_shoulder_sipe": "00e410ad848331eb7853ccd2c93b52fdefb941c976103c566d0c96f72540b07d", "rear_shoulder_sipe.001": "cc2dc3701ccc9c4807f4e7dda73701472b33bfe069830eb8adf359d23f9a171f", "rear_shoulder_sipe.002": "111934e718cf473e31a2840fe2751f5f73a8b7c142c071c9839e71d99c4f2ae8", "rear_shoulder_sipe.003": "0513e19d4b5479408774ffef7c0e3f97f513534f2adda4daaf1589b8dab0121f", "rear_shoulder_sipe.004": "65f0de0e5b4d4dc34a0d7b906edc2d56c3e1e3e75db0a8bb839744100e8a0818", "rear_shoulder_sipe.005": "149928cabbb6d3c3cc6284e4018a6bebcfd611bf1e754f88fb5bc601fd48332b", "rear_shoulder_sipe.006": "c04b29c8afd5a4827a9c9521d2ce80a175f84bfa90cd403c1f58bb76f13be625", "rear_shoulder_sipe.007": "466ae1053d78a46f209f486e75fbcfc4e36a8a5ae727be4d95f98d8bda3cace3", "rear_shoulder_sipe.008": "229fbbb0ab2be236c56d6aa6fc99f788a31c97b7c53ee1e188c89c3d433c9f30", "rear_shoulder_sipe.009": "b71e84705ea3352da335fa47c75d20b2227d7d9a64c791f9b4777487288aab42", "rear_shoulder_sipe.010": "c3b6f3598f71614649e6ec02ae66603061f53a4465729634c9799c59b118e37e", "rear_shoulder_sipe.011": "725becb7c2e65d8b4acf53c4e05bdaa90f6723fa287562fca192413cf7182964", "rear_shoulder_sipe.012": "8e149dcfda88c269e0804887fbf2e86d29320e8d2444699124d8702e9e8fdaef", "rear_shoulder_sipe.013": "4b6f33253e1b564a11f66a4c1a6f0117b1efd6bf1ab420f56dbcb3bf7cef403c", "rear_shoulder_sipe.014": "d843e1a7e0d820baf87a5118bb759a4474a30949314b7148e93f7249c9cb8eeb", "rear_shoulder_sipe.015": "b251a36118c2eb451f52785624fefa09d17814e268894eb14c75533eec8adfa4", "rear_shoulder_sipe.016": "066a25f892720fe566285fb51fd8952258035cce99c7914bafc214be6ca81029", "rear_shoulder_sipe.017": "e27a94c0efb5d450836972ced694aaa8ad6ece1da541d5081a41da79614642f5", "rear_shoulder_sipe.018": "597440215a28b2e64f7ed490dcdfc02280038b5c17d59af9edfce9b100584d33", "rear_shoulder_sipe.019": "34b0e544b57f4648308197bbc628fa410000c534f380ebc3eae7db8ffed9be3c", "rear_shoulder_sipe.020": "029014723881facae4a9715894a85f187b6cc2fa18a4dcda6c2190314170dd88", "rear_shoulder_sipe.021": "1006c71583aa935ed83569a4289b9204d90c31aaf88dc84a76b579de17dc35f5", "rear_shoulder_sipe.022": "70bdcf283fac4a96aaa4f02820bf5d26769fe13df9b5b5449092b69d74e7711a", "rear_shoulder_sipe.023": "7da470d832def091a0d8d6242a7c8dc03583df2f85c5977b99421b69784e0f27", "rear_shoulder_sipe.024": "151d9c0518ad95c720b3a3299860102c926791445ebd0101623ef516b7242a85", "rear_shoulder_sipe.025": "373b0e35c039e03a0ee3925cbeaae9957c77c5a66a0f5b6f89a8cb806745ae12", "rear_shoulder_sipe.026": "f9fc055ee000d2a9d4e0594f304b18e071c951463c6ead99516fcb5eddf3f814", "rear_shoulder_sipe.027": "4ff728965f807ded7353d877de554c8ebe849f987e7691ec328ab7801e196dbe", "rear_shoulder_sipe.028": "8a9c312162a29ffee20bed251cc38196576bb334094569b5197c00bb39d945f5", "rear_shoulder_sipe.029": "007f739d2bbd9dd1ff8de2576a5774090162d5f3f6cb1cb9708b4dcaaeb6227a", "rear_shoulder_sipe.030": "ac0c0a71b696fbf86e1b8ede89ff7d76e54611a5546ec175cc3732cacfa9b155", "rear_shoulder_sipe.031": "1636540e0ec42056b88c26e3ca98ece8366307a6a0d8e982381c35e05751c113", "rear_shoulder_sipe.032": "ba28d047fb65e272694a9957bbad6fbe1239cc14784b7ef118bbfd35094853b9", "rear_shoulder_sipe.033": "71759cb33025cae6ae6f9959cafd308cad6910ba11aeeaa5eefabe8446165e4d", "rear_shoulder_sipe.034": "595a165e8afac1eed5632b23ff2b2a82a9026b3bc113fea58b37174493aec3f6", "rear_shoulder_sipe.035": "6196303f048731f368ae6d1de36d68e26c9190728cd56d1394ebf37812a90a1f", "rear_shoulder_sipe.036": "176cfb7fab755b0b26b48f4fdf0f6593429aa86b982c5c58de25c6662a37173e", "rear_shoulder_sipe.037": "24c4f27f7d07b96bb9cd3bb33cae9898f0ae69711f310ae150e0b4ee424a5b99", "rear_shoulder_sipe.038": "685c77fa2905be52e33747e8c9b9a3a4aa0664ea66801a1bd6c2dc59f3f9d326", "rear_shoulder_sipe.039": "080da05ab97f640796251576c4aeeee341f2fc883fd69740f498e9bbfbdd086c", "rear_shoulder_sipe.040": "607be83e3661a99cb21cab942db8c7c6b9ea6071dc5a15ed727c0b8b59b9e614", "rear_shoulder_sipe.041": "813af82150067d090a946689d1eca554d03043115e0b12db72a1723573711153", "rear_shoulder_sipe.042": "9ec3de68ecb03806cbf5daf51f03462182848b149cc2edec74fdc26b0a9f5785", "rear_shoulder_sipe.043": "cac50220dd4f260f49038ca40be2a1acd3d8b1c20a83066602c53b13f5565595", "rear_shoulder_sipe.044": "fbfbfab553dfc377b0137f86ec71bcac9df5abc9e16fc6e75dcb9f2067368818", "rear_shoulder_sipe.045": "c9bf0b0611eb1af77e7b3937e28f18afbbd89a6afbe950c97c5b23fa99fa910c", "rear_shoulder_sipe.046": "c8c7c6f2ebb3788b3444f1fbd774900ec41de60b98a4d7e21e37a10bdf5ad944", "rear_shoulder_sipe.047": "ae1e542fa12c7ed7b84dac27101a0851762496d9d8867b3e798809516adf9481", "rear_shoulder_sipe.048": "5dd6ff63d038232b33253c2562c099c4a2124621f27950b09c993cf54ab65c66", "rear_shoulder_sipe.049": "35464ef08d0e32c37503e49b14e132baae3b66f5e25aa67cccb5e8e61270a526", "rear_shoulder_sipe.050": "557df443b314247fba2c47fb230fda29a4a4d65fb4149c472497ea55fdfc70ec", "rear_shoulder_sipe.051": "f49e73a35c56ac22f985d32932bfef2d164616851fabeb89ca97a1de0569e961", "rear_shoulder_sipe.052": "2ee5d9e3f82e7a86acff357637af628993a44eac7ac7281c2e5fefdfba01d232", "rear_shoulder_sipe.053": "0e17db8e65f64bc0c36e57e0e10de0af40851edb4e7ebfc99f18643679882c5c", "rear_shoulder_sipe.054": "14fa3feb5e94559a9812eea426430cce52ce5182ee7d7be97cf144995ca7e814", "rear_shoulder_sipe.055": "e725d885dfe3061d33382bea94f6026090e2c8f956d43f230dcf2065a9bf9676", "rear_shoulder_sipe.056": "de05a686a0c8fd460b0719d8a3b3ad9162ee26ae7b0a88c4205df2505d875e86", "rear_shoulder_sipe.057": "cfd9302b53c7261b92a2da081c256bf527d79c7575e1cfa969bf87d9c1bece90", "rear_shoulder_sipe.058": "53ceda6817e3398c8a3323cecca7d8899af62ffc1ca98cb2f3f9c02cd4c122c9", "rear_shoulder_sipe.059": "726abcde54def154e461eb41f5e8840348cba3c6adcf9048bdb58e98d8d386ed", "rear_shoulder_sipe.060": "9742182df69ea8087914939fa5ffb16b3ac257720df5c6f36c76f6ea1f9925bd", "rear_shoulder_sipe.061": "f918fef8464d66b160bfbceb56c84ef00287f6c2a27252c0cc030f14f4b3759f", "rear_shoulder_sipe.062": "fb31c9ccf3555affef71f2b943c944cea72a89e4e1ccf8ca3e38caff0b871f30", "rear_shoulder_sipe.063": "60656a390ccd26f64eaf004c6340d5fa707fd5a811d52513deb450a214247bcc", "rear_shoulder_sipe.064": "f397fcd43a064c416fd09feefe6d89a365e84cbf30a515322ac6fb3bc7bc8ed7", "rear_shoulder_sipe.065": "cb4497d3e42549654322a7b4bc7e541bfc02e53eeecf7069027d4e3f6c249346", "rear_shoulder_sipe.066": "a862bd3bd90443e8b29d8943505b09f4ecc0ec1b8bd0f131dcc79577a37bff90", "rear_shoulder_sipe.067": "96f7e37666f0920421c58d6e2974d4ed9071341288b21c66581bfb72e7b12f9c", "rear_shoulder_sipe.068": "079592c56c15158cd995cb3859bd3fae2037e856ac9cd2c74a0cf3d53513c66e", "rear_shoulder_sipe.069": "1d8aded395f39db5e83cc6db9a1351e485f631e5c0d1bb7575860df3cb43eb7a", "rear_shoulder_sipe.070": "db4e6edf6dbf5f381186c08ff4511c4d92ee1a2faee1f76fd0727247cc79d62f", "rear_shoulder_sipe.071": "ee0b0901d48eb34b201e2280d6e9d36abde658bbeb338f46b05ec1c223bafcb6", "rear_shoulder_sipe.072": "4db4bb9484eafaf49089909cf69c2dc97b4bdd489e3eaa5a4b326f62b0d77e16", "rear_shoulder_sipe.073": "852a282ec293354020b3793d959b1e3d879e5ed25157e05e1aca9df50cb09702", "rear_shoulder_sipe.074": "daccd1ce5b4f6b5b2ef3b6130e0e89a8f418412e12ed42c24dade633a5f34f75", "rear_shoulder_sipe.075": "110d90a9bc50ae5ff2f5c9a60f68f916c0455fdb34c5b00f305a17621e946eba", "rear_shoulder_sipe.076": "930e0707d75a7c8808b5ee38d9847cc200b0883466654d30f4ffc66b0d119151", "rear_shoulder_sipe.077": "d32c2fb538c8559142ac41b6a1a0b9e7de9061b60c3de22a687cd39b670f7019", "rear_shoulder_sipe.078": "8346179ffa4bade004ed0b4eb3d181e9f4d0db6709e5ea42b3259e6a9b434aff", "rear_shoulder_sipe.079": "716f3a7cbe7d16cf7303a7d6a7926a848c7642182dc15a4515afde12ad3c78b4", "rear_shoulder_wedge_left": "a1db1e4f099e07b50d7da06c3746589bc54f04f2cb51bbc19b9c5351fcd56eda", "rear_shoulder_wedge_right": "d1851e6097e10ad274e328dc2d43bbf24bca11aaaa2b771d0cee5f5241215b3d", "rear_stationary_caliper": "799be890c24777faf44bcead134346574f03631993b8eeb431fe229ff3a68bee", "rear_swept_machined_face": "f8152c24938f633fdf92629b923a0c6c43ac099da2fdf6cf2603f8d316bc01df", "rear_swept_machined_face.001": "5943354f0e439698c4afabe8047cb6e66d776f719336a67ceb11753fefae7161", "rear_swept_machined_face.002": "322de0092a2ce79d44e4af5f10c292a77fd53c2f4e9b3681117deab5b88851c4", "rear_swept_machined_face.003": "addd87dacfbcd7c90b651f73ab6f54813b9dd68a3600ad72b9d8071b516e77c0", "rear_swept_machined_face.004": "ae6a2451f566bc18e411d48e9d9ccfe2163503976a504c42f84d9505132cf40e", "rear_swept_machined_face.005": "583d09c88fd3eda5a1b7f3cc8867f828ebd46793afff2115347394b08ff91461", "rear_swept_machined_face.006": "bcf998a97dfe62fee7ed17f4fd208ee56709972d47ce3c08ada9578ac5127ecc", "rear_swept_machined_face.007": "32bbd57c0574e0777981cd4503fd9d803039873fe9807e37fa08425e27435ae1", "rear_swept_machined_face.008": "c0d65a2e691c4331a8f206e449647cd563c5e6484e0cb88ce0c69a7af4a31206", "rear_swept_machined_face.009": "a6027d2b7e531937bec4697b9d2face2aefe994d8fe2b7eb983a584891ca75f3", "rear_swept_machined_face.010": "740c8fe224578b81b0b4d45a9175aca5d388d026299b150f4517d227c95cf98c", "rear_swept_machined_face.011": "56246e177f11fe7d923499f533ad9c70f7f43aa4f7fba80d7b8fa75762f58841", "rear_swept_machined_face.012": "920bfe943432601ffd1836c98c271484c91ca577413a81af5195c51c28192dd0", "rear_swept_machined_face.013": "d3e08a10c96b1208eaa441b799344eb7324ee9e55a67a85ea3e2f4376199b3f7", "rear_swept_machined_face.014": "0bacd1748b132d75d96d3ea3dc0d3d07db83240c6b60d426ae22175875dbe803", "rear_swept_machined_face.015": "aeb8a483126a5decb8ea9428eabffef41ba9303c399ad7ef5c1dcca624cbeff9", "rear_swept_machined_face.016": "c0e3e5575ea563e4931789d439ce9ea930f160f85ae671e04a9f0363773baf97", "rear_swept_machined_face.017": "0fe0abdb683a839ea2c960730c762c7cf0c59f96871dc6fd5a6003a1559cc323", "rear_swept_machined_face.018": "72ecf35e557430b6f5470b3c9c07b6ccceb6241538c4aa24299adda502329ef3", "rear_swept_machined_face.019": "adcffbcdb0d4764b226942e94b26bac60a1a2e59f72ed64cb9ee193ec756d4ba", "rear_swept_spoke_core": "61a2796b5011b171d1c09ff1577d737b894b2a8aeed3e0603c67b501325afe43", "rear_swept_spoke_core.001": "e596f38168bac10773a8bcacc0a8415c326717a8e09ebef7318f79066e78ff5a", "rear_swept_spoke_core.002": "546c3e3887bc3dbe24370ee6815bac764294fe0825b15c672c7baeec8a16e9a3", "rear_swept_spoke_core.003": "e43deebbb5d001dfdc3e5cba17fa5a263eace5d82d1f410f20f879904543be28", "rear_swept_spoke_core.004": "227683c90d218df84506faabf869e23f1c8a2a62ff9914f430be848349c3cb59", "rear_swept_spoke_core.005": "e6b523a19b0e82dad8c997ad0530ba0fc8f189cd74b5cb44d724a2b06107d53a", "rear_swept_spoke_core.006": "9e809f67d64d169278eb20e04d6635cb37a565fd5d94ef5c1e99f59118061779", "rear_swept_spoke_core.007": "7afbf24e92ea8ccbb333d0f7f391ef96c36a85dd748bf6c47da6e82cb7abfb4e", "rear_swept_spoke_core.008": "7477c4874d894f2e26d6b472227710f83e0736f3d9cabeaca17bcb6c4b5ddbaf", "rear_swept_spoke_core.009": "ee628680c52e677f7ff26bc1096cde43c0d749f6d8c2bf2ce6b4d469b60c0240", "rear_swept_spoke_core.010": "5f0b9ab246aa006b1d78ee0a95a230d4257454cf69ea0c103a2f0d18dcc688f5", "rear_swept_spoke_core.011": "168c3457869af33b6fe4b90cb5a1f7ad80a0c4bfa833709f3abcc9aa7d654eb2", "rear_swept_spoke_core.012": "67ee575f96dfe1055b57fa13d51795a039ceda4eab9847f7ea30a7d8a1948cc2", "rear_swept_spoke_core.013": "2198ed5e4c34e9ee847dbfa7bb21ac7a36178a4fd3b723f74a6ce0814dba5c79", "rear_swept_spoke_core.014": "ee98ee33eb45d27a9382db6236c67e329c81df293a1b11fdf25d836735fec007", "rear_swept_spoke_core.015": "1b405109e74ae8bc56c8ac49ebd5d4b8886ecabba22d1dc2c6e34ee918e5f142", "rear_swept_spoke_core.016": "ef608ff30d56535567dd192b8d8d1fc503fc9079cd9353e74a2c8061b92699d7", "rear_swept_spoke_core.017": "b56d5153043181883118c877cfef82782d24e4edf862370329752a86756a7f1f", "rear_swept_spoke_core.018": "55b64c2a694ca7f7898633cc7d1c7a8a092c6c28330ef3797719c6063577a1d1", "rear_swept_spoke_core.019": "695e5102f82f365a736ebdc8f17a8a101490c378edeaa444dc18c84cae34511f", "rear_tail_lamp_bed_left": "b7e7363f5e3b6e0186658905b31a0dd94baca6c2048ce90d61e331b6b758abe0", "rear_tail_lamp_bed_right": "61a9b4a3899212eaf8e0f058702ad3398e52f06a1c9289f77957348647646de1", "rear_tire": "30cc69d11f73cb1fb63babdf66fc9de4c28bdc8f2a7abaaa6e8d9c7c08cee222", "rear_undertray_curved_left": "3080b13f6a5888bfcc2fd56f029d61794d563ce08bc1bbdd7b625550decfd8c0", "rear_undertray_curved_right": "2e26a5d79ae133ad221c1cbc8f248252452f014d9ee389f91771ac5c2a1f0b91", "ride_command_lens": "b45eaae1163731ecd0f45beb197b6405a233c7edd4c54a0bdca23b531fed5a3d", "roll_hoop_driver": "3e6c6c7370239ae5989a1cac69627c53c37399e5b3232cde14fa802f70851f86", "roll_hoop_inner_driver": "f6444dd6620a3d4f3b547ff19c1fc9346143715d9b704a8d6b18edc97dea6261", "roll_hoop_inner_passenger": "62dbe783c3dd1ac68484bccba9445a5ad532f1e007ff084f10f75b6c4dd38541", "roll_hoop_passenger": "2578d90d49ef8c8da776351820a36a4752cda5998aa27418f36d31f70e7cfc18", "seat_cupped_driver": "78fcdb742a31e458c03d322ec73f51c24ae886a4872bfec17ba8b4c20bc34069", "seat_cupped_passenger": "508265d42c8cbe02b5948d47bec54030cfa1686689c7d96a7d2f82e94afb7f11", "seat_rear_pod_driver": "bc5cc503865a8a13c3207ff5d8bc07c786e98432c274e31e5dbfa0a950efb41b", "seat_rear_pod_passenger": "ef5ee82ba6c26621e5b61bad42769484b36d43df30d037e7e2150f1d36ab5edb", "side_intake_return_left": "ea4034e770adbe421ce4ee77f774ee31547be36f663b720261daad1d59e86fa4", "side_intake_return_right": "4a38a6fb2863a785b7000daeb608b8ffe02ae84b09c5441217d97b3bb7215483", "side_rocker_return_left": "2c6ae14902913dabfa7d1ba2d8c9dbe10992de4ccd543ecb903310cbc0cc18d6", "side_rocker_return_right": "1d467f30e025db5a84e01ce91a2e84248a1e92cfdff61aa950987785280015c8", "side_triangular_intake_left": "fdd979b506b51c27ce229dc59e65a2a88ea84343e452d35433754b0901eb5c63", "side_triangular_intake_right": "53799f8ba2476c4ebc02c972758682a06b6c1eac6a6782f57d2368bad6da4447", "single_sided_swingarm": "ec07b27aac9a51d0526aa9088fab2175060b99715e282a701400d4655687dd2c", "source_only_console_pocket_cutter": "e87dd5bf5323992b57092669b2d2fed939c65f44eaf538118b6bff901c0e3b77", "source_only_P03A1_lug_cutter": "d482136c2c43d4c45d5124da8c355dc414e6bdb212cabf10a5db10ccb2a9b93f", "source_only_P03A1_lug_cutter.001": "d482136c2c43d4c45d5124da8c355dc414e6bdb212cabf10a5db10ccb2a9b93f", "source_only_P03A1_lug_cutter.002": "d482136c2c43d4c45d5124da8c355dc414e6bdb212cabf10a5db10ccb2a9b93f", "source_only_P03A1_lug_cutter.003": "d482136c2c43d4c45d5124da8c355dc414e6bdb212cabf10a5db10ccb2a9b93f", "source_only_P03A1_lug_cutter.004": "d482136c2c43d4c45d5124da8c355dc414e6bdb212cabf10a5db10ccb2a9b93f", "source_only_P03A1_lug_cutter.005": "d482136c2c43d4c45d5124da8c355dc414e6bdb212cabf10a5db10ccb2a9b93f", "source_only_P03A1_lug_cutter.006": "d482136c2c43d4c45d5124da8c355dc414e6bdb212cabf10a5db10ccb2a9b93f", "source_only_P03A1_lug_cutter.007": "d482136c2c43d4c45d5124da8c355dc414e6bdb212cabf10a5db10ccb2a9b93f", "source_only_P03A1_lug_cutter.008": "d482136c2c43d4c45d5124da8c355dc414e6bdb212cabf10a5db10ccb2a9b93f", "source_only_P03A1_lug_cutter.009": "d482136c2c43d4c45d5124da8c355dc414e6bdb212cabf10a5db10ccb2a9b93f", "source_only_P03A1_lug_cutter.010": "d482136c2c43d4c45d5124da8c355dc414e6bdb212cabf10a5db10ccb2a9b93f", "source_only_P03A1_lug_cutter.011": "d482136c2c43d4c45d5124da8c355dc414e6bdb212cabf10a5db10ccb2a9b93f", "source_only_P03A1_lug_cutter.012": "d482136c2c43d4c45d5124da8c355dc414e6bdb212cabf10a5db10ccb2a9b93f", "source_only_P03A1_lug_cutter.013": "d482136c2c43d4c45d5124da8c355dc414e6bdb212cabf10a5db10ccb2a9b93f", "source_only_P03A1_lug_cutter.014": "d482136c2c43d4c45d5124da8c355dc414e6bdb212cabf10a5db10ccb2a9b93f", "source_only_P03A1_lug_cutter.015": "d482136c2c43d4c45d5124da8c355dc414e6bdb212cabf10a5db10ccb2a9b93f", "source_only_P03A1_lug_cutter.016": "d482136c2c43d4c45d5124da8c355dc414e6bdb212cabf10a5db10ccb2a9b93f", "source_only_P03A1_lug_cutter.017": "d482136c2c43d4c45d5124da8c355dc414e6bdb212cabf10a5db10ccb2a9b93f", "source_only_P03A1_lug_cutter.018": "d482136c2c43d4c45d5124da8c355dc414e6bdb212cabf10a5db10ccb2a9b93f", "source_only_P03A1_lug_cutter.019": "d482136c2c43d4c45d5124da8c355dc414e6bdb212cabf10a5db10ccb2a9b93f", "source_only_P03A1_lug_cutter.020": "d482136c2c43d4c45d5124da8c355dc414e6bdb212cabf10a5db10ccb2a9b93f", "source_only_P03A1_lug_cutter.021": "d482136c2c43d4c45d5124da8c355dc414e6bdb212cabf10a5db10ccb2a9b93f", "source_only_P03A1_lug_cutter.022": "d482136c2c43d4c45d5124da8c355dc414e6bdb212cabf10a5db10ccb2a9b93f", "source_only_P03A1_lug_cutter.023": "d482136c2c43d4c45d5124da8c355dc414e6bdb212cabf10a5db10ccb2a9b93f", "source_only_P03A1_lug_cutter.024": "d482136c2c43d4c45d5124da8c355dc414e6bdb212cabf10a5db10ccb2a9b93f", "source_only_P03A1_lug_cutter.025": "d482136c2c43d4c45d5124da8c355dc414e6bdb212cabf10a5db10ccb2a9b93f", "source_only_P03A1_lug_cutter.026": "d482136c2c43d4c45d5124da8c355dc414e6bdb212cabf10a5db10ccb2a9b93f", "source_only_P03A1_lug_cutter.027": "d482136c2c43d4c45d5124da8c355dc414e6bdb212cabf10a5db10ccb2a9b93f", "source_only_P03A1_lug_cutter.028": "d482136c2c43d4c45d5124da8c355dc414e6bdb212cabf10a5db10ccb2a9b93f", "source_only_P03A1_lug_cutter.029": "d482136c2c43d4c45d5124da8c355dc414e6bdb212cabf10a5db10ccb2a9b93f", "steering_column": "d2bd0888684ef56d16e6d76fa8c2f2ca37332a0e77c29dbb62601f9043cafa05", "vent_vane_left": "1b0ddc5244b174bbcfa8cd1bca9807daa0aaa849b35ff287333f065ba36a3edb", "vent_vane_left.001": "1b0ddc5244b174bbcfa8cd1bca9807daa0aaa849b35ff287333f065ba36a3edb", "vent_vane_left.002": "f622b80cc1cb4802560e0f245f798e9b09cafabe71c2868e78caba58c21cc2b4", "vent_vane_right": "1b0ddc5244b174bbcfa8cd1bca9807daa0aaa849b35ff287333f065ba36a3edb", "vent_vane_right.001": "1b0ddc5244b174bbcfa8cd1bca9807daa0aaa849b35ff287333f065ba36a3edb", "vent_vane_right.002": "f622b80cc1cb4802560e0f245f798e9b09cafabe71c2868e78caba58c21cc2b4", "windshield_curved": "fdbeb3d6c046568df9c87f4ea1f3688a269acc0cce5755defa282c0a1ab17e88", "windshield_lower_seal": "435f70fffe193084dadbf34c5c1ca531a8732e3d88a222e583d8e668b6237abc"}, "removedRearComponents": ["rear_firewall", "rear_undertray_curved_left", "rear_undertray_curved_right", "single_sided_swingarm", "drive_belt", "rear_shock", "rear_coil"], "sourceSha256": "86e3f845e25448fab7cd5fe87eaff3ba517050bd888afb614e0be7c460f2dd2e", "glbSha256": "a2195fa392300fb5c528d4008d86d0f69f7e553352525069d4b7507704f6bd80", "triangles": 210315}
Blender 4.5.2 LTS (hash ab25eae04993 built 2025-08-20 02:20:52)
Read blend: "C:\Users\SM - Dan\Documents\GitHub\slingmods-three-wheel-tour-rebuild\assets\blender\vehicles\slingshot-p03a2.blend"

Blender quit
