Info: Total files 17 | Changed 0 | Failed 0
Info: Saved as "slingshot-p04a1.blend"
INFO Draco mesh compression is available, use library at C:\Users\SM - Dan\Documents\GitHub\slingmods-three-wheel-tour-rebuild\.tools\blender-4.5.2-windows-x64\4.5\scripts\addons_core\io_scene_gltf2\extern_draco.dll
14:46:56 | INFO: Starting glTF 2.0 export
14:46:56 | INFO: Extracting primitive: rear_continuous_drive_belt.001
14:46:56 | WARNING: More than one shader node tex image used for a texture. The resulting glTF sampler will behave like the first shader node tex image.
14:46:56 | INFO: Primitives created: 1
14:46:56 | INFO: Extracting primitive: P03A1_upper_light_socket_left.001
14:46:56 | INFO: Primitives created: 1
14:46:56 | INFO: Extracting primitive: roll_hoop_inner_driver
14:46:56 | WARNING: More than one shader node tex image used for a texture. The resulting glTF sampler will behave like the first shader node tex image.
14:46:56 | INFO: Primitives created: 1
14:46:56 | INFO: Extracting primitive: exposed_chassis_rail_left
14:46:56 | INFO: Primitives created: 1
14:46:56 | INFO: Extracting primitive: hood_crown_left.001
14:46:57 | WARNING: More than one shader node tex image used for a texture. The resulting glTF sampler will behave like the first shader node tex image.
14:46:57 | INFO: Primitives created: 1
14:46:57 | INFO: Extracting primitive: P03A1_cheek_to_lower_return_left.001
14:46:57 | INFO: Primitives created: 2
14:46:57 | INFO: Extracting primitive: hood_inlet_dark_throat.001
14:46:57 | INFO: Primitives created: 1
14:46:57 | INFO: Extracting primitive: boarding_sill_shell_left.001
14:46:57 | INFO: Primitives created: 1
14:46:57 | INFO: Extracting primitive: console_round_control_center.001
14:46:57 | INFO: Primitives created: 1
14:46:57 | INFO: Extracting primitive: ride_command_lens.001
14:46:57 | INFO: Primitives created: 1
14:46:57 | INFO: Extracting primitive: instrument_lens.001
14:46:57 | INFO: Primitives created: 1
14:46:57 | INFO: Extracting primitive: console_round_control
14:46:57 | INFO: Primitives created: 1
14:46:57 | INFO: Extracting primitive: autodrive_console_shell.001
14:46:57 | INFO: Primitives created: 1
14:46:57 | INFO: Extracting primitive: console_pocket_floor.001
14:46:57 | INFO: Primitives created: 1
14:46:57 | INFO: Extracting primitive: Mesh
14:46:57 | WARNING: More than one shader node tex image used for a texture. The resulting glTF sampler will behave like the first shader node tex image.
14:46:57 | INFO: Primitives created: 1
14:46:57 | INFO: Extracting primitive: P03A1_label_D.001
14:46:57 | INFO: Primitives created: 1
14:46:57 | INFO: Extracting primitive: cockpit_firewall.001
14:46:57 | INFO: Primitives created: 1
14:46:57 | INFO: Extracting primitive: windshield_curved.001
14:46:57 | INFO: Primitives created: 1
14:46:57 | INFO: Extracting primitive: P03A1_steering_static_switch.006
14:46:57 | INFO: Primitives created: 1
14:46:57 | INFO: Extracting primitive: autodrive_paddle.002
14:46:57 | INFO: Primitives created: 1
14:46:57 | INFO: Extracting primitive: P03A1_steering_D_grip
14:46:57 | INFO: Primitives created: 1
14:46:57 | INFO: Extracting primitive: P03A1_steering_polygon_hub.001
14:46:57 | INFO: Primitives created: 1
14:46:57 | INFO: Extracting primitive: front_left_hub_recess.002
14:46:57 | INFO: Primitives created: 1
14:46:57 | INFO: Extracting primitive: front_left_lug_nut.010
14:46:57 | INFO: Primitives created: 1
14:46:57 | INFO: Extracting primitive: front_left_lug_well.010
14:46:57 | INFO: Primitives created: 1
14:46:57 | INFO: Extracting primitive: front_left_tire.002
14:46:57 | WARNING: More than one shader node tex image used for a texture. The resulting glTF sampler will behave like the first shader node tex image.
14:46:57 | INFO: Primitives created: 1
14:46:57 | INFO: Extracting primitive: front_left_brake_disc.002
14:46:57 | INFO: Primitives created: 1
14:46:57 | INFO: Extracting primitive: front_left_stationary_caliper.001
14:46:57 | INFO: Primitives created: 1
14:46:57 | INFO: Extracting primitive: front_right_hub_recess.002
14:46:57 | INFO: Primitives created: 1
14:46:57 | INFO: Extracting primitive: front_right_lug_nut.010
14:46:57 | INFO: Primitives created: 1
14:46:57 | INFO: Extracting primitive: front_right_lug_well.010
14:46:57 | INFO: Primitives created: 1
14:46:57 | INFO: Extracting primitive: front_right_tire.002
14:46:57 | INFO: Primitives created: 1
14:46:57 | INFO: Extracting primitive: front_right_brake_disc.002
14:46:57 | INFO: Primitives created: 1
14:46:57 | INFO: Extracting primitive: front_right_stationary_caliper.001
14:46:57 | INFO: Primitives created: 1
14:46:57 | INFO: Extracting primitive: rear_tail_lamp_bed_left.001
14:46:57 | INFO: Primitives created: 1
14:46:57 | INFO: Extracting primitive: lights_brake_left
14:46:57 | INFO: Primitives created: 1
14:46:57 | INFO: Extracting primitive: lights_head_center_clear_cover.001
14:46:57 | INFO: Primitives created: 1
14:46:57 | INFO: Extracting primitive: lights_head_diagonal_left.002
14:46:57 | INFO: Primitives created: 1
14:46:57 | INFO: Extracting primitive: lights_head_center_projector_eye.005
14:46:57 | INFO: Primitives created: 1
14:46:57 | INFO: Extracting primitive: lights_head_center_reflector_cell.005
14:46:57 | INFO: Primitives created: 1
14:46:57 | INFO: Extracting primitive: lights_head_center.001
14:46:57 | INFO: Primitives created: 1
14:46:57 | INFO: Extracting primitive: lights_signals_left_clear_cover.001
14:46:57 | INFO: Primitives created: 1
14:46:57 | INFO: Extracting primitive: lights_signals_left_reflector_cell.005
14:46:57 | INFO: Primitives created: 1
14:46:57 | INFO: Extracting primitive: lights_signals_left.001
14:46:57 | INFO: Primitives created: 1
14:46:57 | INFO: Extracting primitive: rear_arm_hub_boss.001
14:46:57 | INFO: Primitives created: 1
14:46:57 | INFO: Extracting primitive: rear_open_pulley_guard.001
14:46:57 | INFO: Primitives created: 1
14:46:57 | INFO: Extracting primitive: Cylinder.073
14:46:57 | INFO: Primitives created: 1
14:46:57 | INFO: Extracting primitive: shock_upper_chassis_bracket_-1.001
14:46:57 | INFO: Primitives created: 1
14:46:57 | INFO: Extracting primitive: rear_central_forward_bulkhead.001
14:46:57 | INFO: Primitives created: 1
14:46:57 | INFO: Extracting primitive: rear_stationary_caliper.001
14:46:57 | INFO: Primitives created: 1
14:46:57 | INFO: Extracting primitive: rear_drive_pulley.001
14:46:57 | INFO: Primitives created: 1
14:46:57 | INFO: Extracting primitive: rear_pulley_spoke_0.001
14:46:57 | INFO: Primitives created: 1
14:46:57 | INFO: Extracting primitive: rear_hub_recess.002
14:46:57 | INFO: Primitives created: 1
14:46:57 | INFO: Extracting primitive: rear_lug_nut.010
14:46:57 | INFO: Primitives created: 1
14:46:57 | INFO: Extracting primitive: rear_lug_well.010
14:46:57 | INFO: Primitives created: 1
14:46:57 | INFO: Extracting primitive: rear_tire.002
14:46:57 | INFO: Primitives created: 1
14:46:57 | INFO: Extracting primitive: rear_brake_disc.002
14:46:57 | INFO: Primitives created: 1
14:46:57 | INFO: Extracting primitive: storage_access_lip_left.001
14:46:57 | INFO: Primitives created: 1
14:46:57 | INFO: Extracting primitive: storage_access_latch_left.001
14:46:57 | INFO: Primitives created: 1
14:46:57 | INFO: Extracting primitive: rear_storage_left_shell.001
14:46:57 | INFO: Primitives created: 1
14:46:57 | INFO: Extracting primitive: rear_shock_upper_eye.001
14:46:57 | INFO: Primitives created: 1
14:46:57 | INFO: Extracting primitive: rear_shock_upper_sleeve.001
14:46:57 | INFO: Primitives created: 1
14:46:57 | INFO: Extracting primitive: rear_shock_lower_eye.001
14:46:57 | INFO: Primitives created: 1
14:46:57 | INFO: Extracting primitive: rear_coil_spring.001
14:46:57 | INFO: Primitives created: 1
14:46:57 | INFO: Extracting primitive: Cylinder.019
14:46:57 | INFO: Primitives created: 1
14:46:57 | INFO: Extracting primitive: front_spring_left
14:46:57 | INFO: Primitives created: 1
14:46:57 | INFO: Extracting primitive: Cylinder.067
14:46:57 | INFO: Primitives created: 1
14:46:57 | INFO: Extracting primitive: Cylinder.031
14:46:57 | INFO: Primitives created: 1
14:46:57 | INFO: Extracting primitive: front_spring_right
14:46:57 | INFO: Primitives created: 1
14:46:57 | INFO: Extracting primitive: Cylinder.068
14:46:57 | INFO: Primitives created: 1
14:46:57 | INFO: Finished glTF 2.0 export in 0.72306227684021 s

P03A_EXPORT {"stage": "mapped", "baseline_unmodified": true, "source_objects": 698, "export_meshes": 70, "export_color_primitives": 71, "triangles": 210315, "bounds_blender_m": [[-0.9926999807357788, 1.0068292617797852], [-1.6790000200271606, 2.1463053226470947], [0.0, 1.3127319812774658]], "dimensions_m": {"width": 1.999529242515564, "length": 3.8253053426742554, "height": 1.3127319812774658}, "materials": ["P03A_Amber_Lens", "P03A_Amber_Reflector", "P03A_Brake_Caliper", "P03A_Clear_Optical_Cover", "P03A_Gloss_Black_Wheel", "P03A_Instrument_Glass", "P03A_Instrument_Scale", "P03A_Machined_Aluminum", "P03A_Optical_Lens", "P03A_Optical_Reflector", "P03A_Orange_Accent", "P03A_Radar_Blue", "P03A_Recess_Black", "P03A_Rubber", "P03A_Seat_Charcoal", "P03A_Seat_Silver", "P03A_Tail_Lens", "P03A_Textured_Polymer", "P03A_Wind_Deflector"], "batches": [{"name": "cockpit__Radar_Blue", "binding": "cockpit", "triangles": 2824}, {"name": "steering_control__Machined_Aluminum", "binding": "steering_control", "triangles": 968}, {"name": "body_static__Textured_Polymer", "binding": "body_static", "triangles": 26796}, {"name": "cockpit__Textured_Polymer", "binding": "cockpit", "triangles": 15732}, {"name": "cockpit__Recess_Black", "binding": "cockpit", "triangles": 752}, {"name": "cockpit__Machined_Aluminum", "binding": "cockpit", "triangles": 4300}, {"name": "cockpit__Gloss_Black_Wheel", "binding": "cockpit", "triangles": 564}, {"name": "body_static__Orange_Accent", "binding": "body_static", "triangles": 80}, {"name": "suspension_front_left__Machined_Aluminum", "binding": "suspension_front_left", "triangles": 176}, {"name": "suspension_front_right__Machined_Aluminum", "binding": "suspension_front_right", "triangles": 176}, {"name": "suspension_front_left__Textured_Polymer", "binding": "suspension_front_left", "triangles": 44}, {"name": "suspension_front_right__Textured_Polymer", "binding": "suspension_front_right", "triangles": 44}, {"name": "front_left_spin__Textured_Polymer", "binding": "front_left_spin", "triangles": 256}, {"name": "front_left_spin__Gloss_Black_Wheel", "binding": "front_left_spin", "triangles": 9076}, {"name": "front_left_spin__Machined_Aluminum", "binding": "front_left_spin", "triangles": 6248}, {"name": "front_left_spin__Recess_Black", "binding": "front_left_spin", "triangles": 800}, {"name": "front_left_steer__Brake_Caliper", "binding": "front_left_steer", "triangles": 188}, {"name": "front_left_spin__Rubber", "binding": "front_left_spin", "triangles": 3584}, {"name": "front_right_spin__Textured_Polymer", "binding": "front_right_spin", "triangles": 256}, {"name": "front_right_spin__Gloss_Black_Wheel", "binding": "front_right_spin", "triangles": 9076}, {"name": "front_right_spin__Machined_Aluminum", "binding": "front_right_spin", "triangles": 6248}, {"name": "front_right_spin__Recess_Black", "binding": "front_right_spin", "triangles": 800}, {"name": "front_right_steer__Brake_Caliper", "binding": "front_right_steer", "triangles": 188}, {"name": "front_right_spin__Rubber", "binding": "front_right_spin", "triangles": 3584}, {"name": "suspension_front_left__Orange_Accent", "binding": "suspension_front_left", "triangles": 1920}, {"name": "suspension_front_right__Orange_Accent", "binding": "suspension_front_right", "triangles": 1920}, {"name": "body_static__Radar_Blue", "binding": "body_static", "triangles": 40396}, {"name": "body_static__Recess_Black", "binding": "body_static", "triangles": 1276}, {"name": "cockpit__Instrument_Scale", "binding": "cockpit", "triangles": 188}, {"name": "lights_head__Gloss_Black_Wheel", "binding": "lights_head", "triangles": 456}, {"name": "lights_brake__Tail_Lens", "binding": "lights_brake", "triangles": 120}, {"name": "lights_head__Recess_Black", "binding": "lights_head", "triangles": 6}, {"name": "lights_head__Clear_Optical_Cover", "binding": "lights_head", "triangles": 564}, {"name": "lights_head__Optical_Lens", "binding": "lights_head", "triangles": 3492}, {"name": "lights_head__Optical_Reflector", "binding": "lights_head", "triangles": 104}, {"name": "lights_signals__Recess_Black", "binding": "lights_signals", "triangles": 4}, {"name": "lights_signals__Amber_Lens", "binding": "lights_signals", "triangles": 376}, {"name": "lights_signals__Amber_Reflector", "binding": "lights_signals", "triangles": 80}, {"name": "cockpit__Seat_Silver", "binding": "cockpit", "triangles": 6177}, {"name": "body_static__Radar_Blue_Textured_Polymer", "binding": "body_static", "triangles": 696}, {"name": "cockpit__Seat_Charcoal", "binding": "cockpit", "triangles": 18608}, {"name": "steering_control__Seat_Charcoal", "binding": "steering_control", "triangles": 2560}, {"name": "steering_control__Textured_Polymer", "binding": "steering_control", "triangles": 708}, {"name": "steering_control__Gloss_Black_Wheel", "binding": "steering_control", "triangles": 1128}, {"name": "body_static__Gloss_Black_Wheel", "binding": "body_static", "triangles": 800}, {"name": "rear_arm_visual__Orange_Accent", "binding": "rear_arm_visual", "triangles": 436}, {"name": "rear_axle_visual__Machined_Aluminum", "binding": "rear_axle_visual", "triangles": 556}, {"name": "rear_spin__Textured_Polymer", "binding": "rear_spin", "triangles": 256}, {"name": "rear_body_static__Textured_Polymer", "binding": "rear_body_static", "triangles": 432}, {"name": "shock_spring_visual__Orange_Accent", "binding": "shock_spring_visual", "triangles": 2572}, {"name": "belt_visual__Textured_Polymer", "binding": "belt_visual", "triangles": 784}, {"name": "rear_pulley_visual__Gloss_Black_Wheel", "binding": "rear_pulley_visual", "triangles": 512}, {"name": "rear_spin__Gloss_Black_Wheel", "binding": "rear_spin", "triangles": 9076}, {"name": "rear_spin__Machined_Aluminum", "binding": "rear_spin", "triangles": 6248}, {"name": "rear_spin__Recess_Black", "binding": "rear_spin", "triangles": 800}, {"name": "rear_arm_visual__Radar_Blue", "binding": "rear_arm_visual", "triangles": 316}, {"name": "rear_pulley_visual__Machined_Aluminum", "binding": "rear_pulley_visual", "triangles": 352}, {"name": "shock_piston_visual__Machined_Aluminum", "binding": "shock_piston_visual", "triangles": 604}, {"name": "shock_body_visual__Machined_Aluminum", "binding": "shock_body_visual", "triangles": 512}, {"name": "shock_body_visual__Textured_Polymer", "binding": "shock_body_visual", "triangles": 92}, {"name": "rear_caliper_visual__Brake_Caliper", "binding": "rear_caliper_visual", "triangles": 188}, {"name": "rear_storage_static__Textured_Polymer", "binding": "rear_storage_static", "triangles": 1524}, {"name": "lights_brake__Seat_Charcoal", "binding": "lights_brake", "triangles": 328}, {"name": "rear_spin__Rubber", "binding": "rear_spin", "triangles": 3584}, {"name": "cockpit__Instrument_Glass", "binding": "cockpit", "triangles": 188}, {"name": "body_static__Machined_Aluminum", "binding": "body_static", "triangles": 120}, {"name": "rear_body_static__Machined_Aluminum", "binding": "rear_body_static", "triangles": 216}, {"name": "rear_storage_static__Machined_Aluminum", "binding": "rear_storage_static", "triangles": 304}, {"name": "rear_storage_static__Gloss_Black_Wheel", "binding": "rear_storage_static", "triangles": 216}, {"name": "cockpit__Wind_Deflector", "binding": "cockpit", "triangles": 5760}], "source": "assets\\blender\\vehicles\\slingshot-p04a1.blend", "maps": [{"name": "instrument-scale_basecolor", "width": 512, "height": 512}, {"name": "machined-alloy_basecolor", "width": 512, "height": 512}, {"name": "machined-alloy_normal", "width": 512, "height": 512}, {"name": "machined-alloy_orm", "width": 512, "height": 512}, {"name": "molded-polymer_basecolor", "width": 512, "height": 512}, {"name": "molded-polymer_normal", "width": 512, "height": 512}, {"name": "molded-polymer_orm", "width": 512, "height": 512}, {"name": "P03A1_radar_blue_coverage_AA", "width": 2048, "height": 2048}, {"name": "radar-blue_normal", "width": 1024, "height": 1024}, {"name": "radar-blue_orm", "width": 1024, "height": 1024}, {"name": "road-tire_basecolor", "width": 1024, "height": 1024}, {"name": "road-tire_normal", "width": 1024, "height": 1024}, {"name": "road-tire_orm", "width": 1024, "height": 1024}, {"name": "sport-seat_basecolor", "width": 1024, "height": 1024}, {"name": "sport-seat_normal", "width": 1024, "height": 1024}, {"name": "sport-seat_orm", "width": 1024, "height": 1024}], "limits": ["No rider or G3 readiness claim", "Actual runtime light-sweep review required", "Panel vertices are reference estimates, not OEM CAD", "Hardware performance is not inferred from asset census"]}
REAR_CANDIDATE {"status": "Candidate02 exported; not yet evaluated by runtime reviewer", "protectedEvaluatedComponents": 687, "comparisonMethod": "Strict within-process evaluated vertex/triangle/UV bytes before and after rear surgery; old process hash order can differ for existing Boolean console", "baselineProcessHashes": {"autodrive_console_shell": "9c0aaefabdac0a6bdf0dbc0d5c69f5f8d5a998bbbbc9e73d86198a57ce3437aa", "autodrive_paddle": "a841e06605044dcd1a47530fe3fba7baa62c625cc4c70df5f1e383b03caf05da", "autodrive_paddle.001": "46e634d50137a685a555caf67f668e53a5f3a9e058b8dc3a9159350203d0548f", "boarding_sill_shell_left": "2031c278e0409ba30da92a11c9d16772a84e399dfa3241cacad630d8d83bf0f4", "boarding_sill_shell_right": "05f2f1d7d68051a68ad5db6a1d8edce5ae49bc1a88ccce52e4481a92e5b3973b", "central_lamp_projector_division": "f7916458afbb4f902b2eea636d7f517fa0ebba577c9e5122dde1c0e4670c8a11", "central_lamp_projector_division.001": "f7916458afbb4f902b2eea636d7f517fa0ebba577c9e5122dde1c0e4670c8a11", "central_lamp_projector_division.002": "f7916458afbb4f902b2eea636d7f517fa0ebba577c9e5122dde1c0e4670c8a11", "cockpit_firewall": "38a44488b4e6ae255bce8bc46ffe18b9a74a95bfd937d4ca4dc2093271394d26", "console_pocket_floor": "fdb010c430372ca7ce6ef3a885e4178290ba47adea14e2e9dbfed1810bf2c576", "console_pocket_wall": "1a421dc9569107a92925dbba0be94d105bba800506ea8b10647919455b19a281", "console_pocket_wall.001": "ef62326a493892cb678c4041dd476cf29b464eeac77bf22e7c6ab177ab4da16e", "console_pocket_wall.002": "7e089d3504658cf9fdc46f0156676011c0fe2e13ead19cea1a593b07bbe3cf9c", "console_pocket_wall.003": "1cbe4eda15e019a22e64f2cfca7389b33e22e2e6611ec530fc13805aed62379e", "console_round_control": "3eaae2faa4872bd5b4de9cf912c7136678aeac1efc6b2d49bb5416ee336b6aad", "console_round_control_center": "8f97dd954453601b55882a9cc1057146da4c0b66bae94bf6981e780c56547373", "console_start_center": "304400ed4dd1fa1c97122c7dd08db5587b0ccf01ff2eb4b9861130e250d09ded", "console_start_ring": "5bfea32d180a0d835e54cef1044789bf05ff9ba66e260473e4aa9e1ac001aad8", "console_switch": "9720b9305c3bacc4581699c2b0b71ce73d843f09d7a60fa2d2788638c803bafb", "console_switch.001": "d24fc8d04d1fc1f1a6ca4544198a7bc4929c5dcd1b6c396c6aa19d9e25facdce", "console_switch.002": "4e36289c6c10ecba04e1d620c202c365deb79f176869ba5a1dbbb06b18b3176f", "console_switch_housing": "fcbacb3dfe4a0ab63c5ca868fbd1381fe8e2dc9512192708b5b53142eec114b7", "console_switch_recess": "eebfc7fd5122d626d43373d72a55c7a1ba1a7bc581e65980b2c2978c09314320", "console_switch_recess.001": "f162013750caf037e64651a537ad3836013aa60a90ec523ecdb4c75f27eca02a", "console_switch_recess.002": "1f297f0c79b2c26701151e9ec84f578c805665b5b1846bc5991906de2b3de780", "dashboard_continuous": "8915bd5691b1e48a83cbac8a5b93168b55a0806e3965e4da4ea6d6a125b2ce08", "drive_belt": "5db2a8c6bd54f73abd734909933d464dac2707c5539f9b38c5acabcd2619a827", "exposed_chassis_rail_left": "97a0925abfb6c68d6efe8e923f79bfc07818456f675203ff0666315ca253b740", "exposed_chassis_rail_right": "e10a1d31f112070caed6fe0b3207ef16bf2dc7ec3d9c992bdfe2d9d644ce2369", "floor_driver": "3957c39cc3b44ce61c68087accfcdbcf81ff43273a8325652a46bd9b7aa38fc2", "floor_passenger": "55a6b611aec294e80dc3a56363762f56f6f44c5c985585f3a693337a1e3828d3", "front_A_arm_left": "5f2308909edf60aefc710f4fe7f4ecf78e3c923df5d38d05767fe732c5a54c3d", "front_A_arm_left.001": "106b72bfec171b3c15aa16faf7d6999565499c3a4f77ee3d84d52016b3a5a563", "front_A_arm_left.002": "5f2308909edf60aefc710f4fe7f4ecf78e3c923df5d38d05767fe732c5a54c3d", "front_A_arm_left.003": "106b72bfec171b3c15aa16faf7d6999565499c3a4f77ee3d84d52016b3a5a563", "front_A_arm_right": "5f2308909edf60aefc710f4fe7f4ecf78e3c923df5d38d05767fe732c5a54c3d", "front_A_arm_right.001": "106b72bfec171b3c15aa16faf7d6999565499c3a4f77ee3d84d52016b3a5a563", "front_A_arm_right.002": "5f2308909edf60aefc710f4fe7f4ecf78e3c923df5d38d05767fe732c5a54c3d", "front_A_arm_right.003": "106b72bfec171b3c15aa16faf7d6999565499c3a4f77ee3d84d52016b3a5a563", "front_damper_left": "230b4842953ae0f27ab6d73ffdf480cc37134f065458d59011c00f0e434d9e03", "front_damper_right": "230b4842953ae0f27ab6d73ffdf480cc37134f065458d59011c00f0e434d9e03", "front_left_brake_disc": "e280f64f74b603ddef39eafcf2d5bb6c857715ebd8470d2b6c669e2a712c9ce1", "front_left_brake_disc.001": "ea6bbcd71dec13bf6ac739ae3e2b5bc8d79041cd2954e7adab5e062ef648c10d", "front_left_hub_recess": "58e11e16f636d2b73dc0ce3303a541695cdf3ff20fb7f52376b1e0d8822d17ad", "front_left_hub_recess.001": "cb0a85cb39beb13a1dbc80f5f763ec70b1e5a4d3b833dbf667256ee224d4a319", "front_left_lug_nut": "2fb8433c7079417c00ad85875777eb69f50a816b6ca116563d592517a9dea4cd", "front_left_lug_nut.001": "60b4b2333ba0ac1dfc619bb5bd9a00aa0acdbd7064f016f226652ca96dd5387c", "front_left_lug_nut.002": "ceadc491f8e439fc7d85d893fe705127087f80c386a5feb52650a9df9ecac6bc", "front_left_lug_nut.003": "5047bbe93a652dfa0661bdc3faa64e694168d5bb045ee0b39ea628bf3718a624", "front_left_lug_nut.004": "2f1c38364d7d607e394549342099121c6d29e1ecd5c9d479f8367ddf71855e8f", "front_left_lug_nut.005": "723f37ebf355bdf4ca31b5ebaeea9eaa279dd90bf2a7b86edab16026fa26f08c", "front_left_lug_nut.006": "dadbc6868b01b34b66dcff807e5828ac53b7ce3cb2dede0d7095c8154dc65b11", "front_left_lug_nut.007": "6d67de16affe419ecefe6bde203c0d82539cbd27f78d9d28ec2240c8c7246f9b", "front_left_lug_nut.008": "157e9b81aad93dea3e10fbe4601e1d71a356ed05eb8cee775a7c5f2fa8a0d845", "front_left_lug_nut.009": "c410c3502fe23081acc035fc3cc009ea8c45365e59aacb5d42a7e945a11c3a81", "front_left_lug_well": "32bf6ee4d478c91e23a7e7e0a1132844eaea98201bda4591365afbb22cd403fe", "front_left_lug_well.001": "8d261e40cfc2cfbecddec215a4923dda9bc55697a8356509129e15d6f1277d30", "front_left_lug_well.002": "578d0206044c7890aaccbead779c94f1ec98c6ea24784c52a840cfb8eb704a11", "front_left_lug_well.003": "61bf8b3e190b9da7fd116446c906080f1f5c2b43f2a7cae21ede414075f9fe8f", "front_left_lug_well.004": "01169073e88302558560cfbbe862bdaebcee53a5ee27c41ba805062deaf4df1f", "front_left_lug_well.005": "8ea85d72ab4dfa557093d6c8529d21904846c9755ada2d25efe3d0f30b0150ca", "front_left_lug_well.006": "92d076346fbff24c7a0c73fc73fa507cae759ec488bfaad925b300b3ca214f80", "front_left_lug_well.007": "bad569908acd90f0835983693caba925b7d922b771754a2aea6dd2a8d91f68d0", "front_left_lug_well.008": "0c66c73b56326302f8f978ae4c479cd8487796d21247128f5ca46354210c5b00", "front_left_lug_well.009": "c1579cbe656ecfa1b3f4e028349d8f5a873cfb51a3b57f396933b1f9d4b336f1", "front_left_rim_barrel": "f9cb4fae64ec7bd7d8bda5470ee31a03a214bf7d5e7e649d64cc39613dd248ef", "front_left_rim_machined_channel": "045dc9a54a58ed04d685674c378741dfa85cdd8a9534ddefc1f029b372835390", "front_left_rim_machined_channel.001": "229eb1601eb17e77dae5ec9f0d8c0940326f2efc184c191d6d7b37f969eb6138", "front_left_shoulder_sipe": "21c1646d6e02c09baaaeff636717366fe14ce79d803179ca1d76e151d492e160", "front_left_shoulder_sipe.001": "2a6dcd40b0b7a891bbd1440d382b92e044bcd7665e88ccb1351c0f7fd77aedae", "front_left_shoulder_sipe.002": "b0fae71c079f0e838a9992bc4985d1587eae60fdfe898638f444bf0430469b6e", "front_left_shoulder_sipe.003": "40e74b554a0d119f4abf9c7366c13c6eeaed0ecdc8c2cc1198ccdca1ca632e81", "front_left_shoulder_sipe.004": "b2600de5ecd2812435edca29e88ce0d4e50d77e4d9bdcb44ce7aa4e6968ba612", "front_left_shoulder_sipe.005": "118b07a2fc8a267cd70b6d64fe51a07a73b79b039cb16d527da8f6942b9308f4", "front_left_shoulder_sipe.006": "f1f48b14d6d2faa7016a487beba5af4a6d85b0d7eeef7286ae27daea12317c1c", "front_left_shoulder_sipe.007": "906aaec3cd19fe83107aa3993a38c6b1927b458d1643cbcaf13fcb04d55957ac", "front_left_shoulder_sipe.008": "f697afe94273650861b12d23b995f11e75489350bc48feeb7e7b4614e2d773a7", "front_left_shoulder_sipe.009": "dcbf8ba5629578c98e39f7497031e24bb8c3e328c3ed86a4194ccef15be29528", "front_left_shoulder_sipe.010": "1bf5b402b2d8a6a585dc1b8c9ecafe94d96ceb5e358097c462b326459f2ea65b", "front_left_shoulder_sipe.011": "5e07051972facad36e010ab94fbcd346d522d9721dfad347fe306b2e22a670cd", "front_left_shoulder_sipe.012": "5b70e38f850ff24e1e533d35e044d3ac3fa44f1bb3c43d7d34f9d621e8ed0748", "front_left_shoulder_sipe.013": "cdced19d6da2316cc754e6bf60661574cd02b947ddc7b3c60cd28e35882b69dc", "front_left_shoulder_sipe.014": "db6475b51d2f42168fb66e08d7fcd76ff0bbdbebc39630918aea5a5027465ebe", "front_left_shoulder_sipe.015": "cf491ce45a1e21172da4631e0c16993d7d827cc1f9c11a772b9b10fc7b7ced9b", "front_left_shoulder_sipe.016": "3efc60288f57b4eaa3c5eb60c94d846479ade577d11456087fdcf0376d4738c5", "front_left_shoulder_sipe.017": "ff5977d1b4a7a47b469bf38ff77b695e5d4aa4cdf345992307e93b8ca180f9fb", "front_left_shoulder_sipe.018": "031c72e5b96c719751668a82bd578bb1efa23abe14fc604e76287e9bf88cdb2d", "front_left_shoulder_sipe.019": "8246a358e1ccf849dcb50158777f02b7d6a4e1d3a27efd0595746e7bad923091", "front_left_shoulder_sipe.020": "0f59abbe1e151fd926671c5781b9568a386fe09c7ae8ebb4afadb4f292363c7a", "front_left_shoulder_sipe.021": "fa336d619c87435d6c895e333e0939ca7aa13f522d6ae2cb89b280ca3d750bed", "front_left_shoulder_sipe.022": "e7ea6908413a86eeab48e94b7eea877aa95c46c14dfde1fe6f918034d9d8e708", "front_left_shoulder_sipe.023": "a4391b5fc679076c7e01b5107e29c0b0915ec54dee853a8c256c42360022f81a", "front_left_shoulder_sipe.024": "b5a19899b01d1beb2cb2b733fdd317e5bc7eea0ffdd85a1c9d988fc91c945048", "front_left_shoulder_sipe.025": "bbdb7e96f427b08f92786cf9e36526d15c0d7bb48ef5787a7066cba4657be5df", "front_left_shoulder_sipe.026": "a745ab773684dfd4677f40c57ceed722a2a9a430c064d8ab06e25abf6e90040b", "front_left_shoulder_sipe.027": "0c72bf085af66dc28b5a164340893c23779281f83bdb4e5158b856fa38f78577", "front_left_shoulder_sipe.028": "c51ae56b64f08a9acc499c5860edd6cae3130433cfed803c5baafd7c708a087b", "front_left_shoulder_sipe.029": "6ec0354190013ca4d84ccdb683be762617e9db8eb69c7640a9352f24f6e9a950", "front_left_shoulder_sipe.030": "2b6568a6b706616d8779947716afd9c9e2e91e7572848deaaddcb88d67253535", "front_left_shoulder_sipe.031": "a6b26ca464b1c2edd7f0e4e86e3e8339a28b2a98f71fb114248bfc4e04b80b00", "front_left_shoulder_sipe.032": "7266bcacc682471243bdb7763cc44cacd493aa6de3f02979ab6c0bffb61a9442", "front_left_shoulder_sipe.033": "7fd906ebf65879e74ed38cc2681f7630214b46ce272a3f5d2562b88b40f92349", "front_left_shoulder_sipe.034": "6c1f8e911ffdc6bce30c97e25fcf0bcce8837e036264eec3e4ae2f540c00547a", "front_left_shoulder_sipe.035": "1ec1d834b5a9892cb103caef2e679f01d6b018ec2d251a6966796a14e38afc7b", "front_left_shoulder_sipe.036": "c0b815bf843d8d9f66b23aaf2b9957ed417e88cfdd0f296a58a1a4cc683c8364", "front_left_shoulder_sipe.037": "4cf1d09e1bd15f411b8a869ac981d7e3e133ffee0ed906439cdc8e3670462e81", "front_left_shoulder_sipe.038": "c2334fedc0ca0b14b2781c38ceff57f6ce7a2fe6bbb57172f689e26ff15d7ba9", "front_left_shoulder_sipe.039": "321041c1ded1215cfc866b91b4f3347bf75046ca1ec556d763a013836f7237c6", "front_left_shoulder_sipe.040": "78fd6b6f358889686a32b316c1a1f3ed13e08b332fc459bce9f3ca60c707dd44", "front_left_shoulder_sipe.041": "b8b0b96317e0021f215f08099f4261aae8a1c042f100a0d7b5a7abf7b0863f02", "front_left_shoulder_sipe.042": "258def9b634f89b4f6dde8989ccdc77a9821b15fbf145c6c079ed23e3650a2d2", "front_left_shoulder_sipe.043": "47a41530cfab99ae159e4ba0d8550e608f0947de9453e2c88f893e010edf6358", "front_left_shoulder_sipe.044": "2f3760e90f0a6efc4f9f0ef79d72e83486a9928dbbedb300655648a7f757b939", "front_left_shoulder_sipe.045": "18c7fe19c863d8fd74c98448cd4c989a8c33a360b05943d3c66007288d633914", "front_left_shoulder_sipe.046": "d59aaaf771a350fc0eaf51b4e03e556f6295c56b754fa9293a06620b3b9ee802", "front_left_shoulder_sipe.047": "d0dae0d398159912bf71cdf68077c072b78ac07cf8ae9e6d22ae1a9c580d2b87", "front_left_shoulder_sipe.048": "37c3e25366a802c6b2b132b721b388fb4f3b070355552311e71c53d5e86966cb", "front_left_shoulder_sipe.049": "4e51b7eae27598d858d4e672e995311ca1741b4c17cde721cad7885462b0fbcf", "front_left_shoulder_sipe.050": "5b199df92403314c60493acf83d2e482bf3a2d91b7d8f589e574f4d08fa8d7c8", "front_left_shoulder_sipe.051": "b7b819198c1c2a29f6603b7aecb6dfeeaabcb0c9e28e9be9ab97fbfbba967467", "front_left_shoulder_sipe.052": "5819929afd31e432df55025a6d4d9ab846bbb15d57496c3964447cdde2d605c7", "front_left_shoulder_sipe.053": "54de87dce30991135b5eaf89e0d895e52c5bba5d03b87cc69f15b00cb189c78b", "front_left_shoulder_sipe.054": "5ba1e3023cc7d97858e6f3c0cd62e2e70832ddb9fb623b30a12c3de69ead1ea8", "front_left_shoulder_sipe.055": "8a737d3c6f6d7d87679a09286c1b49f25a9c9995fd88d393815154c39bca5b5f", "front_left_shoulder_sipe.056": "1670725b164cf23dc0a1ccf6819f8732a429da839cfd191d34cd0001d6d1e0ca", "front_left_shoulder_sipe.057": "cdb314c3b5be6b30df48210a96616401a85220293b941e9b7fca4b58221e5237", "front_left_shoulder_sipe.058": "207a0a368703320e75c339df2e5812380e57903f9e35dbea44c15ce11bcd87b9", "front_left_shoulder_sipe.059": "f27fdcf1542f61099a8ac039549b8399218285ce2231959643bb84c7b33608ee", "front_left_shoulder_sipe.060": "926990209bdc42a2b9973b5510a6fb51d49e9d88205a8b8217b1f6569e8d01b6", "front_left_shoulder_sipe.061": "a6e2894211545cb46b95220f7b6e139dcbaa3c86062615ebf35fea8023dd1754", "front_left_shoulder_sipe.062": "deac9be0290217423a9929607b39eb7a74c6853ca113c67920038858b2450ef7", "front_left_shoulder_sipe.063": "9ee5030555c3b720300ad533391062153a85e3dbaa18aa2a7e5846228845237a", "front_left_shoulder_sipe.064": "da569644bf837e3945e943809627ecc07059e97272887e008a716c0252cbbda4", "front_left_shoulder_sipe.065": "5dbce39f971970b9b8dc0bf837d6f57f9a1ebc1fea5f1fd58322a20ebd46e64a", "front_left_shoulder_sipe.066": "7014e6c494dc530f30d883937f171c5198cc746b5615ff621e336ddbc400d62b", "front_left_shoulder_sipe.067": "43caab2a78499a5961c53e0ed6cd5d3a2b6daaf922dac0e3b37d4f3daedf2ce0", "front_left_shoulder_sipe.068": "00d0fb9f95ce3056a1eed26bb6ea7fd31ae676407964757c4a50748f49d7a5c7", "front_left_shoulder_sipe.069": "61f5d323f6b16f0ff7100fe38b51279625595d8cd0494fc5551d587fa53a58ef", "front_left_shoulder_sipe.070": "3ec8267ddc0699405e80cc46b90c00aaa47f709a7460d8fa96c28875b55af69e", "front_left_shoulder_sipe.071": "5050cd7ef250e9dfb1a8145d8c4f2c0a0b1beaf2279e18bc3ded8a157e565739", "front_left_shoulder_sipe.072": "8fa8e9cc1f9839a13f7d3b1c4017380bbe2691f22a2f35db6495cfab4510475b", "front_left_shoulder_sipe.073": "1e758e4218a11a358bd997dafb8c8190cb5db856e4a9b53028ad1abe1f46ecf1", "front_left_shoulder_sipe.074": "29fdab47c6dcbfb8eff5fef3173a8d41ef723b8d537616dc918da67089304a8f", "front_left_shoulder_sipe.075": "9d784bd70de5a26e7fc0576f4f1ca1c8409f01aa41024ba96a6976aa94d01101", "front_left_shoulder_sipe.076": "8eaa82eef180ea9390c33e35041dab655e5871fd96ad8adaff2240262fc8d577", "front_left_shoulder_sipe.077": "1b32b502831deccd3d37be12e52e319950c73d09aed43302011c180548c1efaf", "front_left_shoulder_sipe.078": "6970c8471f5e40206b1f7489848cb2f5fb957dc0ea074cfe561ee47c324da110", "front_left_shoulder_sipe.079": "a584e917933d5a203abb180ca205d9f8797cfa1ebed4b7520f261c62783a178b", "front_left_stationary_caliper": "370bbec33292dbc13310a26b329274d66b1cd1c542fa3382bad7132e02188ed1", "front_left_swept_machined_face": "2f468ec67d52c9ae2d3cb93bdfff63e399b3fbca2d8ddfcd6084f634e1aa4506", "front_left_swept_machined_face.001": "12cf6fe09ec2398a1b8db04eb9468ab9c1c4c9fcb9611d5e52060ad3f90709a5", "front_left_swept_machined_face.002": "15cd9b63ba2e5aea694d89a5aabef199579adccc23fa36c5f22acb33905908cd", "front_left_swept_machined_face.003": "46c9b8b00012068218047dfd5a6f9093195b3c9335ec356437923d9681026898", "front_left_swept_machined_face.004": "053ed70179519a2f0048e3b791e4c120c250434e7ad7ac4b113b15740ea6cc08", "front_left_swept_machined_face.005": "fe1f8b100af69fdd53680db2a0b718fa9bbe1f0d55241b470a43899f0e2bffdc", "front_left_swept_machined_face.006": "883dc6a9275e7048a100f5142e595a6b96082e5122622c8e201c98817dfd456f", "front_left_swept_machined_face.007": "e54926f7065c500e4374b37e9dc7fa1ee8fe64746894a421a9f08c85111aaed8", "front_left_swept_machined_face.008": "04995d5ce12ec360e3fbd8855b88f90e355817ac0f498c6c1249d3d39e25d34a", "front_left_swept_machined_face.009": "7ab243594a78eb4224740bad7df2d9b642628e0307bcc5f173adb5e89a5bb763", "front_left_swept_machined_face.010": "5acce00ba0e6923bfcfcb8e9f2cc5ebc4b661a1010b2f6f2d4087af1a9686822", "front_left_swept_machined_face.011": "6eafc482d7011160da7a9c7a3ba942e42901be3580fee954573dcf38921ca8a8", "front_left_swept_machined_face.012": "41dd18b43b600309e6b3750d3a1b6e983da71db5e5482d2b5f1fd89f417e8051", "front_left_swept_machined_face.013": "6ba4a72534ccd3f4fed20ae21a13c67409ce6e1de625e0773fc4a3def94807a6", "front_left_swept_machined_face.014": "8f24f97e043fe4e83f063b1258e4175e2d407d765fc9aa15e9dc013f23f02ba6", "front_left_swept_machined_face.015": "d52dd4016510a5f8de67a970a7a154aad383c69308f1cb7331d1bdc25d6a6630", "front_left_swept_machined_face.016": "6043a00388d6d9d5e124b8a12302b26c46c704447c4fbf970738da77a86688d8", "front_left_swept_machined_face.017": "c1295d58f6f69cb3db2d9c36a9f4b37d3fec37ba5339f2d848f544676fc575ea", "front_left_swept_machined_face.018": "719fd8798e392c2c7b7436152be080e5c198c7f705b407d005282aeb2c0e13af", "front_left_swept_machined_face.019": "ca43f501ade57e20f2765bb7f2157e7e5f16e942821cb897e76de69efd5a98cf", "front_left_swept_spoke_core": "4c60d29741aa5eaa99c2f08241dc940bd39cbc65bfa5286afda7ca40319efac5", "front_left_swept_spoke_core.001": "4d577f650d3de81d6153be794e3d2773e980bee466ca179d2918c0348a2b17a2", "front_left_swept_spoke_core.002": "58069e0bcc5921e72e9f2c74c50c4e9595ce16d84c36bb94f115305125fc9e3a", "front_left_swept_spoke_core.003": "5e021597bc9bf17b745c976d5c8d152b294df5dad398b903dae9dce586b72713", "front_left_swept_spoke_core.004": "ae87d14ba07bb55eb114ca8ed4ea1e3ee8c7c5dd0731fc94cfed31c03ae10807", "front_left_swept_spoke_core.005": "653cd32b7f3a9e93c3a36b58da0116a8910e8b7cd93ce5b860ca67f2a628d0a6", "front_left_swept_spoke_core.006": "4ce049b7f7c48e3d14609f9297e7149435277bfe19c8096157c83eb41c60a445", "front_left_swept_spoke_core.007": "b35d16b94b3aafb5276e986ce182e6a177c26ec50758f33fb8197dcc674af671", "front_left_swept_spoke_core.008": "517fddc5bf50226a158caaab82a36eb35d6a594045ae997417c8e0f42c319adb", "front_left_swept_spoke_core.009": "017669d6e3ac7a9e281b6f3eaab52149ba45316348e62897a1d14dcd228a372a", "front_left_swept_spoke_core.010": "6b17c40d4676dc500e334465442527b08ef2b96de3d07c899f02c741fa4cd650", "front_left_swept_spoke_core.011": "9efaabfe8a34208788e42fda22272c56ae541f5dc4137a7efb3c5f167802ed2e", "front_left_swept_spoke_core.012": "cc79ea7997989c1f8c05f8b3fb4ad550083f7273d29c114d8b5ea2dab720edc2", "front_left_swept_spoke_core.013": "177a196b317dd6060add8bb54bb3fa42023b316e5a1c311416c24f4da8f7df68", "front_left_swept_spoke_core.014": "a4401bb1e223c068a05ce07586d14a89077463eb6da8caa97ba34e3d3e3811e5", "front_left_swept_spoke_core.015": "92b97ba7d3df48eb8f7fda04f6fa73269e74a28614d936f87e28f95227b351b7", "front_left_swept_spoke_core.016": "1090826debfeef53d6c390c6afe0ee5e66ca0a0af327874bedc8e09175b4ab79", "front_left_swept_spoke_core.017": "524f8eaac296a063255b07515fd6931465a30c9f60b2f06346ad73dcb9db7829", "front_left_swept_spoke_core.018": "59150a7732a1cd50f63da5c60c233c45474287564ee66fae3b7aca55a7c1c8c0", "front_left_swept_spoke_core.019": "82fc137be480141d882251ea130ed4bd73eb499cc5ba81de6a9754415929c124", "front_left_tire": "a62264bf868e912d930f50f77bf82640984300f86abeee9986d91bd456495c54", "front_right_brake_disc": "e280f64f74b603ddef39eafcf2d5bb6c857715ebd8470d2b6c669e2a712c9ce1", "front_right_brake_disc.001": "ea6bbcd71dec13bf6ac739ae3e2b5bc8d79041cd2954e7adab5e062ef648c10d", "front_right_hub_recess": "58e11e16f636d2b73dc0ce3303a541695cdf3ff20fb7f52376b1e0d8822d17ad", "front_right_hub_recess.001": "cb0a85cb39beb13a1dbc80f5f763ec70b1e5a4d3b833dbf667256ee224d4a319", "front_right_lug_nut": "2fb8433c7079417c00ad85875777eb69f50a816b6ca116563d592517a9dea4cd", "front_right_lug_nut.001": "60b4b2333ba0ac1dfc619bb5bd9a00aa0acdbd7064f016f226652ca96dd5387c", "front_right_lug_nut.002": "ceadc491f8e439fc7d85d893fe705127087f80c386a5feb52650a9df9ecac6bc", "front_right_lug_nut.003": "5047bbe93a652dfa0661bdc3faa64e694168d5bb045ee0b39ea628bf3718a624", "front_right_lug_nut.004": "2f1c38364d7d607e394549342099121c6d29e1ecd5c9d479f8367ddf71855e8f", "front_right_lug_nut.005": "723f37ebf355bdf4ca31b5ebaeea9eaa279dd90bf2a7b86edab16026fa26f08c", "front_right_lug_nut.006": "dadbc6868b01b34b66dcff807e5828ac53b7ce3cb2dede0d7095c8154dc65b11", "front_right_lug_nut.007": "6d67de16affe419ecefe6bde203c0d82539cbd27f78d9d28ec2240c8c7246f9b", "front_right_lug_nut.008": "157e9b81aad93dea3e10fbe4601e1d71a356ed05eb8cee775a7c5f2fa8a0d845", "front_right_lug_nut.009": "c410c3502fe23081acc035fc3cc009ea8c45365e59aacb5d42a7e945a11c3a81", "front_right_lug_well": "32bf6ee4d478c91e23a7e7e0a1132844eaea98201bda4591365afbb22cd403fe", "front_right_lug_well.001": "8d261e40cfc2cfbecddec215a4923dda9bc55697a8356509129e15d6f1277d30", "front_right_lug_well.002": "578d0206044c7890aaccbead779c94f1ec98c6ea24784c52a840cfb8eb704a11", "front_right_lug_well.003": "61bf8b3e190b9da7fd116446c906080f1f5c2b43f2a7cae21ede414075f9fe8f", "front_right_lug_well.004": "01169073e88302558560cfbbe862bdaebcee53a5ee27c41ba805062deaf4df1f", "front_right_lug_well.005": "8ea85d72ab4dfa557093d6c8529d21904846c9755ada2d25efe3d0f30b0150ca", "front_right_lug_well.006": "92d076346fbff24c7a0c73fc73fa507cae759ec488bfaad925b300b3ca214f80", "front_right_lug_well.007": "bad569908acd90f0835983693caba925b7d922b771754a2aea6dd2a8d91f68d0", "front_right_lug_well.008": "0c66c73b56326302f8f978ae4c479cd8487796d21247128f5ca46354210c5b00", "front_right_lug_well.009": "c1579cbe656ecfa1b3f4e028349d8f5a873cfb51a3b57f396933b1f9d4b336f1", "front_right_rim_barrel": "f9cb4fae64ec7bd7d8bda5470ee31a03a214bf7d5e7e649d64cc39613dd248ef", "front_right_rim_machined_channel": "045dc9a54a58ed04d685674c378741dfa85cdd8a9534ddefc1f029b372835390", "front_right_rim_machined_channel.001": "229eb1601eb17e77dae5ec9f0d8c0940326f2efc184c191d6d7b37f969eb6138", "front_right_shoulder_sipe": "21c1646d6e02c09baaaeff636717366fe14ce79d803179ca1d76e151d492e160", "front_right_shoulder_sipe.001": "2a6dcd40b0b7a891bbd1440d382b92e044bcd7665e88ccb1351c0f7fd77aedae", "front_right_shoulder_sipe.002": "b0fae71c079f0e838a9992bc4985d1587eae60fdfe898638f444bf0430469b6e", "front_right_shoulder_sipe.003": "40e74b554a0d119f4abf9c7366c13c6eeaed0ecdc8c2cc1198ccdca1ca632e81", "front_right_shoulder_sipe.004": "b2600de5ecd2812435edca29e88ce0d4e50d77e4d9bdcb44ce7aa4e6968ba612", "front_right_shoulder_sipe.005": "118b07a2fc8a267cd70b6d64fe51a07a73b79b039cb16d527da8f6942b9308f4", "front_right_shoulder_sipe.006": "f1f48b14d6d2faa7016a487beba5af4a6d85b0d7eeef7286ae27daea12317c1c", "front_right_shoulder_sipe.007": "906aaec3cd19fe83107aa3993a38c6b1927b458d1643cbcaf13fcb04d55957ac", "front_right_shoulder_sipe.008": "f697afe94273650861b12d23b995f11e75489350bc48feeb7e7b4614e2d773a7", "front_right_shoulder_sipe.009": "dcbf8ba5629578c98e39f7497031e24bb8c3e328c3ed86a4194ccef15be29528", "front_right_shoulder_sipe.010": "1bf5b402b2d8a6a585dc1b8c9ecafe94d96ceb5e358097c462b326459f2ea65b", "front_right_shoulder_sipe.011": "5e07051972facad36e010ab94fbcd346d522d9721dfad347fe306b2e22a670cd", "front_right_shoulder_sipe.012": "5b70e38f850ff24e1e533d35e044d3ac3fa44f1bb3c43d7d34f9d621e8ed0748", "front_right_shoulder_sipe.013": "cdced19d6da2316cc754e6bf60661574cd02b947ddc7b3c60cd28e35882b69dc", "front_right_shoulder_sipe.014": "db6475b51d2f42168fb66e08d7fcd76ff0bbdbebc39630918aea5a5027465ebe", "front_right_shoulder_sipe.015": "cf491ce45a1e21172da4631e0c16993d7d827cc1f9c11a772b9b10fc7b7ced9b", "front_right_shoulder_sipe.016": "3efc60288f57b4eaa3c5eb60c94d846479ade577d11456087fdcf0376d4738c5", "front_right_shoulder_sipe.017": "ff5977d1b4a7a47b469bf38ff77b695e5d4aa4cdf345992307e93b8ca180f9fb", "front_right_shoulder_sipe.018": "031c72e5b96c719751668a82bd578bb1efa23abe14fc604e76287e9bf88cdb2d", "front_right_shoulder_sipe.019": "8246a358e1ccf849dcb50158777f02b7d6a4e1d3a27efd0595746e7bad923091", "front_right_shoulder_sipe.020": "0f59abbe1e151fd926671c5781b9568a386fe09c7ae8ebb4afadb4f292363c7a", "front_right_shoulder_sipe.021": "fa336d619c87435d6c895e333e0939ca7aa13f522d6ae2cb89b280ca3d750bed", "front_right_shoulder_sipe.022": "e7ea6908413a86eeab48e94b7eea877aa95c46c14dfde1fe6f918034d9d8e708", "front_right_shoulder_sipe.023": "a4391b5fc679076c7e01b5107e29c0b0915ec54dee853a8c256c42360022f81a", "front_right_shoulder_sipe.024": "b5a19899b01d1beb2cb2b733fdd317e5bc7eea0ffdd85a1c9d988fc91c945048", "front_right_shoulder_sipe.025": "bbdb7e96f427b08f92786cf9e36526d15c0d7bb48ef5787a7066cba4657be5df", "front_right_shoulder_sipe.026": "a745ab773684dfd4677f40c57ceed722a2a9a430c064d8ab06e25abf6e90040b", "front_right_shoulder_sipe.027": "0c72bf085af66dc28b5a164340893c23779281f83bdb4e5158b856fa38f78577", "front_right_shoulder_sipe.028": "c51ae56b64f08a9acc499c5860edd6cae3130433cfed803c5baafd7c708a087b", "front_right_shoulder_sipe.029": "6ec0354190013ca4d84ccdb683be762617e9db8eb69c7640a9352f24f6e9a950", "front_right_shoulder_sipe.030": "2b6568a6b706616d8779947716afd9c9e2e91e7572848deaaddcb88d67253535", "front_right_shoulder_sipe.031": "a6b26ca464b1c2edd7f0e4e86e3e8339a28b2a98f71fb114248bfc4e04b80b00", "front_right_shoulder_sipe.032": "7266bcacc682471243bdb7763cc44cacd493aa6de3f02979ab6c0bffb61a9442", "front_right_shoulder_sipe.033": "7fd906ebf65879e74ed38cc2681f7630214b46ce272a3f5d2562b88b40f92349", "front_right_shoulder_sipe.034": "6c1f8e911ffdc6bce30c97e25fcf0bcce8837e036264eec3e4ae2f540c00547a", "front_right_shoulder_sipe.035": "1ec1d834b5a9892cb103caef2e679f01d6b018ec2d251a6966796a14e38afc7b", "front_right_shoulder_sipe.036": "c0b815bf843d8d9f66b23aaf2b9957ed417e88cfdd0f296a58a1a4cc683c8364", "front_right_shoulder_sipe.037": "4cf1d09e1bd15f411b8a869ac981d7e3e133ffee0ed906439cdc8e3670462e81", "front_right_shoulder_sipe.038": "c2334fedc0ca0b14b2781c38ceff57f6ce7a2fe6bbb57172f689e26ff15d7ba9", "front_right_shoulder_sipe.039": "321041c1ded1215cfc866b91b4f3347bf75046ca1ec556d763a013836f7237c6", "front_right_shoulder_sipe.040": "78fd6b6f358889686a32b316c1a1f3ed13e08b332fc459bce9f3ca60c707dd44", "front_right_shoulder_sipe.041": "b8b0b96317e0021f215f08099f4261aae8a1c042f100a0d7b5a7abf7b0863f02", "front_right_shoulder_sipe.042": "258def9b634f89b4f6dde8989ccdc77a9821b15fbf145c6c079ed23e3650a2d2", "front_right_shoulder_sipe.043": "47a41530cfab99ae159e4ba0d8550e608f0947de9453e2c88f893e010edf6358", "front_right_shoulder_sipe.044": "2f3760e90f0a6efc4f9f0ef79d72e83486a9928dbbedb300655648a7f757b939", "front_right_shoulder_sipe.045": "18c7fe19c863d8fd74c98448cd4c989a8c33a360b05943d3c66007288d633914", "front_right_shoulder_sipe.046": "d59aaaf771a350fc0eaf51b4e03e556f6295c56b754fa9293a06620b3b9ee802", "front_right_shoulder_sipe.047": "d0dae0d398159912bf71cdf68077c072b78ac07cf8ae9e6d22ae1a9c580d2b87", "front_right_shoulder_sipe.048": "37c3e25366a802c6b2b132b721b388fb4f3b070355552311e71c53d5e86966cb", "front_right_shoulder_sipe.049": "4e51b7eae27598d858d4e672e995311ca1741b4c17cde721cad7885462b0fbcf", "front_right_shoulder_sipe.050": "5b199df92403314c60493acf83d2e482bf3a2d91b7d8f589e574f4d08fa8d7c8", "front_right_shoulder_sipe.051": "b7b819198c1c2a29f6603b7aecb6dfeeaabcb0c9e28e9be9ab97fbfbba967467", "front_right_shoulder_sipe.052": "5819929afd31e432df55025a6d4d9ab846bbb15d57496c3964447cdde2d605c7", "front_right_shoulder_sipe.053": "54de87dce30991135b5eaf89e0d895e52c5bba5d03b87cc69f15b00cb189c78b", "front_right_shoulder_sipe.054": "5ba1e3023cc7d97858e6f3c0cd62e2e70832ddb9fb623b30a12c3de69ead1ea8", "front_right_shoulder_sipe.055": "8a737d3c6f6d7d87679a09286c1b49f25a9c9995fd88d393815154c39bca5b5f", "front_right_shoulder_sipe.056": "1670725b164cf23dc0a1ccf6819f8732a429da839cfd191d34cd0001d6d1e0ca", "front_right_shoulder_sipe.057": "cdb314c3b5be6b30df48210a96616401a85220293b941e9b7fca4b58221e5237", "front_right_shoulder_sipe.058": "207a0a368703320e75c339df2e5812380e57903f9e35dbea44c15ce11bcd87b9", "front_right_shoulder_sipe.059": "f27fdcf1542f61099a8ac039549b8399218285ce2231959643bb84c7b33608ee", "front_right_shoulder_sipe.060": "926990209bdc42a2b9973b5510a6fb51d49e9d88205a8b8217b1f6569e8d01b6", "front_right_shoulder_sipe.061": "a6e2894211545cb46b95220f7b6e139dcbaa3c86062615ebf35fea8023dd1754", "front_right_shoulder_sipe.062": "deac9be0290217423a9929607b39eb7a74c6853ca113c67920038858b2450ef7", "front_right_shoulder_sipe.063": "9ee5030555c3b720300ad533391062153a85e3dbaa18aa2a7e5846228845237a", "front_right_shoulder_sipe.064": "da569644bf837e3945e943809627ecc07059e97272887e008a716c0252cbbda4", "front_right_shoulder_sipe.065": "5dbce39f971970b9b8dc0bf837d6f57f9a1ebc1fea5f1fd58322a20ebd46e64a", "front_right_shoulder_sipe.066": "7014e6c494dc530f30d883937f171c5198cc746b5615ff621e336ddbc400d62b", "front_right_shoulder_sipe.067": "43caab2a78499a5961c53e0ed6cd5d3a2b6daaf922dac0e3b37d4f3daedf2ce0", "front_right_shoulder_sipe.068": "00d0fb9f95ce3056a1eed26bb6ea7fd31ae676407964757c4a50748f49d7a5c7", "front_right_shoulder_sipe.069": "61f5d323f6b16f0ff7100fe38b51279625595d8cd0494fc5551d587fa53a58ef", "front_right_shoulder_sipe.070": "3ec8267ddc0699405e80cc46b90c00aaa47f709a7460d8fa96c28875b55af69e", "front_right_shoulder_sipe.071": "5050cd7ef250e9dfb1a8145d8c4f2c0a0b1beaf2279e18bc3ded8a157e565739", "front_right_shoulder_sipe.072": "8fa8e9cc1f9839a13f7d3b1c4017380bbe2691f22a2f35db6495cfab4510475b", "front_right_shoulder_sipe.073": "1e758e4218a11a358bd997dafb8c8190cb5db856e4a9b53028ad1abe1f46ecf1", "front_right_shoulder_sipe.074": "29fdab47c6dcbfb8eff5fef3173a8d41ef723b8d537616dc918da67089304a8f", "front_right_shoulder_sipe.075": "9d784bd70de5a26e7fc0576f4f1ca1c8409f01aa41024ba96a6976aa94d01101", "front_right_shoulder_sipe.076": "8eaa82eef180ea9390c33e35041dab655e5871fd96ad8adaff2240262fc8d577", "front_right_shoulder_sipe.077": "1b32b502831deccd3d37be12e52e319950c73d09aed43302011c180548c1efaf", "front_right_shoulder_sipe.078": "6970c8471f5e40206b1f7489848cb2f5fb957dc0ea074cfe561ee47c324da110", "front_right_shoulder_sipe.079": "a584e917933d5a203abb180ca205d9f8797cfa1ebed4b7520f261c62783a178b", "front_right_stationary_caliper": "eb5244820de08bd4fd5946d78179644be37d07b20ad2ce8874c2ce13a7dcb668", "front_right_swept_machined_face": "a95ad8215b55d4b8032a3a2d02d5c036b8520b806940bdd03165f570c27c6e42", "front_right_swept_machined_face.001": "e4ea823bf6c55cb0d4e6b4c79a051cc7fd76104519e236f5cee57726f71a50bb", "front_right_swept_machined_face.002": "299f2f902c8e893a05874ee7f6fb0080e51ad3b9a5e6d6ed6dca7e18eb83b0cb", "front_right_swept_machined_face.003": "dad803e4b99a2825f1f68991e013c231f908f9597965744a770f67c106f792c6", "front_right_swept_machined_face.004": "d3c38ba8de57139f88f131f50cba9f24a77953a32fffa5022e1c110de9198458", "front_right_swept_machined_face.005": "ee61c63dac7e2046c344b002501c23272eff4211dee6ade9d087649f620cd2a2", "front_right_swept_machined_face.006": "9ddd843f0c2581f721deab6fb5dab21bd3dffcffba1628cf71a5476ac4811e46", "front_right_swept_machined_face.007": "7eb1eeb760b3645287dfa5d8eea778412b4a6c12fbd32ba2b1130f7041dc3455", "front_right_swept_machined_face.008": "f6125142d95bd5e38c2b5dbd54ec53ba64ca974d8de63b507e8900761000f329", "front_right_swept_machined_face.009": "fa13315dbfa990d235201bbb99f12f6bebd5a066c387a4aeb5a624873c801fd3", "front_right_swept_machined_face.010": "9b39cfa389ff9cc6e38932b010018edac3de791bec259a109721c9e1eb6465d4", "front_right_swept_machined_face.011": "60f45460969cf2e76b8671a1df1db36ef97de8786c6688c3eb11479647f274bf", "front_right_swept_machined_face.012": "f773952d31e4ca567680fc8fd52ac76673db5a8911b167f0342e904d5164e9b1", "front_right_swept_machined_face.013": "cd4789e043a353c9cff11038c9b3676d877fccd2bbe762eb7157722a15ef0be6", "front_right_swept_machined_face.014": "0986351b176ecfaadbc77f4ffc6ea474e4731a8336cd31f7a7977e5aa4b4d10d", "front_right_swept_machined_face.015": "e3f79c7716b6c51ab311dd5b1855cd9ea404fad926c3b746d43e01f4faa4600d", "front_right_swept_machined_face.016": "6043a00388d6d9d5e124b8a12302b26c46c704447c4fbf970738da77a86688d8", "front_right_swept_machined_face.017": "410ba81f60a4d1262716b87ac260639366dd82f869e8352613e6895a160dc964", "front_right_swept_machined_face.018": "851cecb728fde90fb4b1c35b61295a51155c8425e858af8e75a78094f2abad8b", "front_right_swept_machined_face.019": "6aaf7abe455ca16b8582a3d6eb2f6983de36089a3f6d8b3d9639ece6d1056bd8", "front_right_swept_spoke_core": "fded918202678bbae0ad7fe6d7ab425bad76c777d53e643fb195d2865759d793", "front_right_swept_spoke_core.001": "734e02ab771686c427e73e026c8746457cfadceb6898c8136fd5a461b7641c01", "front_right_swept_spoke_core.002": "ef2a382b4ab032df60cedb3acdd4e78cf577cb5878f39c92872c97c94f0d64fb", "front_right_swept_spoke_core.003": "44b5d1a9e3b5133608f34a4ec8d223eaa1004c6617c3fcd5329bf9bd5aa78573", "front_right_swept_spoke_core.004": "2bc03b0732768d95a35a7dff6e6757e7b2172ce959aef8fbebbe4b95efb9a0b6", "front_right_swept_spoke_core.005": "d68ce50cde69035808149173521be67e83671e994e42f4a419b88e51a75f72d2", "front_right_swept_spoke_core.006": "4bf58217c297eb8fd94861ec01ca9a81e48e24c7dfa940fc4abea35233659086", "front_right_swept_spoke_core.007": "a4ecec731ad53dfb344be165ff1f3255b58522b98d46deabf29bdf8372987eeb", "front_right_swept_spoke_core.008": "4fad07ed302f570f85ea6c9f239dd9780878116c406303b6ca7f821b7346cb6c", "front_right_swept_spoke_core.009": "dad6560285e74b6934c59514414f6c0d2b459af3f494bcb4fd6314da796e2e2d", "front_right_swept_spoke_core.010": "ab129ca709bfede831a6305eb903ca5a97961954a15a69c57b639ea419f58338", "front_right_swept_spoke_core.011": "a026f67d417ce04279f045bb5dc9f09a05e06e36ed14ff1b21238a9e32f044d3", "front_right_swept_spoke_core.012": "5d5feffef43e12826109c840e33bc9f4858feac34bb240daa43c768b0f58d5d1", "front_right_swept_spoke_core.013": "b5a755a43f43319085b06857651d1eb6930966bc4c68436c3c73e632a31a3520", "front_right_swept_spoke_core.014": "d742d15ca10127055dafd968a86be49fbf1276c9b0d43a8237fbce0f8a9ddc55", "front_right_swept_spoke_core.015": "89b33860a6cce977c89e768944e59a32dc7956d03f6acb89cbf37c7bf63aa54e", "front_right_swept_spoke_core.016": "87bcfe5f5e1d3aee3fb72851eadd2b26b4f8592ff0d8a127aaa1b5e6d9658404", "front_right_swept_spoke_core.017": "60accb4dc0a88240c87fca8e40674e21f8283e1520dc67dfb1790c4f1020661c", "front_right_swept_spoke_core.018": "608584197391a579f8fe116a6074b43605b27da2f154dcd5a2b70c1bf1a49c8c", "front_right_swept_spoke_core.019": "d21675e3b046b61927c719a9d82e7b86ec9c7570adf994096bdc5028c7917dba", "front_right_tire": "a62264bf868e912d930f50f77bf82640984300f86abeee9986d91bd456495c54", "front_spring_left": "802930bd774177cc3dd8498d42bfb36855ae5c92721d786f76353e05ea189847", "front_spring_right": "7b2531bf7d98bfaf706ab8a3365ff821db77db9bc6437d4437c3b98ed97dd603", "hood_crown_left": "2ae6e2cc6bac9f1ccf81e79d894750dc5be22e5925b7e1f8305f98ad604efd9e", "hood_crown_right": "62526797b5b25f582d1b2e34031b51ebea3ce53336db88c3296b600c38ffd302", "hood_inlet_dark_throat": "fdc765449803efcf7685a83c0f31f999b6f806aa75d50c757ea3a58aa689abc0", "hood_inlet_lower_return": "2b472de342d4d1bd0a551e7f838e28af576f39056d7e173b8925a2ea25f61aec", "hood_inlet_roof": "c4d168f59cd50f65fe126fe2bd4183ebb33582be9be17f21199af4d72356491b", "hood_inlet_shoulder_left": "be4b73b70cd164e7968b98f5c69507788e3098b6627bd298007338bf76095c80", "hood_inlet_shoulder_right": "c63b9d2a97de9c1ddb16cdafa3cf8ec1299490cf1ea2d2e46c410529e4f6340e", "hoop_rear_brace_driver": "787436c13a22330b6d3b833da38743f5f88635dc0f02e21e31d4a3bfe01e8330", "hoop_rear_brace_driver.001": "787436c13a22330b6d3b833da38743f5f88635dc0f02e21e31d4a3bfe01e8330", "hoop_rear_brace_passenger": "787436c13a22330b6d3b833da38743f5f88635dc0f02e21e31d4a3bfe01e8330", "hoop_rear_brace_passenger.001": "787436c13a22330b6d3b833da38743f5f88635dc0f02e21e31d4a3bfe01e8330", "inner_wheelhouse_left": "33af58837468df3303116aa6e8be17181fa64359bb57c7bbea9f7add7de39ea1", "inner_wheelhouse_right": "db8eae83f359b54e45a920320e6841968f57a1b369f555d8d7561de158123c95", "instrument_lens": "6b862b4da0227ce63861bef6c406d578cde38a45e51e550fb355bb90112da62f", "instrument_ring": "157ec2161a3ea7fd8699910b9ad1941aa45fcec8670a453273fdec80a9214ea9", "instrument_ring.001": "2140cd7abc0a70dffa78f3e7a5c2ba99450c4e23a35b113a37e7d3a54eac48cc", "lamp_bezel_lights_head_diagonal_left": "7e5a8f79ea9312fa59db6f4af06b726e6a7029f634c68430cf0b6d5dad2c9532", "lamp_bezel_lights_head_diagonal_right": "4447855df594ee40a6ff78191e67ce8b00b7d99f7d13d6d6f8f48e378dfce15f", "lamp_bezel_open_rim_lights_head_center": "70e9eb65769f020bc85bf9abe804c88ce5e9a8bd98f9f4bda5263f4fac4f3bc4", "lamp_bezel_open_rim_lights_head_upper_left": "7d229b2ba6492fde261f7929f12bd197413fc2354d77c7248822b119c7e1ae28", "lamp_bezel_open_rim_lights_head_upper_right": "5a9f07c7932c533a40707952735d21f2d80d028146ca546e5f467a3e676fbc70", "lamp_recess_left": "1a678d93592b302e92bb4af6616204960ed1b3055a095323ca15dd431a316942", "lamp_recess_right": "e5a575950bf64900da6a38d820a803209c0eeeda4e2d9dcd258bb20dcafe76f7", "lights_brake_left": "957664ca9bcb1628091b7589225fd49e3d3e958ed379f51f8ab6191e80e85647", "lights_brake_right": "03c02515adee03c05b40b0d4fa6951e082fd82065a44a6ba9e4a0ddd323325c8", "lights_head_center": "2f56004257f82165acf4ba62588339446b6b374953fa071aa582dab5114d2a25", "lights_head_center_clear_cover": "ff55191cff1e6fddac94edeaaf53b609cee1925d8b1a69d706d35b8a52d3368e", "lights_head_center_projector_eye": "b8676e6f3dc561a597e361da0b33451432fa9813bc723c422cc7eeaa5506802d", "lights_head_center_projector_eye.001": "a8cdc4212209421e8cd486fb118db8cbc6b214918d2234adc7815b5396775190", "lights_head_center_projector_eye.002": "6f8095a488a0ce76289d7a9c0704e55deda07b9fcd64d2a5c1dbe7a54ea2678a", "lights_head_center_projector_eye.003": "76bdbbdab27302c60f6a0edb6505befde761b8492ca59c3e570169a79b4422cb", "lights_head_center_projector_eye.004": "a7101d848a9d7c351c075847f82504cc7aa172cb64cc02031b1c77176c0b9768", "lights_head_center_reflector_cell": "b90bf126cf37b13f94c5fb25d03749ffd0218866c26481c8248ba4ca4c9c4f00", "lights_head_center_reflector_cell.001": "fb8c4bd35b3cca9f2ecb6d9e455123ab2e7f8a7fc06182c40ff82533c151b6fe", "lights_head_center_reflector_cell.002": "21ed4ef23cbc03fab278a17d9d4db90a2e2b8ad912e3dfd76550e7b9ac4d9dd7", "lights_head_center_reflector_cell.003": "a4b5dc1f320b6de8850cc98d02cd2d3efcaa3032d19155139761d429abd25122", "lights_head_center_reflector_cell.004": "5622310f5d06fe8ca7076b5db7b53120b27c726af0fbf3929a34fc76c7b69841", "lights_head_diagonal_left": "db1a8f4dc9a42222dd3a97385d84a2025749b7b626eb5037e989d48db10f1831", "lights_head_diagonal_right": "76d9b8b38d0b0055b35e7fba7b12afa9127545b64e0e850245648ece3c97fc38", "lights_head_upper_left": "21ff8c289b450a808c1df4d18c6dc660fa0ddeec1e0021725cb6ed591ededc79", "lights_head_upper_left_clear_cover": "70bc44a52b8268fc8fae62330272c174792f704acf7a1cd88769106788bb2f33", "lights_head_upper_left_projector_eye": "2da149d6bf8def0617f2c4db00697f905e1b86f29ac010326c336b9e0f56c00a", "lights_head_upper_left_projector_eye.001": "db10500bd942d8131766c148bfbdbdd7a6a58537f8f808c5443e04ffc1789ef8", "lights_head_upper_left_projector_eye.002": "21481709ee21c2318854c29aae77b9dbd5139066b16dbc333ffc9ff0d9b3ac24", "lights_head_upper_left_projector_eye.003": "1a5a65cdcfeb4446efeeb0ae2c3001ebd152d5fabf94eee782fe5fc8744a543c", "lights_head_upper_left_reflector_cell": "74390ea02f337b3e1565f8bbe7d7a4c6293805a94ac1cbcfc41737dc02343a82", "lights_head_upper_left_reflector_cell.001": "80e45e12c4632c3a859268e8830a578d50c9664972ae9521304e938288bc7318", "lights_head_upper_left_reflector_cell.002": "3b5bfc22cde314550f0ee9dbcb29bc567138926e63d124ed0432461c679ad9f3", "lights_head_upper_left_reflector_cell.003": "73c71e35256da7283d13b1f7bea7cf73e431ef80211c4abd873d3fa829a578d4", "lights_head_upper_right": "bc343dd87d733442b235d73e5d3ccc8846a44424eed2ffced2996002c371a5e5", "lights_head_upper_right_clear_cover": "65230e45efb65df16d7b52447b34d23da85fc85382450473f4b8b4d55659b6c6", "lights_head_upper_right_projector_eye": "9a9afacf7df5b2cfb67728570ba52db8bf93e33f8c53c81098d379dea624e02e", "lights_head_upper_right_projector_eye.001": "bd1b3a2f65173e6b9bc4923333f2c899e19077338dc36cd62aa2a644137d804a", "lights_head_upper_right_projector_eye.002": "e2af94507ecc76d513bfcf9d03e0420634f9019b427918f7df2ffafa890a7b41", "lights_head_upper_right_projector_eye.003": "cca116c51d528cb3db4c6e4f82b8fb348e5bde96b62f09ef40888824ae9853d1", "lights_head_upper_right_reflector_cell": "057c9d87bf903d06fa3ef9899e69dc63ed586e5ec8ff10228317fb6148137702", "lights_head_upper_right_reflector_cell.001": "58f008754a911d4060effc46177e29148597ac07d8b1aad335b4b4b3bab21db6", "lights_head_upper_right_reflector_cell.002": "ea0b386b83147960989d8b97754f83bd334e7a22172bd4989cc7184a1b72ec5c", "lights_head_upper_right_reflector_cell.003": "d5d9f877328b406edbc5eef0c956283c7a2979a2c3b44a043c6ce2217c304b90", "lights_signals_left": "828ae73e486f5e8633201c0cb0444cb317d90949f93d92df8dad5c5e9d2d94b5", "lights_signals_left_clear_cover": "da5e7bce055d9ecd3a3f6b4648c58eaf98c0920ea08d5ce9acf30a7263761196", "lights_signals_left_reflector_cell": "eccc65fc093f72551c50d2c3a98d25c7c2cf290c7a4bf2479f7630aada250b23", "lights_signals_left_reflector_cell.001": "d7ef28fb9a9abff5118a064b3f9d528cce8f8c47b7dee17adb7485d45de01e4a", "lights_signals_left_reflector_cell.002": "17cfe11a009c79e8d7439f98a1939bfdf215956a318dab23d27d68f42e620d9e", "lights_signals_left_reflector_cell.003": "7679d65222d16ba348aadea90911a9e5fbd13e110c8f168a4f6a53c3bab6be24", "lights_signals_left_reflector_cell.004": "9f6118c4828923eac41e96973428b489875eefc8e72d1dfcf855018293ac9521", "lights_signals_right": "d24c6826c94667268bd53f2e18741da5a7205eba98eaaca34a847dde75504c47", "lights_signals_right_clear_cover": "aeda226deeeb9be146a21bec7d51bd56c4d53641d168723c00daaf03ac67cde0", "lights_signals_right_reflector_cell": "da50eabc7a7cb0f32d3988997d8734ef5bf834347766c84e4c6924ee0bbf8630", "lights_signals_right_reflector_cell.001": "0bf22c000fd7aafb7d1d93b8954db8d2e9ff203b3494071cf2c465f72bd0476a", "lights_signals_right_reflector_cell.002": "606ec12aaf6c4832fd2fd908656a3d9ff5cab1a3f31298867fb413c8ce28cd3c", "lights_signals_right_reflector_cell.003": "e7056021db4f1760519520a52faec05f0c5d562974e039666be6035918e25a98", "lights_signals_right_reflector_cell.004": "001093e5e52f0f1eb81721736b61d304f97d7ffe1a8db8dbe3eba1a8dafe0fac", "lower_vent_left": "60420c9d450bd528f99cfb8f100f895fce855224440515bb79d006b0114f5e65", "lower_vent_right": "69aff2ab90431bf25a996275bb3ad04550abd270b37515ee4ce02b4cb06da1ca", "mirror_driver": "ce960ac11ed8c31ef411cabee2ed1f5681302b457954711d5d4633d99d5c5bba", "mirror_glass_driver": "75b9bb988826aa53dfb0dea1580d59d66c9b84e97b1a0ec86b8451381e7a6714", "mirror_glass_passenger": "f8efe00588ceb8e0a20d425254436dd73dc21818a5a7b7e8b1e991a43edea719", "mirror_passenger": "e42d2085e5fed1a70333909e0030e3bdb16c448f546654a0d759af7ddeedd7b8", "mirror_stalk_driver": "cb5bc8fedb422352838da9fbe7e4007295e6c5ed81416a27010b90a622414686", "mirror_stalk_passenger": "b381bcd337c43973bc0678674e65cad2f7c7e17da6b822ece22bed7150b5a88a", "P03A1_AutoDrive_key": "a49c1de8b21d209b941883510334c71b67fb496c13e8ce5a085b7805b4cee3d9", "P03A1_AutoDrive_key.001": "7d0c53c6ed30b3f3d6aca72f9e3ca39ca7660d6168e31b258015ac876831affb", "P03A1_AutoDrive_key.002": "9854fd1e33c2482fd7ed492b8a8e31e77fbec443e679b6325b7273917faf6c62", "P03A1_AutoDrive_key.003": "052685f2c25ce8d1f95e0a2338ae45193f4fe0ba232b235dfa53967cf1c6c95c", "P03A1_AutoDrive_label_D": "7711a55a311a00b7efa2215ee06860ad8c5976a1995dd2e2cd4a2533f5696757", "P03A1_AutoDrive_label_M": "a5a42745ea18db74084b7067d0a3c2180b39dc37fb7091247933b214f848ffaa", "P03A1_AutoDrive_label_N": "ab83dcb82254deeec31b1cec12baa431a364bc4ef54f394c2cbc6bc935e5e78c", "P03A1_AutoDrive_label_R": "4c9467daf6ebcbbe17ec0c1ecbfcead48b0615cba40838c12d28c3bf5dc15933", "P03A1_AutoDrive_pod": "c4804bc59caee53f209e2e3ad7ad1e67632eb7e64d0f899f47de44c9825d74b2", "P03A1_center_lamp_back": "a1b97b155d2406acff85f5573dbf2576d2428a13494f1e083ee9bfb36bed5f7b", "P03A1_center_lamp_surround": "704f3fd608f727802b4234e5c6409b7fb6c07cb4174b2bb5cabb0c84fdd309ba", "P03A1_centerstack_surround": "fda2128ce2e9b73d23b14d92a64dd2cb43276c6b10ac12a62aa166ac9c53d12b", "P03A1_cheek_to_lower_return_left": "00f03bbdc7d3f8b106b333dfc9658bd31290de97e3a724d29f4aa18ad8a78015", "P03A1_cheek_to_lower_return_right": "e3af2b468361aa883bc4d3d22e10f5807b68a8bd553fa8f57952d1a2d32c3743", "P03A1_grille_inset_slat": "bdccddac1d85c0aa720e747fe85532fb4a5e10a8e3154db80be79594d4ade4eb", "P03A1_grille_inset_slat.001": "02d9d61ebeef51116978e857a24125285e1a2689f114be3cbc3e96382567365a", "P03A1_grille_inset_slat.002": "a567d65f1afa106da863793ac068e32b9aa804cb124256f06db49c9dd9e3f689", "P03A1_grille_inset_slat.003": "d5ad69a054825e007dc7a2ad732d22c7f0a73b55d1add9affa1153a1f9eaf355", "P03A1_grille_inset_slat.004": "f64cf95ad13a96d46bca9b718dc5b9e5a4cec8edab39c2ceace798c2b01a591e", "P03A1_grille_inset_slat.005": "affff0bb5841dc601b982d5ff8c7ffa890a92a3f7ab79f610377a6bde4b2bf8b", "P03A1_grille_recess_back": "f16153f346575860358fa59a9e80556b922afb9ac3966fd34426b08f71dc1d4c", "P03A1_instrument_hood": "57f37997de2d5ace0c36dbcfc8dd05a277afe843dc2d335b4234bfb4083b1bec", "P03A1_instrument_hood_side": "0b0d9d64af7a2c80a4aa101bda9f9fffe0bb995d353ad2be8bdd8b507bff9bf5", "P03A1_instrument_hood_side.001": "408652007d40b449ce742209ee7ac194d19761e2f23dbba4de8f9cf87d5de97f", "P03A1_lower_vent_socket_left": "69c4ed1f7fbba54ece8e3aa6da65a5d09cbf0c936fb2415b64a0dfd6d2f9a90a", "P03A1_lower_vent_socket_right": "2e6976f7c6d521ff5aa785abcace20b703c71fb2ad95e3419fced17c9d879cee", "P03A1_padded_bolster_driver": "7b12c09c732b5e2a20859044bd276be59ad5953ad98f12d4b7199c353879213b", "P03A1_padded_bolster_driver.001": "aec1b7e80f876c94e466bfd8396144ba0ec1d9d1e597ddae3f2875ccb78d2b72", "P03A1_padded_bolster_passenger": "1de8fa3b5732ed191035eab44bf8c400581c6f615300b074d96d179383e7e4d7", "P03A1_padded_bolster_passenger.001": "489074be0397ab5e6f859743462144ca6bbe95cc43e912531ca2fbc788abfe2e", "P03A1_splitter_molded_blade": "da749c7276a446a8c175e561457cb53e01969e1cbea149503bf77e665a6d6bd5", "P03A1_steering_D_grip": "e0409362b75a100ba9371c1116bb2469ff49bf70740deee499ec9bb547bac406", "P03A1_steering_paddle": "5ac4a11c6dfd37964454a3fe33f5f1d1e3a5dd2bb55401287afd881fb837e6aa", "P03A1_steering_paddle.001": "5901cce32f268c9a0b52b87414718ea03d386ed7d8bca7dda81b89bc496575b8", "P03A1_steering_polygon_hub": "2fc001351f231a48b7af41ae071c156dbbb778536c06bd6850730ad5796a59d6", "P03A1_steering_static_switch": "0ea296fe84b725d594141ee51063e6b73dad206b7c9a17801d811699887aa79a", "P03A1_steering_static_switch.001": "03c797c058767d84c0263545dd8bc2db63f4c6c5f3b56c8e8e13fef2e21cc5d5", "P03A1_steering_static_switch.002": "fcfd47cb40434d882d8566145f6118290755cc6b86e492f2354dc1d3939e694d", "P03A1_steering_static_switch.003": "c409b14a50aec9e5fed0a04217b6b6dd7a0e3618ee7aa5301fa4d640113d0c6b", "P03A1_steering_static_switch.004": "a1ccb3b42e4918c42063ffdd5358818ea29bdbca4a6270893b712aafddf6a528", "P03A1_steering_static_switch.005": "191b80dcda5fcbe54adcc8053c6ff35eefd14983ea9666d1d1254de1cc5e1f29", "P03A1_steering_swept_spoke": "d42727651d7b2da36b5c90f8ff012b0d138d127b7b38f0b0a9962b82ea449e3b", "P03A1_steering_swept_spoke.001": "de3ac94521a7ac5003082469d74a390d91526a98c205d476876b2581bf8f6e00", "P03A1_steering_switch_pod": "b6d5fc7283fc4ddcd2ff1925c8f8c626bbd6eacce1c75e873dd6bc08a804b5e2", "P03A1_steering_switch_pod.001": "cb2dc7aebb92e8c757e351ee769665826eb3871a5e49285f84b0c904df7a4b32", "P03A1_upholstered_back_driver": "6a17549bfa9c0c5487ba66b520df6aa673fd9cb62b378d2d05bc9e0292142350", "P03A1_upholstered_back_passenger": "b455374db97c479ac2a9805dfad79097c380d378fd137910388be6c591bc186d", "P03A1_upholstered_lumbar_driver": "2c15bc4db6a3703b24c17414bfb286092e17bb02be7d557b251e3028bad6a38e", "P03A1_upholstered_lumbar_passenger": "97d8aa1a59150a94cd9d238d16b9a1e6d0c217833b7727ff8c8692311741efb8", "P03A1_upholstered_squab_driver": "c02833516d1b93c842f7a467d05c440bda52770e90ca5d9b9d0dabcd60719a06", "P03A1_upholstered_squab_passenger": "9ae59dc9e37f9b27747b5d40233ce532e9848b65e02e987d1808fef4141338c9", "P03A1_upper_light_socket_left": "65c77589bbf94f55fe7e300b2f7cd70ee37cc797bf5db0117f1fc27e4bb7be82", "P03A1_upper_light_socket_right": "b810f382b94382d4cb472554b55e5ce7b1d921d92382429b751a39f6db35142a", "P03A2_left_brow_boundary_master": "9ce30f66bad63b54a811df3c9c98f1c6b481e47db07f0107e15cf3da5c6af923", "P03A2_right_brow_boundary_master": "32ea01dace8722aa2ad3e5201684fe1a028c6129536d90e841ebc07ac9dcc73f", "rear_axle": "5549d5a64ef8a63bbdac170896f8220322d38d37859cc48896b5a23ab7c2f95b", "rear_brake_disc": "864b0ea2d99779904a8a8dde5cf182a158419de492bd77439f6a52a2404c57a0", "rear_brake_disc.001": "1797d3dbd8cf5e79d782710f3e32d65feda4d6845b6b268fae254e5c71821f00", "rear_center_fin_housing": "d0a24848714422c0a15229874df06ba1fb4ea56933f0a4882268aa398c91f8b8", "rear_coil": "d97ac5413041ff603997f91fef199041f629163e752d9b7effcd026ff9f39c80", "rear_deck_continuous": "2bb2b803978f25566173729212ae02b61bb518f452f14af0191b68d5f49b2c80", "rear_firewall": "1e7bc3d61fd9faca5412cb1e5634066bcef48fe440aeca6da7a45c4b162dfae1", "rear_hub_recess": "274bd80c5494410321dbca8190ecc4528ddecd9db1dc1de6d2c47a680e161989", "rear_hub_recess.001": "45df558b621724e4f67d1914e9599b14b6a5dbc3f4fb8878f5d00e786f1fc615", "rear_lug_nut": "340a1cd15e2239c6749768a6718c45ee1b432e9d2ed5d224af4667895ce61710", "rear_lug_nut.001": "90b4b84e7c29c4bd9013b4353e82233a6f086e47d3ea31cc2adbf1644eabe100", "rear_lug_nut.002": "8e9f8d45bd52e38b51d5cf207765e590869a3335d1f5a435615e66eee35c346f", "rear_lug_nut.003": "0431ce22492354e860a1b76a4edc6e2b4d40792c8bc6bf48dccdf9fb0fb8bf96", "rear_lug_nut.004": "157a5537f0907d0aaa7be5a0c1f181f5ec4e5b78ce04e78fe538052e715de838", "rear_lug_nut.005": "3ab75a9a6cdac234442e4685f8d64de7449dc2ff59315c0f5ae40cbab477bb96", "rear_lug_nut.006": "7f91673d390764ad4e9fb7f8bb0bec91b5e3fac8545bfc585bc11d9d38a7f28b", "rear_lug_nut.007": "793ec86805990b2aaae633f581f8cbab674bd7b090bfdb8aaddd3197e8fbc48b", "rear_lug_nut.008": "62e5a2ecd440e2158a2a142fc2283b511aaef521b61a9f491b1d0b78ea17dfef", "rear_lug_nut.009": "b2e69bd3fb8bd6d022d1cb85a283ae44dc42ebd857113c004cba9603172f15a0", "rear_lug_well": "42619b9bfbb99f6665e44420944fd855eb7f8e50fe0dbeb38b6ea525df1d88cd", "rear_lug_well.001": "3cd216440cab6e4b9ec75466da9b4ce7484022c9dec1b11eb666372b9a5f77e5", "rear_lug_well.002": "3cc431525022d9ba5d01633740583b5a3402f3906b8ad138bc534eb20ea7a4db", "rear_lug_well.003": "83ca43237571510ddfc4351f9f15c54669cac07dd8bed3bea1e7f290b4a637ee", "rear_lug_well.004": "2092b70af6b29910d1a45d2cc5bcbd35b250f7aa95e3dbf7ed107a1fcd95410b", "rear_lug_well.005": "fb1748de7c00c1d033acac44b890f32ebb14178d73421d197a81f08141a52261", "rear_lug_well.006": "3f813bf16bf63000df6c2cf65f5ee12dd2d8790955db1405865318e5a1ba7280", "rear_lug_well.007": "8a405b870c1a63c5b53b5c9522e118b478d735fe07c781f6e258d7bf1737efe9", "rear_lug_well.008": "3669ec881b93ec576c7807366b3acf305fa9305d065cd8c0a2233c17c23602d5", "rear_lug_well.009": "bf6a9cae1a20cbb979eee20acc126013b2338a6aab39ea3bb2322879f1cedcc2", "rear_rim_barrel": "4920b412cef4657d2742b11e7d38010b6fb00f30ddd5aec2175b32d0cc881596", "rear_rim_machined_channel": "8118ae8701f1957c5aae194381bfb7f47e9d934f2e9f9037df12893e7258d559", "rear_rim_machined_channel.001": "73d3e41a12381402eca6447f3b35a772fb269f1d73106873bb0ca18a7f9c238f", "rear_shock": "4335d5cf42845907479f4aca389324b27f6a64a057da93d569c9b566b7e85feb", "rear_shoulder_sipe": "00e410ad848331eb7853ccd2c93b52fdefb941c976103c566d0c96f72540b07d", "rear_shoulder_sipe.001": "cc2dc3701ccc9c4807f4e7dda73701472b33bfe069830eb8adf359d23f9a171f", "rear_shoulder_sipe.002": "111934e718cf473e31a2840fe2751f5f73a8b7c142c071c9839e71d99c4f2ae8", "rear_shoulder_sipe.003": "0513e19d4b5479408774ffef7c0e3f97f513534f2adda4daaf1589b8dab0121f", "rear_shoulder_sipe.004": "65f0de0e5b4d4dc34a0d7b906edc2d56c3e1e3e75db0a8bb839744100e8a0818", "rear_shoulder_sipe.005": "149928cabbb6d3c3cc6284e4018a6bebcfd611bf1e754f88fb5bc601fd48332b", "rear_shoulder_sipe.006": "c04b29c8afd5a4827a9c9521d2ce80a175f84bfa90cd403c1f58bb76f13be625", "rear_shoulder_sipe.007": "466ae1053d78a46f209f486e75fbcfc4e36a8a5ae727be4d95f98d8bda3cace3", "rear_shoulder_sipe.008": "229fbbb0ab2be236c56d6aa6fc99f788a31c97b7c53ee1e188c89c3d433c9f30", "rear_shoulder_sipe.009": "b71e84705ea3352da335fa47c75d20b2227d7d9a64c791f9b4777487288aab42", "rear_shoulder_sipe.010": "c3b6f3598f71614649e6ec02ae66603061f53a4465729634c9799c59b118e37e", "rear_shoulder_sipe.011": "725becb7c2e65d8b4acf53c4e05bdaa90f6723fa287562fca192413cf7182964", "rear_shoulder_sipe.012": "8e149dcfda88c269e0804887fbf2e86d29320e8d2444699124d8702e9e8fdaef", "rear_shoulder_sipe.013": "4b6f33253e1b564a11f66a4c1a6f0117b1efd6bf1ab420f56dbcb3bf7cef403c", "rear_shoulder_sipe.014": "d843e1a7e0d820baf87a5118bb759a4474a30949314b7148e93f7249c9cb8eeb", "rear_shoulder_sipe.015": "b251a36118c2eb451f52785624fefa09d17814e268894eb14c75533eec8adfa4", "rear_shoulder_sipe.016": "066a25f892720fe566285fb51fd8952258035cce99c7914bafc214be6ca81029", "rear_shoulder_sipe.017": "e27a94c0efb5d450836972ced694aaa8ad6ece1da541d5081a41da79614642f5", "rear_shoulder_sipe.018": "597440215a28b2e64f7ed490dcdfc02280038b5c17d59af9edfce9b100584d33", "rear_shoulder_sipe.019": "34b0e544b57f4648308197bbc628fa410000c534f380ebc3eae7db8ffed9be3c", "rear_shoulder_sipe.020": "029014723881facae4a9715894a85f187b6cc2fa18a4dcda6c2190314170dd88", "rear_shoulder_sipe.021": "1006c71583aa935ed83569a4289b9204d90c31aaf88dc84a76b579de17dc35f5", "rear_shoulder_sipe.022": "70bdcf283fac4a96aaa4f02820bf5d26769fe13df9b5b5449092b69d74e7711a", "rear_shoulder_sipe.023": "7da470d832def091a0d8d6242a7c8dc03583df2f85c5977b99421b69784e0f27", "rear_shoulder_sipe.024": "151d9c0518ad95c720b3a3299860102c926791445ebd0101623ef516b7242a85", "rear_shoulder_sipe.025": "373b0e35c039e03a0ee3925cbeaae9957c77c5a66a0f5b6f89a8cb806745ae12", "rear_shoulder_sipe.026": "f9fc055ee000d2a9d4e0594f304b18e071c951463c6ead99516fcb5eddf3f814", "rear_shoulder_sipe.027": "4ff728965f807ded7353d877de554c8ebe849f987e7691ec328ab7801e196dbe", "rear_shoulder_sipe.028": "8a9c312162a29ffee20bed251cc38196576bb334094569b5197c00bb39d945f5", "rear_shoulder_sipe.029": "007f739d2bbd9dd1ff8de2576a5774090162d5f3f6cb1cb9708b4dcaaeb6227a", "rear_shoulder_sipe.030": "ac0c0a71b696fbf86e1b8ede89ff7d76e54611a5546ec175cc3732cacfa9b155", "rear_shoulder_sipe.031": "1636540e0ec42056b88c26e3ca98ece8366307a6a0d8e982381c35e05751c113", "rear_shoulder_sipe.032": "ba28d047fb65e272694a9957bbad6fbe1239cc14784b7ef118bbfd35094853b9", "rear_shoulder_sipe.033": "71759cb33025cae6ae6f9959cafd308cad6910ba11aeeaa5eefabe8446165e4d", "rear_shoulder_sipe.034": "595a165e8afac1eed5632b23ff2b2a82a9026b3bc113fea58b37174493aec3f6", "rear_shoulder_sipe.035": "6196303f048731f368ae6d1de36d68e26c9190728cd56d1394ebf37812a90a1f", "rear_shoulder_sipe.036": "176cfb7fab755b0b26b48f4fdf0f6593429aa86b982c5c58de25c6662a37173e", "rear_shoulder_sipe.037": "24c4f27f7d07b96bb9cd3bb33cae9898f0ae69711f310ae150e0b4ee424a5b99", "rear_shoulder_sipe.038": "685c77fa2905be52e33747e8c9b9a3a4aa0664ea66801a1bd6c2dc59f3f9d326", "rear_shoulder_sipe.039": "080da05ab97f640796251576c4aeeee341f2fc883fd69740f498e9bbfbdd086c", "rear_shoulder_sipe.040": "607be83e3661a99cb21cab942db8c7c6b9ea6071dc5a15ed727c0b8b59b9e614", "rear_shoulder_sipe.041": "813af82150067d090a946689d1eca554d03043115e0b12db72a1723573711153", "rear_shoulder_sipe.042": "9ec3de68ecb03806cbf5daf51f03462182848b149cc2edec74fdc26b0a9f5785", "rear_shoulder_sipe.043": "cac50220dd4f260f49038ca40be2a1acd3d8b1c20a83066602c53b13f5565595", "rear_shoulder_sipe.044": "fbfbfab553dfc377b0137f86ec71bcac9df5abc9e16fc6e75dcb9f2067368818", "rear_shoulder_sipe.045": "c9bf0b0611eb1af77e7b3937e28f18afbbd89a6afbe950c97c5b23fa99fa910c", "rear_shoulder_sipe.046": "c8c7c6f2ebb3788b3444f1fbd774900ec41de60b98a4d7e21e37a10bdf5ad944", "rear_shoulder_sipe.047": "ae1e542fa12c7ed7b84dac27101a0851762496d9d8867b3e798809516adf9481", "rear_shoulder_sipe.048": "5dd6ff63d038232b33253c2562c099c4a2124621f27950b09c993cf54ab65c66", "rear_shoulder_sipe.049": "35464ef08d0e32c37503e49b14e132baae3b66f5e25aa67cccb5e8e61270a526", "rear_shoulder_sipe.050": "557df443b314247fba2c47fb230fda29a4a4d65fb4149c472497ea55fdfc70ec", "rear_shoulder_sipe.051": "f49e73a35c56ac22f985d32932bfef2d164616851fabeb89ca97a1de0569e961", "rear_shoulder_sipe.052": "2ee5d9e3f82e7a86acff357637af628993a44eac7ac7281c2e5fefdfba01d232", "rear_shoulder_sipe.053": "0e17db8e65f64bc0c36e57e0e10de0af40851edb4e7ebfc99f18643679882c5c", "rear_shoulder_sipe.054": "14fa3feb5e94559a9812eea426430cce52ce5182ee7d7be97cf144995ca7e814", "rear_shoulder_sipe.055": "e725d885dfe3061d33382bea94f6026090e2c8f956d43f230dcf2065a9bf9676", "rear_shoulder_sipe.056": "de05a686a0c8fd460b0719d8a3b3ad9162ee26ae7b0a88c4205df2505d875e86", "rear_shoulder_sipe.057": "cfd9302b53c7261b92a2da081c256bf527d79c7575e1cfa969bf87d9c1bece90", "rear_shoulder_sipe.058": "53ceda6817e3398c8a3323cecca7d8899af62ffc1ca98cb2f3f9c02cd4c122c9", "rear_shoulder_sipe.059": "726abcde54def154e461eb41f5e8840348cba3c6adcf9048bdb58e98d8d386ed", "rear_shoulder_sipe.060": "9742182df69ea8087914939fa5ffb16b3ac257720df5c6f36c76f6ea1f9925bd", "rear_shoulder_sipe.061": "f918fef8464d66b160bfbceb56c84ef00287f6c2a27252c0cc030f14f4b3759f", "rear_shoulder_sipe.062": "fb31c9ccf3555affef71f2b943c944cea72a89e4e1ccf8ca3e38caff0b871f30", "rear_shoulder_sipe.063": "60656a390ccd26f64eaf004c6340d5fa707fd5a811d52513deb450a214247bcc", "rear_shoulder_sipe.064": "f397fcd43a064c416fd09feefe6d89a365e84cbf30a515322ac6fb3bc7bc8ed7", "rear_shoulder_sipe.065": "cb4497d3e42549654322a7b4bc7e541bfc02e53eeecf7069027d4e3f6c249346", "rear_shoulder_sipe.066": "a862bd3bd90443e8b29d8943505b09f4ecc0ec1b8bd0f131dcc79577a37bff90", "rear_shoulder_sipe.067": "96f7e37666f0920421c58d6e2974d4ed9071341288b21c66581bfb72e7b12f9c", "rear_shoulder_sipe.068": "079592c56c15158cd995cb3859bd3fae2037e856ac9cd2c74a0cf3d53513c66e", "rear_shoulder_sipe.069": "1d8aded395f39db5e83cc6db9a1351e485f631e5c0d1bb7575860df3cb43eb7a", "rear_shoulder_sipe.070": "db4e6edf6dbf5f381186c08ff4511c4d92ee1a2faee1f76fd0727247cc79d62f", "rear_shoulder_sipe.071": "ee0b0901d48eb34b201e2280d6e9d36abde658bbeb338f46b05ec1c223bafcb6", "rear_shoulder_sipe.072": "4db4bb9484eafaf49089909cf69c2dc97b4bdd489e3eaa5a4b326f62b0d77e16", "rear_shoulder_sipe.073": "852a282ec293354020b3793d959b1e3d879e5ed25157e05e1aca9df50cb09702", "rear_shoulder_sipe.074": "daccd1ce5b4f6b5b2ef3b6130e0e89a8f418412e12ed42c24dade633a5f34f75", "rear_shoulder_sipe.075": "110d90a9bc50ae5ff2f5c9a60f68f916c0455fdb34c5b00f305a17621e946eba", "rear_shoulder_sipe.076": "930e0707d75a7c8808b5ee38d9847cc200b0883466654d30f4ffc66b0d119151", "rear_shoulder_sipe.077": "d32c2fb538c8559142ac41b6a1a0b9e7de9061b60c3de22a687cd39b670f7019", "rear_shoulder_sipe.078": "8346179ffa4bade004ed0b4eb3d181e9f4d0db6709e5ea42b3259e6a9b434aff", "rear_shoulder_sipe.079": "716f3a7cbe7d16cf7303a7d6a7926a848c7642182dc15a4515afde12ad3c78b4", "rear_shoulder_wedge_left": "700de8d16f92ba3e7593678e996d0795c16ffced78ce8555b0a978cf169f71c7", "rear_shoulder_wedge_right": "bd731e50346b253231c9ac07a2e3b143a01e686aa8126b148161f51d30baba85", "rear_stationary_caliper": "ce91e985dda3fe44280084b48f89bcc14055dbb1533deca19a00315251704ff9", "rear_swept_machined_face": "615f04288684793bed2da29a7e9cd0f9d1c24e213529c053d9c3eef5e8582d68", "rear_swept_machined_face.001": "37821c0edef08d252e30898603e9a29e9f1191aa57ee264ee5c1bde62e05ad8f", "rear_swept_machined_face.002": "babf6d938f364b8676ef52bf4ab71aae093157b58bf3878f0a2f774b716f4e47", "rear_swept_machined_face.003": "fc2f4c326f5955906e03c6466015bf77597a583d55d36c33f5081f3caee75dc5", "rear_swept_machined_face.004": "d4a8ed12a662b9c07a9576754d1fbac81f405f5f7405a79820db00863ecc0f01", "rear_swept_machined_face.005": "c2c3dcb188f691fb084a2574afae5a234555c2a124037de2ebce069a5ebc2e98", "rear_swept_machined_face.006": "ea378fcf6c2c221f6b46637a342c3bcdd384f6f462e7f890406cafba179ab28e", "rear_swept_machined_face.007": "052f8bc647aff4433bb58b0ec700c6c189dfb4ddceef9e0db2b2082967e45e5f", "rear_swept_machined_face.008": "855eff3cee954deb41623d795fa29e188fa18118ab6528539e3928659af40ddf", "rear_swept_machined_face.009": "1f41b90621f558dc8344edae1597fc73c5702755f8fdc20529eeb5b6f91d46b7", "rear_swept_machined_face.010": "e5f414cf0cef8aa6d8479be95007888fe6ad6837f8ed20e23ac166a621c8db46", "rear_swept_machined_face.011": "6b84019e5670f2046fb759daea840dabdc1ba0dcf9519e5bc93e9edcf6f22adf", "rear_swept_machined_face.012": "83d494a5183e69bcdc72717b0bdc4610c8328439ae5d48dee2f3f75bca15469c", "rear_swept_machined_face.013": "98ddf7830c712eb27d0fa4ecb8e0483a883f24bf5b1410b29f1087ee4b76ff21", "rear_swept_machined_face.014": "61bed3279eaffefa6958d54ac0361fd4c81e2ff57825943a2f687d9a8cf45174", "rear_swept_machined_face.015": "45929f265c199d197214e4c21a74505a53897d123606275f032170088e066e05", "rear_swept_machined_face.016": "d88695a79c60bf52b90ac03ea6a7f553a233975bd8eda1f45e0db07ddd7a0cba", "rear_swept_machined_face.017": "a3a07c0ae081c3afcdbd29786f64a7aef69a9f7feabe349347812c414b3d8777", "rear_swept_machined_face.018": "e13e35ec831f803303409b6aa0171024e886d52f9569c40f32642ce026677c5f", "rear_swept_machined_face.019": "1b8018ff6a265381626966378178453b09410b2827620833fe6804bf8a1524e3", "rear_swept_spoke_core": "56d42b7e21df9b653f2757367eba3d9ae5bc404d2d5ddacf89fcee5d84f8a1e1", "rear_swept_spoke_core.001": "ee2896ed1170397daa95285ffe733fabf3d4e5453660f43d96c7a6ed1750c729", "rear_swept_spoke_core.002": "38497f77bfabe5a8d7a2a19fc1a713018795d7f5ffd592c87c52014f4dbf944f", "rear_swept_spoke_core.003": "2c8d00ee6e65838b0eef83337c75ce68f37cf99ea005335dffa225c193b2fbda", "rear_swept_spoke_core.004": "b380f51a70c4a07904f4c890fa45907b84dc2eb8338762eea9e65851fdc4fc7b", "rear_swept_spoke_core.005": "cad8760a907f643f9f3366127507a048ff689ca1a9817e30aeddf7d829d1f6b0", "rear_swept_spoke_core.006": "193cf5481bc260e26675a8ece029506e2856ed38b98a75e122d26427ee9e4b2c", "rear_swept_spoke_core.007": "c7c60844e3f05170f5e774e0776d5ab65558410a820493628fc7f250601835a7", "rear_swept_spoke_core.008": "d5e34708da401cc8035705710375c5461955c380aec284e5a80ccd91e4cc9ac2", "rear_swept_spoke_core.009": "3a6612c34475fc1e867176cde15f2d556a3d358571b9162c6fb4719d32997165", "rear_swept_spoke_core.010": "1fc93f632a0649201594b2522c3466e1b44fef82a4b4c356d459f3684a5635fd", "rear_swept_spoke_core.011": "25b9dfa67a4fa3f72d06aa757258a2a1bf1a40c400686f83e68f06332a1fed83", "rear_swept_spoke_core.012": "45bf37d7181de1bb4fe947a2204120dfce511e6cd366f06bcd40ddee2c487883", "rear_swept_spoke_core.013": "5f198a461e66ec265df2080b197eba7e819f6fdabdc704dc145459e576da4997", "rear_swept_spoke_core.014": "f237cdb65b2187fec188eb4e7b45093d0402786f782f81014fdb4945737c4ef5", "rear_swept_spoke_core.015": "f1288447c44385c1831c648406196d0dc2eef1e8eeeb7883a5fb685b4dad45f5", "rear_swept_spoke_core.016": "dcf1ee5dc36cef4c7ffd25e2e7f955cb1b66358e3c1d939f04ff868e5ff13d9b", "rear_swept_spoke_core.017": "9fd278d6a89ed839808f93eff6b440ba593569877f4dde9f8f7ae56e7268677d", "rear_swept_spoke_core.018": "d503e947a0151dc6bf6090bb7c80327bc8db311cfa50d073cc2fcd11bfda7515", "rear_swept_spoke_core.019": "55b6a67a8b3f70b33523893ac3ea8766ecd6e2c0411fd13eef611a77c596e3fe", "rear_tail_lamp_bed_left": "31c70127ee417d3f233c5a3bdfe56caca07e5f40ad3e8bb8269f25e7709b1c84", "rear_tail_lamp_bed_right": "d1cd19fb782e208e9d32a9f9bc9cdd8d6b4702dd1f900d8fa3fbe4bee5827db5", "rear_tire": "30cc69d11f73cb1fb63babdf66fc9de4c28bdc8f2a7abaaa6e8d9c7c08cee222", "rear_undertray_curved_left": "5caea08d1d0d8239c171e9d43ea453957fb99abf1bde9397cd854565397d9c26", "rear_undertray_curved_right": "7f7f3f7d24fd13709e32e355b7a6e22ac8b1d071688117c53efa326a21e56e24", "ride_command_lens": "2a7e258063d2c1bf955fc2e271ffbfc12b36512495f2e11902e872c1e207492d", "roll_hoop_driver": "3e6c6c7370239ae5989a1cac69627c53c37399e5b3232cde14fa802f70851f86", "roll_hoop_inner_driver": "f6444dd6620a3d4f3b547ff19c1fc9346143715d9b704a8d6b18edc97dea6261", "roll_hoop_inner_passenger": "62dbe783c3dd1ac68484bccba9445a5ad532f1e007ff084f10f75b6c4dd38541", "roll_hoop_passenger": "2578d90d49ef8c8da776351820a36a4752cda5998aa27418f36d31f70e7cfc18", "seat_cupped_driver": "63ad342554f6755b5699f9f08cdbec4121f43953856e6481897ddb28e2581cad", "seat_cupped_passenger": "c9b44fd0b1f870bff64922cd8201fbef15e15fae8a387cfa6c5e035d24bd56eb", "seat_rear_pod_driver": "aa6393faeeb436f5f8613380baff5c7ac2c8cd8ef77078bc60a311eed3d3cf81", "seat_rear_pod_passenger": "4efc11327b6961e8c04196aa788817266d6cc6bfc4675762625e46e0132bd03f", "side_intake_return_left": "3db67181eb632ef54072c846eab0cb7abd809c601613ea6b8e9f90faa6d99869", "side_intake_return_right": "79d2e57d8c9e375203185e0d2023645c44d201750ac025d95d2b1f0e2efb7565", "side_rocker_return_left": "065ac1cc27aced017de5aebf3cda6bf56693cfd52e668f9c98f092493cba74ac", "side_rocker_return_right": "ccde057791ac86c2d911cd8df7db5d1f70d5e73c350f8fc92ccdb420d8419b29", "side_triangular_intake_left": "8efd4d562e0b21c231bbbf19b972a102769dd274b0f56b5a8825140aaf864066", "side_triangular_intake_right": "9fe86daa2d595ecb986ceaa25cf2e7e040a3846cf79372ab9eea3b58a8f40547", "single_sided_swingarm": "be4e24393573f0513e54de98976106a3c3ed5629e6d75baaf81733061e2d38a0", "source_only_console_pocket_cutter": "09a98674b423dfef265fb60b8e4c4b3c9095f2f472c4e72a18a972b1202c19c6", "source_only_P03A1_lug_cutter": "d482136c2c43d4c45d5124da8c355dc414e6bdb212cabf10a5db10ccb2a9b93f", "source_only_P03A1_lug_cutter.001": "d482136c2c43d4c45d5124da8c355dc414e6bdb212cabf10a5db10ccb2a9b93f", "source_only_P03A1_lug_cutter.002": "d482136c2c43d4c45d5124da8c355dc414e6bdb212cabf10a5db10ccb2a9b93f", "source_only_P03A1_lug_cutter.003": "d482136c2c43d4c45d5124da8c355dc414e6bdb212cabf10a5db10ccb2a9b93f", "source_only_P03A1_lug_cutter.004": "d482136c2c43d4c45d5124da8c355dc414e6bdb212cabf10a5db10ccb2a9b93f", "source_only_P03A1_lug_cutter.005": "d482136c2c43d4c45d5124da8c355dc414e6bdb212cabf10a5db10ccb2a9b93f", "source_only_P03A1_lug_cutter.006": "d482136c2c43d4c45d5124da8c355dc414e6bdb212cabf10a5db10ccb2a9b93f", "source_only_P03A1_lug_cutter.007": "d482136c2c43d4c45d5124da8c355dc414e6bdb212cabf10a5db10ccb2a9b93f", "source_only_P03A1_lug_cutter.008": "d482136c2c43d4c45d5124da8c355dc414e6bdb212cabf10a5db10ccb2a9b93f", "source_only_P03A1_lug_cutter.009": "d482136c2c43d4c45d5124da8c355dc414e6bdb212cabf10a5db10ccb2a9b93f", "source_only_P03A1_lug_cutter.010": "d482136c2c43d4c45d5124da8c355dc414e6bdb212cabf10a5db10ccb2a9b93f", "source_only_P03A1_lug_cutter.011": "d482136c2c43d4c45d5124da8c355dc414e6bdb212cabf10a5db10ccb2a9b93f", "source_only_P03A1_lug_cutter.012": "d482136c2c43d4c45d5124da8c355dc414e6bdb212cabf10a5db10ccb2a9b93f", "source_only_P03A1_lug_cutter.013": "d482136c2c43d4c45d5124da8c355dc414e6bdb212cabf10a5db10ccb2a9b93f", "source_only_P03A1_lug_cutter.014": "d482136c2c43d4c45d5124da8c355dc414e6bdb212cabf10a5db10ccb2a9b93f", "source_only_P03A1_lug_cutter.015": "d482136c2c43d4c45d5124da8c355dc414e6bdb212cabf10a5db10ccb2a9b93f", "source_only_P03A1_lug_cutter.016": "d482136c2c43d4c45d5124da8c355dc414e6bdb212cabf10a5db10ccb2a9b93f", "source_only_P03A1_lug_cutter.017": "d482136c2c43d4c45d5124da8c355dc414e6bdb212cabf10a5db10ccb2a9b93f", "source_only_P03A1_lug_cutter.018": "d482136c2c43d4c45d5124da8c355dc414e6bdb212cabf10a5db10ccb2a9b93f", "source_only_P03A1_lug_cutter.019": "d482136c2c43d4c45d5124da8c355dc414e6bdb212cabf10a5db10ccb2a9b93f", "source_only_P03A1_lug_cutter.020": "d482136c2c43d4c45d5124da8c355dc414e6bdb212cabf10a5db10ccb2a9b93f", "source_only_P03A1_lug_cutter.021": "d482136c2c43d4c45d5124da8c355dc414e6bdb212cabf10a5db10ccb2a9b93f", "source_only_P03A1_lug_cutter.022": "d482136c2c43d4c45d5124da8c355dc414e6bdb212cabf10a5db10ccb2a9b93f", "source_only_P03A1_lug_cutter.023": "d482136c2c43d4c45d5124da8c355dc414e6bdb212cabf10a5db10ccb2a9b93f", "source_only_P03A1_lug_cutter.024": "d482136c2c43d4c45d5124da8c355dc414e6bdb212cabf10a5db10ccb2a9b93f", "source_only_P03A1_lug_cutter.025": "d482136c2c43d4c45d5124da8c355dc414e6bdb212cabf10a5db10ccb2a9b93f", "source_only_P03A1_lug_cutter.026": "d482136c2c43d4c45d5124da8c355dc414e6bdb212cabf10a5db10ccb2a9b93f", "source_only_P03A1_lug_cutter.027": "d482136c2c43d4c45d5124da8c355dc414e6bdb212cabf10a5db10ccb2a9b93f", "source_only_P03A1_lug_cutter.028": "d482136c2c43d4c45d5124da8c355dc414e6bdb212cabf10a5db10ccb2a9b93f", "source_only_P03A1_lug_cutter.029": "d482136c2c43d4c45d5124da8c355dc414e6bdb212cabf10a5db10ccb2a9b93f", "steering_column": "d2bd0888684ef56d16e6d76fa8c2f2ca37332a0e77c29dbb62601f9043cafa05", "vent_vane_left": "1b0ddc5244b174bbcfa8cd1bca9807daa0aaa849b35ff287333f065ba36a3edb", "vent_vane_left.001": "1b0ddc5244b174bbcfa8cd1bca9807daa0aaa849b35ff287333f065ba36a3edb", "vent_vane_left.002": "f622b80cc1cb4802560e0f245f798e9b09cafabe71c2868e78caba58c21cc2b4", "vent_vane_right": "1b0ddc5244b174bbcfa8cd1bca9807daa0aaa849b35ff287333f065ba36a3edb", "vent_vane_right.001": "1b0ddc5244b174bbcfa8cd1bca9807daa0aaa849b35ff287333f065ba36a3edb", "vent_vane_right.002": "f622b80cc1cb4802560e0f245f798e9b09cafabe71c2868e78caba58c21cc2b4", "windshield_curved": "7fa551360b2e2e472f750c27c812a8f6f377cd28be639a8be4e94937d6cf9ec4", "windshield_lower_seal": "435f70fffe193084dadbf34c5c1ca531a8732e3d88a222e583d8e668b6237abc"}, "removedRearComponents": ["rear_firewall", "rear_undertray_curved_left", "rear_undertray_curved_right", "single_sided_swingarm", "drive_belt", "rear_shock", "rear_coil"], "sourceSha256": "14e71c9b737e1855abe954a111cba268b3c929ef396d41dc2d148e22c68cb631", "glbSha256": "3c588f600b1f8076fd57234f13987195b7ec42ae571ba290e8b6598053782f40", "triangles": 210315}
Blender 4.5.2 LTS (hash ab25eae04993 built 2025-08-20 02:20:52)
Read blend: "C:\Users\SM - Dan\Documents\GitHub\slingmods-three-wheel-tour-rebuild\assets\blender\vehicles\slingshot-p03a2.blend"

Blender quit
