Info: Total files 17 | Changed 0 | Failed 0
Info: Saved as "slingshot-p04a1.blend"
INFO Draco mesh compression is available, use library at C:\Users\SM - Dan\Documents\GitHub\slingmods-three-wheel-tour-rebuild\.tools\blender-4.5.2-windows-x64\4.5\scripts\addons_core\io_scene_gltf2\extern_draco.dll
14:55:33 | INFO: Starting glTF 2.0 export
14:55:33 | INFO: Extracting primitive: rear_continuous_drive_belt.001
14:55:33 | WARNING: More than one shader node tex image used for a texture. The resulting glTF sampler will behave like the first shader node tex image.
14:55:33 | INFO: Primitives created: 1
14:55:33 | INFO: Extracting primitive: P03A1_upper_light_socket_left.001
14:55:33 | INFO: Primitives created: 1
14:55:33 | INFO: Extracting primitive: roll_hoop_inner_driver
14:55:33 | WARNING: More than one shader node tex image used for a texture. The resulting glTF sampler will behave like the first shader node tex image.
14:55:33 | INFO: Primitives created: 1
14:55:33 | INFO: Extracting primitive: exposed_chassis_rail_left
14:55:33 | INFO: Primitives created: 1
14:55:33 | INFO: Extracting primitive: hood_crown_left.001
14:55:33 | WARNING: More than one shader node tex image used for a texture. The resulting glTF sampler will behave like the first shader node tex image.
14:55:33 | INFO: Primitives created: 1
14:55:33 | INFO: Extracting primitive: P03A1_cheek_to_lower_return_left.001
14:55:33 | INFO: Primitives created: 2
14:55:33 | INFO: Extracting primitive: hood_inlet_dark_throat.001
14:55:33 | INFO: Primitives created: 1
14:55:33 | INFO: Extracting primitive: boarding_sill_shell_left.001
14:55:33 | INFO: Primitives created: 1
14:55:33 | INFO: Extracting primitive: console_round_control_center.001
14:55:33 | INFO: Primitives created: 1
14:55:33 | INFO: Extracting primitive: ride_command_lens.001
14:55:33 | INFO: Primitives created: 1
14:55:33 | INFO: Extracting primitive: instrument_lens.001
14:55:33 | INFO: Primitives created: 1
14:55:33 | INFO: Extracting primitive: console_round_control
14:55:33 | INFO: Primitives created: 1
14:55:33 | INFO: Extracting primitive: autodrive_console_shell.001
14:55:33 | INFO: Primitives created: 1
14:55:33 | INFO: Extracting primitive: console_pocket_floor.001
14:55:33 | INFO: Primitives created: 1
14:55:33 | INFO: Extracting primitive: Mesh
14:55:33 | WARNING: More than one shader node tex image used for a texture. The resulting glTF sampler will behave like the first shader node tex image.
14:55:33 | INFO: Primitives created: 1
14:55:33 | INFO: Extracting primitive: P03A1_label_D.001
14:55:33 | INFO: Primitives created: 1
14:55:33 | INFO: Extracting primitive: cockpit_firewall.001
14:55:33 | INFO: Primitives created: 1
14:55:33 | INFO: Extracting primitive: windshield_curved.001
14:55:33 | INFO: Primitives created: 1
14:55:33 | INFO: Extracting primitive: P03A1_steering_static_switch.006
14:55:34 | INFO: Primitives created: 1
14:55:34 | INFO: Extracting primitive: autodrive_paddle.002
14:55:34 | INFO: Primitives created: 1
14:55:34 | INFO: Extracting primitive: P03A1_steering_D_grip
14:55:34 | INFO: Primitives created: 1
14:55:34 | INFO: Extracting primitive: P03A1_steering_polygon_hub.001
14:55:34 | INFO: Primitives created: 1
14:55:34 | INFO: Extracting primitive: front_left_hub_recess.002
14:55:34 | INFO: Primitives created: 1
14:55:34 | INFO: Extracting primitive: front_left_lug_nut.010
14:55:34 | INFO: Primitives created: 1
14:55:34 | INFO: Extracting primitive: front_left_lug_well.010
14:55:34 | INFO: Primitives created: 1
14:55:34 | INFO: Extracting primitive: front_left_tire.002
14:55:34 | WARNING: More than one shader node tex image used for a texture. The resulting glTF sampler will behave like the first shader node tex image.
14:55:34 | INFO: Primitives created: 1
14:55:34 | INFO: Extracting primitive: front_left_brake_disc.002
14:55:34 | INFO: Primitives created: 1
14:55:34 | INFO: Extracting primitive: front_left_stationary_caliper.001
14:55:34 | INFO: Primitives created: 1
14:55:34 | INFO: Extracting primitive: front_right_hub_recess.002
14:55:34 | INFO: Primitives created: 1
14:55:34 | INFO: Extracting primitive: front_right_lug_nut.010
14:55:34 | INFO: Primitives created: 1
14:55:34 | INFO: Extracting primitive: front_right_lug_well.010
14:55:34 | INFO: Primitives created: 1
14:55:34 | INFO: Extracting primitive: front_right_tire.002
14:55:34 | INFO: Primitives created: 1
14:55:34 | INFO: Extracting primitive: front_right_brake_disc.002
14:55:34 | INFO: Primitives created: 1
14:55:34 | INFO: Extracting primitive: front_right_stationary_caliper.001
14:55:34 | INFO: Primitives created: 1
14:55:34 | INFO: Extracting primitive: rear_tail_lamp_bed_left.001
14:55:34 | INFO: Primitives created: 1
14:55:34 | INFO: Extracting primitive: lights_brake_left
14:55:34 | INFO: Primitives created: 1
14:55:34 | INFO: Extracting primitive: lights_head_center_clear_cover.001
14:55:34 | INFO: Primitives created: 1
14:55:34 | INFO: Extracting primitive: lights_head_diagonal_left.002
14:55:34 | INFO: Primitives created: 1
14:55:34 | INFO: Extracting primitive: lights_head_center_projector_eye.005
14:55:34 | INFO: Primitives created: 1
14:55:34 | INFO: Extracting primitive: lights_head_center_reflector_cell.005
14:55:34 | INFO: Primitives created: 1
14:55:34 | INFO: Extracting primitive: lights_head_center.001
14:55:34 | INFO: Primitives created: 1
14:55:34 | INFO: Extracting primitive: lights_signals_left_clear_cover.001
14:55:34 | INFO: Primitives created: 1
14:55:34 | INFO: Extracting primitive: lights_signals_left_reflector_cell.005
14:55:34 | INFO: Primitives created: 1
14:55:34 | INFO: Extracting primitive: lights_signals_left.001
14:55:34 | INFO: Primitives created: 1
14:55:34 | INFO: Extracting primitive: shock_lower_cross_pin.001
14:55:34 | INFO: Primitives created: 1
14:55:34 | INFO: Extracting primitive: rear_arm_hub_boss.001
14:55:34 | INFO: Primitives created: 1
14:55:34 | INFO: Extracting primitive: rear_open_pulley_guard.001
14:55:34 | INFO: Primitives created: 1
14:55:34 | INFO: Extracting primitive: Cylinder.073
14:55:34 | INFO: Primitives created: 1
14:55:34 | INFO: Extracting primitive: rear_pivot_chassis_crossmember.001
14:55:34 | INFO: Primitives created: 1
14:55:34 | INFO: Extracting primitive: rear_central_forward_bulkhead.001
14:55:34 | INFO: Primitives created: 1
14:55:34 | INFO: Extracting primitive: rear_stationary_caliper.001
14:55:34 | INFO: Primitives created: 1
14:55:34 | INFO: Extracting primitive: rear_drive_pulley.001
14:55:34 | INFO: Primitives created: 1
14:55:34 | INFO: Extracting primitive: rear_pulley_spoke_0.001
14:55:34 | INFO: Primitives created: 1
14:55:34 | INFO: Extracting primitive: rear_hub_recess.002
14:55:34 | INFO: Primitives created: 1
14:55:34 | INFO: Extracting primitive: rear_lug_nut.010
14:55:34 | INFO: Primitives created: 1
14:55:34 | INFO: Extracting primitive: rear_lug_well.010
14:55:34 | INFO: Primitives created: 1
14:55:34 | INFO: Extracting primitive: rear_tire.002
14:55:34 | INFO: Primitives created: 1
14:55:34 | INFO: Extracting primitive: rear_brake_disc.002
14:55:34 | INFO: Primitives created: 1
14:55:34 | INFO: Extracting primitive: storage_access_lip_left.001
14:55:34 | INFO: Primitives created: 1
14:55:34 | INFO: Extracting primitive: storage_access_latch_left.001
14:55:34 | INFO: Primitives created: 1
14:55:34 | INFO: Extracting primitive: rear_storage_left_shell.001
14:55:34 | INFO: Primitives created: 1
14:55:34 | INFO: Extracting primitive: rear_shock_upper_eye.001
14:55:34 | INFO: Primitives created: 1
14:55:34 | INFO: Extracting primitive: rear_shock_upper_sleeve.001
14:55:34 | INFO: Primitives created: 1
14:55:34 | INFO: Extracting primitive: rear_shock_lower_eye.001
14:55:34 | INFO: Primitives created: 1
14:55:34 | INFO: Extracting primitive: rear_coil_spring.001
14:55:34 | INFO: Primitives created: 1
14:55:34 | INFO: Extracting primitive: Cylinder.019
14:55:34 | INFO: Primitives created: 1
14:55:34 | INFO: Extracting primitive: front_spring_left
14:55:34 | INFO: Primitives created: 1
14:55:34 | INFO: Extracting primitive: Cylinder.067
14:55:34 | INFO: Primitives created: 1
14:55:34 | INFO: Extracting primitive: Cylinder.031
14:55:34 | INFO: Primitives created: 1
14:55:34 | INFO: Extracting primitive: front_spring_right
14:55:34 | INFO: Primitives created: 1
14:55:34 | INFO: Extracting primitive: Cylinder.068
14:55:34 | INFO: Primitives created: 1
14:55:34 | INFO: Finished glTF 2.0 export in 0.41929125785827637 s

P03A_EXPORT {"stage": "mapped", "baseline_unmodified": true, "source_objects": 704, "export_meshes": 71, "export_color_primitives": 72, "triangles": 210899, "bounds_blender_m": [[-0.9926999807357788, 1.0068292617797852], [-1.6790000200271606, 2.1463053226470947], [0.0, 1.3127319812774658]], "dimensions_m": {"width": 1.999529242515564, "length": 3.8253053426742554, "height": 1.3127319812774658}, "materials": ["P03A_Amber_Lens", "P03A_Amber_Reflector", "P03A_Brake_Caliper", "P03A_Clear_Optical_Cover", "P03A_Gloss_Black_Wheel", "P03A_Instrument_Glass", "P03A_Instrument_Scale", "P03A_Machined_Aluminum", "P03A_Optical_Lens", "P03A_Optical_Reflector", "P03A_Orange_Accent", "P03A_Radar_Blue", "P03A_Recess_Black", "P03A_Rubber", "P03A_Seat_Charcoal", "P03A_Seat_Silver", "P03A_Tail_Lens", "P03A_Textured_Polymer", "P03A_Wind_Deflector"], "batches": [{"name": "cockpit__Radar_Blue", "binding": "cockpit", "triangles": 2824}, {"name": "steering_control__Machined_Aluminum", "binding": "steering_control", "triangles": 968}, {"name": "body_static__Textured_Polymer", "binding": "body_static", "triangles": 26796}, {"name": "cockpit__Textured_Polymer", "binding": "cockpit", "triangles": 15732}, {"name": "cockpit__Recess_Black", "binding": "cockpit", "triangles": 752}, {"name": "cockpit__Machined_Aluminum", "binding": "cockpit", "triangles": 4300}, {"name": "cockpit__Gloss_Black_Wheel", "binding": "cockpit", "triangles": 564}, {"name": "body_static__Orange_Accent", "binding": "body_static", "triangles": 80}, {"name": "suspension_front_left__Machined_Aluminum", "binding": "suspension_front_left", "triangles": 176}, {"name": "suspension_front_right__Machined_Aluminum", "binding": "suspension_front_right", "triangles": 176}, {"name": "suspension_front_left__Textured_Polymer", "binding": "suspension_front_left", "triangles": 44}, {"name": "suspension_front_right__Textured_Polymer", "binding": "suspension_front_right", "triangles": 44}, {"name": "front_left_spin__Textured_Polymer", "binding": "front_left_spin", "triangles": 256}, {"name": "front_left_spin__Gloss_Black_Wheel", "binding": "front_left_spin", "triangles": 9076}, {"name": "front_left_spin__Machined_Aluminum", "binding": "front_left_spin", "triangles": 6248}, {"name": "front_left_spin__Recess_Black", "binding": "front_left_spin", "triangles": 800}, {"name": "front_left_steer__Brake_Caliper", "binding": "front_left_steer", "triangles": 188}, {"name": "front_left_spin__Rubber", "binding": "front_left_spin", "triangles": 3584}, {"name": "front_right_spin__Textured_Polymer", "binding": "front_right_spin", "triangles": 256}, {"name": "front_right_spin__Gloss_Black_Wheel", "binding": "front_right_spin", "triangles": 9076}, {"name": "front_right_spin__Machined_Aluminum", "binding": "front_right_spin", "triangles": 6248}, {"name": "front_right_spin__Recess_Black", "binding": "front_right_spin", "triangles": 800}, {"name": "front_right_steer__Brake_Caliper", "binding": "front_right_steer", "triangles": 188}, {"name": "front_right_spin__Rubber", "binding": "front_right_spin", "triangles": 3584}, {"name": "suspension_front_left__Orange_Accent", "binding": "suspension_front_left", "triangles": 1920}, {"name": "suspension_front_right__Orange_Accent", "binding": "suspension_front_right", "triangles": 1920}, {"name": "body_static__Radar_Blue", "binding": "body_static", "triangles": 40396}, {"name": "body_static__Recess_Black", "binding": "body_static", "triangles": 1276}, {"name": "cockpit__Instrument_Scale", "binding": "cockpit", "triangles": 188}, {"name": "lights_head__Gloss_Black_Wheel", "binding": "lights_head", "triangles": 456}, {"name": "lights_brake__Tail_Lens", "binding": "lights_brake", "triangles": 120}, {"name": "lights_head__Recess_Black", "binding": "lights_head", "triangles": 6}, {"name": "lights_head__Clear_Optical_Cover", "binding": "lights_head", "triangles": 564}, {"name": "lights_head__Optical_Lens", "binding": "lights_head", "triangles": 3492}, {"name": "lights_head__Optical_Reflector", "binding": "lights_head", "triangles": 104}, {"name": "lights_signals__Recess_Black", "binding": "lights_signals", "triangles": 4}, {"name": "lights_signals__Amber_Lens", "binding": "lights_signals", "triangles": 376}, {"name": "lights_signals__Amber_Reflector", "binding": "lights_signals", "triangles": 80}, {"name": "cockpit__Seat_Silver", "binding": "cockpit", "triangles": 6177}, {"name": "body_static__Radar_Blue_Textured_Polymer", "binding": "body_static", "triangles": 696}, {"name": "cockpit__Seat_Charcoal", "binding": "cockpit", "triangles": 18608}, {"name": "steering_control__Seat_Charcoal", "binding": "steering_control", "triangles": 2560}, {"name": "steering_control__Textured_Polymer", "binding": "steering_control", "triangles": 708}, {"name": "steering_control__Gloss_Black_Wheel", "binding": "steering_control", "triangles": 1128}, {"name": "body_static__Gloss_Black_Wheel", "binding": "body_static", "triangles": 800}, {"name": "rear_arm_visual__Orange_Accent", "binding": "rear_arm_visual", "triangles": 436}, {"name": "rear_axle_visual__Machined_Aluminum", "binding": "rear_axle_visual", "triangles": 556}, {"name": "rear_spin__Textured_Polymer", "binding": "rear_spin", "triangles": 256}, {"name": "rear_body_static__Textured_Polymer", "binding": "rear_body_static", "triangles": 432}, {"name": "shock_spring_visual__Orange_Accent", "binding": "shock_spring_visual", "triangles": 2572}, {"name": "belt_visual__Textured_Polymer", "binding": "belt_visual", "triangles": 784}, {"name": "rear_pulley_visual__Gloss_Black_Wheel", "binding": "rear_pulley_visual", "triangles": 512}, {"name": "rear_spin__Gloss_Black_Wheel", "binding": "rear_spin", "triangles": 9076}, {"name": "rear_spin__Machined_Aluminum", "binding": "rear_spin", "triangles": 6248}, {"name": "rear_spin__Recess_Black", "binding": "rear_spin", "triangles": 800}, {"name": "rear_arm_visual__Radar_Blue", "binding": "rear_arm_visual", "triangles": 316}, {"name": "rear_body_static__Machined_Aluminum", "binding": "rear_body_static", "triangles": 708}, {"name": "rear_pulley_visual__Machined_Aluminum", "binding": "rear_pulley_visual", "triangles": 352}, {"name": "shock_piston_visual__Machined_Aluminum", "binding": "shock_piston_visual", "triangles": 604}, {"name": "shock_body_visual__Machined_Aluminum", "binding": "shock_body_visual", "triangles": 512}, {"name": "shock_body_visual__Textured_Polymer", "binding": "shock_body_visual", "triangles": 92}, {"name": "rear_caliper_visual__Brake_Caliper", "binding": "rear_caliper_visual", "triangles": 188}, {"name": "rear_storage_static__Textured_Polymer", "binding": "rear_storage_static", "triangles": 1524}, {"name": "lights_brake__Seat_Charcoal", "binding": "lights_brake", "triangles": 328}, {"name": "rear_spin__Rubber", "binding": "rear_spin", "triangles": 3584}, {"name": "cockpit__Instrument_Glass", "binding": "cockpit", "triangles": 188}, {"name": "body_static__Machined_Aluminum", "binding": "body_static", "triangles": 120}, {"name": "rear_arm_visual__Machined_Aluminum", "binding": "rear_arm_visual", "triangles": 92}, {"name": "rear_storage_static__Machined_Aluminum", "binding": "rear_storage_static", "triangles": 304}, {"name": "rear_storage_static__Gloss_Black_Wheel", "binding": "rear_storage_static", "triangles": 216}, {"name": "cockpit__Wind_Deflector", "binding": "cockpit", "triangles": 5760}], "source": "assets\\blender\\vehicles\\slingshot-p04a1.blend", "maps": [{"name": "instrument-scale_basecolor", "width": 512, "height": 512}, {"name": "machined-alloy_basecolor", "width": 512, "height": 512}, {"name": "machined-alloy_normal", "width": 512, "height": 512}, {"name": "machined-alloy_orm", "width": 512, "height": 512}, {"name": "molded-polymer_basecolor", "width": 512, "height": 512}, {"name": "molded-polymer_normal", "width": 512, "height": 512}, {"name": "molded-polymer_orm", "width": 512, "height": 512}, {"name": "P03A1_radar_blue_coverage_AA", "width": 2048, "height": 2048}, {"name": "radar-blue_normal", "width": 1024, "height": 1024}, {"name": "radar-blue_orm", "width": 1024, "height": 1024}, {"name": "road-tire_basecolor", "width": 1024, "height": 1024}, {"name": "road-tire_normal", "width": 1024, "height": 1024}, {"name": "road-tire_orm", "width": 1024, "height": 1024}, {"name": "sport-seat_basecolor", "width": 1024, "height": 1024}, {"name": "sport-seat_normal", "width": 1024, "height": 1024}, {"name": "sport-seat_orm", "width": 1024, "height": 1024}], "limits": ["No rider or G3 readiness claim", "Actual runtime light-sweep review required", "Panel vertices are reference estimates, not OEM CAD", "Hardware performance is not inferred from asset census"]}
REAR_CANDIDATE {"status": "Candidate02 exported; not yet evaluated by runtime reviewer", "protectedEvaluatedComponents": 687, "comparisonMethod": "Strict within-process evaluated vertex/triangle/UV bytes before and after rear surgery; old process hash order can differ for existing Boolean console", "baselineProcessHashes": {"autodrive_console_shell": "fb720f3142e51f4d04f73111c4e591e632bffb7ec527a468025e554e42fcdb25", "autodrive_paddle": "a4a50c932d3ca0ec0eefe5829bfc7f72b9286467fb658a9a2fa05596ffc23d02", "autodrive_paddle.001": "ef239694f863c3f4412bd5b92ecbbfaaa963a295884a359c26b6d448638d6b1e", "boarding_sill_shell_left": "294f2a4731ae958827d671be8faeeaee228acb3af2dd99d9798ec16fe7db9835", "boarding_sill_shell_right": "a233e7dfb419bc37e8d67696151e80c3a7c99652da7f71838bc88d6a35921137", "central_lamp_projector_division": "f7916458afbb4f902b2eea636d7f517fa0ebba577c9e5122dde1c0e4670c8a11", "central_lamp_projector_division.001": "f7916458afbb4f902b2eea636d7f517fa0ebba577c9e5122dde1c0e4670c8a11", "central_lamp_projector_division.002": "f7916458afbb4f902b2eea636d7f517fa0ebba577c9e5122dde1c0e4670c8a11", "cockpit_firewall": "6e60a775dd3c5a0aa784e61ac307c6b8705b66a0f6159386416c38431f585a01", "console_pocket_floor": "dbc2fb3ecebb74d2061767612f1733b8706e9e90193a4b8d15b2b58491eb531c", "console_pocket_wall": "f2f5399c24ff0f53a23f857a606efef748d92205330df22704f73cf64f574e10", "console_pocket_wall.001": "31badd645266dffff851e3578757cf671745926b3db7178f56b47cd30216ea10", "console_pocket_wall.002": "1135fefdc8a02c6ab55f2a5fc03c67d902333ef1f66d10dda6a8e432bcc01f69", "console_pocket_wall.003": "9957cfc32857b5de217fef7d1f27677cd4951c194ec4b0fef7fcac180fcd800c", "console_round_control": "3eaae2faa4872bd5b4de9cf912c7136678aeac1efc6b2d49bb5416ee336b6aad", "console_round_control_center": "55afb4cdd00f9a946399bfe1bab8e35cede633b61141021991003e15f11bb44a", "console_start_center": "f24f1588927f039313e41370a91b01b9258343cb45c185ed1c83ee5c545e0447", "console_start_ring": "5bfea32d180a0d835e54cef1044789bf05ff9ba66e260473e4aa9e1ac001aad8", "console_switch": "0b594dc8641a66169f12991d5bc6376b0d5c7d682e44f210450b75f1ce2a8cea", "console_switch.001": "ba8f4b13f115ce0b78bdf1a614edf06a6d89a9d114886c0b92a0cb751d690825", "console_switch.002": "7cfb0e14ec7f5034a5a1e4ecee3f54c572472a1f5679979a22d3fcd4eeb8ec02", "console_switch_housing": "2cb009405889e813df221615f72f65a8fb8f8c6c0155736e1f668043c570efd8", "console_switch_recess": "dafe707ff6cd1dbd4ce4f4392283e4099b574a1fcfee7dc303e340454127d1da", "console_switch_recess.001": "64ecd44542dda4e290edc9dfe4081be3a7c2beb9344da11e28cc2af0a2caf00d", "console_switch_recess.002": "b7bcf9ad88b6235e78bd2222d2d8be99b2e419bb719c6766743b2b3e791b4ea7", "dashboard_continuous": "56a62ee3a97b2493697fe7ddb4356670883cbff62840e65afa1145e6b56c9e20", "drive_belt": "5db2a8c6bd54f73abd734909933d464dac2707c5539f9b38c5acabcd2619a827", "exposed_chassis_rail_left": "97a0925abfb6c68d6efe8e923f79bfc07818456f675203ff0666315ca253b740", "exposed_chassis_rail_right": "e10a1d31f112070caed6fe0b3207ef16bf2dc7ec3d9c992bdfe2d9d644ce2369", "floor_driver": "044d1a351229c89d284ae0282fe599b5e6d98f3df053463ecafa1b73bc4b7445", "floor_passenger": "55a6b611aec294e80dc3a56363762f56f6f44c5c985585f3a693337a1e3828d3", "front_A_arm_left": "5f2308909edf60aefc710f4fe7f4ecf78e3c923df5d38d05767fe732c5a54c3d", "front_A_arm_left.001": "106b72bfec171b3c15aa16faf7d6999565499c3a4f77ee3d84d52016b3a5a563", "front_A_arm_left.002": "5f2308909edf60aefc710f4fe7f4ecf78e3c923df5d38d05767fe732c5a54c3d", "front_A_arm_left.003": "106b72bfec171b3c15aa16faf7d6999565499c3a4f77ee3d84d52016b3a5a563", "front_A_arm_right": "5f2308909edf60aefc710f4fe7f4ecf78e3c923df5d38d05767fe732c5a54c3d", "front_A_arm_right.001": "106b72bfec171b3c15aa16faf7d6999565499c3a4f77ee3d84d52016b3a5a563", "front_A_arm_right.002": "5f2308909edf60aefc710f4fe7f4ecf78e3c923df5d38d05767fe732c5a54c3d", "front_A_arm_right.003": "106b72bfec171b3c15aa16faf7d6999565499c3a4f77ee3d84d52016b3a5a563", "front_damper_left": "230b4842953ae0f27ab6d73ffdf480cc37134f065458d59011c00f0e434d9e03", "front_damper_right": "230b4842953ae0f27ab6d73ffdf480cc37134f065458d59011c00f0e434d9e03", "front_left_brake_disc": "e280f64f74b603ddef39eafcf2d5bb6c857715ebd8470d2b6c669e2a712c9ce1", "front_left_brake_disc.001": "ea6bbcd71dec13bf6ac739ae3e2b5bc8d79041cd2954e7adab5e062ef648c10d", "front_left_hub_recess": "58e11e16f636d2b73dc0ce3303a541695cdf3ff20fb7f52376b1e0d8822d17ad", "front_left_hub_recess.001": "cb0a85cb39beb13a1dbc80f5f763ec70b1e5a4d3b833dbf667256ee224d4a319", "front_left_lug_nut": "2fb8433c7079417c00ad85875777eb69f50a816b6ca116563d592517a9dea4cd", "front_left_lug_nut.001": "60b4b2333ba0ac1dfc619bb5bd9a00aa0acdbd7064f016f226652ca96dd5387c", "front_left_lug_nut.002": "ceadc491f8e439fc7d85d893fe705127087f80c386a5feb52650a9df9ecac6bc", "front_left_lug_nut.003": "5047bbe93a652dfa0661bdc3faa64e694168d5bb045ee0b39ea628bf3718a624", "front_left_lug_nut.004": "2f1c38364d7d607e394549342099121c6d29e1ecd5c9d479f8367ddf71855e8f", "front_left_lug_nut.005": "723f37ebf355bdf4ca31b5ebaeea9eaa279dd90bf2a7b86edab16026fa26f08c", "front_left_lug_nut.006": "dadbc6868b01b34b66dcff807e5828ac53b7ce3cb2dede0d7095c8154dc65b11", "front_left_lug_nut.007": "6d67de16affe419ecefe6bde203c0d82539cbd27f78d9d28ec2240c8c7246f9b", "front_left_lug_nut.008": "157e9b81aad93dea3e10fbe4601e1d71a356ed05eb8cee775a7c5f2fa8a0d845", "front_left_lug_nut.009": "c410c3502fe23081acc035fc3cc009ea8c45365e59aacb5d42a7e945a11c3a81", "front_left_lug_well": "32bf6ee4d478c91e23a7e7e0a1132844eaea98201bda4591365afbb22cd403fe", "front_left_lug_well.001": "8d261e40cfc2cfbecddec215a4923dda9bc55697a8356509129e15d6f1277d30", "front_left_lug_well.002": "578d0206044c7890aaccbead779c94f1ec98c6ea24784c52a840cfb8eb704a11", "front_left_lug_well.003": "61bf8b3e190b9da7fd116446c906080f1f5c2b43f2a7cae21ede414075f9fe8f", "front_left_lug_well.004": "01169073e88302558560cfbbe862bdaebcee53a5ee27c41ba805062deaf4df1f", "front_left_lug_well.005": "8ea85d72ab4dfa557093d6c8529d21904846c9755ada2d25efe3d0f30b0150ca", "front_left_lug_well.006": "92d076346fbff24c7a0c73fc73fa507cae759ec488bfaad925b300b3ca214f80", "front_left_lug_well.007": "bad569908acd90f0835983693caba925b7d922b771754a2aea6dd2a8d91f68d0", "front_left_lug_well.008": "0c66c73b56326302f8f978ae4c479cd8487796d21247128f5ca46354210c5b00", "front_left_lug_well.009": "c1579cbe656ecfa1b3f4e028349d8f5a873cfb51a3b57f396933b1f9d4b336f1", "front_left_rim_barrel": "f9cb4fae64ec7bd7d8bda5470ee31a03a214bf7d5e7e649d64cc39613dd248ef", "front_left_rim_machined_channel": "045dc9a54a58ed04d685674c378741dfa85cdd8a9534ddefc1f029b372835390", "front_left_rim_machined_channel.001": "229eb1601eb17e77dae5ec9f0d8c0940326f2efc184c191d6d7b37f969eb6138", "front_left_shoulder_sipe": "21c1646d6e02c09baaaeff636717366fe14ce79d803179ca1d76e151d492e160", "front_left_shoulder_sipe.001": "2a6dcd40b0b7a891bbd1440d382b92e044bcd7665e88ccb1351c0f7fd77aedae", "front_left_shoulder_sipe.002": "b0fae71c079f0e838a9992bc4985d1587eae60fdfe898638f444bf0430469b6e", "front_left_shoulder_sipe.003": "40e74b554a0d119f4abf9c7366c13c6eeaed0ecdc8c2cc1198ccdca1ca632e81", "front_left_shoulder_sipe.004": "b2600de5ecd2812435edca29e88ce0d4e50d77e4d9bdcb44ce7aa4e6968ba612", "front_left_shoulder_sipe.005": "118b07a2fc8a267cd70b6d64fe51a07a73b79b039cb16d527da8f6942b9308f4", "front_left_shoulder_sipe.006": "f1f48b14d6d2faa7016a487beba5af4a6d85b0d7eeef7286ae27daea12317c1c", "front_left_shoulder_sipe.007": "906aaec3cd19fe83107aa3993a38c6b1927b458d1643cbcaf13fcb04d55957ac", "front_left_shoulder_sipe.008": "f697afe94273650861b12d23b995f11e75489350bc48feeb7e7b4614e2d773a7", "front_left_shoulder_sipe.009": "dcbf8ba5629578c98e39f7497031e24bb8c3e328c3ed86a4194ccef15be29528", "front_left_shoulder_sipe.010": "1bf5b402b2d8a6a585dc1b8c9ecafe94d96ceb5e358097c462b326459f2ea65b", "front_left_shoulder_sipe.011": "5e07051972facad36e010ab94fbcd346d522d9721dfad347fe306b2e22a670cd", "front_left_shoulder_sipe.012": "5b70e38f850ff24e1e533d35e044d3ac3fa44f1bb3c43d7d34f9d621e8ed0748", "front_left_shoulder_sipe.013": "cdced19d6da2316cc754e6bf60661574cd02b947ddc7b3c60cd28e35882b69dc", "front_left_shoulder_sipe.014": "db6475b51d2f42168fb66e08d7fcd76ff0bbdbebc39630918aea5a5027465ebe", "front_left_shoulder_sipe.015": "cf491ce45a1e21172da4631e0c16993d7d827cc1f9c11a772b9b10fc7b7ced9b", "front_left_shoulder_sipe.016": "3efc60288f57b4eaa3c5eb60c94d846479ade577d11456087fdcf0376d4738c5", "front_left_shoulder_sipe.017": "ff5977d1b4a7a47b469bf38ff77b695e5d4aa4cdf345992307e93b8ca180f9fb", "front_left_shoulder_sipe.018": "031c72e5b96c719751668a82bd578bb1efa23abe14fc604e76287e9bf88cdb2d", "front_left_shoulder_sipe.019": "8246a358e1ccf849dcb50158777f02b7d6a4e1d3a27efd0595746e7bad923091", "front_left_shoulder_sipe.020": "0f59abbe1e151fd926671c5781b9568a386fe09c7ae8ebb4afadb4f292363c7a", "front_left_shoulder_sipe.021": "fa336d619c87435d6c895e333e0939ca7aa13f522d6ae2cb89b280ca3d750bed", "front_left_shoulder_sipe.022": "e7ea6908413a86eeab48e94b7eea877aa95c46c14dfde1fe6f918034d9d8e708", "front_left_shoulder_sipe.023": "a4391b5fc679076c7e01b5107e29c0b0915ec54dee853a8c256c42360022f81a", "front_left_shoulder_sipe.024": "b5a19899b01d1beb2cb2b733fdd317e5bc7eea0ffdd85a1c9d988fc91c945048", "front_left_shoulder_sipe.025": "bbdb7e96f427b08f92786cf9e36526d15c0d7bb48ef5787a7066cba4657be5df", "front_left_shoulder_sipe.026": "a745ab773684dfd4677f40c57ceed722a2a9a430c064d8ab06e25abf6e90040b", "front_left_shoulder_sipe.027": "0c72bf085af66dc28b5a164340893c23779281f83bdb4e5158b856fa38f78577", "front_left_shoulder_sipe.028": "c51ae56b64f08a9acc499c5860edd6cae3130433cfed803c5baafd7c708a087b", "front_left_shoulder_sipe.029": "6ec0354190013ca4d84ccdb683be762617e9db8eb69c7640a9352f24f6e9a950", "front_left_shoulder_sipe.030": "2b6568a6b706616d8779947716afd9c9e2e91e7572848deaaddcb88d67253535", "front_left_shoulder_sipe.031": "a6b26ca464b1c2edd7f0e4e86e3e8339a28b2a98f71fb114248bfc4e04b80b00", "front_left_shoulder_sipe.032": "7266bcacc682471243bdb7763cc44cacd493aa6de3f02979ab6c0bffb61a9442", "front_left_shoulder_sipe.033": "7fd906ebf65879e74ed38cc2681f7630214b46ce272a3f5d2562b88b40f92349", "front_left_shoulder_sipe.034": "6c1f8e911ffdc6bce30c97e25fcf0bcce8837e036264eec3e4ae2f540c00547a", "front_left_shoulder_sipe.035": "1ec1d834b5a9892cb103caef2e679f01d6b018ec2d251a6966796a14e38afc7b", "front_left_shoulder_sipe.036": "c0b815bf843d8d9f66b23aaf2b9957ed417e88cfdd0f296a58a1a4cc683c8364", "front_left_shoulder_sipe.037": "4cf1d09e1bd15f411b8a869ac981d7e3e133ffee0ed906439cdc8e3670462e81", "front_left_shoulder_sipe.038": "c2334fedc0ca0b14b2781c38ceff57f6ce7a2fe6bbb57172f689e26ff15d7ba9", "front_left_shoulder_sipe.039": "321041c1ded1215cfc866b91b4f3347bf75046ca1ec556d763a013836f7237c6", "front_left_shoulder_sipe.040": "78fd6b6f358889686a32b316c1a1f3ed13e08b332fc459bce9f3ca60c707dd44", "front_left_shoulder_sipe.041": "b8b0b96317e0021f215f08099f4261aae8a1c042f100a0d7b5a7abf7b0863f02", "front_left_shoulder_sipe.042": "258def9b634f89b4f6dde8989ccdc77a9821b15fbf145c6c079ed23e3650a2d2", "front_left_shoulder_sipe.043": "47a41530cfab99ae159e4ba0d8550e608f0947de9453e2c88f893e010edf6358", "front_left_shoulder_sipe.044": "2f3760e90f0a6efc4f9f0ef79d72e83486a9928dbbedb300655648a7f757b939", "front_left_shoulder_sipe.045": "18c7fe19c863d8fd74c98448cd4c989a8c33a360b05943d3c66007288d633914", "front_left_shoulder_sipe.046": "d59aaaf771a350fc0eaf51b4e03e556f6295c56b754fa9293a06620b3b9ee802", "front_left_shoulder_sipe.047": "d0dae0d398159912bf71cdf68077c072b78ac07cf8ae9e6d22ae1a9c580d2b87", "front_left_shoulder_sipe.048": "37c3e25366a802c6b2b132b721b388fb4f3b070355552311e71c53d5e86966cb", "front_left_shoulder_sipe.049": "4e51b7eae27598d858d4e672e995311ca1741b4c17cde721cad7885462b0fbcf", "front_left_shoulder_sipe.050": "5b199df92403314c60493acf83d2e482bf3a2d91b7d8f589e574f4d08fa8d7c8", "front_left_shoulder_sipe.051": "b7b819198c1c2a29f6603b7aecb6dfeeaabcb0c9e28e9be9ab97fbfbba967467", "front_left_shoulder_sipe.052": "5819929afd31e432df55025a6d4d9ab846bbb15d57496c3964447cdde2d605c7", "front_left_shoulder_sipe.053": "54de87dce30991135b5eaf89e0d895e52c5bba5d03b87cc69f15b00cb189c78b", "front_left_shoulder_sipe.054": "5ba1e3023cc7d97858e6f3c0cd62e2e70832ddb9fb623b30a12c3de69ead1ea8", "front_left_shoulder_sipe.055": "8a737d3c6f6d7d87679a09286c1b49f25a9c9995fd88d393815154c39bca5b5f", "front_left_shoulder_sipe.056": "1670725b164cf23dc0a1ccf6819f8732a429da839cfd191d34cd0001d6d1e0ca", "front_left_shoulder_sipe.057": "cdb314c3b5be6b30df48210a96616401a85220293b941e9b7fca4b58221e5237", "front_left_shoulder_sipe.058": "207a0a368703320e75c339df2e5812380e57903f9e35dbea44c15ce11bcd87b9", "front_left_shoulder_sipe.059": "f27fdcf1542f61099a8ac039549b8399218285ce2231959643bb84c7b33608ee", "front_left_shoulder_sipe.060": "926990209bdc42a2b9973b5510a6fb51d49e9d88205a8b8217b1f6569e8d01b6", "front_left_shoulder_sipe.061": "a6e2894211545cb46b95220f7b6e139dcbaa3c86062615ebf35fea8023dd1754", "front_left_shoulder_sipe.062": "deac9be0290217423a9929607b39eb7a74c6853ca113c67920038858b2450ef7", "front_left_shoulder_sipe.063": "9ee5030555c3b720300ad533391062153a85e3dbaa18aa2a7e5846228845237a", "front_left_shoulder_sipe.064": "da569644bf837e3945e943809627ecc07059e97272887e008a716c0252cbbda4", "front_left_shoulder_sipe.065": "5dbce39f971970b9b8dc0bf837d6f57f9a1ebc1fea5f1fd58322a20ebd46e64a", "front_left_shoulder_sipe.066": "7014e6c494dc530f30d883937f171c5198cc746b5615ff621e336ddbc400d62b", "front_left_shoulder_sipe.067": "43caab2a78499a5961c53e0ed6cd5d3a2b6daaf922dac0e3b37d4f3daedf2ce0", "front_left_shoulder_sipe.068": "00d0fb9f95ce3056a1eed26bb6ea7fd31ae676407964757c4a50748f49d7a5c7", "front_left_shoulder_sipe.069": "61f5d323f6b16f0ff7100fe38b51279625595d8cd0494fc5551d587fa53a58ef", "front_left_shoulder_sipe.070": "3ec8267ddc0699405e80cc46b90c00aaa47f709a7460d8fa96c28875b55af69e", "front_left_shoulder_sipe.071": "5050cd7ef250e9dfb1a8145d8c4f2c0a0b1beaf2279e18bc3ded8a157e565739", "front_left_shoulder_sipe.072": "8fa8e9cc1f9839a13f7d3b1c4017380bbe2691f22a2f35db6495cfab4510475b", "front_left_shoulder_sipe.073": "1e758e4218a11a358bd997dafb8c8190cb5db856e4a9b53028ad1abe1f46ecf1", "front_left_shoulder_sipe.074": "29fdab47c6dcbfb8eff5fef3173a8d41ef723b8d537616dc918da67089304a8f", "front_left_shoulder_sipe.075": "9d784bd70de5a26e7fc0576f4f1ca1c8409f01aa41024ba96a6976aa94d01101", "front_left_shoulder_sipe.076": "8eaa82eef180ea9390c33e35041dab655e5871fd96ad8adaff2240262fc8d577", "front_left_shoulder_sipe.077": "1b32b502831deccd3d37be12e52e319950c73d09aed43302011c180548c1efaf", "front_left_shoulder_sipe.078": "6970c8471f5e40206b1f7489848cb2f5fb957dc0ea074cfe561ee47c324da110", "front_left_shoulder_sipe.079": "a584e917933d5a203abb180ca205d9f8797cfa1ebed4b7520f261c62783a178b", "front_left_stationary_caliper": "370bbec33292dbc13310a26b329274d66b1cd1c542fa3382bad7132e02188ed1", "front_left_swept_machined_face": "51796eee587cb1935dcbe1db85175df0e7a15891704fbed8e0846a7e470ca35f", "front_left_swept_machined_face.001": "ce779fd76f3eef8a3ce885944c32c178539a0493bcb8f160ad1a12ae0c793890", "front_left_swept_machined_face.002": "87894ed27d6c8bd5eaca10be498b9030a80be936f64f4dfba62b96f876505697", "front_left_swept_machined_face.003": "c36f7c293fc321daab575ee111e9c855248bf3d6ee89bb4f8b3a1c86ae945650", "front_left_swept_machined_face.004": "22cf718747f6bfe637df7b45e3610c614281161d84c39a356b443c3dd54ab657", "front_left_swept_machined_face.005": "6ad8d97d339dda3045f40c1e3265653123bd6868a94a6f493b5407988126effb", "front_left_swept_machined_face.006": "8b5e95df3cb44c914b0f45a406c20012ccbde43f45d1a00f6c18bcf93b27ae72", "front_left_swept_machined_face.007": "4fa9c9ebd9b2cd76faa878efbdc8f423c823285c55e9b67291af34896b63b7bc", "front_left_swept_machined_face.008": "819cdc1bf3055ab233079ca2d98dab2764a2c389ffbfa511baee5c7b1dd5f175", "front_left_swept_machined_face.009": "cb7f2e52eafe395fb693cc025a27d0fd48d053ae7033668a7d12c0e17855e5be", "front_left_swept_machined_face.010": "e25c00221c100a7970690fd6e516bdc0bc1ecf88a95feaa582f5bfb78431ceee", "front_left_swept_machined_face.011": "77b348a044bcfef5a4bec28e255f8f18b9d7ed209e5afc64fe6851f4ece663ee", "front_left_swept_machined_face.012": "4f699d1be30c6fe4ddeb11477d4568a2c19e0d4cf1a91b2648e0c09c672089e8", "front_left_swept_machined_face.013": "7b1e0cb469f04213834d7c0d08258013dbcc31241d97fd84fa44541bdf38bb78", "front_left_swept_machined_face.014": "a7a2ea3a09ba8195611ff12cb9c4f8e9c584e289b9129d05696b6a21c31cf301", "front_left_swept_machined_face.015": "caa99d2fcf8b0288284025a90033e25e4db9e743074ccd89d5d6facacebf1af6", "front_left_swept_machined_face.016": "a2207ed9d2f47178c2834b8c5d638a9b76104da0b0e224af3647bc146806dfa2", "front_left_swept_machined_face.017": "747ee4a239cb5a69c441959b1485b4fdef47cef586ad5a88654639d82d7c0fe8", "front_left_swept_machined_face.018": "a703f0cc9e7fa40de6e3737ad40d3472f93b842b8eea5b96e296aaa9e9186c1b", "front_left_swept_machined_face.019": "ec3ec070a85a807dfd368498f9a43f126155745ca6c015222d139a7b6a1d5eda", "front_left_swept_spoke_core": "a5938ae259baa6a5a859a16a6449ae417db7aafd7c10708d773ea51d1e6a1e21", "front_left_swept_spoke_core.001": "e2f578c87b3505b5aae04b4046ef657da1745354380657a77c68e57d8f11320e", "front_left_swept_spoke_core.002": "756c28747805fb114a3f8260e5b44ec4d136a924d514cdb1ec46fd622b98796d", "front_left_swept_spoke_core.003": "06e8c3e6684d817707d1912decea9a06d6d76595a546c165058641a8271bc04b", "front_left_swept_spoke_core.004": "c946eadf87eadfefafe24d69cfd6de4c59862e0c131aaa75eedd280ee370261e", "front_left_swept_spoke_core.005": "cc846bdb7243b6416285a922712d4f25a190c61765a1a8007992463d67c4cf92", "front_left_swept_spoke_core.006": "a71200518fb157fc1fad7eda0a1e99ac591b3344000bad3720984bb06c868f79", "front_left_swept_spoke_core.007": "65aec4a846844f12be661ca1bf3a23cf77259b47a3d521bb85400cf90e8d2f1c", "front_left_swept_spoke_core.008": "c512508ed3494c1b432e8dc17af9870b7dd942db7e4744c7e3f66217c1fcc969", "front_left_swept_spoke_core.009": "7d1e2629d075519210317943c54614ac74a1c081c811c812b84620b083234a1c", "front_left_swept_spoke_core.010": "db16499039df6e480897479eee7a42b8dac257aa44baf57da131efc5eff48de1", "front_left_swept_spoke_core.011": "87781da43eec54ed1d0ca3b5c3cac4c445112ec86f27478f189e317cb5b3e821", "front_left_swept_spoke_core.012": "fb5b86e8cdb1d1974d96f608eb5203c86d45a9af266968c51faa1a690dee1999", "front_left_swept_spoke_core.013": "b1dc99cc3ba21a6a3f2653c874c1d551836686ca7b6da371d448fbd7087f0a11", "front_left_swept_spoke_core.014": "bbae7a482a76fbfac23bbe1a4bc1867f28a1045b6e4fc7cfccd5e9c758ecb7df", "front_left_swept_spoke_core.015": "adaff9683c29bebc1f95946079d3613b6b335a5c875fd189be68c22b25bdacb7", "front_left_swept_spoke_core.016": "11247308d83beeca068133bb8d50747400f2060b1f6c784636b2ce7ba2d44ca0", "front_left_swept_spoke_core.017": "0649d0de8bd25e358989733e3dff83aa16e26c15a93584d98b6298cf9265e4d7", "front_left_swept_spoke_core.018": "4469cc7441b4246bdeabda45b2d585935392d85594618f210cfa6dfa952e112c", "front_left_swept_spoke_core.019": "6ca58643c91da63b4e00c39aae9b60971cf432b5d63f63793c3e338c174f5424", "front_left_tire": "a62264bf868e912d930f50f77bf82640984300f86abeee9986d91bd456495c54", "front_right_brake_disc": "e280f64f74b603ddef39eafcf2d5bb6c857715ebd8470d2b6c669e2a712c9ce1", "front_right_brake_disc.001": "ea6bbcd71dec13bf6ac739ae3e2b5bc8d79041cd2954e7adab5e062ef648c10d", "front_right_hub_recess": "58e11e16f636d2b73dc0ce3303a541695cdf3ff20fb7f52376b1e0d8822d17ad", "front_right_hub_recess.001": "cb0a85cb39beb13a1dbc80f5f763ec70b1e5a4d3b833dbf667256ee224d4a319", "front_right_lug_nut": "2fb8433c7079417c00ad85875777eb69f50a816b6ca116563d592517a9dea4cd", "front_right_lug_nut.001": "60b4b2333ba0ac1dfc619bb5bd9a00aa0acdbd7064f016f226652ca96dd5387c", "front_right_lug_nut.002": "ceadc491f8e439fc7d85d893fe705127087f80c386a5feb52650a9df9ecac6bc", "front_right_lug_nut.003": "5047bbe93a652dfa0661bdc3faa64e694168d5bb045ee0b39ea628bf3718a624", "front_right_lug_nut.004": "2f1c38364d7d607e394549342099121c6d29e1ecd5c9d479f8367ddf71855e8f", "front_right_lug_nut.005": "723f37ebf355bdf4ca31b5ebaeea9eaa279dd90bf2a7b86edab16026fa26f08c", "front_right_lug_nut.006": "dadbc6868b01b34b66dcff807e5828ac53b7ce3cb2dede0d7095c8154dc65b11", "front_right_lug_nut.007": "6d67de16affe419ecefe6bde203c0d82539cbd27f78d9d28ec2240c8c7246f9b", "front_right_lug_nut.008": "157e9b81aad93dea3e10fbe4601e1d71a356ed05eb8cee775a7c5f2fa8a0d845", "front_right_lug_nut.009": "c410c3502fe23081acc035fc3cc009ea8c45365e59aacb5d42a7e945a11c3a81", "front_right_lug_well": "32bf6ee4d478c91e23a7e7e0a1132844eaea98201bda4591365afbb22cd403fe", "front_right_lug_well.001": "8d261e40cfc2cfbecddec215a4923dda9bc55697a8356509129e15d6f1277d30", "front_right_lug_well.002": "578d0206044c7890aaccbead779c94f1ec98c6ea24784c52a840cfb8eb704a11", "front_right_lug_well.003": "61bf8b3e190b9da7fd116446c906080f1f5c2b43f2a7cae21ede414075f9fe8f", "front_right_lug_well.004": "01169073e88302558560cfbbe862bdaebcee53a5ee27c41ba805062deaf4df1f", "front_right_lug_well.005": "8ea85d72ab4dfa557093d6c8529d21904846c9755ada2d25efe3d0f30b0150ca", "front_right_lug_well.006": "92d076346fbff24c7a0c73fc73fa507cae759ec488bfaad925b300b3ca214f80", "front_right_lug_well.007": "bad569908acd90f0835983693caba925b7d922b771754a2aea6dd2a8d91f68d0", "front_right_lug_well.008": "0c66c73b56326302f8f978ae4c479cd8487796d21247128f5ca46354210c5b00", "front_right_lug_well.009": "c1579cbe656ecfa1b3f4e028349d8f5a873cfb51a3b57f396933b1f9d4b336f1", "front_right_rim_barrel": "f9cb4fae64ec7bd7d8bda5470ee31a03a214bf7d5e7e649d64cc39613dd248ef", "front_right_rim_machined_channel": "045dc9a54a58ed04d685674c378741dfa85cdd8a9534ddefc1f029b372835390", "front_right_rim_machined_channel.001": "229eb1601eb17e77dae5ec9f0d8c0940326f2efc184c191d6d7b37f969eb6138", "front_right_shoulder_sipe": "21c1646d6e02c09baaaeff636717366fe14ce79d803179ca1d76e151d492e160", "front_right_shoulder_sipe.001": "2a6dcd40b0b7a891bbd1440d382b92e044bcd7665e88ccb1351c0f7fd77aedae", "front_right_shoulder_sipe.002": "b0fae71c079f0e838a9992bc4985d1587eae60fdfe898638f444bf0430469b6e", "front_right_shoulder_sipe.003": "40e74b554a0d119f4abf9c7366c13c6eeaed0ecdc8c2cc1198ccdca1ca632e81", "front_right_shoulder_sipe.004": "b2600de5ecd2812435edca29e88ce0d4e50d77e4d9bdcb44ce7aa4e6968ba612", "front_right_shoulder_sipe.005": "118b07a2fc8a267cd70b6d64fe51a07a73b79b039cb16d527da8f6942b9308f4", "front_right_shoulder_sipe.006": "f1f48b14d6d2faa7016a487beba5af4a6d85b0d7eeef7286ae27daea12317c1c", "front_right_shoulder_sipe.007": "906aaec3cd19fe83107aa3993a38c6b1927b458d1643cbcaf13fcb04d55957ac", "front_right_shoulder_sipe.008": "f697afe94273650861b12d23b995f11e75489350bc48feeb7e7b4614e2d773a7", "front_right_shoulder_sipe.009": "dcbf8ba5629578c98e39f7497031e24bb8c3e328c3ed86a4194ccef15be29528", "front_right_shoulder_sipe.010": "1bf5b402b2d8a6a585dc1b8c9ecafe94d96ceb5e358097c462b326459f2ea65b", "front_right_shoulder_sipe.011": "5e07051972facad36e010ab94fbcd346d522d9721dfad347fe306b2e22a670cd", "front_right_shoulder_sipe.012": "5b70e38f850ff24e1e533d35e044d3ac3fa44f1bb3c43d7d34f9d621e8ed0748", "front_right_shoulder_sipe.013": "cdced19d6da2316cc754e6bf60661574cd02b947ddc7b3c60cd28e35882b69dc", "front_right_shoulder_sipe.014": "db6475b51d2f42168fb66e08d7fcd76ff0bbdbebc39630918aea5a5027465ebe", "front_right_shoulder_sipe.015": "cf491ce45a1e21172da4631e0c16993d7d827cc1f9c11a772b9b10fc7b7ced9b", "front_right_shoulder_sipe.016": "3efc60288f57b4eaa3c5eb60c94d846479ade577d11456087fdcf0376d4738c5", "front_right_shoulder_sipe.017": "ff5977d1b4a7a47b469bf38ff77b695e5d4aa4cdf345992307e93b8ca180f9fb", "front_right_shoulder_sipe.018": "031c72e5b96c719751668a82bd578bb1efa23abe14fc604e76287e9bf88cdb2d", "front_right_shoulder_sipe.019": "8246a358e1ccf849dcb50158777f02b7d6a4e1d3a27efd0595746e7bad923091", "front_right_shoulder_sipe.020": "0f59abbe1e151fd926671c5781b9568a386fe09c7ae8ebb4afadb4f292363c7a", "front_right_shoulder_sipe.021": "fa336d619c87435d6c895e333e0939ca7aa13f522d6ae2cb89b280ca3d750bed", "front_right_shoulder_sipe.022": "e7ea6908413a86eeab48e94b7eea877aa95c46c14dfde1fe6f918034d9d8e708", "front_right_shoulder_sipe.023": "a4391b5fc679076c7e01b5107e29c0b0915ec54dee853a8c256c42360022f81a", "front_right_shoulder_sipe.024": "b5a19899b01d1beb2cb2b733fdd317e5bc7eea0ffdd85a1c9d988fc91c945048", "front_right_shoulder_sipe.025": "bbdb7e96f427b08f92786cf9e36526d15c0d7bb48ef5787a7066cba4657be5df", "front_right_shoulder_sipe.026": "a745ab773684dfd4677f40c57ceed722a2a9a430c064d8ab06e25abf6e90040b", "front_right_shoulder_sipe.027": "0c72bf085af66dc28b5a164340893c23779281f83bdb4e5158b856fa38f78577", "front_right_shoulder_sipe.028": "c51ae56b64f08a9acc499c5860edd6cae3130433cfed803c5baafd7c708a087b", "front_right_shoulder_sipe.029": "6ec0354190013ca4d84ccdb683be762617e9db8eb69c7640a9352f24f6e9a950", "front_right_shoulder_sipe.030": "2b6568a6b706616d8779947716afd9c9e2e91e7572848deaaddcb88d67253535", "front_right_shoulder_sipe.031": "a6b26ca464b1c2edd7f0e4e86e3e8339a28b2a98f71fb114248bfc4e04b80b00", "front_right_shoulder_sipe.032": "7266bcacc682471243bdb7763cc44cacd493aa6de3f02979ab6c0bffb61a9442", "front_right_shoulder_sipe.033": "7fd906ebf65879e74ed38cc2681f7630214b46ce272a3f5d2562b88b40f92349", "front_right_shoulder_sipe.034": "6c1f8e911ffdc6bce30c97e25fcf0bcce8837e036264eec3e4ae2f540c00547a", "front_right_shoulder_sipe.035": "1ec1d834b5a9892cb103caef2e679f01d6b018ec2d251a6966796a14e38afc7b", "front_right_shoulder_sipe.036": "c0b815bf843d8d9f66b23aaf2b9957ed417e88cfdd0f296a58a1a4cc683c8364", "front_right_shoulder_sipe.037": "4cf1d09e1bd15f411b8a869ac981d7e3e133ffee0ed906439cdc8e3670462e81", "front_right_shoulder_sipe.038": "c2334fedc0ca0b14b2781c38ceff57f6ce7a2fe6bbb57172f689e26ff15d7ba9", "front_right_shoulder_sipe.039": "321041c1ded1215cfc866b91b4f3347bf75046ca1ec556d763a013836f7237c6", "front_right_shoulder_sipe.040": "78fd6b6f358889686a32b316c1a1f3ed13e08b332fc459bce9f3ca60c707dd44", "front_right_shoulder_sipe.041": "b8b0b96317e0021f215f08099f4261aae8a1c042f100a0d7b5a7abf7b0863f02", "front_right_shoulder_sipe.042": "258def9b634f89b4f6dde8989ccdc77a9821b15fbf145c6c079ed23e3650a2d2", "front_right_shoulder_sipe.043": "47a41530cfab99ae159e4ba0d8550e608f0947de9453e2c88f893e010edf6358", "front_right_shoulder_sipe.044": "2f3760e90f0a6efc4f9f0ef79d72e83486a9928dbbedb300655648a7f757b939", "front_right_shoulder_sipe.045": "18c7fe19c863d8fd74c98448cd4c989a8c33a360b05943d3c66007288d633914", "front_right_shoulder_sipe.046": "d59aaaf771a350fc0eaf51b4e03e556f6295c56b754fa9293a06620b3b9ee802", "front_right_shoulder_sipe.047": "d0dae0d398159912bf71cdf68077c072b78ac07cf8ae9e6d22ae1a9c580d2b87", "front_right_shoulder_sipe.048": "37c3e25366a802c6b2b132b721b388fb4f3b070355552311e71c53d5e86966cb", "front_right_shoulder_sipe.049": "4e51b7eae27598d858d4e672e995311ca1741b4c17cde721cad7885462b0fbcf", "front_right_shoulder_sipe.050": "5b199df92403314c60493acf83d2e482bf3a2d91b7d8f589e574f4d08fa8d7c8", "front_right_shoulder_sipe.051": "b7b819198c1c2a29f6603b7aecb6dfeeaabcb0c9e28e9be9ab97fbfbba967467", "front_right_shoulder_sipe.052": "5819929afd31e432df55025a6d4d9ab846bbb15d57496c3964447cdde2d605c7", "front_right_shoulder_sipe.053": "54de87dce30991135b5eaf89e0d895e52c5bba5d03b87cc69f15b00cb189c78b", "front_right_shoulder_sipe.054": "5ba1e3023cc7d97858e6f3c0cd62e2e70832ddb9fb623b30a12c3de69ead1ea8", "front_right_shoulder_sipe.055": "8a737d3c6f6d7d87679a09286c1b49f25a9c9995fd88d393815154c39bca5b5f", "front_right_shoulder_sipe.056": "1670725b164cf23dc0a1ccf6819f8732a429da839cfd191d34cd0001d6d1e0ca", "front_right_shoulder_sipe.057": "cdb314c3b5be6b30df48210a96616401a85220293b941e9b7fca4b58221e5237", "front_right_shoulder_sipe.058": "207a0a368703320e75c339df2e5812380e57903f9e35dbea44c15ce11bcd87b9", "front_right_shoulder_sipe.059": "f27fdcf1542f61099a8ac039549b8399218285ce2231959643bb84c7b33608ee", "front_right_shoulder_sipe.060": "926990209bdc42a2b9973b5510a6fb51d49e9d88205a8b8217b1f6569e8d01b6", "front_right_shoulder_sipe.061": "a6e2894211545cb46b95220f7b6e139dcbaa3c86062615ebf35fea8023dd1754", "front_right_shoulder_sipe.062": "deac9be0290217423a9929607b39eb7a74c6853ca113c67920038858b2450ef7", "front_right_shoulder_sipe.063": "9ee5030555c3b720300ad533391062153a85e3dbaa18aa2a7e5846228845237a", "front_right_shoulder_sipe.064": "da569644bf837e3945e943809627ecc07059e97272887e008a716c0252cbbda4", "front_right_shoulder_sipe.065": "5dbce39f971970b9b8dc0bf837d6f57f9a1ebc1fea5f1fd58322a20ebd46e64a", "front_right_shoulder_sipe.066": "7014e6c494dc530f30d883937f171c5198cc746b5615ff621e336ddbc400d62b", "front_right_shoulder_sipe.067": "43caab2a78499a5961c53e0ed6cd5d3a2b6daaf922dac0e3b37d4f3daedf2ce0", "front_right_shoulder_sipe.068": "00d0fb9f95ce3056a1eed26bb6ea7fd31ae676407964757c4a50748f49d7a5c7", "front_right_shoulder_sipe.069": "61f5d323f6b16f0ff7100fe38b51279625595d8cd0494fc5551d587fa53a58ef", "front_right_shoulder_sipe.070": "3ec8267ddc0699405e80cc46b90c00aaa47f709a7460d8fa96c28875b55af69e", "front_right_shoulder_sipe.071": "5050cd7ef250e9dfb1a8145d8c4f2c0a0b1beaf2279e18bc3ded8a157e565739", "front_right_shoulder_sipe.072": "8fa8e9cc1f9839a13f7d3b1c4017380bbe2691f22a2f35db6495cfab4510475b", "front_right_shoulder_sipe.073": "1e758e4218a11a358bd997dafb8c8190cb5db856e4a9b53028ad1abe1f46ecf1", "front_right_shoulder_sipe.074": "29fdab47c6dcbfb8eff5fef3173a8d41ef723b8d537616dc918da67089304a8f", "front_right_shoulder_sipe.075": "9d784bd70de5a26e7fc0576f4f1ca1c8409f01aa41024ba96a6976aa94d01101", "front_right_shoulder_sipe.076": "8eaa82eef180ea9390c33e35041dab655e5871fd96ad8adaff2240262fc8d577", "front_right_shoulder_sipe.077": "1b32b502831deccd3d37be12e52e319950c73d09aed43302011c180548c1efaf", "front_right_shoulder_sipe.078": "6970c8471f5e40206b1f7489848cb2f5fb957dc0ea074cfe561ee47c324da110", "front_right_shoulder_sipe.079": "a584e917933d5a203abb180ca205d9f8797cfa1ebed4b7520f261c62783a178b", "front_right_stationary_caliper": "3246eafce70cb09087ab6defb084768c4f8bf99d3278481c9939c29d6a2d0602", "front_right_swept_machined_face": "9c9f546830f597a3443c57eadc59cfe2f323c9d5f3ecd60586e6895878b06ad8", "front_right_swept_machined_face.001": "86d2ee5e27062d96c31410617414244b8da1b7af4af87aae456a148a200495f7", "front_right_swept_machined_face.002": "24662eaf68d0a5143d2832a258e52bbebd43854442de01b575edc65877de0af1", "front_right_swept_machined_face.003": "3814319aaf2e0f3e9d6dfedcef5ebd1df7db06bf1ae42f5b5d7ce75643b9bc3c", "front_right_swept_machined_face.004": "e710fc555840ea441bbb50562c25f502c796ce8f762abdb1db40c5610b11c60e", "front_right_swept_machined_face.005": "517323203798271beed64cfa35bc48795b2cd560a46d237710c3fd686d40ac38", "front_right_swept_machined_face.006": "f975f54e1c4742c14668af53652368cc0e2857e7d406d3b0ece5c9f05cdff2c3", "front_right_swept_machined_face.007": "a8f5f6fb6156f10736ce13f45da38839e0d8af0074631c0d185493adb8091edf", "front_right_swept_machined_face.008": "a899eccaba70b20dc2c6bc4f85974f8f804ea9ebc17c53f7bf14f1c381b1febb", "front_right_swept_machined_face.009": "d5f408a1fea68db4d3c05b0be2da5a0c4dc34c424d56ac35d8e3c624a3abbf42", "front_right_swept_machined_face.010": "9372444adc210ab2461df170584c035ac7e8cbbed6ac3f83c82db1e4745b7356", "front_right_swept_machined_face.011": "45d75961da17e51b37b0e119da8200122727a987873c6acabca6795cfdc6d8ad", "front_right_swept_machined_face.012": "b1669a11409c7eccb887b9eb97c3506ab37ccc2fb4b5a6cbac4c21f010910eb5", "front_right_swept_machined_face.013": "2be1450d5c8c209db73ae561441a65c10ece239f6cc4e5ea122d17a2c9c9a1d0", "front_right_swept_machined_face.014": "39e685f4186447f9348a7479f0e9841821f85728ff0b6b3221da3155495d2571", "front_right_swept_machined_face.015": "c59d04c86381b77049cdd54e8d7db300a7f980689c8e0f6900493965a5509ba6", "front_right_swept_machined_face.016": "f5b2dd839b208787ff2f8d0483e27c18476b6f13c85a1951c74a050287fd146d", "front_right_swept_machined_face.017": "00a248c1a36618988fa891868e2982f7b0945385e219721f34aae3db315f017b", "front_right_swept_machined_face.018": "db4a592f3c8fcaf05e9ca6dac70c466bea46126cb95b76da850973b2184b498f", "front_right_swept_machined_face.019": "45b043c3d3c710aada00766badb67c0594489b7ce17bef2718119b6f132a1bb5", "front_right_swept_spoke_core": "be5e493465534f9467fd950fccf2d2f18cffdc3292e8af46e532855f7f55bfa4", "front_right_swept_spoke_core.001": "6e38a081bb6961be1ce11a39ba38db9e8aeb306c5e834c600a061fdc332b63c9", "front_right_swept_spoke_core.002": "cfd632badc1b36b9e6aa08a754e3d7595860a76ea2b80f8419393e6ac51e6f25", "front_right_swept_spoke_core.003": "8988a4f1d2a003ecbf9a422a5f5d876450ac1c3aec09eb3849fb68bb263552aa", "front_right_swept_spoke_core.004": "0dc1e917798c412bba843de581cfe1ac25f645525c006fb582d436d649a275c6", "front_right_swept_spoke_core.005": "71240d88becb5c843a2d8ac36da349a45b56f3c962b5a30b5995b2683bd20603", "front_right_swept_spoke_core.006": "e9f254e97a985ade68dabe00909bff96eee027c299cc3d6d2be6ac79373a72f1", "front_right_swept_spoke_core.007": "03c04de4956ca29b0565dcc5d490ceefa96ea5c9534769ac05fcf982eaf72f0a", "front_right_swept_spoke_core.008": "7131c1702484d7c4af0a8407bf780985eda18d24ef03cd87a67b8a09ab156030", "front_right_swept_spoke_core.009": "f8e3fa3ee17e3abbae3c3f66fa1b94fba6f006952e8053ee311c35dff8ebb234", "front_right_swept_spoke_core.010": "509d2db5e5ed3adb30fa4aefb54cac9e81d2879e94637843482c0e4012458fb9", "front_right_swept_spoke_core.011": "c9c4ada24d7b0565d2e24bc42c8beb5c973a3f3792483548a9d8d903b6ca16b7", "front_right_swept_spoke_core.012": "a0bff19612555a84e915b5e351be9adeaf2791a469bd791227c3abb5da51f977", "front_right_swept_spoke_core.013": "7c20017d499b91463849753e142ecf24d9c510b42ba0ac12f8fd8699e5fa52cb", "front_right_swept_spoke_core.014": "0488939020d5186bac1b49686c7377c0c82743ac40b68abb854f3ec2173bd9f8", "front_right_swept_spoke_core.015": "c6e8017ef21eee73fce1e7fd12873ecc56c020c2d4cddd93d5efed2eeccdbcc1", "front_right_swept_spoke_core.016": "89ba45ad96562e0c273011cf2d1d5a5528b883614584f52e5f43687b1da8411b", "front_right_swept_spoke_core.017": "07c78abb507d95379e24cc51ebb975deaeb68abbf541fc48163e1312c2c244ea", "front_right_swept_spoke_core.018": "88b9f69911d24b46f44b2cfaddd7faedcfe1c41614b54f647eb773b31e34e35c", "front_right_swept_spoke_core.019": "7f842a6bd1fad501c78a430fe1b66ee6fb553227d2305e5b8ee1d54b3e70c845", "front_right_tire": "a62264bf868e912d930f50f77bf82640984300f86abeee9986d91bd456495c54", "front_spring_left": "802930bd774177cc3dd8498d42bfb36855ae5c92721d786f76353e05ea189847", "front_spring_right": "7b2531bf7d98bfaf706ab8a3365ff821db77db9bc6437d4437c3b98ed97dd603", "hood_crown_left": "ae570863bc3f19849d4c587df25da500bfda3bf1452f201381416b90427425a5", "hood_crown_right": "49a8701670950b07acbf20e785f93896258e78be3bad771f41a612e937038d94", "hood_inlet_dark_throat": "c700918593af96e5ba4b2736ba7393605f14cf5f2dd5f47707009d5585c6a4bf", "hood_inlet_lower_return": "e4499deaedaefcaa6be196087fe64a412d6614c093234b2f807ecc696804c51a", "hood_inlet_roof": "714b84371ecf775e58587745cfa0b36d352f096cc8bb346545f18e75834504d3", "hood_inlet_shoulder_left": "d889356ac098f939b3f470f23c27191018b6951da1733b035dff0fb5d5aaedbe", "hood_inlet_shoulder_right": "d57918eb64a2e46877a108bb768cd5afa7977ec5b89939745ab50613e6130c73", "hoop_rear_brace_driver": "787436c13a22330b6d3b833da38743f5f88635dc0f02e21e31d4a3bfe01e8330", "hoop_rear_brace_driver.001": "787436c13a22330b6d3b833da38743f5f88635dc0f02e21e31d4a3bfe01e8330", "hoop_rear_brace_passenger": "787436c13a22330b6d3b833da38743f5f88635dc0f02e21e31d4a3bfe01e8330", "hoop_rear_brace_passenger.001": "787436c13a22330b6d3b833da38743f5f88635dc0f02e21e31d4a3bfe01e8330", "inner_wheelhouse_left": "7b1d5278f8232222eccca5b1844a8ab367971418e12724d32bb0598df019b903", "inner_wheelhouse_right": "e9a6aa5ebbe8f69f8bef078998e524ac3a32c2c58d2b9146a084b9e8125b84f1", "instrument_lens": "db5a4c395f423288be6e7c50fa3952c789c0f50fa08504112d5a662aa4427683", "instrument_ring": "157ec2161a3ea7fd8699910b9ad1941aa45fcec8670a453273fdec80a9214ea9", "instrument_ring.001": "2140cd7abc0a70dffa78f3e7a5c2ba99450c4e23a35b113a37e7d3a54eac48cc", "lamp_bezel_lights_head_diagonal_left": "c2d1a8855785bc670c5b22d6c4a32238fabea492d79192e5fe31cc3abd41983f", "lamp_bezel_lights_head_diagonal_right": "73afaf3e9917b4cc42c90ccb3263368dbaaf6bc00e7b2f35d42ca76b7e4608fa", "lamp_bezel_open_rim_lights_head_center": "70e9eb65769f020bc85bf9abe804c88ce5e9a8bd98f9f4bda5263f4fac4f3bc4", "lamp_bezel_open_rim_lights_head_upper_left": "7d229b2ba6492fde261f7929f12bd197413fc2354d77c7248822b119c7e1ae28", "lamp_bezel_open_rim_lights_head_upper_right": "5a9f07c7932c533a40707952735d21f2d80d028146ca546e5f467a3e676fbc70", "lamp_recess_left": "f459e90627ce704a5b64c28d9db5dfc2e867fbb125264094cab7f02c105df91c", "lamp_recess_right": "1801f4b897becdd7c09edeaad39f14305b795c0d421374223ae7c2490c2a2d78", "lights_brake_left": "957664ca9bcb1628091b7589225fd49e3d3e958ed379f51f8ab6191e80e85647", "lights_brake_right": "03c02515adee03c05b40b0d4fa6951e082fd82065a44a6ba9e4a0ddd323325c8", "lights_head_center": "2f56004257f82165acf4ba62588339446b6b374953fa071aa582dab5114d2a25", "lights_head_center_clear_cover": "4358d498e309f82ed2656ce815cac9535bb4496bbf0f99aadd066f3fc08384b9", "lights_head_center_projector_eye": "677eab541330f33065c6e18cdf905494db0c2f61cceaebbd2f6ddcb851251a7d", "lights_head_center_projector_eye.001": "f80c770ca43f883cc3ef1f7fefc1a775d789d38651bc0bc2a1b420a8589eee66", "lights_head_center_projector_eye.002": "4f56c0db2caf19566a3bf44f305a6e3ed7a2eb6aceaed35e1704a826cb9ecbe9", "lights_head_center_projector_eye.003": "aeeb84416f5b52d1e9ee332347d34ae92e4cd3612b600d58dc8e1e41cfb024cf", "lights_head_center_projector_eye.004": "0ba80bf9613f51359ae1175bfe7f048a55b30b4926e5b9cb70753c30d7147bd3", "lights_head_center_reflector_cell": "b90bf126cf37b13f94c5fb25d03749ffd0218866c26481c8248ba4ca4c9c4f00", "lights_head_center_reflector_cell.001": "fb8c4bd35b3cca9f2ecb6d9e455123ab2e7f8a7fc06182c40ff82533c151b6fe", "lights_head_center_reflector_cell.002": "21ed4ef23cbc03fab278a17d9d4db90a2e2b8ad912e3dfd76550e7b9ac4d9dd7", "lights_head_center_reflector_cell.003": "a4b5dc1f320b6de8850cc98d02cd2d3efcaa3032d19155139761d429abd25122", "lights_head_center_reflector_cell.004": "5622310f5d06fe8ca7076b5db7b53120b27c726af0fbf3929a34fc76c7b69841", "lights_head_diagonal_left": "298561eb89cddccbb7198c618937670169da8dbdc48c5f877214359a9fca2c4e", "lights_head_diagonal_right": "47981b201a9eab46135138e5d05dac2a5a8817a3fb18a06ff118c7dc4084c48a", "lights_head_upper_left": "21ff8c289b450a808c1df4d18c6dc660fa0ddeec1e0021725cb6ed591ededc79", "lights_head_upper_left_clear_cover": "807a942c18d85a1717fcbd0b4f10208a5be312009880c5e454840d24d986a999", "lights_head_upper_left_projector_eye": "b8b2a998343250339041c5d7959fbf1dc0afd5d7f6b76e0ad2ca2bb9e35480ed", "lights_head_upper_left_projector_eye.001": "4b61d3d4213c21c2da48dd9fe5423205c25aab5acd7b45ae8fdf158e1c873048", "lights_head_upper_left_projector_eye.002": "a5acaaa1a88a26790e8bc954fc2e5936e9bcaf7a6cd6a128e767c2b4e95ef477", "lights_head_upper_left_projector_eye.003": "c47f29dbd4beaeb689afd742730a009711031d3f0ae5def9cd59f35eaf4c3cfe", "lights_head_upper_left_reflector_cell": "74390ea02f337b3e1565f8bbe7d7a4c6293805a94ac1cbcfc41737dc02343a82", "lights_head_upper_left_reflector_cell.001": "80e45e12c4632c3a859268e8830a578d50c9664972ae9521304e938288bc7318", "lights_head_upper_left_reflector_cell.002": "3b5bfc22cde314550f0ee9dbcb29bc567138926e63d124ed0432461c679ad9f3", "lights_head_upper_left_reflector_cell.003": "73c71e35256da7283d13b1f7bea7cf73e431ef80211c4abd873d3fa829a578d4", "lights_head_upper_right": "bc343dd87d733442b235d73e5d3ccc8846a44424eed2ffced2996002c371a5e5", "lights_head_upper_right_clear_cover": "7941e2d55566844f2b132d4f0e2858f05bde39746cfb599812b94c003c5432d6", "lights_head_upper_right_projector_eye": "e72e9ca6c12533fa2ebdc7201d40d35028a4a9112651b03e0b207634d763f8f9", "lights_head_upper_right_projector_eye.001": "75b6021ada08bc4fa55843c7f02bfb5520246ddde30ab6d3f089de0e1b69cf4a", "lights_head_upper_right_projector_eye.002": "75badcabed60371916bd5f678ea82273f2308bf077160531d023c22fc88ee9fe", "lights_head_upper_right_projector_eye.003": "a60cf225654bd0847861180da8a008bf8006e528d5a477131eb4ad1155f9d8e3", "lights_head_upper_right_reflector_cell": "057c9d87bf903d06fa3ef9899e69dc63ed586e5ec8ff10228317fb6148137702", "lights_head_upper_right_reflector_cell.001": "58f008754a911d4060effc46177e29148597ac07d8b1aad335b4b4b3bab21db6", "lights_head_upper_right_reflector_cell.002": "ea0b386b83147960989d8b97754f83bd334e7a22172bd4989cc7184a1b72ec5c", "lights_head_upper_right_reflector_cell.003": "d5d9f877328b406edbc5eef0c956283c7a2979a2c3b44a043c6ce2217c304b90", "lights_signals_left": "828ae73e486f5e8633201c0cb0444cb317d90949f93d92df8dad5c5e9d2d94b5", "lights_signals_left_clear_cover": "a50afe660acbdf88218e566aa828a675bcfbd28beb865957c67419366b60a39f", "lights_signals_left_reflector_cell": "eccc65fc093f72551c50d2c3a98d25c7c2cf290c7a4bf2479f7630aada250b23", "lights_signals_left_reflector_cell.001": "d7ef28fb9a9abff5118a064b3f9d528cce8f8c47b7dee17adb7485d45de01e4a", "lights_signals_left_reflector_cell.002": "17cfe11a009c79e8d7439f98a1939bfdf215956a318dab23d27d68f42e620d9e", "lights_signals_left_reflector_cell.003": "7679d65222d16ba348aadea90911a9e5fbd13e110c8f168a4f6a53c3bab6be24", "lights_signals_left_reflector_cell.004": "9f6118c4828923eac41e96973428b489875eefc8e72d1dfcf855018293ac9521", "lights_signals_right": "d24c6826c94667268bd53f2e18741da5a7205eba98eaaca34a847dde75504c47", "lights_signals_right_clear_cover": "3ccc8b2329386301d44d6ab379ab4f9996ce795e10d5ec84fac5df4d118944b9", "lights_signals_right_reflector_cell": "da50eabc7a7cb0f32d3988997d8734ef5bf834347766c84e4c6924ee0bbf8630", "lights_signals_right_reflector_cell.001": "0bf22c000fd7aafb7d1d93b8954db8d2e9ff203b3494071cf2c465f72bd0476a", "lights_signals_right_reflector_cell.002": "606ec12aaf6c4832fd2fd908656a3d9ff5cab1a3f31298867fb413c8ce28cd3c", "lights_signals_right_reflector_cell.003": "e7056021db4f1760519520a52faec05f0c5d562974e039666be6035918e25a98", "lights_signals_right_reflector_cell.004": "001093e5e52f0f1eb81721736b61d304f97d7ffe1a8db8dbe3eba1a8dafe0fac", "lower_vent_left": "37f0bd6c79dc3fbe440e69b7e23d9a78e0873a4399a3a43732fa3ea32ef40947", "lower_vent_right": "c92b6f802e25199afa9d9e86bd4829c26b321d521c5b98c8e1d628f3c17b2a35", "mirror_driver": "199f17bb09eb20b5b8aa61c2bc699355d7d3117de0ae3531c975aa40baf53652", "mirror_glass_driver": "013da9c489ad16c46381e63e5850f4f95ff7ba5ed1f001b3219f4731be79c987", "mirror_glass_passenger": "49d077e17eba9b6ae164d4ffc1bf3bdf22cce78fda378734c2effd24416219d9", "mirror_passenger": "9f36702f553ddf4b6ef43ea33806afdb5bc80cc952aa18d15d7c684d4e80606e", "mirror_stalk_driver": "cb5bc8fedb422352838da9fbe7e4007295e6c5ed81416a27010b90a622414686", "mirror_stalk_passenger": "b381bcd337c43973bc0678674e65cad2f7c7e17da6b822ece22bed7150b5a88a", "P03A1_AutoDrive_key": "59805f4b809642da17e73dd257932efc485623c6a7f14ed12ea750f98d0266cf", "P03A1_AutoDrive_key.001": "07fdab31265edbf9c9418ef28e2cb423326fa6095dd1d0774b9e64093c707269", "P03A1_AutoDrive_key.002": "444794d429397b3a3f89d3be09bffe928511f9036aec53e15c4d886ca8807c78", "P03A1_AutoDrive_key.003": "de093023dc716cb98459689a6717f8907ee4a142a0c17d0b0a2df0aea2d8abee", "P03A1_AutoDrive_label_D": "7711a55a311a00b7efa2215ee06860ad8c5976a1995dd2e2cd4a2533f5696757", "P03A1_AutoDrive_label_M": "a5a42745ea18db74084b7067d0a3c2180b39dc37fb7091247933b214f848ffaa", "P03A1_AutoDrive_label_N": "ab83dcb82254deeec31b1cec12baa431a364bc4ef54f394c2cbc6bc935e5e78c", "P03A1_AutoDrive_label_R": "4c9467daf6ebcbbe17ec0c1ecbfcead48b0615cba40838c12d28c3bf5dc15933", "P03A1_AutoDrive_pod": "923ba836317f290666a7b27e26c8a71ba4c12c5f5256bab58f9c8ebd12ae2a5b", "P03A1_center_lamp_back": "a8513225429af435a099064a69d648642a75d0fd77bf08dfbf55f4a1759c119f", "P03A1_center_lamp_surround": "a80f40907058f1a40ef837a55e3cca0e7930b918176642c3627a5b8872b7f1fe", "P03A1_centerstack_surround": "1bdd161820cac16cb3fe0e8b641ebcd859d0ec09a34bb0f57ccbeb3eea7f325a", "P03A1_cheek_to_lower_return_left": "00f03bbdc7d3f8b106b333dfc9658bd31290de97e3a724d29f4aa18ad8a78015", "P03A1_cheek_to_lower_return_right": "e3af2b468361aa883bc4d3d22e10f5807b68a8bd553fa8f57952d1a2d32c3743", "P03A1_grille_inset_slat": "8eb42ebe287a677dbe91151b170169c7558da009a9eeac282787c916b2be2294", "P03A1_grille_inset_slat.001": "ba59354ae9b2cf1dfeab8a36243479f101239a51cf9a2d483afd20d60aa52fb3", "P03A1_grille_inset_slat.002": "03faea9f073229900e0242367734ac9114c33ef808e3ff5e7a6585255d21c982", "P03A1_grille_inset_slat.003": "2b341d6ff510263271036806e6541159fca3e92a21281674235180fa77fc1769", "P03A1_grille_inset_slat.004": "c6803a3ca72a751224d013cdbbd67f93807e5196276ffca37f9dd62c458e6aaa", "P03A1_grille_inset_slat.005": "da1bfcce45ae9148b8109210e45d4a9d56ef82cf31830d949f8133b1f8fb3307", "P03A1_grille_recess_back": "2925479c8b14b8ac0eb1cffe9cf41bf693bb32c4809c92f3642b8de333a0a524", "P03A1_instrument_hood": "8868fcc129756e6657fa2458d84dff4db42852b60029bf8500adb886aa9dd825", "P03A1_instrument_hood_side": "c6b42771740c7a820b0b6e23b341f0662d8c2f0fb9a9deb8da7bdb1d170211a3", "P03A1_instrument_hood_side.001": "79e45c97220a88c40c7dccabe3d5390d154272ffb0c88be60895197b3e08cd09", "P03A1_lower_vent_socket_left": "5b493d712e308d46bd2b2ea5c244cbfa47e34d2537100d77f1e7dd7555066d46", "P03A1_lower_vent_socket_right": "b1a7e542f48daf17f93e0d690b2d1bdc31ccdbfba4511b4a6a2172e9c2c44cc2", "P03A1_padded_bolster_driver": "7b12c09c732b5e2a20859044bd276be59ad5953ad98f12d4b7199c353879213b", "P03A1_padded_bolster_driver.001": "aec1b7e80f876c94e466bfd8396144ba0ec1d9d1e597ddae3f2875ccb78d2b72", "P03A1_padded_bolster_passenger": "1de8fa3b5732ed191035eab44bf8c400581c6f615300b074d96d179383e7e4d7", "P03A1_padded_bolster_passenger.001": "489074be0397ab5e6f859743462144ca6bbe95cc43e912531ca2fbc788abfe2e", "P03A1_splitter_molded_blade": "791195f7782af4595284f27fe3f2f5372a250377420523d65d12fcf503a0c809", "P03A1_steering_D_grip": "e0409362b75a100ba9371c1116bb2469ff49bf70740deee499ec9bb547bac406", "P03A1_steering_paddle": "f45254e78d3c587b30a09e834d5737999de1cedf010d1aa988f99acf1824346b", "P03A1_steering_paddle.001": "e925355a8f1fc8ef07b778b3d4130f4621f3b20df67c0de55b9732c1cf2a6959", "P03A1_steering_polygon_hub": "3038ba4cfe6109690ffcc8a037197e1261ee3d2b475db6d061b2d13fb07b0ad4", "P03A1_steering_static_switch": "df9434b0b2808c4b2849e3cb691bd6e67997478d209799f19642403a460c00ed", "P03A1_steering_static_switch.001": "f3bdac237410b02447ce8cd1b1156000b96762580196d1d0f980acf70db8b7d6", "P03A1_steering_static_switch.002": "b474c909e2a64ef5b265e29f6c8c2466699165a1ed70ae1e2cec7ae7c0f7fd7a", "P03A1_steering_static_switch.003": "3af6826f05936c09268945b169f3ad3edc7a60958f3352db4e247524973c0c63", "P03A1_steering_static_switch.004": "a6acef674805f4a74ef97eea3cca48cad78156edda78e32baf881067cde6b4e2", "P03A1_steering_static_switch.005": "5dae4e345fb3661eb538a5a4fd3b97c44507e24c274dacd3611754461e804e30", "P03A1_steering_swept_spoke": "524e22c823e65a70dc43b16dfc735b3a19b3a47fd8735dd34d182af2610ede99", "P03A1_steering_swept_spoke.001": "4b65c12b5c989b0268e6f267e7e0119efe6d6db60977c4b6b55a90b5303ade2b", "P03A1_steering_switch_pod": "41663e5ad4e9eab547978a3715131e44afa888541dd517198de57d58c16c0dcf", "P03A1_steering_switch_pod.001": "7cbdab09e9de0d8abeed2a60ebd69ccf1eb56a979fbc66a268e630f7f43a107d", "P03A1_upholstered_back_driver": "6a17549bfa9c0c5487ba66b520df6aa673fd9cb62b378d2d05bc9e0292142350", "P03A1_upholstered_back_passenger": "b455374db97c479ac2a9805dfad79097c380d378fd137910388be6c591bc186d", "P03A1_upholstered_lumbar_driver": "2c15bc4db6a3703b24c17414bfb286092e17bb02be7d557b251e3028bad6a38e", "P03A1_upholstered_lumbar_passenger": "97d8aa1a59150a94cd9d238d16b9a1e6d0c217833b7727ff8c8692311741efb8", "P03A1_upholstered_squab_driver": "c02833516d1b93c842f7a467d05c440bda52770e90ca5d9b9d0dabcd60719a06", "P03A1_upholstered_squab_passenger": "9ae59dc9e37f9b27747b5d40233ce532e9848b65e02e987d1808fef4141338c9", "P03A1_upper_light_socket_left": "71c3471592428e66c7e9d7b8c9b8193b53b5fc4e09ee8cdf2fb0594b1dc98053", "P03A1_upper_light_socket_right": "4a0c41f5d87b93c56567cf545f3a5e8b56591e2dbc7e4bf3119c5ac90d948be8", "P03A2_left_brow_boundary_master": "9ce30f66bad63b54a811df3c9c98f1c6b481e47db07f0107e15cf3da5c6af923", "P03A2_right_brow_boundary_master": "32ea01dace8722aa2ad3e5201684fe1a028c6129536d90e841ebc07ac9dcc73f", "rear_axle": "5549d5a64ef8a63bbdac170896f8220322d38d37859cc48896b5a23ab7c2f95b", "rear_brake_disc": "864b0ea2d99779904a8a8dde5cf182a158419de492bd77439f6a52a2404c57a0", "rear_brake_disc.001": "1797d3dbd8cf5e79d782710f3e32d65feda4d6845b6b268fae254e5c71821f00", "rear_center_fin_housing": "42541f2e92b940959077b89e5e85615319b1e6c4de170c860ed4232664219759", "rear_coil": "d97ac5413041ff603997f91fef199041f629163e752d9b7effcd026ff9f39c80", "rear_deck_continuous": "73003c36ddbfe1e9dd52389e6e274329efd52e5541e6ffa56a630da2926b1a26", "rear_firewall": "bfb52a00c673e09db6e85405dc8486eb9082a406d9ff8c1a50b20af714b93323", "rear_hub_recess": "274bd80c5494410321dbca8190ecc4528ddecd9db1dc1de6d2c47a680e161989", "rear_hub_recess.001": "45df558b621724e4f67d1914e9599b14b6a5dbc3f4fb8878f5d00e786f1fc615", "rear_lug_nut": "340a1cd15e2239c6749768a6718c45ee1b432e9d2ed5d224af4667895ce61710", "rear_lug_nut.001": "90b4b84e7c29c4bd9013b4353e82233a6f086e47d3ea31cc2adbf1644eabe100", "rear_lug_nut.002": "8e9f8d45bd52e38b51d5cf207765e590869a3335d1f5a435615e66eee35c346f", "rear_lug_nut.003": "0431ce22492354e860a1b76a4edc6e2b4d40792c8bc6bf48dccdf9fb0fb8bf96", "rear_lug_nut.004": "157a5537f0907d0aaa7be5a0c1f181f5ec4e5b78ce04e78fe538052e715de838", "rear_lug_nut.005": "3ab75a9a6cdac234442e4685f8d64de7449dc2ff59315c0f5ae40cbab477bb96", "rear_lug_nut.006": "7f91673d390764ad4e9fb7f8bb0bec91b5e3fac8545bfc585bc11d9d38a7f28b", "rear_lug_nut.007": "793ec86805990b2aaae633f581f8cbab674bd7b090bfdb8aaddd3197e8fbc48b", "rear_lug_nut.008": "62e5a2ecd440e2158a2a142fc2283b511aaef521b61a9f491b1d0b78ea17dfef", "rear_lug_nut.009": "b2e69bd3fb8bd6d022d1cb85a283ae44dc42ebd857113c004cba9603172f15a0", "rear_lug_well": "42619b9bfbb99f6665e44420944fd855eb7f8e50fe0dbeb38b6ea525df1d88cd", "rear_lug_well.001": "3cd216440cab6e4b9ec75466da9b4ce7484022c9dec1b11eb666372b9a5f77e5", "rear_lug_well.002": "3cc431525022d9ba5d01633740583b5a3402f3906b8ad138bc534eb20ea7a4db", "rear_lug_well.003": "83ca43237571510ddfc4351f9f15c54669cac07dd8bed3bea1e7f290b4a637ee", "rear_lug_well.004": "2092b70af6b29910d1a45d2cc5bcbd35b250f7aa95e3dbf7ed107a1fcd95410b", "rear_lug_well.005": "fb1748de7c00c1d033acac44b890f32ebb14178d73421d197a81f08141a52261", "rear_lug_well.006": "3f813bf16bf63000df6c2cf65f5ee12dd2d8790955db1405865318e5a1ba7280", "rear_lug_well.007": "8a405b870c1a63c5b53b5c9522e118b478d735fe07c781f6e258d7bf1737efe9", "rear_lug_well.008": "3669ec881b93ec576c7807366b3acf305fa9305d065cd8c0a2233c17c23602d5", "rear_lug_well.009": "bf6a9cae1a20cbb979eee20acc126013b2338a6aab39ea3bb2322879f1cedcc2", "rear_rim_barrel": "4920b412cef4657d2742b11e7d38010b6fb00f30ddd5aec2175b32d0cc881596", "rear_rim_machined_channel": "8118ae8701f1957c5aae194381bfb7f47e9d934f2e9f9037df12893e7258d559", "rear_rim_machined_channel.001": "73d3e41a12381402eca6447f3b35a772fb269f1d73106873bb0ca18a7f9c238f", "rear_shock": "4335d5cf42845907479f4aca389324b27f6a64a057da93d569c9b566b7e85feb", "rear_shoulder_sipe": "00e410ad848331eb7853ccd2c93b52fdefb941c976103c566d0c96f72540b07d", "rear_shoulder_sipe.001": "cc2dc3701ccc9c4807f4e7dda73701472b33bfe069830eb8adf359d23f9a171f", "rear_shoulder_sipe.002": "111934e718cf473e31a2840fe2751f5f73a8b7c142c071c9839e71d99c4f2ae8", "rear_shoulder_sipe.003": "0513e19d4b5479408774ffef7c0e3f97f513534f2adda4daaf1589b8dab0121f", "rear_shoulder_sipe.004": "65f0de0e5b4d4dc34a0d7b906edc2d56c3e1e3e75db0a8bb839744100e8a0818", "rear_shoulder_sipe.005": "149928cabbb6d3c3cc6284e4018a6bebcfd611bf1e754f88fb5bc601fd48332b", "rear_shoulder_sipe.006": "c04b29c8afd5a4827a9c9521d2ce80a175f84bfa90cd403c1f58bb76f13be625", "rear_shoulder_sipe.007": "466ae1053d78a46f209f486e75fbcfc4e36a8a5ae727be4d95f98d8bda3cace3", "rear_shoulder_sipe.008": "229fbbb0ab2be236c56d6aa6fc99f788a31c97b7c53ee1e188c89c3d433c9f30", "rear_shoulder_sipe.009": "b71e84705ea3352da335fa47c75d20b2227d7d9a64c791f9b4777487288aab42", "rear_shoulder_sipe.010": "c3b6f3598f71614649e6ec02ae66603061f53a4465729634c9799c59b118e37e", "rear_shoulder_sipe.011": "725becb7c2e65d8b4acf53c4e05bdaa90f6723fa287562fca192413cf7182964", "rear_shoulder_sipe.012": "8e149dcfda88c269e0804887fbf2e86d29320e8d2444699124d8702e9e8fdaef", "rear_shoulder_sipe.013": "4b6f33253e1b564a11f66a4c1a6f0117b1efd6bf1ab420f56dbcb3bf7cef403c", "rear_shoulder_sipe.014": "d843e1a7e0d820baf87a5118bb759a4474a30949314b7148e93f7249c9cb8eeb", "rear_shoulder_sipe.015": "b251a36118c2eb451f52785624fefa09d17814e268894eb14c75533eec8adfa4", "rear_shoulder_sipe.016": "066a25f892720fe566285fb51fd8952258035cce99c7914bafc214be6ca81029", "rear_shoulder_sipe.017": "e27a94c0efb5d450836972ced694aaa8ad6ece1da541d5081a41da79614642f5", "rear_shoulder_sipe.018": "597440215a28b2e64f7ed490dcdfc02280038b5c17d59af9edfce9b100584d33", "rear_shoulder_sipe.019": "34b0e544b57f4648308197bbc628fa410000c534f380ebc3eae7db8ffed9be3c", "rear_shoulder_sipe.020": "029014723881facae4a9715894a85f187b6cc2fa18a4dcda6c2190314170dd88", "rear_shoulder_sipe.021": "1006c71583aa935ed83569a4289b9204d90c31aaf88dc84a76b579de17dc35f5", "rear_shoulder_sipe.022": "70bdcf283fac4a96aaa4f02820bf5d26769fe13df9b5b5449092b69d74e7711a", "rear_shoulder_sipe.023": "7da470d832def091a0d8d6242a7c8dc03583df2f85c5977b99421b69784e0f27", "rear_shoulder_sipe.024": "151d9c0518ad95c720b3a3299860102c926791445ebd0101623ef516b7242a85", "rear_shoulder_sipe.025": "373b0e35c039e03a0ee3925cbeaae9957c77c5a66a0f5b6f89a8cb806745ae12", "rear_shoulder_sipe.026": "f9fc055ee000d2a9d4e0594f304b18e071c951463c6ead99516fcb5eddf3f814", "rear_shoulder_sipe.027": "4ff728965f807ded7353d877de554c8ebe849f987e7691ec328ab7801e196dbe", "rear_shoulder_sipe.028": "8a9c312162a29ffee20bed251cc38196576bb334094569b5197c00bb39d945f5", "rear_shoulder_sipe.029": "007f739d2bbd9dd1ff8de2576a5774090162d5f3f6cb1cb9708b4dcaaeb6227a", "rear_shoulder_sipe.030": "ac0c0a71b696fbf86e1b8ede89ff7d76e54611a5546ec175cc3732cacfa9b155", "rear_shoulder_sipe.031": "1636540e0ec42056b88c26e3ca98ece8366307a6a0d8e982381c35e05751c113", "rear_shoulder_sipe.032": "ba28d047fb65e272694a9957bbad6fbe1239cc14784b7ef118bbfd35094853b9", "rear_shoulder_sipe.033": "71759cb33025cae6ae6f9959cafd308cad6910ba11aeeaa5eefabe8446165e4d", "rear_shoulder_sipe.034": "595a165e8afac1eed5632b23ff2b2a82a9026b3bc113fea58b37174493aec3f6", "rear_shoulder_sipe.035": "6196303f048731f368ae6d1de36d68e26c9190728cd56d1394ebf37812a90a1f", "rear_shoulder_sipe.036": "176cfb7fab755b0b26b48f4fdf0f6593429aa86b982c5c58de25c6662a37173e", "rear_shoulder_sipe.037": "24c4f27f7d07b96bb9cd3bb33cae9898f0ae69711f310ae150e0b4ee424a5b99", "rear_shoulder_sipe.038": "685c77fa2905be52e33747e8c9b9a3a4aa0664ea66801a1bd6c2dc59f3f9d326", "rear_shoulder_sipe.039": "080da05ab97f640796251576c4aeeee341f2fc883fd69740f498e9bbfbdd086c", "rear_shoulder_sipe.040": "607be83e3661a99cb21cab942db8c7c6b9ea6071dc5a15ed727c0b8b59b9e614", "rear_shoulder_sipe.041": "813af82150067d090a946689d1eca554d03043115e0b12db72a1723573711153", "rear_shoulder_sipe.042": "9ec3de68ecb03806cbf5daf51f03462182848b149cc2edec74fdc26b0a9f5785", "rear_shoulder_sipe.043": "cac50220dd4f260f49038ca40be2a1acd3d8b1c20a83066602c53b13f5565595", "rear_shoulder_sipe.044": "fbfbfab553dfc377b0137f86ec71bcac9df5abc9e16fc6e75dcb9f2067368818", "rear_shoulder_sipe.045": "c9bf0b0611eb1af77e7b3937e28f18afbbd89a6afbe950c97c5b23fa99fa910c", "rear_shoulder_sipe.046": "c8c7c6f2ebb3788b3444f1fbd774900ec41de60b98a4d7e21e37a10bdf5ad944", "rear_shoulder_sipe.047": "ae1e542fa12c7ed7b84dac27101a0851762496d9d8867b3e798809516adf9481", "rear_shoulder_sipe.048": "5dd6ff63d038232b33253c2562c099c4a2124621f27950b09c993cf54ab65c66", "rear_shoulder_sipe.049": "35464ef08d0e32c37503e49b14e132baae3b66f5e25aa67cccb5e8e61270a526", "rear_shoulder_sipe.050": "557df443b314247fba2c47fb230fda29a4a4d65fb4149c472497ea55fdfc70ec", "rear_shoulder_sipe.051": "f49e73a35c56ac22f985d32932bfef2d164616851fabeb89ca97a1de0569e961", "rear_shoulder_sipe.052": "2ee5d9e3f82e7a86acff357637af628993a44eac7ac7281c2e5fefdfba01d232", "rear_shoulder_sipe.053": "0e17db8e65f64bc0c36e57e0e10de0af40851edb4e7ebfc99f18643679882c5c", "rear_shoulder_sipe.054": "14fa3feb5e94559a9812eea426430cce52ce5182ee7d7be97cf144995ca7e814", "rear_shoulder_sipe.055": "e725d885dfe3061d33382bea94f6026090e2c8f956d43f230dcf2065a9bf9676", "rear_shoulder_sipe.056": "de05a686a0c8fd460b0719d8a3b3ad9162ee26ae7b0a88c4205df2505d875e86", "rear_shoulder_sipe.057": "cfd9302b53c7261b92a2da081c256bf527d79c7575e1cfa969bf87d9c1bece90", "rear_shoulder_sipe.058": "53ceda6817e3398c8a3323cecca7d8899af62ffc1ca98cb2f3f9c02cd4c122c9", "rear_shoulder_sipe.059": "726abcde54def154e461eb41f5e8840348cba3c6adcf9048bdb58e98d8d386ed", "rear_shoulder_sipe.060": "9742182df69ea8087914939fa5ffb16b3ac257720df5c6f36c76f6ea1f9925bd", "rear_shoulder_sipe.061": "f918fef8464d66b160bfbceb56c84ef00287f6c2a27252c0cc030f14f4b3759f", "rear_shoulder_sipe.062": "fb31c9ccf3555affef71f2b943c944cea72a89e4e1ccf8ca3e38caff0b871f30", "rear_shoulder_sipe.063": "60656a390ccd26f64eaf004c6340d5fa707fd5a811d52513deb450a214247bcc", "rear_shoulder_sipe.064": "f397fcd43a064c416fd09feefe6d89a365e84cbf30a515322ac6fb3bc7bc8ed7", "rear_shoulder_sipe.065": "cb4497d3e42549654322a7b4bc7e541bfc02e53eeecf7069027d4e3f6c249346", "rear_shoulder_sipe.066": "a862bd3bd90443e8b29d8943505b09f4ecc0ec1b8bd0f131dcc79577a37bff90", "rear_shoulder_sipe.067": "96f7e37666f0920421c58d6e2974d4ed9071341288b21c66581bfb72e7b12f9c", "rear_shoulder_sipe.068": "079592c56c15158cd995cb3859bd3fae2037e856ac9cd2c74a0cf3d53513c66e", "rear_shoulder_sipe.069": "1d8aded395f39db5e83cc6db9a1351e485f631e5c0d1bb7575860df3cb43eb7a", "rear_shoulder_sipe.070": "db4e6edf6dbf5f381186c08ff4511c4d92ee1a2faee1f76fd0727247cc79d62f", "rear_shoulder_sipe.071": "ee0b0901d48eb34b201e2280d6e9d36abde658bbeb338f46b05ec1c223bafcb6", "rear_shoulder_sipe.072": "4db4bb9484eafaf49089909cf69c2dc97b4bdd489e3eaa5a4b326f62b0d77e16", "rear_shoulder_sipe.073": "852a282ec293354020b3793d959b1e3d879e5ed25157e05e1aca9df50cb09702", "rear_shoulder_sipe.074": "daccd1ce5b4f6b5b2ef3b6130e0e89a8f418412e12ed42c24dade633a5f34f75", "rear_shoulder_sipe.075": "110d90a9bc50ae5ff2f5c9a60f68f916c0455fdb34c5b00f305a17621e946eba", "rear_shoulder_sipe.076": "930e0707d75a7c8808b5ee38d9847cc200b0883466654d30f4ffc66b0d119151", "rear_shoulder_sipe.077": "d32c2fb538c8559142ac41b6a1a0b9e7de9061b60c3de22a687cd39b670f7019", "rear_shoulder_sipe.078": "8346179ffa4bade004ed0b4eb3d181e9f4d0db6709e5ea42b3259e6a9b434aff", "rear_shoulder_sipe.079": "716f3a7cbe7d16cf7303a7d6a7926a848c7642182dc15a4515afde12ad3c78b4", "rear_shoulder_wedge_left": "a73b8df667b1f8cbe1e2dad3c9fc0d1e9bd9844011a1f70b59a91da66a01aaa1", "rear_shoulder_wedge_right": "36a670943fde987860deb5facf78b190ffa70a9c8b31e84831a17c793af30321", "rear_stationary_caliper": "7fdbc3d0c12c152c435cec62771dcb7cd31ad18b24e4d413e604ccddd3860dbe", "rear_swept_machined_face": "867477bb2e551983eb43abc3bc4510891c4ac18d593cdb9dd0f9a59bc59bd682", "rear_swept_machined_face.001": "5f035adaf21fd2cf9e7379ca984ac8c75532fb918f40d943ee924b1ea17d79dc", "rear_swept_machined_face.002": "d78f16f71d7cbdf29154b722c12aef32d054b7b8297b7b136afd415ddf10dca6", "rear_swept_machined_face.003": "ab1775dbe7f30716c75f66ecb8cf9b0cc24b1d80d883ad64a6fbfcf38b1de3ca", "rear_swept_machined_face.004": "f43ae4d67763f016a887d86401195753b73d8e5fc98f25d3de3a1e5b74528f65", "rear_swept_machined_face.005": "4d14040f97148ac6a3fe2ad14b33fe69b42f7919aea8270ad233847feed1ec78", "rear_swept_machined_face.006": "bcf998a97dfe62fee7ed17f4fd208ee56709972d47ce3c08ada9578ac5127ecc", "rear_swept_machined_face.007": "216118d5d7f2328c3a114b59cadd6afe5b2bbd483cd073d5602351571a3c9bdf", "rear_swept_machined_face.008": "eeb8abe19e064607c47f737f96b48045bad315ddc89c95a26180d8ab8a8452ce", "rear_swept_machined_face.009": "d94e41c2f88746ba022bab9fa2ee0346a95cfb2132a52ce1393bc131fe06518f", "rear_swept_machined_face.010": "1766c7600607a6eca38eb5ead4689bb229836918f834db4e6811917bcf8aed1d", "rear_swept_machined_face.011": "abb211d245936ffea31818848504c0fc641715c13b1f44dc0263fb1e4452a6d2", "rear_swept_machined_face.012": "092a07c11d94d18587d8781f84b9ade8ee4a1d2e0bf856d9d1e6ec1bd3fc0132", "rear_swept_machined_face.013": "9be9770f32f0506a431ed559a3e6bb032e4aa208ec9dbb6052e0d90bf476d3ba", "rear_swept_machined_face.014": "19ee0737f52387e052671b9723ee41933644db896d9873a3758450ff512d464a", "rear_swept_machined_face.015": "570745a3dcbfbbf1e6ddb0484dd63c15c18406850c28f6687963f27fc4fb405a", "rear_swept_machined_face.016": "0c81c07bc7b07ce5b590a0caebcb3d6a85a0ff3405ffb4408d57bb9b45724ca0", "rear_swept_machined_face.017": "da74f38171c84c8be61874750ae31ec57b1c17c9158c7becce3742e51d6bb27c", "rear_swept_machined_face.018": "a87aee6d65c1e42fe7723e62f425e7f572414ff6de772c4fb2650dadf6b3d828", "rear_swept_machined_face.019": "5dc4a45d90b70b58e3c6ef47be8f16a05f56c11afa9a2b6ac456c69fb8eec9c6", "rear_swept_spoke_core": "2d022cf1623fe2e3f13fcb6195c467b33d9f020404e2b2165f5fe7df032c0920", "rear_swept_spoke_core.001": "d873ca2d7e85f8d0db4a2d27899b39aa2028831f126bc75944966d047460d0b0", "rear_swept_spoke_core.002": "cb151cf97ac9f58d197b843f5567f0a4ebecc8274984083275d6ada6ee3770e8", "rear_swept_spoke_core.003": "af7e546d96a82dd51feac5dd5c2344f2a9f175035b7fa5fac666f33c26983ab4", "rear_swept_spoke_core.004": "e9a28765e76ce7ab6c2f51032c9e7fb7823152c2dbd9a08903d4ceae6dca4e67", "rear_swept_spoke_core.005": "79e2c0f01c72eee7a362d2446f78c5f96b777bd1175e75b0cf4f72acd3d73b99", "rear_swept_spoke_core.006": "36a13984cdfc3739061a12fb7266732556cdaa032628679d3f7a0ef84157f2bd", "rear_swept_spoke_core.007": "ce16d36e44f2ce06b77eb43aa48e74adbd10cbd35c91e94fe4d1ec5e5123c095", "rear_swept_spoke_core.008": "86181b19877aeeec7e68c90c80f7d9f01369cd1069906242b9b3aa03554a26b5", "rear_swept_spoke_core.009": "47760ad2e51be48b4e0cf132d37538fe697b5ef163c85e816d04b7c540cc5514", "rear_swept_spoke_core.010": "1d19594c5c804d88ff5e787ac01c42965e0ef62addc508536237a6dff2967988", "rear_swept_spoke_core.011": "0339bcee48602b0c4ff08d20402615977fa4cdfd68742aa8188ce038c08ac948", "rear_swept_spoke_core.012": "40a7d4a7fe07600977de1cbd8a31a194718287ca9f7d16da1efa764928709e9f", "rear_swept_spoke_core.013": "103295f255a9b04d36491d9f005b84185b487d3409074cd93d0c44f1147afc82", "rear_swept_spoke_core.014": "cf539f5e4861234fb46706eff997816bdd08f1ca99aa2ae810c6f5c89bb11126", "rear_swept_spoke_core.015": "8e87ab781b31f11611ed5951a8bf9bfeae4be5afb5d0eac8924627303e129de3", "rear_swept_spoke_core.016": "b507cf58596957cbb1c355304d2f90b744ef2aae1241af250b3812cfb479dad1", "rear_swept_spoke_core.017": "907083301c06e338bb054e523169342f8433cba620c8de24b465a100516655ad", "rear_swept_spoke_core.018": "ac4c5397e573a31c869fcd5da55c035d13efc243e04782f345545b4da20edd29", "rear_swept_spoke_core.019": "0c4de64c087a3844dd64a319d3d8b2cc1495cd69cb372c5f065200303aace480", "rear_tail_lamp_bed_left": "b7b164760f28923faa0080f856413867c96206e3245099f804538598f7127844", "rear_tail_lamp_bed_right": "5837750d94947016d226de60d87f8fca8c0eaea53cd8d47adc762dd9876ce112", "rear_tire": "30cc69d11f73cb1fb63babdf66fc9de4c28bdc8f2a7abaaa6e8d9c7c08cee222", "rear_undertray_curved_left": "79d3a4f90df44fb8b18f037bcf21a1a309d4f5ef99b9799de873c433b3a933f0", "rear_undertray_curved_right": "5514e42ce9969c0970cb5b305d64d4ecdba78b23c889ca405c8db9d701b62c1c", "ride_command_lens": "683c2b56794ea8048bb9a27e60cc934b4e5a20eda64b7f119e4204d38fb83411", "roll_hoop_driver": "3e6c6c7370239ae5989a1cac69627c53c37399e5b3232cde14fa802f70851f86", "roll_hoop_inner_driver": "f6444dd6620a3d4f3b547ff19c1fc9346143715d9b704a8d6b18edc97dea6261", "roll_hoop_inner_passenger": "62dbe783c3dd1ac68484bccba9445a5ad532f1e007ff084f10f75b6c4dd38541", "roll_hoop_passenger": "2578d90d49ef8c8da776351820a36a4752cda5998aa27418f36d31f70e7cfc18", "seat_cupped_driver": "007156788e05947755575e79e75cd8ffcd2ccbfcf0919a42b5b598b23c5c8526", "seat_cupped_passenger": "6ccb9fd33aed431fb23f6af1806be6b91b95b2998ba9c6fa4980cd30ad55304f", "seat_rear_pod_driver": "177289933d1503c67ff5f52727e190aecff30c46e91dd65fb547a8b964f06779", "seat_rear_pod_passenger": "8b380511cdd51065d588ae6d42d78881000a3b3500788f3a2133a81bd82da4ae", "side_intake_return_left": "cc4f6b3db578b1f407c791318064c9408cf82216d1d7795017c4e053c173eb50", "side_intake_return_right": "88dcd6fb3b015b1f3ece103e1e725ce356ab8c9f05a80efba6d7d0feae556932", "side_rocker_return_left": "af5ee2ef27b12660f1b5007472fcec364193a398cf79279fd5a88e628f7144ee", "side_rocker_return_right": "8313985426d9b27c2ac5109f23a7a95b2c9a5eefe0f0952d23e2560d51dd54a2", "side_triangular_intake_left": "e859f75af2714efc64da551f90ada3f90535f38ed98926828fd5121920da8c33", "side_triangular_intake_right": "9eba4eea7f71a1da302a3e6140a1f5184bb5c39c11de85cbc6158739d9824ded", "single_sided_swingarm": "b1f5bcaf37ade9db8b9183947caa912e8d4020f0ac8618af0d7aecfaf9d4011c", "source_only_console_pocket_cutter": "cd888ee0b9694614e277f445b513536104cb8b40502906e197530467e9a9af21", "source_only_P03A1_lug_cutter": "d482136c2c43d4c45d5124da8c355dc414e6bdb212cabf10a5db10ccb2a9b93f", "source_only_P03A1_lug_cutter.001": "d482136c2c43d4c45d5124da8c355dc414e6bdb212cabf10a5db10ccb2a9b93f", "source_only_P03A1_lug_cutter.002": "d482136c2c43d4c45d5124da8c355dc414e6bdb212cabf10a5db10ccb2a9b93f", "source_only_P03A1_lug_cutter.003": "d482136c2c43d4c45d5124da8c355dc414e6bdb212cabf10a5db10ccb2a9b93f", "source_only_P03A1_lug_cutter.004": "d482136c2c43d4c45d5124da8c355dc414e6bdb212cabf10a5db10ccb2a9b93f", "source_only_P03A1_lug_cutter.005": "d482136c2c43d4c45d5124da8c355dc414e6bdb212cabf10a5db10ccb2a9b93f", "source_only_P03A1_lug_cutter.006": "d482136c2c43d4c45d5124da8c355dc414e6bdb212cabf10a5db10ccb2a9b93f", "source_only_P03A1_lug_cutter.007": "d482136c2c43d4c45d5124da8c355dc414e6bdb212cabf10a5db10ccb2a9b93f", "source_only_P03A1_lug_cutter.008": "d482136c2c43d4c45d5124da8c355dc414e6bdb212cabf10a5db10ccb2a9b93f", "source_only_P03A1_lug_cutter.009": "d482136c2c43d4c45d5124da8c355dc414e6bdb212cabf10a5db10ccb2a9b93f", "source_only_P03A1_lug_cutter.010": "d482136c2c43d4c45d5124da8c355dc414e6bdb212cabf10a5db10ccb2a9b93f", "source_only_P03A1_lug_cutter.011": "d482136c2c43d4c45d5124da8c355dc414e6bdb212cabf10a5db10ccb2a9b93f", "source_only_P03A1_lug_cutter.012": "d482136c2c43d4c45d5124da8c355dc414e6bdb212cabf10a5db10ccb2a9b93f", "source_only_P03A1_lug_cutter.013": "d482136c2c43d4c45d5124da8c355dc414e6bdb212cabf10a5db10ccb2a9b93f", "source_only_P03A1_lug_cutter.014": "d482136c2c43d4c45d5124da8c355dc414e6bdb212cabf10a5db10ccb2a9b93f", "source_only_P03A1_lug_cutter.015": "d482136c2c43d4c45d5124da8c355dc414e6bdb212cabf10a5db10ccb2a9b93f", "source_only_P03A1_lug_cutter.016": "d482136c2c43d4c45d5124da8c355dc414e6bdb212cabf10a5db10ccb2a9b93f", "source_only_P03A1_lug_cutter.017": "d482136c2c43d4c45d5124da8c355dc414e6bdb212cabf10a5db10ccb2a9b93f", "source_only_P03A1_lug_cutter.018": "d482136c2c43d4c45d5124da8c355dc414e6bdb212cabf10a5db10ccb2a9b93f", "source_only_P03A1_lug_cutter.019": "d482136c2c43d4c45d5124da8c355dc414e6bdb212cabf10a5db10ccb2a9b93f", "source_only_P03A1_lug_cutter.020": "d482136c2c43d4c45d5124da8c355dc414e6bdb212cabf10a5db10ccb2a9b93f", "source_only_P03A1_lug_cutter.021": "d482136c2c43d4c45d5124da8c355dc414e6bdb212cabf10a5db10ccb2a9b93f", "source_only_P03A1_lug_cutter.022": "d482136c2c43d4c45d5124da8c355dc414e6bdb212cabf10a5db10ccb2a9b93f", "source_only_P03A1_lug_cutter.023": "d482136c2c43d4c45d5124da8c355dc414e6bdb212cabf10a5db10ccb2a9b93f", "source_only_P03A1_lug_cutter.024": "d482136c2c43d4c45d5124da8c355dc414e6bdb212cabf10a5db10ccb2a9b93f", "source_only_P03A1_lug_cutter.025": "d482136c2c43d4c45d5124da8c355dc414e6bdb212cabf10a5db10ccb2a9b93f", "source_only_P03A1_lug_cutter.026": "d482136c2c43d4c45d5124da8c355dc414e6bdb212cabf10a5db10ccb2a9b93f", "source_only_P03A1_lug_cutter.027": "d482136c2c43d4c45d5124da8c355dc414e6bdb212cabf10a5db10ccb2a9b93f", "source_only_P03A1_lug_cutter.028": "d482136c2c43d4c45d5124da8c355dc414e6bdb212cabf10a5db10ccb2a9b93f", "source_only_P03A1_lug_cutter.029": "d482136c2c43d4c45d5124da8c355dc414e6bdb212cabf10a5db10ccb2a9b93f", "steering_column": "d2bd0888684ef56d16e6d76fa8c2f2ca37332a0e77c29dbb62601f9043cafa05", "vent_vane_left": "1b0ddc5244b174bbcfa8cd1bca9807daa0aaa849b35ff287333f065ba36a3edb", "vent_vane_left.001": "1b0ddc5244b174bbcfa8cd1bca9807daa0aaa849b35ff287333f065ba36a3edb", "vent_vane_left.002": "f622b80cc1cb4802560e0f245f798e9b09cafabe71c2868e78caba58c21cc2b4", "vent_vane_right": "1b0ddc5244b174bbcfa8cd1bca9807daa0aaa849b35ff287333f065ba36a3edb", "vent_vane_right.001": "1b0ddc5244b174bbcfa8cd1bca9807daa0aaa849b35ff287333f065ba36a3edb", "vent_vane_right.002": "f622b80cc1cb4802560e0f245f798e9b09cafabe71c2868e78caba58c21cc2b4", "windshield_curved": "2c0fc56e0c28e46f2089167cda897411d400ffd9f24665332de3f82b8588f6d6", "windshield_lower_seal": "435f70fffe193084dadbf34c5c1ca531a8732e3d88a222e583d8e668b6237abc"}, "removedRearComponents": ["rear_firewall", "rear_undertray_curved_left", "rear_undertray_curved_right", "single_sided_swingarm", "drive_belt", "rear_shock", "rear_coil"], "sourceSha256": "196a2ca54df12c4ac0b69641e3d4ec806fbfb9e484286a218d753e82358027ee", "glbSha256": "c41fe2c6a465f972c0a675ab708578ef85b7d87716bc400ac460de4ebb20694b", "triangles": 210899}
Blender 4.5.2 LTS (hash ab25eae04993 built 2025-08-20 02:20:52)
Read blend: "C:\Users\SM - Dan\Documents\GitHub\slingmods-three-wheel-tour-rebuild\assets\blender\vehicles\slingshot-p03a2.blend"

Blender quit
