
> slingmods-three-wheel-tour-rebuild@1.0.0 build
> tsc --noEmit && vite build

vite v8.3.0 building client environment for production...
transforming...
✓ 34 modules transformed.
rendering chunks...
computing gzip size...
dist/index.html                          0.73 kB │ gzip:     0.49 kB
dist/assets/save-S_mbsQK_.css            0.86 kB │ gzip:     0.44 kB
dist/assets/workbench-BO_-eGnH.css       4.22 kB │ gzip:     1.45 kB
dist/assets/calibration-DTOA9Q2U.js      2.29 kB │ gzip:     1.22 kB
dist/assets/index-cxrE78QF.js            2.57 kB │ gzip:     1.26 kB
dist/assets/save-BbkIcGJN.js           650.44 kB │ gzip:   162.99 kB
dist/assets/workbench-BUSJgUTJ.js    2,905.56 kB │ gzip: 1,113.26 kB

✓ built in 376ms
[plugin builtin:vite-reporter] 
(!) Some chunks are larger than 500 kB after minification. Consider:
- Using dynamic import() to code-split the application
- Use build.rolldownOptions.output.codeSplitting to improve chunking: https://rolldown.rs/reference/OutputOptions.codeSplitting
- Adjust chunk size limit for this warning via build.chunkSizeWarningLimit.
Frozen Review05 build f55d83971d278fb31b9d5c502065efcb5373ec3c
