
> slingmods-three-wheel-tour-rebuild@1.0.0 build
> tsc --noEmit && vite build

vite v8.3.0 building client environment for production...
transforming...
✓ 69 modules transformed.
rendering chunks...
computing gzip size...
dist/index.html                              0.73 kB │ gzip:     0.49 kB
dist/assets/crew-CTw7q0hN.css                0.55 kB │ gzip:     0.31 kB
dist/assets/save-S_mbsQK_.css                0.86 kB │ gzip:     0.44 kB
dist/assets/workbench-CWT9pcw1.css           6.02 kB │ gzip:     2.00 kB
dist/assets/game-audio-DF9mn4XW.css          8.73 kB │ gzip:     2.68 kB
dist/assets/calibration-DQgEZ5GB.js          2.33 kB │ gzip:     1.24 kB
dist/assets/index-DlfC-fEo.js                2.97 kB │ gzip:     1.42 kB
dist/assets/harbor-C2OQw-LN.js              10.78 kB │ gzip:     4.87 kB
dist/assets/harbor-lighting-CG_UG0To.js     15.07 kB │ gzip:     6.28 kB
dist/assets/OrbitControls-Cq3bSfq2.js       19.83 kB │ gzip:     4.40 kB
dist/assets/crew-BVcCmdHx.js                29.98 kB │ gzip:    11.77 kB
dist/assets/workbench-CXenAG8L.js           40.11 kB │ gzip:    14.17 kB
dist/assets/save-DUkY-Mkq.js               635.33 kB │ gzip:   160.67 kB
dist/assets/game-audio-DKnvWJfp.js       3,157.90 kB │ gzip: 1,220.54 kB

✓ built in 333ms
[plugin builtin:vite-reporter] 
(!) Some chunks are larger than 500 kB after minification. Consider:
- Using dynamic import() to code-split the application
- Use build.rolldownOptions.output.codeSplitting to improve chunking: https://rolldown.rs/reference/OutputOptions.codeSplitting
- Adjust chunk size limit for this warning via build.chunkSizeWarningLimit.
(node:47752) [DEP0190] DeprecationWarning: Passing args to a child process with shell option true can lead to security vulnerabilities, as the arguments are not escaped, only concatenated.
(Use `node --trace-deprecation ...` to show where the warning was created)
Frozen Review10 build 7fe1e881b0712be2fa09b4c4eec6baa9d0ebb0d6
