
> slingmods-three-wheel-tour-rebuild@1.0.0 deploy:build
> node scripts/build-vercel.mjs

{"providerSourceAudit":{"changedTrackedPaths":[".gitattributes","scripts/assemble-p10a-film.py","scripts/record-p10a.mjs"],"runtimeInputChanges":[]}}
vite v8.3.0 building client environment for demo...
transforming...
✓ 123 modules transformed.
rendering chunks...
computing gzip size...
demo-dist/2026-09-16T20-56-58-432Z-28daf3a4dfb7-working/index.html                              1.03 kB │ gzip:     0.58 kB
demo-dist/2026-09-16T20-56-58-432Z-28daf3a4dfb7-working/.vite/manifest.json                     9.34 kB │ gzip:     1.38 kB
demo-dist/2026-09-16T20-56-58-432Z-28daf3a4dfb7-working/assets/style-S_mbsQK_.css               0.86 kB │ gzip:     0.44 kB
demo-dist/2026-09-16T20-56-58-432Z-28daf3a4dfb7-working/assets/tokens-IhVuJD4W.css              4.06 kB │ gzip:     1.33 kB
demo-dist/2026-09-16T20-56-58-432Z-28daf3a4dfb7-working/assets/build-cza-csh3.css               4.86 kB │ gzip:     1.62 kB
demo-dist/2026-09-16T20-56-58-432Z-28daf3a4dfb7-working/assets/competition-D7Sydgo8.css         6.78 kB │ gzip:     2.06 kB
demo-dist/2026-09-16T20-56-58-432Z-28daf3a4dfb7-working/assets/hub-CMjut-8I.css                10.31 kB │ gzip:     2.67 kB
demo-dist/2026-09-16T20-56-58-432Z-28daf3a4dfb7-working/assets/recovery-DhQDAYv2.css           10.96 kB │ gzip:     3.01 kB
demo-dist/2026-09-16T20-56-58-432Z-28daf3a4dfb7-working/assets/workbench-DLvVosll.css          16.65 kB │ gzip:     4.25 kB
demo-dist/2026-09-16T20-56-58-432Z-28daf3a4dfb7-working/assets/driving-camera-BFXSfTFY.css     17.99 kB │ gzip:     4.54 kB
demo-dist/2026-09-16T20-56-58-432Z-28daf3a4dfb7-working/assets/scene-f4YtXNTs.css              22.28 kB │ gzip:     5.14 kB
demo-dist/2026-09-16T20-56-58-432Z-28daf3a4dfb7-working/assets/route-JX7c2baU.js                0.36 kB │ gzip:     0.24 kB
demo-dist/2026-09-16T20-56-58-432Z-28daf3a4dfb7-working/assets/assets-Cj63lOUd.js               0.39 kB │ gzip:     0.23 kB
demo-dist/2026-09-16T20-56-58-432Z-28daf3a4dfb7-working/assets/preload-helper-BZ1Pz5am.js       1.21 kB │ gzip:     0.69 kB
demo-dist/2026-09-16T20-56-58-432Z-28daf3a4dfb7-working/assets/tokens-DaW2q993.js               1.23 kB │ gzip:     0.60 kB
demo-dist/2026-09-16T20-56-58-432Z-28daf3a4dfb7-working/assets/race-adapter-C3BXsgHC.js         1.53 kB │ gzip:     0.74 kB
demo-dist/2026-09-16T20-56-58-432Z-28daf3a4dfb7-working/assets/profile-hKDw4fAG.js              1.55 kB │ gzip:     0.74 kB
demo-dist/2026-09-16T20-56-58-432Z-28daf3a4dfb7-working/assets/route-BrZ4KHzx.js                1.88 kB │ gzip:     1.03 kB
demo-dist/2026-09-16T20-56-58-432Z-28daf3a4dfb7-working/assets/recovery-C2xUO17e.js             1.99 kB │ gzip:     1.05 kB
demo-dist/2026-09-16T20-56-58-432Z-28daf3a4dfb7-working/assets/RoomEnvironment-Zvsewewc.js      2.03 kB │ gzip:     0.88 kB
demo-dist/2026-09-16T20-56-58-432Z-28daf3a4dfb7-working/assets/save-RUjMTVQE.js                 2.26 kB │ gzip:     1.04 kB
demo-dist/2026-09-16T20-56-58-432Z-28daf3a4dfb7-working/assets/calibration-DMHFrO13.js          2.44 kB │ gzip:     1.29 kB
demo-dist/2026-09-16T20-56-58-432Z-28daf3a4dfb7-working/assets/environment-UbWa__xE.js          3.20 kB │ gzip:     1.32 kB
demo-dist/2026-09-16T20-56-58-432Z-28daf3a4dfb7-working/assets/index-BNhRChPv.js                4.18 kB │ gzip:     1.79 kB
demo-dist/2026-09-16T20-56-58-432Z-28daf3a4dfb7-working/assets/route-Cik3XjjV.js                4.44 kB │ gzip:     2.30 kB
demo-dist/2026-09-16T20-56-58-432Z-28daf3a4dfb7-working/assets/signature-art-lvouESdF.js        5.00 kB │ gzip:     2.13 kB
demo-dist/2026-09-16T20-56-58-432Z-28daf3a4dfb7-working/assets/hero-kVtF59NP.js                 8.42 kB │ gzip:     3.70 kB
demo-dist/2026-09-16T20-56-58-432Z-28daf3a4dfb7-working/assets/presentation-DeE-BkuV.js        10.61 kB │ gzip:     5.09 kB
demo-dist/2026-09-16T20-56-58-432Z-28daf3a4dfb7-working/assets/harbor-B8OVytg0.js              12.14 kB │ gzip:     5.32 kB
demo-dist/2026-09-16T20-56-58-432Z-28daf3a4dfb7-working/assets/hub-rNQ0k9jR.js                 12.85 kB │ gzip:     5.21 kB
demo-dist/2026-09-16T20-56-58-432Z-28daf3a4dfb7-working/assets/crew-DsDoLF3_.js                14.02 kB │ gzip:     6.09 kB
demo-dist/2026-09-16T20-56-58-432Z-28daf3a4dfb7-working/assets/driving-camera-D8q5FBRX.js      19.14 kB │ gzip:     7.16 kB
demo-dist/2026-09-16T20-56-58-432Z-28daf3a4dfb7-working/assets/OrbitControls-DnYenRB9.js       19.84 kB │ gzip:     4.40 kB
demo-dist/2026-09-16T20-56-58-432Z-28daf3a4dfb7-working/assets/express-a4Cb_00c.js             21.88 kB │ gzip:     8.99 kB
demo-dist/2026-09-16T20-56-58-432Z-28daf3a4dfb7-working/assets/competition-DZ2M0NBx.js         25.55 kB │ gzip:     9.65 kB
demo-dist/2026-09-16T20-56-58-432Z-28daf3a4dfb7-working/assets/harbor-lighting-Cm38jEek.js     25.86 kB │ gzip:    10.81 kB
demo-dist/2026-09-16T20-56-58-432Z-28daf3a4dfb7-working/assets/client-DV9gwOuV.js              31.92 kB │ gzip:     9.79 kB
demo-dist/2026-09-16T20-56-58-432Z-28daf3a4dfb7-working/assets/scene-CGLoikSo.js               38.12 kB │ gzip:    13.93 kB
demo-dist/2026-09-16T20-56-58-432Z-28daf3a4dfb7-working/assets/menu-B0Hq5PZj.js                39.29 kB │ gzip:    13.43 kB
demo-dist/2026-09-16T20-56-58-432Z-28daf3a4dfb7-working/assets/workbench-DdIryOTO.js           50.74 kB │ gzip:    16.93 kB
demo-dist/2026-09-16T20-56-58-432Z-28daf3a4dfb7-working/assets/GLTFLoader-Pl2xBtgQ.js         636.91 kB │ gzip:   160.54 kB
demo-dist/2026-09-16T20-56-58-432Z-28daf3a4dfb7-working/assets/shadows-CreT30TL.js          3,141.18 kB │ gzip: 1,215.25 kB

✓ built in 265ms
[plugin builtin:vite-reporter] 
(!) Some chunks are larger than 500 kB after minification. Consider:
- Using dynamic import() to code-split the application
- Use build.rolldownOptions.output.codeSplitting to improve chunking: https://rolldown.rs/reference/OutputOptions.codeSplitting
- Adjust chunk size limit for this warning via build.chunkSizeWarningLimit.
{
  "output": "demo-dist/2026-09-16T20-56-58-432Z-28daf3a4dfb7-working",
  "buildRef": "28daf3a4dfb7-working",
  "files": 147,
  "bytes": 169336324
}
{
  "output": "vercel-dist",
  "commit": "28daf3a4dfb702e2b4829ffda683cffeb117c858",
  "buildRef": "28daf3a4dfb7-working",
  "files": 148
}
