
> slingmods-three-wheel-tour-rebuild@1.0.0 build
> tsc --noEmit && vite build

warning: in the working copy of 'AGENTS.md', LF will be replaced by CRLF the next time Git touches it
warning: in the working copy of 'HANDOFF.md', LF will be replaced by CRLF the next time Git touches it
warning: in the working copy of 'demo-assets.json', LF will be replaced by CRLF the next time Git touches it
warning: in the working copy of 'director-kit/production/state.json', LF will be replaced by CRLF the next time Git touches it
warning: in the working copy of 'src/career-experience/hub.ts', LF will be replaced by CRLF the next time Git touches it
warning: in the working copy of 'src/career-experience/model.ts', LF will be replaced by CRLF the next time Git touches it
warning: in the working copy of 'src/career-experience/race-adapter.ts', LF will be replaced by CRLF the next time Git touches it
warning: in the working copy of 'src/career/client.ts', LF will be replaced by CRLF the next time Git touches it
warning: in the working copy of 'src/competition/grid.ts', LF will be replaced by CRLF the next time Git touches it
warning: in the working copy of 'src/competition/rival.ts', LF will be replaced by CRLF the next time Git touches it
warning: in the working copy of 'src/competition/road.ts', LF will be replaced by CRLF the next time Git touches it
warning: in the working copy of 'src/course/environment.ts', LF will be replaced by CRLF the next time Git touches it
warning: in the working copy of 'src/crew-ui.ts', LF will be replaced by CRLF the next time Git touches it
warning: in the working copy of 'src/demo/profile.ts', LF will be replaced by CRLF the next time Git touches it
warning: in the working copy of 'src/driving/recovery.ts', LF will be replaced by CRLF the next time Git touches it
warning: in the working copy of 'src/express.ts', LF will be replaced by CRLF the next time Git touches it
warning: in the working copy of 'src/main.ts', LF will be replaced by CRLF the next time Git touches it
warning: in the working copy of 'src/race/attempt.ts', LF will be replaced by CRLF the next time Git touches it
warning: in the working copy of 'src/signature/config.ts', LF will be replaced by CRLF the next time Git touches it
warning: in the working copy of 'src/signature/route-data.ts', LF will be replaced by CRLF the next time Git touches it
warning: in the working copy of 'src/signature/scene.ts', LF will be replaced by CRLF the next time Git touches it
warning: in the working copy of 'src/signature/ui.css', LF will be replaced by CRLF the next time Git touches it
warning: in the working copy of 'src/signature/ui.ts', LF will be replaced by CRLF the next time Git touches it
warning: in the working copy of 'src/simulation/index.ts', LF will be replaced by CRLF the next time Git touches it
warning: in the working copy of 'tests/career-handoff.test.mjs', LF will be replaced by CRLF the next time Git touches it
vite v8.3.0 building client environment for production...
transforming...
✓ 123 modules transformed.
rendering chunks...
computing gzip size...
dist/index.html                              1.03 kB │ gzip:     0.58 kB
dist/assets/style-S_mbsQK_.css               0.86 kB │ gzip:     0.44 kB
dist/assets/tokens-IhVuJD4W.css              4.06 kB │ gzip:     1.33 kB
dist/assets/build-cza-csh3.css               4.86 kB │ gzip:     1.62 kB
dist/assets/competition-D7Sydgo8.css         6.78 kB │ gzip:     2.06 kB
dist/assets/hub-CMjut-8I.css                10.31 kB │ gzip:     2.67 kB
dist/assets/recovery-DhQDAYv2.css           10.96 kB │ gzip:     3.01 kB
dist/assets/workbench-DLvVosll.css          16.65 kB │ gzip:     4.25 kB
dist/assets/driving-camera-BFXSfTFY.css     17.99 kB │ gzip:     4.54 kB
dist/assets/scene-f4YtXNTs.css              22.28 kB │ gzip:     5.14 kB
dist/assets/route-JX7c2baU.js                0.36 kB │ gzip:     0.24 kB
dist/assets/assets-Cj63lOUd.js               0.39 kB │ gzip:     0.23 kB
dist/assets/preload-helper-BZ1Pz5am.js       1.21 kB │ gzip:     0.69 kB
dist/assets/tokens-DaW2q993.js               1.23 kB │ gzip:     0.60 kB
dist/assets/profile-D5Grrc4O.js              1.46 kB │ gzip:     0.72 kB
dist/assets/race-adapter-cuI0tqie.js         1.53 kB │ gzip:     0.74 kB
dist/assets/route-BrZ4KHzx.js                1.88 kB │ gzip:     1.03 kB
dist/assets/recovery-C2xUO17e.js             1.99 kB │ gzip:     1.05 kB
dist/assets/RoomEnvironment-Zvsewewc.js      2.03 kB │ gzip:     0.88 kB
dist/assets/save-4znYWr-o.js                 2.26 kB │ gzip:     1.04 kB
dist/assets/calibration-aBIMyVv_.js          2.44 kB │ gzip:     1.29 kB
dist/assets/environment-UbWa__xE.js          3.20 kB │ gzip:     1.32 kB
dist/assets/index-Bfr379pN.js                4.01 kB │ gzip:     1.72 kB
dist/assets/route-Cik3XjjV.js                4.44 kB │ gzip:     2.30 kB
dist/assets/signature-art-autu1AXV.js        5.00 kB │ gzip:     2.13 kB
dist/assets/hero-YKZiTZ_y.js                 8.42 kB │ gzip:     3.70 kB
dist/assets/presentation-DeE-BkuV.js        10.61 kB │ gzip:     5.09 kB
dist/assets/harbor-B7rRulyc.js              12.14 kB │ gzip:     5.31 kB
dist/assets/hub-DjJETUOv.js                 12.85 kB │ gzip:     5.21 kB
dist/assets/crew-Da4_6lhS.js                14.02 kB │ gzip:     6.08 kB
dist/assets/driving-camera-BuJGP-hd.js      19.14 kB │ gzip:     7.16 kB
dist/assets/OrbitControls-DnYenRB9.js       19.84 kB │ gzip:     4.40 kB
dist/assets/express-ZciiDpqH.js             21.88 kB │ gzip:     8.98 kB
dist/assets/competition-DA8rSd8R.js         25.55 kB │ gzip:     9.64 kB
dist/assets/harbor-lighting-C14T7z01.js     25.86 kB │ gzip:    10.81 kB
dist/assets/client-izQscfn5.js              31.92 kB │ gzip:     9.79 kB
dist/assets/scene-CXKHGWH8.js               38.12 kB │ gzip:    13.93 kB
dist/assets/menu-Cwg9rFl7.js                39.29 kB │ gzip:    13.43 kB
dist/assets/workbench-Vwt3d1US.js           50.74 kB │ gzip:    16.93 kB
dist/assets/GLTFLoader-Pl2xBtgQ.js         636.91 kB │ gzip:   160.54 kB
dist/assets/shadows-xavU2jDv.js          3,141.18 kB │ gzip: 1,215.25 kB

✓ built in 459ms
[plugin builtin:vite-reporter] 
(!) Some chunks are larger than 500 kB after minification. Consider:
- Using dynamic import() to code-split the application
- Use build.rolldownOptions.output.codeSplitting to improve chunking: https://rolldown.rs/reference/OutputOptions.codeSplitting
- Adjust chunk size limit for this warning via build.chunkSizeWarningLimit.
