{
  profile: 'slingmods-sport-v3',
  mph: 50,
  radius: 90,
  direction: 1,
  seconds: 8,
  rms: 0.9633061137475687,
  peak: 1.0873239584700656,
  speedPeak: 0.006702399238847663,
  limitFraction: 0,
  upMin: 0.9986437960371212,
  meanDemand: 0.6641556329890144,
  pass: true
}
{
  profile: 'slingmods-sport-v3',
  mph: 50,
  radius: 90,
  direction: -1,
  seconds: 8,
  rms: 0.9633105606656521,
  peak: 1.0873239868966778,
  speedPeak: 0.006702490786120886,
  limitFraction: 0,
  upMin: 0.9986437960216323,
  meanDemand: 0.6641565200927891,
  pass: true
}
{
  profile: 'slingmods-sport-v3',
  mph: 65,
  radius: 150,
  direction: 1,
  seconds: 8,
  rms: 1.104798252356956,
  peak: 1.315583702552658,
  speedPeak: 0.004146763887490751,
  limitFraction: 0,
  upMin: 0.998674792754082,
  meanDemand: 0.7160229286070153,
  pass: true
}
{
  profile: 'slingmods-sport-v3',
  mph: 65,
  radius: 150,
  direction: -1,
  seconds: 8,
  rms: 1.1047982662382851,
  peak: 1.3155837952454021,
  speedPeak: 0.00414689619010433,
  limitFraction: 0,
  upMin: 0.9986747925502625,
  meanDemand: 0.7160232080429195,
  pass: true
}
