
> slingmods-three-wheel-tour-rebuild@1.0.0 build
> tsc --noEmit && vite build

vite v8.3.0 building client environment for production...
transforming...
✓ 42 modules transformed.
rendering chunks...
computing gzip size...
dist/index.html                            0.73 kB │ gzip:     0.49 kB
dist/assets/save-S_mbsQK_.css              0.86 kB │ gzip:     0.44 kB
dist/assets/workbench-BO_-eGnH.css         4.22 kB │ gzip:     1.45 kB
dist/assets/game-audio-J9sJU5Hj.css        5.12 kB │ gzip:     1.73 kB
dist/assets/calibration-e21yewtI.js        2.33 kB │ gzip:     1.24 kB
dist/assets/index-BFtIGVOL.js              2.79 kB │ gzip:     1.35 kB
dist/assets/harbor-DQY0zEnX.js            19.28 kB │ gzip:     8.10 kB
dist/assets/OrbitControls-Be-tWRgh.js     19.83 kB │ gzip:     4.40 kB
dist/assets/workbench-DeY_gdMA.js         22.70 kB │ gzip:     8.98 kB
dist/assets/save-fhwAFJoL.js             631.60 kB │ gzip:   159.23 kB
dist/assets/game-audio-BhZYSHH4.js     2,886.06 kB │ gzip: 1,106.43 kB

✓ built in 314ms
[plugin builtin:vite-reporter] 
(!) Some chunks are larger than 500 kB after minification. Consider:
- Using dynamic import() to code-split the application
- Use build.rolldownOptions.output.codeSplitting to improve chunking: https://rolldown.rs/reference/OutputOptions.codeSplitting
- Adjust chunk size limit for this warning via build.chunkSizeWarningLimit.
(node:31784) [DEP0190] DeprecationWarning: Passing args to a child process with shell option true can lead to security vulnerabilities, as the arguments are not escaped, only concatenated.
(Use `node --trace-deprecation ...` to show where the warning was created)
Frozen Review06 build e1fafb5ec4d371635bfbeca51663fc67734a40ca
