
> slingmods-three-wheel-tour-rebuild@1.0.0 demo:build
> node scripts/build-demo.mjs

warning: in the working copy of 'scripts/smoke-rider-game.mjs', LF will be replaced by CRLF the next time Git touches it
warning: in the working copy of 'scripts/smoke-rider-game.mjs', LF will be replaced by CRLF the next time Git touches it
vite v8.3.0 building client environment for demo...
transforming...

/assets/fonts/BarlowCondensed-Bold.woff2 referenced in /assets/fonts/BarlowCondensed-Bold.woff2 didn't resolve at build time, it will remain unchanged to be resolved at runtime

/assets/fonts/BarlowCondensed-ExtraBold.woff2 referenced in /assets/fonts/BarlowCondensed-ExtraBold.woff2 didn't resolve at build time, it will remain unchanged to be resolved at runtime

/assets/fonts/Manrope-Variable.ttf referenced in /assets/fonts/Manrope-Variable.ttf didn't resolve at build time, it will remain unchanged to be resolved at runtime

/assets/interface/ridge-day.jpg referenced in /assets/interface/ridge-day.jpg didn't resolve at build time, it will remain unchanged to be resolved at runtime

/assets/interface/express-day.jpg referenced in /assets/interface/express-day.jpg didn't resolve at build time, it will remain unchanged to be resolved at runtime
✓ 201 modules transformed.
rendering chunks...
computing gzip size...
demo-dist/2026-09-23T03-28-07-211Z-bb60c9ecf520-working/index.html                                    1.27 kB │ gzip:     0.61 kB
demo-dist/2026-09-23T03-28-07-211Z-bb60c9ecf520-working/.vite/manifest.json                          14.23 kB │ gzip:     2.08 kB
demo-dist/2026-09-23T03-28-07-211Z-bb60c9ecf520-working/assets/basis_transcoder-o4Hde_L7.js          57.52 kB
demo-dist/2026-09-23T03-28-07-211Z-bb60c9ecf520-working/assets/basis_transcoder-VXdx5NbI.wasm       527.33 kB │ gzip:   248.94 kB
demo-dist/2026-09-23T03-28-07-211Z-bb60c9ecf520-working/assets/style-S_mbsQK_.css                     0.86 kB │ gzip:     0.44 kB
demo-dist/2026-09-23T03-28-07-211Z-bb60c9ecf520-working/assets/scene-DdcJZ6sG.css                     0.97 kB │ gzip:     0.50 kB
demo-dist/2026-09-23T03-28-07-211Z-bb60c9ecf520-working/assets/garage-DEzfcV3M.css                    2.47 kB │ gzip:     0.87 kB
demo-dist/2026-09-23T03-28-07-211Z-bb60c9ecf520-working/assets/workbench-B_IoxGe1.css                 5.20 kB │ gzip:     1.66 kB
demo-dist/2026-09-23T03-28-07-211Z-bb60c9ecf520-working/assets/prepare-6DNy1SzU.css                   6.78 kB │ gzip:     1.92 kB
demo-dist/2026-09-23T03-28-07-211Z-bb60c9ecf520-working/assets/recovery-DfwCQ0zU.css                 10.74 kB │ gzip:     2.98 kB
demo-dist/2026-09-23T03-28-07-211Z-bb60c9ecf520-working/assets/hub-DbiEO2d0.css                      11.01 kB │ gzip:     2.70 kB
demo-dist/2026-09-23T03-28-07-211Z-bb60c9ecf520-working/assets/express-a0Sh8RAY.css                  11.40 kB │ gzip:     3.22 kB
demo-dist/2026-09-23T03-28-07-211Z-bb60c9ecf520-working/assets/harbor-entry-DlKItWwn.css             12.67 kB │ gzip:     3.13 kB
demo-dist/2026-09-23T03-28-07-211Z-bb60c9ecf520-working/assets/harbor-7Ji5kb-z.css                   17.13 kB │ gzip:     4.42 kB
demo-dist/2026-09-23T03-28-07-211Z-bb60c9ecf520-working/assets/ui-DQrPZHyC.css                       30.00 kB │ gzip:     6.59 kB
demo-dist/2026-09-23T03-28-07-211Z-bb60c9ecf520-working/assets/index-kRaUQQeP.css                    37.59 kB │ gzip:     7.45 kB
demo-dist/2026-09-23T03-28-07-211Z-bb60c9ecf520-working/assets/graphics-control-DIoYX8XB.js           0.08 kB │ gzip:     0.09 kB
demo-dist/2026-09-23T03-28-07-211Z-bb60c9ecf520-working/assets/route-JX7c2baU.js                      0.36 kB │ gzip:     0.24 kB
demo-dist/2026-09-23T03-28-07-211Z-bb60c9ecf520-working/assets/ryker-selection-DtEi4K2j.js            0.56 kB │ gzip:     0.41 kB
demo-dist/2026-09-23T03-28-07-211Z-bb60c9ecf520-working/assets/scene-lifetime-DImARnQr.js             0.82 kB │ gzip:     0.47 kB
demo-dist/2026-09-23T03-28-07-211Z-bb60c9ecf520-working/assets/p11-assets-BjTpU4Lf.js                 0.91 kB │ gzip:     0.46 kB
demo-dist/2026-09-23T03-28-07-211Z-bb60c9ecf520-working/assets/header-BAODgtEP.js                     1.05 kB │ gzip:     0.62 kB
demo-dist/2026-09-23T03-28-07-211Z-bb60c9ecf520-working/assets/forest-assets-BZ6VW7kw.js              1.06 kB │ gzip:     0.57 kB
demo-dist/2026-09-23T03-28-07-211Z-bb60c9ecf520-working/assets/harbor-speed-dressing-HdB4GcFz.js      1.19 kB │ gzip:     0.75 kB
demo-dist/2026-09-23T03-28-07-211Z-bb60c9ecf520-working/assets/preload-helper-BZ1Pz5am.js             1.21 kB │ gzip:     0.69 kB
demo-dist/2026-09-23T03-28-07-211Z-bb60c9ecf520-working/assets/ui-BQ-RPWUo.js                         1.23 kB │ gzip:     0.60 kB
demo-dist/2026-09-23T03-28-07-211Z-bb60c9ecf520-working/assets/contact-evidence-DbpvPX8Y.js           1.27 kB │ gzip:     0.75 kB
demo-dist/2026-09-23T03-28-07-211Z-bb60c9ecf520-working/assets/draw-census-B5Sp1u0j.js                1.70 kB │ gzip:     0.93 kB
demo-dist/2026-09-23T03-28-07-211Z-bb60c9ecf520-working/assets/graphics-control-D15uwbq4.js           1.87 kB │ gzip:     0.91 kB
demo-dist/2026-09-23T03-28-07-211Z-bb60c9ecf520-working/assets/route-BrZ4KHzx.js                      1.88 kB │ gzip:     1.03 kB
demo-dist/2026-09-23T03-28-07-211Z-bb60c9ecf520-working/assets/recovery-DHYQTjjv.js                   1.99 kB │ gzip:     1.05 kB
demo-dist/2026-09-23T03-28-07-211Z-bb60c9ecf520-working/assets/RoomEnvironment-1jAyJv4E.js            2.04 kB │ gzip:     0.89 kB
demo-dist/2026-09-23T03-28-07-211Z-bb60c9ecf520-working/assets/vehicle-asset-BOcxsmjr.js              2.05 kB │ gzip:     0.81 kB
demo-dist/2026-09-23T03-28-07-211Z-bb60c9ecf520-working/assets/profile-C1UPFs8K.js                    2.05 kB │ gzip:     0.94 kB
demo-dist/2026-09-23T03-28-07-211Z-bb60c9ecf520-working/assets/save-CnihvmCY.js                       2.27 kB │ gzip:     1.04 kB
demo-dist/2026-09-23T03-28-07-211Z-bb60c9ecf520-working/assets/graphics-settings-SlaBcI4e.js          2.48 kB │ gzip:     0.96 kB
demo-dist/2026-09-23T03-28-07-211Z-bb60c9ecf520-working/assets/time-of-day-D2Oe4R0k.js                2.58 kB │ gzip:     1.05 kB
demo-dist/2026-09-23T03-28-07-211Z-bb60c9ecf520-working/assets/showroom-camera-ldkuuNtf.js            2.63 kB │ gzip:     1.03 kB
demo-dist/2026-09-23T03-28-07-211Z-bb60c9ecf520-working/assets/calibration-mQyjilVl.js                2.87 kB │ gzip:     1.49 kB
demo-dist/2026-09-23T03-28-07-211Z-bb60c9ecf520-working/assets/environment-UbWa__xE.js                3.20 kB │ gzip:     1.32 kB
demo-dist/2026-09-23T03-28-07-211Z-bb60c9ecf520-working/assets/route-Cik3XjjV.js                      4.44 kB │ gzip:     2.30 kB
demo-dist/2026-09-23T03-28-07-211Z-bb60c9ecf520-working/assets/client-6qBoMIZ2.js                     4.80 kB │ gzip:     2.23 kB
demo-dist/2026-09-23T03-28-07-211Z-bb60c9ecf520-working/assets/index-B6dvCOAz.js                      5.60 kB │ gzip:     2.54 kB
demo-dist/2026-09-23T03-28-07-211Z-bb60c9ecf520-working/assets/garage-DT-dUzgB.js                     8.94 kB │ gzip:     3.57 kB
demo-dist/2026-09-23T03-28-07-211Z-bb60c9ecf520-working/assets/hero-6mkdvpAe.js                      13.27 kB │ gzip:     5.60 kB
demo-dist/2026-09-23T03-28-07-211Z-bb60c9ecf520-working/assets/prepare-D0IyD-4u.js                   13.74 kB │ gzip:     5.11 kB
demo-dist/2026-09-23T03-28-07-211Z-bb60c9ecf520-working/assets/road-decals-CqAymgM_.js               14.66 kB │ gzip:     6.57 kB
demo-dist/2026-09-23T03-28-07-211Z-bb60c9ecf520-working/assets/hub-BRUvzNUR.js                       15.09 kB │ gzip:     5.86 kB
demo-dist/2026-09-23T03-28-07-211Z-bb60c9ecf520-working/assets/race-adapter-BhI4xZAX.js              17.19 kB │ gzip:     5.82 kB
demo-dist/2026-09-23T03-28-07-211Z-bb60c9ecf520-working/assets/OrbitControls-Diyr_B99.js             19.85 kB │ gzip:     4.41 kB
demo-dist/2026-09-23T03-28-07-211Z-bb60c9ecf520-working/assets/presentation-cmMjObdz.js              21.59 kB │ gzip:     9.12 kB
demo-dist/2026-09-23T03-28-07-211Z-bb60c9ecf520-working/assets/harbor-entry-B17LUpGU.js              26.45 kB │ gzip:     8.35 kB
demo-dist/2026-09-23T03-28-07-211Z-bb60c9ecf520-working/assets/showcase-CPjsD4wZ.js                  27.30 kB │ gzip:    10.29 kB
demo-dist/2026-09-23T03-28-07-211Z-bb60c9ecf520-working/assets/workbench-DuDid5TQ.js                 27.51 kB │ gzip:    10.62 kB
demo-dist/2026-09-23T03-28-07-211Z-bb60c9ecf520-working/assets/game-audio-BXvlywTT.js                29.57 kB │ gzip:     9.83 kB
demo-dist/2026-09-23T03-28-07-211Z-bb60c9ecf520-working/assets/GLTFLoader-CQU2cTIq.js                48.97 kB │ gzip:    14.34 kB
demo-dist/2026-09-23T03-28-07-211Z-bb60c9ecf520-working/assets/menu-CUiOLcOx.js                      58.61 kB │ gzip:    17.82 kB
demo-dist/2026-09-23T03-28-07-211Z-bb60c9ecf520-working/assets/ktx2-B7gC_6tm.js                      59.34 kB │ gzip:    24.36 kB
demo-dist/2026-09-23T03-28-07-211Z-bb60c9ecf520-working/assets/scene-R5ZC8ZIK.js                     62.82 kB │ gzip:    22.54 kB
demo-dist/2026-09-23T03-28-07-211Z-bb60c9ecf520-working/assets/express-Bt7x7Whg.js                  102.46 kB │ gzip:    38.55 kB
demo-dist/2026-09-23T03-28-07-211Z-bb60c9ecf520-working/assets/three.core-CYVfUT_k.js               243.13 kB │ gzip:    65.04 kB
demo-dist/2026-09-23T03-28-07-211Z-bb60c9ecf520-working/assets/three.module-DQWN05XM.js             352.32 kB │ gzip:    84.73 kB
demo-dist/2026-09-23T03-28-07-211Z-bb60c9ecf520-working/assets/suspension-DasstWm7.js             3,202.53 kB │ gzip: 1,235.14 kB

✓ built in 340ms
[plugin builtin:vite-reporter] 
(!) Some chunks are larger than 500 kB after minification. Consider:
- Using dynamic import() to code-split the application
- Use build.rolldownOptions.output.codeSplitting to improve chunking: https://rolldown.rs/reference/OutputOptions.codeSplitting
- Adjust chunk size limit for this warning via build.chunkSizeWarningLimit.
{
  "output": "demo-dist/2026-09-23T03-28-07-211Z-bb60c9ecf520-working",
  "buildRef": "bb60c9ecf520-working",
  "files": 298,
  "bytes": 412546679
}
