✖ cinematic music shares Music off and yields the scene soundtrack, including immediate mute (1018.8255ms)
ℹ tests 1
ℹ suites 0
ℹ pass 0
ℹ fail 1
ℹ cancelled 0
ℹ skipped 0
ℹ todo 0
ℹ duration_ms 1673.4533

✖ failing tests:

test at tests\cinematic-audio-integration.test.mjs:9:1
✖ cinematic music shares Music off and yields the scene soundtrack, including immediate mute (1018.8255ms)
  AssertionError [ERR_ASSERTION]: Expected values to be strictly equal:
  + actual - expected
  
  + undefined
  - true
  
      at TestContext.<anonymous> (file:///C:/Users/Daniel%20Kinsner/OneDrive/Documents/GitHub/slingmods-three-wheel-tour-rebuild/tests/cinematic-audio-integration.test.mjs:38:10)
      at async Test.run (node:internal/test_runner/test:1208:7)
      at async startSubtestAfterBootstrap (node:internal/test_runner/harness:385:3) {
    generatedMessage: true,
    code: 'ERR_ASSERTION',
    actual: undefined,
    expected: true,
    operator: 'strictEqual',
    diff: 'simple'
  }
