
> slingmods-three-wheel-tour-rebuild@1.0.0 test
> tsx --test tests/*.test.ts

✔ fixture: stationary zero-throttle engine stays at idle (1.1625ms)
✔ fixture: freely rolling rear wheel raises coupled engine RPM above idle (0.1412ms)
✔ fixture: positive rear wheel overspeed raises RPM above rolling baseline (0.0828ms)
✔ REGRESSION: zero-throttle wheel lock must not rev higher than free rolling (0.1332ms)
✔ loaded rest: three non-tensile contacts support stated loaded mass without drift (125.3506ms)
✔ all scripted maneuvers remain finite; combined tire ellipse, rear-only drive, front-only steering (593.417ms)
✔ straight acceleration, lift-off coast and braking have coherent measured distances (0.7902ms)
✔ left/right asphalt circles have correct turn signs, mirrored radii and sustained support (1.3621ms)
✔ slalom follows alternating input in authoritative yaw response (0.4204ms)
✔ controlled reverse engages near rest and uses signed physical velocity (0.4468ms)
✔ surface friction reduces acceleration; optional traction help limits wheel overspeed; lift/brake recovers (0.4453ms)
✔ one-wheel bump, curb, seam and landing excite suspension and recover without tunneling (0.5703ms)
✔ authoritative AutoDrive executes all five ratios, cuts torque during transitions, and has consistent SI torque/power (0.9144ms)
✔ incline launch and high-speed curb produce physical vertical motion then recover; full-speed steering stays bounded (0.627ms)
✖ straight ramp landing at9m/s preserves heading within3degrees and lateral position within0.5m across symmetric lanes (24.5418ms)
✔ render cap independence: same fixed clock/input trace at30/60/120/144 gives under1% distance/speed error (86.2717ms)
✔ reset clears forces/drivetrain/history, fixed-step rejection and pause clock do not advance state (7.772ms)
✔ new save round-trip touches only the new namespace (0.947ms)
✔ malformed or future schemas fall back without reading legacy data (0.1932ms)
✔ actual Rapier world falls onto a collider and settles (65.2172ms)
ℹ tests 20
ℹ suites 0
ℹ pass 19
ℹ fail 1
ℹ cancelled 0
ℹ skipped 0
ℹ todo 0
ℹ duration_ms 1067.0404

✖ failing tests:

test at tests\driving.test.ts:80:1
✖ straight ramp landing at9m/s preserves heading within3degrees and lateral position within0.5m across symmetric lanes (24.5418ms)
  AssertionError [ERR_ASSERTION]: lane-40.1 lateral drift at9.933333333333406
      at TestContext.<anonymous> (C:\Users\SM - Dan\Documents\GitHub\slingmods-three-wheel-tour-rebuild\tests\driving.test.ts:85:184)
      at async Test.run (node:internal/test_runner/test:1208:7)
      at async Test.processPendingSubtests (node:internal/test_runner/test:831:7) {
    generatedMessage: false,
    code: 'ERR_ASSERTION',
    actual: false,
    expected: true,
    operator: '==',
    diff: 'simple'
  }
