[
  {
    "name": "straight",
    "maxInputVsEndTickWheelMismatchRadS": 0.10244470146254514,
    "rpmRange": [
      950,
      6916.209202843211
    ],
    "gears": [
      1,
      2
    ]
  },
  {
    "name": "reverse",
    "maxInputVsEndTickWheelMismatchRadS": 0.03726665110891503,
    "rpmRange": [
      950,
      2122.78176259326
    ],
    "gears": [
      -1
    ]
  },
  {
    "name": "wet-traction-recovery",
    "maxInputVsEndTickWheelMismatchRadS": 7.070313492876565,
    "rpmRange": [
      950,
      8500
    ],
    "gears": [
      1,
      2,
      3
    ]
  },
  {
    "name": "moving-reverse-interlock",
    "maxInputVsEndTickWheelMismatchRadS": 0.12668597037823304,
    "rpmRange": [
      950,
      6911.877186094017
    ],
    "gears": [
      1,
      2,
      -1
    ]
  },
  {
    "name": "incline-launch",
    "maxInputVsEndTickWheelMismatchRadS": 1.4648240194709956,
    "rpmRange": [
      950,
      3527.671308492223
    ],
    "gears": [
      1
    ]
  },
  {
    "name": "wet-braking-rpm",
    "maxInputVsEndTickWheelMismatchRadS": 6.914516935128276,
    "rpmRange": [
      950,
      8455.456693588445
    ],
    "gears": [
      1,
      2,
      3
    ]
  },
  {
    "name": "rolling-and-shifts-rpm",
    "maxInputVsEndTickWheelMismatchRadS": 4.914811640782119,
    "rpmRange": [
      950,
      8500
    ],
    "gears": [
      1,
      2,
      3,
      4,
      5
    ]
  }
]
