Info: Packed 1 file(s)
Info: Saved as "tour-wall-details.blend"
INFO Draco mesh compression is available, use library at C:\Users\SM - Dan\Documents\GitHub\slingmods-three-wheel-tour-rebuild\.tools\blender-4.5.2-windows-x64\4.5\scripts\addons_core\io_scene_gltf2\extern_draco.dll
15:07:05 | INFO: Starting glTF 2.0 export
15:07:05 | INFO: Extracting primitive: Cube
15:07:05 | INFO: Primitives created: 1
15:07:05 | INFO: Extracting primitive: Cube.001
15:07:05 | INFO: Primitives created: 1
15:07:05 | INFO: Extracting primitive: Cube.002
15:07:05 | INFO: Primitives created: 1
15:07:05 | INFO: Extracting primitive: Cube.003
15:07:05 | INFO: Primitives created: 1
15:07:05 | INFO: Extracting primitive: Cube.004
15:07:05 | INFO: Primitives created: 1
15:07:05 | INFO: Extracting primitive: Cube.005
15:07:05 | INFO: Primitives created: 1
15:07:05 | INFO: Extracting primitive: Cube.006
15:07:05 | INFO: Primitives created: 1
15:07:05 | INFO: Extracting primitive: BUILT TO BE YOURS.
15:07:05 | INFO: Primitives created: 1
15:07:05 | INFO: Extracting primitive: Coast to ridge. Build to drive.
15:07:05 | INFO: Primitives created: 1
15:07:05 | INFO: Finished glTF 2.0 export in 0.07368969917297363 s

{"chosen": {"sourceMesh": "studio_left_wall", "gameBounds": {"min": [-6.09, 0, -4], "max": [-5.91, 4.2, 7]}, "normal": [1, 0, 0], "innerFaceX": -5.91, "panelCenter": [-5.855, 2.1, 1.2], "panelSize": [8.7, 2.9], "offsetMetres": 0.055}, "alternate": {"meshes": ["left_bay_wall_pier", "left_bay_wall_pier.001"], "sideX": 5.91, "unbrokenRearWidth": 4.8, "reasonRejected": "Moving aperture divides opposite side; lift overlaps rear pier. It cannot support an 8.7m panorama without door/lift obstruction."}, "cabinetWall": {"mesh": "studio_back_wall", "zRange": [6.96, 7.14], "preserved": true}, "departure": {"openingZ": [-1.4, 2.2], "curtainX": 5.965, "untouched": true}, "lettering": {"exactMain": "BUILT TO BE YOURS.", "exactSecondary": "Coast to ridge. Build to drive.", "separateMesh": true, "mainExtrusionMetres": 0.012, "font": "Barlow Condensed ExtraBold / SIL OFL 1.1"}, "dimensionsCaveat": "Measured from inferred game geometry, not measured physical set", "art": "Original Blender landscape, separate letter/frame asset; W01 reference not mapped"}
Blender 4.5.2 LTS (hash ab25eae04993 built 2025-08-20 02:20:52)

Blender quit
