Blender 4.5.2 LTS (hash ab25eae04993 built 2025-08-20 02:20:52)
Fra:1 Mem:90.53M (Peak 90.53M) | Time:00:00.05 | Mem:0.00M, Peak:0.00M | Scene, ViewLayer | Synchronizing object | coast_to_ridge_original_terrain
Fra:1 Mem:92.05M (Peak 92.05M) | Time:00:00.05 | Mem:0.00M, Peak:0.00M | Scene, ViewLayer | Synchronizing object | ridge_conifer_0000
Fra:1 Mem:101.02M (Peak 101.70M) | Time:00:00.06 | Mem:0.00M, Peak:0.00M | Scene, ViewLayer | Synchronizing object | original winding coast-to-ridge road
Fra:1 Mem:101.50M (Peak 101.70M) | Time:00:00.06 | Mem:0.00M, Peak:0.00M | Scene, ViewLayer | Synchronizing object | red route independent curve
Fra:1 Mem:101.99M (Peak 101.99M) | Time:00:00.06 | Mem:0.00M, Peak:0.00M | Scene, ViewLayer | Synchronizing object | Sun
Fra:1 Mem:101.99M (Peak 101.99M) | Time:00:00.06 | Mem:0.00M, Peak:0.00M | Scene, ViewLayer | Initializing
Fra:1 Mem:64.09M (Peak 101.99M) | Time:00:00.07 | Mem:0.00M, Peak:0.00M | Scene, ViewLayer | Waiting for render to start
Fra:1 Mem:64.09M (Peak 101.99M) | Time:00:00.07 | Mem:0.00M, Peak:0.00M | Scene, ViewLayer | Updating Scene
Fra:1 Mem:64.09M (Peak 101.99M) | Time:00:00.07 | Mem:0.00M, Peak:0.00M | Scene, ViewLayer | Updating Shaders
Fra:1 Mem:64.18M (Peak 101.99M) | Time:00:00.07 | Mem:0.00M, Peak:0.00M | Scene, ViewLayer | Loading render kernels (may take a few minutes the first time)
Fra:1 Mem:64.18M (Peak 101.99M) | Time:00:00.07 | Mem:0.00M, Peak:0.00M | Scene, ViewLayer | Updating Procedurals
Fra:1 Mem:64.18M (Peak 101.99M) | Time:00:00.07 | Mem:0.00M, Peak:0.00M | Scene, ViewLayer | Updating Background
Fra:1 Mem:64.18M (Peak 101.99M) | Time:00:00.07 | Mem:0.00M, Peak:0.00M | Scene, ViewLayer | Updating Camera
Fra:1 Mem:64.18M (Peak 101.99M) | Time:00:00.07 | Mem:0.00M, Peak:0.00M | Scene, ViewLayer | Updating Meshes Flags
Fra:1 Mem:64.18M (Peak 101.99M) | Time:00:00.07 | Mem:0.00M, Peak:0.00M | Scene, ViewLayer | Updating Objects
Fra:1 Mem:64.18M (Peak 101.99M) | Time:00:00.07 | Mem:0.00M, Peak:0.00M | Scene, ViewLayer | Updating Objects | Copying Transformations to device
Fra:1 Mem:64.63M (Peak 101.99M) | Time:00:00.07 | Mem:0.44M, Peak:0.44M | Scene, ViewLayer | Updating Particle Systems
Fra:1 Mem:64.63M (Peak 101.99M) | Time:00:00.07 | Mem:0.44M, Peak:0.44M | Scene, ViewLayer | Updating Particle Systems | Copying Particles to device
Fra:1 Mem:64.63M (Peak 101.99M) | Time:00:00.07 | Mem:0.44M, Peak:0.44M | Scene, ViewLayer | Updating Meshes
Fra:1 Mem:64.63M (Peak 101.99M) | Time:00:00.07 | Mem:0.44M, Peak:0.44M | Scene, ViewLayer | Updating Objects | Applying Static Transformations
Fra:1 Mem:64.63M (Peak 101.99M) | Time:00:00.07 | Mem:0.44M, Peak:0.44M | Scene, ViewLayer | Updating Mesh | Computing attributes
Fra:1 Mem:65.58M (Peak 101.99M) | Time:00:00.07 | Mem:0.44M, Peak:0.44M | Scene, ViewLayer | Updating Mesh | Copying Attributes to device
Fra:1 Mem:65.46M (Peak 101.99M) | Time:00:00.07 | Mem:1.28M, Peak:1.28M | Scene, ViewLayer | Updating Geometry BVH layered silhouette conifer 2/1 | Building BVH
Fra:1 Mem:65.46M (Peak 101.99M) | Time:00:00.07 | Mem:1.28M, Peak:1.28M | Scene, ViewLayer | Updating Geometry BVH layered silhouette conifer 2/1 | Building BVH 0%
Fra:1 Mem:65.46M (Peak 101.99M) | Time:00:00.07 | Mem:1.28M, Peak:1.28M | Scene, ViewLayer | Updating Scene BVH | Building
Fra:1 Mem:65.48M (Peak 101.99M) | Time:00:00.07 | Mem:1.28M, Peak:1.28M | Scene, ViewLayer | Updating Scene BVH | Building BVH
Fra:1 Mem:65.48M (Peak 101.99M) | Time:00:00.08 | Mem:11.11M, Peak:15.53M | Scene, ViewLayer | Updating Scene BVH | Copying BVH to device
Fra:1 Mem:65.48M (Peak 101.99M) | Time:00:00.08 | Mem:11.11M, Peak:15.53M | Scene, ViewLayer | Updating Mesh | Computing normals
Fra:1 Mem:69.36M (Peak 101.99M) | Time:00:00.08 | Mem:11.11M, Peak:15.53M | Scene, ViewLayer | Updating Mesh | Copying Mesh to device
Fra:1 Mem:69.36M (Peak 101.99M) | Time:00:00.08 | Mem:14.99M, Peak:15.53M | Scene, ViewLayer | Updating Objects Flags
Fra:1 Mem:69.36M (Peak 101.99M) | Time:00:00.08 | Mem:15.00M, Peak:15.53M | Scene, ViewLayer | Updating Primitive Offsets
Fra:1 Mem:69.37M (Peak 101.99M) | Time:00:00.08 | Mem:15.01M, Peak:15.53M | Scene, ViewLayer | Updating Images
Fra:1 Mem:69.37M (Peak 101.99M) | Time:00:00.08 | Mem:15.01M, Peak:15.53M | Scene, ViewLayer | Updating Camera Volume
Fra:1 Mem:69.37M (Peak 101.99M) | Time:00:00.08 | Mem:15.01M, Peak:15.53M | Scene, ViewLayer | Updating Lookup Tables
Fra:1 Mem:69.37M (Peak 101.99M) | Time:00:00.08 | Mem:15.09M, Peak:15.53M | Scene, ViewLayer | Updating Lights
Fra:1 Mem:69.37M (Peak 101.99M) | Time:00:00.08 | Mem:15.09M, Peak:15.53M | Scene, ViewLayer | Updating Lights | Computing tree
Fra:1 Mem:69.38M (Peak 101.99M) | Time:00:00.08 | Mem:15.11M, Peak:15.53M | Scene, ViewLayer | Updating Integrator
Fra:1 Mem:69.38M (Peak 101.99M) | Time:00:00.08 | Mem:15.11M, Peak:15.53M | Scene, ViewLayer | Updating Film
Fra:1 Mem:69.38M (Peak 101.99M) | Time:00:00.08 | Mem:15.02M, Peak:15.53M | Scene, ViewLayer | Updating Lookup Tables
Fra:1 Mem:69.38M (Peak 101.99M) | Time:00:00.08 | Mem:15.11M, Peak:15.53M | Scene, ViewLayer | Updating Baking
Fra:1 Mem:69.38M (Peak 101.99M) | Time:00:00.08 | Mem:15.11M, Peak:15.53M | Scene, ViewLayer | Updating Device | Writing constant memory
Fra:1 Mem:69.42M (Peak 101.99M) | Time:00:00.08 | Mem:15.11M, Peak:15.53M | Scene, ViewLayer | Loading denoising kernels (may take a few minutes the first time)
Fra:1 Mem:69.42M (Peak 101.99M) | Time:00:00.08 | Mem:15.11M, Peak:15.53M | Scene, ViewLayer | Rendered 0/3 Tiles, Sample 0/24
Fra:1 Mem:390.32M (Peak 390.32M) | Time:00:00.66 | Remaining:00:41.23 | Mem:335.73M, Peak:335.73M | Scene, ViewLayer | Rendered 0/3 Tiles, Sample 1/24
Fra:1 Mem:390.32M (Peak 710.32M) | Time:00:13.81 | Remaining:00:27.45 | Mem:335.73M, Peak:335.73M | Scene, ViewLayer | Rendered 0/3 Tiles, Sample 24/24
Fra:1 Mem:390.32M (Peak 710.32M) | Time:00:13.81 | Remaining:00:27.45 | Mem:335.73M, Peak:335.73M | Scene, ViewLayer | Rendered 1/3 Tiles, Sample 24/24
Fra:1 Mem:390.94M (Peak 710.32M) | Time:00:14.61 | Remaining:00:27.32 | Mem:336.36M, Peak:336.36M | Scene, ViewLayer | Rendered 1/3 Tiles, Sample 1/24
Fra:1 Mem:390.94M (Peak 710.94M) | Time:00:31.96 | Remaining:00:15.93 | Mem:336.36M, Peak:336.36M | Scene, ViewLayer | Rendered 1/3 Tiles, Sample 24/24
Fra:1 Mem:390.94M (Peak 710.94M) | Time:00:31.96 | Remaining:00:15.93 | Mem:336.36M, Peak:336.36M | Scene, ViewLayer | Rendered 2/3 Tiles, Sample 24/24
Fra:1 Mem:390.32M (Peak 710.94M) | Time:00:32.74 | Remaining:00:15.33 | Mem:335.73M, Peak:336.36M | Scene, ViewLayer | Rendered 2/3 Tiles, Sample 1/24
Fra:1 Mem:390.32M (Peak 710.94M) | Time:00:49.96 | Mem:335.73M, Peak:336.36M | Scene, ViewLayer | Rendered 2/3 Tiles, Sample 24/24
Fra:1 Mem:390.32M (Peak 710.94M) | Time:00:49.96 | Mem:335.73M, Peak:336.36M | Scene, ViewLayer | Rendered 2/3 Tiles, Sample 0/24
Fra:1 Mem:390.32M (Peak 710.94M) | Time:00:49.97 | Mem:335.73M, Peak:336.36M | Scene, ViewLayer | Finished
Fra:1 Mem:58.71M (Peak 710.94M) | Time:00:49.99 | Mem:0.00M, Peak:336.36M | Scene | Reading full buffer from disk
Fra:1 Mem:1018.71M (Peak 1018.71M) | Time:00:50.49 | Mem:0.00M, Peak:336.36M | Scene | ViewLayer | Denoising
Fra:1 Mem:1018.71M (Peak 1306.71M) | Time:01:12.78 | Mem:960.00M, Peak:960.00M | Scene | ViewLayer | Finishing
Fra:1 Mem:490.38M (Peak 2074.72M) | Time:01:13.41 | Compositing
Saved: 'C:\Users\SM - Dan\Documents\GitHub\slingmods-three-wheel-tour-rebuild\assets\blender\p10b\tour-wall-master.png'
Time: 01:14.73 (Saving: 00:01.18)

Info: Saved as "tour-wall-landscape.blend"
P10B original artwork render complete

Blender quit
