{
  "status": "PASS",
  "checks": 11,
  "files": {
    "assets/blender/vehicles/slingshot-p01.blend": {
      "bytes": 2075046,
      "sha256": "da45923fa8e55055d372c44ce07b4c9455aa913aa7c93d2d5998792c74f9edc1"
    },
    "assets/blender/vehicles/vehicles-scale-blockouts.blend": {
      "bytes": 4122802,
      "sha256": "af3fd0b605f6ac875bd06bb7b978627554ff96fa12b1937a6f33ce24d8f7fea0"
    },
    "public/assets/vehicles/slingshot.glb": {
      "bytes": 1325080,
      "sha256": "5e3c7adfb0ef5470b5ce19f3d8049d8a0d99431eb3bf5636f966ca9f5e5ab143"
    },
    "public/assets/vehicles/scale-blockouts.glb": {
      "bytes": 1509656,
      "sha256": "78a17b36da6a5c0e2c29dca7cb106356944208613ad156ad5c4a5be8aa77cfd5"
    },
    "scripts/vehicle_build.py": {
      "bytes": 20781,
      "sha256": "143f6fb9bdb3a61a265a724babe35fa1c977683ebcccd0f455328e69cf6d5218"
    },
    "public/assets/slingshot-contact-layout.json": {
      "bytes": 828,
      "sha256": "35a5862b275de62e45b58e7a62b0b0b513371a336b4ca5f09eb66bc1c8e11da3"
    }
  }
}
