Info: Saved as "slingshot-p01.blend"
INFO Draco mesh compression is available, use library at C:\Users\SM - Dan\Documents\GitHub\slingmods-three-wheel-tour-rebuild\.tools\blender-4.5.2-windows-x64\4.5\scripts\addons_core\io_scene_gltf2\extern_draco.dll
15:05:15 | INFO: Starting glTF 2.0 export
15:05:15 | INFO: Extracting primitive: center_grille
15:05:15 | INFO: Primitives created: 1
15:05:15 | INFO: Extracting primitive: center_tail_fin
15:05:15 | INFO: Primitives created: 1
15:05:15 | INFO: Extracting primitive: central_lamp_black_housing
15:05:15 | INFO: Primitives created: 1
15:05:15 | INFO: Extracting primitive: central_lamp_cavity_back
15:05:15 | INFO: Primitives created: 1
15:05:15 | INFO: Extracting primitive: central_lamp_cavity_floor
15:05:15 | INFO: Primitives created: 1
15:05:15 | INFO: Extracting primitive: central_lamp_cavity_roof
15:05:15 | INFO: Primitives created: 1
15:05:15 | INFO: Extracting primitive: central_lamp_cavity_side
15:05:15 | INFO: Primitives created: 1
15:05:15 | INFO: Extracting primitive: central_lamp_cavity_side.001
15:05:15 | INFO: Primitives created: 1
15:05:15 | INFO: Extracting primitive: central_lamp_outer_cheek
15:05:15 | INFO: Primitives created: 1
15:05:15 | INFO: Extracting primitive: central_lamp_outer_cheek.001
15:05:15 | INFO: Primitives created: 1
15:05:15 | INFO: Extracting primitive: Cylinder.022
15:05:15 | INFO: Primitives created: 1
15:05:15 | INFO: Extracting primitive: Cylinder.023
15:05:15 | INFO: Primitives created: 1
15:05:15 | INFO: Extracting primitive: Cylinder.024
15:05:15 | INFO: Primitives created: 1
15:05:15 | INFO: Extracting primitive: exposed_chassis_rail_left
15:05:15 | INFO: Primitives created: 1
15:05:15 | INFO: Extracting primitive: exposed_chassis_rail_right
15:05:15 | INFO: Primitives created: 1
15:05:15 | INFO: Extracting primitive: front_side_scoop_left
15:05:15 | INFO: Primitives created: 1
15:05:15 | INFO: Extracting primitive: front_side_scoop_right
15:05:15 | INFO: Primitives created: 1
15:05:15 | INFO: Extracting primitive: front_splitter_blade
15:05:15 | INFO: Primitives created: 1
15:05:15 | INFO: Extracting primitive: Cylinder.016
15:05:15 | INFO: Primitives created: 1
15:05:15 | INFO: Extracting primitive: Cylinder.017
15:05:15 | INFO: Primitives created: 1
15:05:15 | INFO: Extracting primitive: Cylinder.018
15:05:15 | INFO: Primitives created: 1
15:05:15 | INFO: Extracting primitive: Cylinder.019
15:05:15 | INFO: Primitives created: 1
15:05:15 | INFO: Extracting primitive: Cylinder.020
15:05:15 | INFO: Primitives created: 1
15:05:15 | INFO: Extracting primitive: Cylinder.021
15:05:15 | INFO: Primitives created: 1
15:05:15 | INFO: Extracting primitive: hood_central_left
15:05:15 | INFO: Primitives created: 1
15:05:15 | INFO: Extracting primitive: hood_central_right
15:05:15 | INFO: Primitives created: 1
15:05:15 | INFO: Extracting primitive: hood_louver
15:05:15 | INFO: Primitives created: 1
15:05:15 | INFO: Extracting primitive: hood_louver.001
15:05:15 | INFO: Primitives created: 1
15:05:15 | INFO: Extracting primitive: hood_louver.002
15:05:15 | INFO: Primitives created: 1
15:05:15 | INFO: Extracting primitive: hood_louver.003
15:05:15 | INFO: Primitives created: 1
15:05:15 | INFO: Extracting primitive: hood_louver.004
15:05:15 | INFO: Primitives created: 1
15:05:15 | INFO: Extracting primitive: hood_louver.005
15:05:15 | INFO: Primitives created: 1
15:05:15 | INFO: Extracting primitive: hood_scoop_floor
15:05:15 | INFO: Primitives created: 1
15:05:15 | INFO: Extracting primitive: hood_scoop_recess
15:05:15 | INFO: Primitives created: 1
15:05:15 | INFO: Extracting primitive: hood_scoop_roof
15:05:15 | INFO: Primitives created: 1
15:05:15 | INFO: Extracting primitive: hood_scoop_side
15:05:15 | INFO: Primitives created: 1
15:05:15 | INFO: Extracting primitive: hood_scoop_side.001
15:05:15 | INFO: Primitives created: 1
15:05:15 | INFO: Extracting primitive: Cylinder.025
15:05:15 | INFO: Primitives created: 1
15:05:15 | INFO: Extracting primitive: Cylinder.026
15:05:15 | INFO: Primitives created: 1
15:05:15 | INFO: Extracting primitive: Cylinder.027
15:05:15 | INFO: Primitives created: 1
15:05:15 | INFO: Extracting primitive: Cylinder.028
15:05:15 | INFO: Primitives created: 1
15:05:15 | INFO: Extracting primitive: lamp_recess_left
15:05:15 | INFO: Primitives created: 1
15:05:15 | INFO: Extracting primitive: lamp_recess_right
15:05:15 | INFO: Primitives created: 1
15:05:15 | INFO: Extracting primitive: lights_brake_left
15:05:15 | INFO: Primitives created: 1
15:05:15 | INFO: Extracting primitive: lights_brake_right
15:05:15 | INFO: Primitives created: 1
15:05:15 | INFO: Extracting primitive: lights_head_center
15:05:15 | INFO: Primitives created: 1
15:05:15 | INFO: Extracting primitive: lights_head_diagonal_left
15:05:15 | INFO: Primitives created: 1
15:05:15 | INFO: Extracting primitive: lights_head_diagonal_right
15:05:15 | INFO: Primitives created: 1
15:05:15 | INFO: Extracting primitive: lights_head_upper_left
15:05:15 | INFO: Primitives created: 1
15:05:15 | INFO: Extracting primitive: lights_head_upper_right
15:05:15 | INFO: Primitives created: 1
15:05:15 | INFO: Extracting primitive: lights_signals_left
15:05:15 | INFO: Primitives created: 1
15:05:15 | INFO: Extracting primitive: lights_signals_right
15:05:15 | INFO: Primitives created: 1
15:05:15 | INFO: Extracting primitive: lower_vent_left
15:05:15 | INFO: Primitives created: 1
15:05:15 | INFO: Extracting primitive: lower_vent_right
15:05:15 | INFO: Primitives created: 1
15:05:15 | INFO: Extracting primitive: nose_cheek_left
15:05:15 | INFO: Primitives created: 1
15:05:15 | INFO: Extracting primitive: nose_cheek_right
15:05:15 | INFO: Primitives created: 1
15:05:15 | INFO: Extracting primitive: rear_bucket_undertray_left
15:05:15 | INFO: Primitives created: 1
15:05:15 | INFO: Extracting primitive: rear_bucket_undertray_right
15:05:15 | INFO: Primitives created: 1
15:05:15 | INFO: Extracting primitive: rear_center_bulkhead
15:05:15 | INFO: Primitives created: 1
15:05:15 | INFO: Extracting primitive: rear_deck
15:05:15 | INFO: Primitives created: 1
15:05:15 | INFO: Extracting primitive: rear_seat_pod_driver
15:05:15 | INFO: Primitives created: 1
15:05:15 | INFO: Extracting primitive: rear_seat_pod_passenger
15:05:15 | INFO: Primitives created: 1
15:05:15 | INFO: Extracting primitive: rear_tail_lamp_bed_left
15:05:15 | INFO: Primitives created: 1
15:05:15 | INFO: Extracting primitive: rear_tail_lamp_bed_right
15:05:15 | INFO: Primitives created: 1
15:05:15 | INFO: Extracting primitive: roll_hoop_driver
15:05:15 | INFO: Primitives created: 1
15:05:15 | INFO: Extracting primitive: roll_hoop_inner_driver
15:05:15 | INFO: Primitives created: 1
15:05:15 | INFO: Extracting primitive: roll_hoop_inner_passenger
15:05:15 | INFO: Primitives created: 1
15:05:15 | INFO: Extracting primitive: roll_hoop_passenger
15:05:15 | INFO: Primitives created: 1
15:05:15 | INFO: Extracting primitive: sculpted_front_fender_left
15:05:15 | INFO: Primitives created: 1
15:05:15 | INFO: Extracting primitive: sculpted_front_fender_right
15:05:15 | INFO: Primitives created: 1
15:05:15 | INFO: Extracting primitive: sculpted_sill_left
15:05:15 | INFO: Primitives created: 1
15:05:15 | INFO: Extracting primitive: sculpted_sill_right
15:05:15 | INFO: Primitives created: 1
15:05:15 | INFO: Extracting primitive: tail_shoulder_left
15:05:15 | INFO: Primitives created: 1
15:05:15 | INFO: Extracting primitive: tail_shoulder_right
15:05:15 | INFO: Primitives created: 1
15:05:15 | INFO: Extracting primitive: Cylinder
15:05:15 | INFO: Primitives created: 1
15:05:15 | INFO: Extracting primitive: Cylinder.001
15:05:15 | INFO: Primitives created: 1
15:05:15 | INFO: Extracting primitive: Cylinder.002
15:05:15 | INFO: Primitives created: 1
15:05:15 | INFO: Extracting primitive: Cylinder.008
15:05:15 | INFO: Primitives created: 1
15:05:15 | INFO: Extracting primitive: Cylinder.009
15:05:15 | INFO: Primitives created: 1
15:05:15 | INFO: Extracting primitive: Cylinder.010
15:05:15 | INFO: Primitives created: 1
15:05:15 | INFO: Extracting primitive: autodrive_RND
15:05:15 | INFO: Primitives created: 1
15:05:15 | INFO: Extracting primitive: autodrive_RND.001
15:05:15 | INFO: Primitives created: 1
15:05:15 | INFO: Extracting primitive: autodrive_RND.002
15:05:15 | INFO: Primitives created: 1
15:05:15 | INFO: Extracting primitive: center_tunnel
15:05:15 | INFO: Primitives created: 1
15:05:15 | INFO: Extracting primitive: cockpit_front_bulkhead
15:05:15 | INFO: Primitives created: 1
15:05:15 | INFO: Extracting primitive: console_facade
15:05:15 | INFO: Primitives created: 1
15:05:15 | INFO: Extracting primitive: console_switch
15:05:15 | INFO: Primitives created: 1
15:05:15 | INFO: Extracting primitive: console_switch.001
15:05:15 | INFO: Primitives created: 1
15:05:15 | INFO: Extracting primitive: console_switch.002
15:05:15 | INFO: Primitives created: 1
15:05:15 | INFO: Extracting primitive: console_switch.003
15:05:15 | INFO: Primitives created: 1
15:05:15 | INFO: Extracting primitive: dashboard_driver
15:05:15 | INFO: Primitives created: 1
15:05:15 | INFO: Extracting primitive: dashboard_passenger
15:05:15 | INFO: Primitives created: 1
15:05:15 | INFO: Extracting primitive: floor_driver
15:05:15 | INFO: Primitives created: 1
15:05:15 | INFO: Extracting primitive: floor_passenger
15:05:15 | INFO: Primitives created: 1
15:05:15 | INFO: Extracting primitive: gauge_bezel
15:05:15 | INFO: Primitives created: 1
15:05:15 | INFO: Extracting primitive: gauge_bezel.001
15:05:15 | INFO: Primitives created: 1
15:05:15 | INFO: Extracting primitive: gauge_cluster
15:05:15 | INFO: Primitives created: 1
15:05:15 | INFO: Extracting primitive: mirror_driver
15:05:15 | INFO: Primitives created: 1
15:05:15 | INFO: Extracting primitive: mirror_glass_driver
15:05:15 | INFO: Primitives created: 1
15:05:15 | INFO: Extracting primitive: mirror_glass_passenger
15:05:15 | INFO: Primitives created: 1
15:05:15 | INFO: Extracting primitive: mirror_passenger
15:05:15 | INFO: Primitives created: 1
15:05:15 | INFO: Extracting primitive: mirror_stalk_driver
15:05:15 | INFO: Primitives created: 1
15:05:15 | INFO: Extracting primitive: mirror_stalk_passenger
15:05:15 | INFO: Primitives created: 1
15:05:15 | INFO: Extracting primitive: ride_command_screen
15:05:15 | INFO: Primitives created: 1
15:05:15 | INFO: Extracting primitive: screen_inactive_clay
15:05:15 | INFO: Primitives created: 1
15:05:15 | INFO: Extracting primitive: seat_bolster_driver
15:05:15 | INFO: Primitives created: 1
15:05:15 | INFO: Extracting primitive: seat_bolster_driver.001
15:05:15 | INFO: Primitives created: 1
15:05:15 | INFO: Extracting primitive: seat_bolster_passenger
15:05:15 | INFO: Primitives created: 1
15:05:15 | INFO: Extracting primitive: seat_bolster_passenger.001
15:05:15 | INFO: Primitives created: 1
15:05:15 | INFO: Extracting primitive: seat_driver
15:05:15 | INFO: Primitives created: 1
15:05:15 | INFO: Extracting primitive: seat_passenger
15:05:15 | INFO: Primitives created: 1
15:05:15 | INFO: Extracting primitive: seat_trim_driver
15:05:15 | INFO: Primitives created: 1
15:05:15 | INFO: Extracting primitive: seat_trim_passenger
15:05:15 | INFO: Primitives created: 1
15:05:15 | INFO: Extracting primitive: Cylinder.029
15:05:15 | INFO: Primitives created: 1
15:05:15 | INFO: Extracting primitive: autodrive_paddle
15:05:15 | INFO: Primitives created: 1
15:05:15 | INFO: Extracting primitive: autodrive_paddle.001
15:05:15 | INFO: Primitives created: 1
15:05:15 | INFO: Extracting primitive: steering_center
15:05:15 | INFO: Primitives created: 1
15:05:15 | INFO: Extracting primitive: steering_rim
15:05:15 | INFO: Primitives created: 1
15:05:15 | INFO: Extracting primitive: Cylinder.030
15:05:15 | INFO: Primitives created: 1
15:05:15 | INFO: Extracting primitive: Cylinder.031
15:05:15 | INFO: Primitives created: 1
15:05:15 | INFO: Extracting primitive: Cylinder.032
15:05:15 | INFO: Primitives created: 1
15:05:15 | INFO: Extracting primitive: wind_deflector
15:05:15 | INFO: Primitives created: 1
15:05:15 | INFO: Extracting primitive: front_left_brake_disc
15:05:15 | INFO: Primitives created: 1
15:05:15 | INFO: Extracting primitive: front_left_brake_disc.001
15:05:15 | INFO: Primitives created: 1
15:05:15 | INFO: Extracting primitive: front_left_hub
15:05:15 | INFO: Primitives created: 1
15:05:15 | INFO: Extracting primitive: front_left_machined_spoke
15:05:15 | INFO: Primitives created: 1
15:05:15 | INFO: Extracting primitive: front_left_machined_spoke.001
15:05:15 | INFO: Primitives created: 1
15:05:15 | INFO: Extracting primitive: front_left_machined_spoke.002
15:05:15 | INFO: Primitives created: 1
15:05:15 | INFO: Extracting primitive: front_left_machined_spoke.003
15:05:15 | INFO: Primitives created: 1
15:05:15 | INFO: Extracting primitive: front_left_machined_spoke.004
15:05:15 | INFO: Primitives created: 1
15:05:15 | INFO: Extracting primitive: front_left_machined_spoke.005
15:05:15 | INFO: Primitives created: 1
15:05:15 | INFO: Extracting primitive: front_left_machined_spoke.006
15:05:15 | INFO: Primitives created: 1
15:05:15 | INFO: Extracting primitive: front_left_machined_spoke.007
15:05:15 | INFO: Primitives created: 1
15:05:15 | INFO: Extracting primitive: front_left_machined_spoke.008
15:05:15 | INFO: Primitives created: 1
15:05:15 | INFO: Extracting primitive: front_left_machined_spoke.009
15:05:15 | INFO: Primitives created: 1
15:05:15 | INFO: Extracting primitive: front_left_machined_spoke.010
15:05:15 | INFO: Primitives created: 1
15:05:15 | INFO: Extracting primitive: front_left_machined_spoke.011
15:05:15 | INFO: Primitives created: 1
15:05:15 | INFO: Extracting primitive: front_left_machined_spoke.012
15:05:15 | INFO: Primitives created: 1
15:05:15 | INFO: Extracting primitive: front_left_machined_spoke.013
15:05:15 | INFO: Primitives created: 1
15:05:15 | INFO: Extracting primitive: front_left_machined_spoke.014
15:05:15 | INFO: Primitives created: 1
15:05:15 | INFO: Extracting primitive: front_left_machined_spoke.015
15:05:15 | INFO: Primitives created: 1
15:05:15 | INFO: Extracting primitive: front_left_machined_spoke.016
15:05:15 | INFO: Primitives created: 1
15:05:15 | INFO: Extracting primitive: front_left_machined_spoke.017
15:05:15 | INFO: Primitives created: 1
15:05:15 | INFO: Extracting primitive: front_left_machined_spoke.018
15:05:15 | INFO: Primitives created: 1
15:05:15 | INFO: Extracting primitive: front_left_machined_spoke.019
15:05:15 | INFO: Primitives created: 1
15:05:15 | INFO: Extracting primitive: front_left_rim
15:05:15 | INFO: Primitives created: 1
15:05:15 | INFO: Extracting primitive: front_left_tire
15:05:15 | INFO: Primitives created: 1
15:05:15 | INFO: Extracting primitive: front_right_brake_disc
15:05:15 | INFO: Primitives created: 1
15:05:15 | INFO: Extracting primitive: front_right_brake_disc.001
15:05:15 | INFO: Primitives created: 1
15:05:15 | INFO: Extracting primitive: front_right_hub
15:05:15 | INFO: Primitives created: 1
15:05:15 | INFO: Extracting primitive: front_right_machined_spoke
15:05:15 | INFO: Primitives created: 1
15:05:15 | INFO: Extracting primitive: front_right_machined_spoke.001
15:05:15 | INFO: Primitives created: 1
15:05:15 | INFO: Extracting primitive: front_right_machined_spoke.002
15:05:15 | INFO: Primitives created: 1
15:05:15 | INFO: Extracting primitive: front_right_machined_spoke.003
15:05:15 | INFO: Primitives created: 1
15:05:15 | INFO: Extracting primitive: front_right_machined_spoke.004
15:05:15 | INFO: Primitives created: 1
15:05:15 | INFO: Extracting primitive: front_right_machined_spoke.005
15:05:15 | INFO: Primitives created: 1
15:05:15 | INFO: Extracting primitive: front_right_machined_spoke.006
15:05:15 | INFO: Primitives created: 1
15:05:15 | INFO: Extracting primitive: front_right_machined_spoke.007
15:05:15 | INFO: Primitives created: 1
15:05:15 | INFO: Extracting primitive: front_right_machined_spoke.008
15:05:15 | INFO: Primitives created: 1
15:05:15 | INFO: Extracting primitive: front_right_machined_spoke.009
15:05:15 | INFO: Primitives created: 1
15:05:15 | INFO: Extracting primitive: front_right_machined_spoke.010
15:05:15 | INFO: Primitives created: 1
15:05:15 | INFO: Extracting primitive: front_right_machined_spoke.011
15:05:15 | INFO: Primitives created: 1
15:05:15 | INFO: Extracting primitive: front_right_machined_spoke.012
15:05:15 | INFO: Primitives created: 1
15:05:15 | INFO: Extracting primitive: front_right_machined_spoke.013
15:05:15 | INFO: Primitives created: 1
15:05:15 | INFO: Extracting primitive: front_right_machined_spoke.014
15:05:15 | INFO: Primitives created: 1
15:05:15 | INFO: Extracting primitive: front_right_machined_spoke.015
15:05:15 | INFO: Primitives created: 1
15:05:15 | INFO: Extracting primitive: front_right_machined_spoke.016
15:05:15 | INFO: Primitives created: 1
15:05:15 | INFO: Extracting primitive: front_right_machined_spoke.017
15:05:15 | INFO: Primitives created: 1
15:05:15 | INFO: Extracting primitive: front_right_machined_spoke.018
15:05:15 | INFO: Primitives created: 1
15:05:15 | INFO: Extracting primitive: front_right_machined_spoke.019
15:05:15 | INFO: Primitives created: 1
15:05:15 | INFO: Extracting primitive: front_right_rim
15:05:15 | INFO: Primitives created: 1
15:05:15 | INFO: Extracting primitive: front_right_tire
15:05:15 | INFO: Primitives created: 1
15:05:15 | INFO: Extracting primitive: rear_brake_disc
15:05:15 | INFO: Primitives created: 1
15:05:15 | INFO: Extracting primitive: rear_brake_disc.001
15:05:15 | INFO: Primitives created: 1
15:05:15 | INFO: Extracting primitive: rear_hub
15:05:15 | INFO: Primitives created: 1
15:05:15 | INFO: Extracting primitive: rear_machined_spoke
15:05:15 | INFO: Primitives created: 1
15:05:15 | INFO: Extracting primitive: rear_machined_spoke.001
15:05:15 | INFO: Primitives created: 1
15:05:15 | INFO: Extracting primitive: rear_machined_spoke.002
15:05:15 | INFO: Primitives created: 1
15:05:15 | INFO: Extracting primitive: rear_machined_spoke.003
15:05:15 | INFO: Primitives created: 1
15:05:15 | INFO: Extracting primitive: rear_machined_spoke.004
15:05:15 | INFO: Primitives created: 1
15:05:15 | INFO: Extracting primitive: rear_machined_spoke.005
15:05:15 | INFO: Primitives created: 1
15:05:15 | INFO: Extracting primitive: rear_machined_spoke.006
15:05:15 | INFO: Primitives created: 1
15:05:15 | INFO: Extracting primitive: rear_machined_spoke.007
15:05:15 | INFO: Primitives created: 1
15:05:15 | INFO: Extracting primitive: rear_machined_spoke.008
15:05:15 | INFO: Primitives created: 1
15:05:15 | INFO: Extracting primitive: rear_machined_spoke.009
15:05:15 | INFO: Primitives created: 1
15:05:15 | INFO: Extracting primitive: rear_machined_spoke.010
15:05:15 | INFO: Primitives created: 1
15:05:15 | INFO: Extracting primitive: rear_machined_spoke.011
15:05:15 | INFO: Primitives created: 1
15:05:15 | INFO: Extracting primitive: rear_machined_spoke.012
15:05:15 | INFO: Primitives created: 1
15:05:15 | INFO: Extracting primitive: rear_machined_spoke.013
15:05:15 | INFO: Primitives created: 1
15:05:15 | INFO: Extracting primitive: rear_machined_spoke.014
15:05:15 | INFO: Primitives created: 1
15:05:15 | INFO: Extracting primitive: rear_machined_spoke.015
15:05:15 | INFO: Primitives created: 1
15:05:15 | INFO: Extracting primitive: rear_machined_spoke.016
15:05:15 | INFO: Primitives created: 1
15:05:15 | INFO: Extracting primitive: rear_machined_spoke.017
15:05:15 | INFO: Primitives created: 1
15:05:15 | INFO: Extracting primitive: rear_machined_spoke.018
15:05:15 | INFO: Primitives created: 1
15:05:15 | INFO: Extracting primitive: rear_machined_spoke.019
15:05:15 | INFO: Primitives created: 1
15:05:15 | INFO: Extracting primitive: rear_rim
15:05:15 | INFO: Primitives created: 1
15:05:15 | INFO: Extracting primitive: rear_tire
15:05:15 | INFO: Primitives created: 1
15:05:15 | INFO: Extracting primitive: Cylinder.003
15:05:15 | INFO: Primitives created: 1
15:05:15 | INFO: Extracting primitive: Cylinder.004
15:05:15 | INFO: Primitives created: 1
15:05:15 | INFO: Extracting primitive: Cylinder.005
15:05:15 | INFO: Primitives created: 1
15:05:15 | INFO: Extracting primitive: Cylinder.006
15:05:15 | INFO: Primitives created: 1
15:05:15 | INFO: Extracting primitive: Cylinder.007
15:05:15 | INFO: Primitives created: 1
15:05:15 | INFO: Extracting primitive: front_spring_left
15:05:15 | INFO: Primitives created: 1
15:05:15 | INFO: Extracting primitive: Cylinder.011
15:05:15 | INFO: Primitives created: 1
15:05:15 | INFO: Extracting primitive: Cylinder.012
15:05:15 | INFO: Primitives created: 1
15:05:15 | INFO: Extracting primitive: Cylinder.013
15:05:15 | INFO: Primitives created: 1
15:05:15 | INFO: Extracting primitive: Cylinder.014
15:05:15 | INFO: Primitives created: 1
15:05:15 | INFO: Extracting primitive: Cylinder.015
15:05:15 | INFO: Primitives created: 1
15:05:15 | INFO: Extracting primitive: front_spring_right
15:05:15 | INFO: Primitives created: 1
15:05:15 | INFO: Extracting primitive: drive_belt
15:05:15 | INFO: Primitives created: 1
15:05:15 | INFO: Extracting primitive: Cylinder.033
15:05:15 | INFO: Primitives created: 1
15:05:15 | INFO: Extracting primitive: rear_coil
15:05:15 | INFO: Primitives created: 1
15:05:15 | INFO: Extracting primitive: Cylinder.034
15:05:15 | INFO: Primitives created: 1
15:05:15 | INFO: Extracting primitive: single_sided_swingarm
15:05:15 | INFO: Primitives created: 1
15:05:15 | INFO: Finished glTF 2.0 export in 0.26897311210632324 s

Info: Saved as "vehicles-scale-blockouts.blend"
15:05:15 | INFO: Starting glTF 2.0 export
15:05:15 | INFO: Extracting primitive: handlebars.001
15:05:15 | INFO: Primitives created: 1
15:05:15 | INFO: Extracting primitive: Cylinder.035
15:05:15 | INFO: Primitives created: 1
15:05:15 | INFO: Extracting primitive: ryker_rally_body_envelope
15:05:15 | INFO: Primitives created: 1
15:05:15 | INFO: Extracting primitive: ryker_rally_front_left_brake_disc
15:05:15 | INFO: Primitives created: 1
15:05:15 | INFO: Extracting primitive: ryker_rally_front_left_brake_disc.001
15:05:15 | INFO: Primitives created: 1
15:05:15 | INFO: Extracting primitive: ryker_rally_front_left_hub
15:05:15 | INFO: Primitives created: 1
15:05:15 | INFO: Extracting primitive: ryker_rally_front_left_machined_spoke
15:05:15 | INFO: Primitives created: 1
15:05:15 | INFO: Extracting primitive: ryker_rally_front_left_machined_spoke.001
15:05:15 | INFO: Primitives created: 1
15:05:15 | INFO: Extracting primitive: ryker_rally_front_left_machined_spoke.002
15:05:15 | INFO: Primitives created: 1
15:05:15 | INFO: Extracting primitive: ryker_rally_front_left_machined_spoke.003
15:05:15 | INFO: Primitives created: 1
15:05:15 | INFO: Extracting primitive: ryker_rally_front_left_machined_spoke.004
15:05:15 | INFO: Primitives created: 1
15:05:15 | INFO: Extracting primitive: ryker_rally_front_left_machined_spoke.005
15:05:15 | INFO: Primitives created: 1
15:05:15 | INFO: Extracting primitive: ryker_rally_front_left_machined_spoke.006
15:05:15 | INFO: Primitives created: 1
15:05:15 | INFO: Extracting primitive: ryker_rally_front_left_machined_spoke.007
15:05:15 | INFO: Primitives created: 1
15:05:15 | INFO: Extracting primitive: ryker_rally_front_left_machined_spoke.008
15:05:15 | INFO: Primitives created: 1
15:05:15 | INFO: Extracting primitive: ryker_rally_front_left_machined_spoke.009
15:05:15 | INFO: Primitives created: 1
15:05:15 | INFO: Extracting primitive: ryker_rally_front_left_machined_spoke.010
15:05:15 | INFO: Primitives created: 1
15:05:15 | INFO: Extracting primitive: ryker_rally_front_left_machined_spoke.011
15:05:15 | INFO: Primitives created: 1
15:05:15 | INFO: Extracting primitive: ryker_rally_front_left_machined_spoke.012
15:05:15 | INFO: Primitives created: 1
15:05:15 | INFO: Extracting primitive: ryker_rally_front_left_machined_spoke.013
15:05:15 | INFO: Primitives created: 1
15:05:15 | INFO: Extracting primitive: ryker_rally_front_left_machined_spoke.014
15:05:15 | INFO: Primitives created: 1
15:05:15 | INFO: Extracting primitive: ryker_rally_front_left_machined_spoke.015
15:05:15 | INFO: Primitives created: 1
15:05:15 | INFO: Extracting primitive: ryker_rally_front_left_machined_spoke.016
15:05:15 | INFO: Primitives created: 1
15:05:15 | INFO: Extracting primitive: ryker_rally_front_left_machined_spoke.017
15:05:15 | INFO: Primitives created: 1
15:05:15 | INFO: Extracting primitive: ryker_rally_front_left_machined_spoke.018
15:05:15 | INFO: Primitives created: 1
15:05:15 | INFO: Extracting primitive: ryker_rally_front_left_machined_spoke.019
15:05:15 | INFO: Primitives created: 1
15:05:15 | INFO: Extracting primitive: ryker_rally_front_left_rim
15:05:15 | INFO: Primitives created: 1
15:05:15 | INFO: Extracting primitive: ryker_rally_front_left_tire
15:05:15 | INFO: Primitives created: 1
15:05:15 | INFO: Extracting primitive: ryker_rally_front_right_brake_disc
15:05:15 | INFO: Primitives created: 1
15:05:15 | INFO: Extracting primitive: ryker_rally_front_right_brake_disc.001
15:05:15 | INFO: Primitives created: 1
15:05:15 | INFO: Extracting primitive: ryker_rally_front_right_hub
15:05:15 | INFO: Primitives created: 1
15:05:15 | INFO: Extracting primitive: ryker_rally_front_right_machined_spoke
15:05:15 | INFO: Primitives created: 1
15:05:15 | INFO: Extracting primitive: ryker_rally_front_right_machined_spoke.001
15:05:15 | INFO: Primitives created: 1
15:05:15 | INFO: Extracting primitive: ryker_rally_front_right_machined_spoke.002
15:05:15 | INFO: Primitives created: 1
15:05:15 | INFO: Extracting primitive: ryker_rally_front_right_machined_spoke.003
15:05:15 | INFO: Primitives created: 1
15:05:15 | INFO: Extracting primitive: ryker_rally_front_right_machined_spoke.004
15:05:15 | INFO: Primitives created: 1
15:05:15 | INFO: Extracting primitive: ryker_rally_front_right_machined_spoke.005
15:05:15 | INFO: Primitives created: 1
15:05:15 | INFO: Extracting primitive: ryker_rally_front_right_machined_spoke.006
15:05:15 | INFO: Primitives created: 1
15:05:15 | INFO: Extracting primitive: ryker_rally_front_right_machined_spoke.007
15:05:15 | INFO: Primitives created: 1
15:05:15 | INFO: Extracting primitive: ryker_rally_front_right_machined_spoke.008
15:05:15 | INFO: Primitives created: 1
15:05:15 | INFO: Extracting primitive: ryker_rally_front_right_machined_spoke.009
15:05:15 | INFO: Primitives created: 1
15:05:15 | INFO: Extracting primitive: ryker_rally_front_right_machined_spoke.010
15:05:15 | INFO: Primitives created: 1
15:05:15 | INFO: Extracting primitive: ryker_rally_front_right_machined_spoke.011
15:05:15 | INFO: Primitives created: 1
15:05:15 | INFO: Extracting primitive: ryker_rally_front_right_machined_spoke.012
15:05:15 | INFO: Primitives created: 1
15:05:15 | INFO: Extracting primitive: ryker_rally_front_right_machined_spoke.013
15:05:15 | INFO: Primitives created: 1
15:05:15 | INFO: Extracting primitive: ryker_rally_front_right_machined_spoke.014
15:05:15 | INFO: Primitives created: 1
15:05:15 | INFO: Extracting primitive: ryker_rally_front_right_machined_spoke.015
15:05:15 | INFO: Primitives created: 1
15:05:15 | INFO: Extracting primitive: ryker_rally_front_right_machined_spoke.016
15:05:15 | INFO: Primitives created: 1
15:05:15 | INFO: Extracting primitive: ryker_rally_front_right_machined_spoke.017
15:05:15 | INFO: Primitives created: 1
15:05:15 | INFO: Extracting primitive: ryker_rally_front_right_machined_spoke.018
15:05:15 | INFO: Primitives created: 1
15:05:15 | INFO: Extracting primitive: ryker_rally_front_right_machined_spoke.019
15:05:15 | INFO: Primitives created: 1
15:05:15 | INFO: Extracting primitive: ryker_rally_front_right_rim
15:05:15 | INFO: Primitives created: 1
15:05:15 | INFO: Extracting primitive: ryker_rally_front_right_tire
15:05:15 | INFO: Primitives created: 1
15:05:15 | INFO: Extracting primitive: ryker_rally_rear_brake_disc
15:05:15 | INFO: Primitives created: 1
15:05:15 | INFO: Extracting primitive: ryker_rally_rear_brake_disc.001
15:05:15 | INFO: Primitives created: 1
15:05:15 | INFO: Extracting primitive: ryker_rally_rear_hub
15:05:15 | INFO: Primitives created: 1
15:05:15 | INFO: Extracting primitive: ryker_rally_rear_machined_spoke
15:05:15 | INFO: Primitives created: 1
15:05:15 | INFO: Extracting primitive: ryker_rally_rear_machined_spoke.001
15:05:15 | INFO: Primitives created: 1
15:05:15 | INFO: Extracting primitive: ryker_rally_rear_machined_spoke.002
15:05:15 | INFO: Primitives created: 1
15:05:15 | INFO: Extracting primitive: ryker_rally_rear_machined_spoke.003
15:05:15 | INFO: Primitives created: 1
15:05:15 | INFO: Extracting primitive: ryker_rally_rear_machined_spoke.004
15:05:15 | INFO: Primitives created: 1
15:05:15 | INFO: Extracting primitive: ryker_rally_rear_machined_spoke.005
15:05:15 | INFO: Primitives created: 1
15:05:15 | INFO: Extracting primitive: ryker_rally_rear_machined_spoke.006
15:05:15 | INFO: Primitives created: 1
15:05:15 | INFO: Extracting primitive: ryker_rally_rear_machined_spoke.007
15:05:15 | INFO: Primitives created: 1
15:05:15 | INFO: Extracting primitive: ryker_rally_rear_machined_spoke.008
15:05:15 | INFO: Primitives created: 1
15:05:15 | INFO: Extracting primitive: ryker_rally_rear_machined_spoke.009
15:05:15 | INFO: Primitives created: 1
15:05:15 | INFO: Extracting primitive: ryker_rally_rear_machined_spoke.010
15:05:15 | INFO: Primitives created: 1
15:05:15 | INFO: Extracting primitive: ryker_rally_rear_machined_spoke.011
15:05:15 | INFO: Primitives created: 1
15:05:15 | INFO: Extracting primitive: ryker_rally_rear_machined_spoke.012
15:05:15 | INFO: Primitives created: 1
15:05:15 | INFO: Extracting primitive: ryker_rally_rear_machined_spoke.013
15:05:15 | INFO: Primitives created: 1
15:05:15 | INFO: Extracting primitive: ryker_rally_rear_machined_spoke.014
15:05:15 | INFO: Primitives created: 1
15:05:15 | INFO: Extracting primitive: ryker_rally_rear_machined_spoke.015
15:05:15 | INFO: Primitives created: 1
15:05:15 | INFO: Extracting primitive: ryker_rally_rear_machined_spoke.016
15:05:15 | INFO: Primitives created: 1
15:05:15 | INFO: Extracting primitive: ryker_rally_rear_machined_spoke.017
15:05:15 | INFO: Primitives created: 1
15:05:15 | INFO: Extracting primitive: ryker_rally_rear_machined_spoke.018
15:05:15 | INFO: Primitives created: 1
15:05:15 | INFO: Extracting primitive: ryker_rally_rear_machined_spoke.019
15:05:15 | INFO: Primitives created: 1
15:05:15 | INFO: Extracting primitive: ryker_rally_rear_rim
15:05:15 | INFO: Primitives created: 1
15:05:15 | INFO: Extracting primitive: ryker_rally_rear_tire
15:05:15 | INFO: Primitives created: 1
15:05:15 | INFO: Extracting primitive: tandem_seat.001
15:05:15 | INFO: Primitives created: 1
15:05:15 | INFO: Extracting primitive: scale_roll_height
15:05:15 | INFO: Primitives created: 1
15:05:15 | INFO: Extracting primitive: scale_seat
15:05:15 | INFO: Primitives created: 1
15:05:15 | INFO: Extracting primitive: scale_seat.001
15:05:15 | INFO: Primitives created: 1
15:05:15 | INFO: Extracting primitive: slingshot_body_envelope
15:05:15 | INFO: Primitives created: 1
15:05:15 | INFO: Extracting primitive: slingshot_front_left_brake_disc
15:05:15 | INFO: Primitives created: 1
15:05:15 | INFO: Extracting primitive: slingshot_front_left_brake_disc.001
15:05:15 | INFO: Primitives created: 1
15:05:15 | INFO: Extracting primitive: slingshot_front_left_hub
15:05:15 | INFO: Primitives created: 1
15:05:15 | INFO: Extracting primitive: slingshot_front_left_machined_spoke
15:05:15 | INFO: Primitives created: 1
15:05:15 | INFO: Extracting primitive: slingshot_front_left_machined_spoke.001
15:05:15 | INFO: Primitives created: 1
15:05:15 | INFO: Extracting primitive: slingshot_front_left_machined_spoke.002
15:05:15 | INFO: Primitives created: 1
15:05:15 | INFO: Extracting primitive: slingshot_front_left_machined_spoke.003
15:05:15 | INFO: Primitives created: 1
15:05:15 | INFO: Extracting primitive: slingshot_front_left_machined_spoke.004
15:05:15 | INFO: Primitives created: 1
15:05:15 | INFO: Extracting primitive: slingshot_front_left_machined_spoke.005
15:05:15 | INFO: Primitives created: 1
15:05:15 | INFO: Extracting primitive: slingshot_front_left_machined_spoke.006
15:05:15 | INFO: Primitives created: 1
15:05:15 | INFO: Extracting primitive: slingshot_front_left_machined_spoke.007
15:05:15 | INFO: Primitives created: 1
15:05:15 | INFO: Extracting primitive: slingshot_front_left_machined_spoke.008
15:05:15 | INFO: Primitives created: 1
15:05:15 | INFO: Extracting primitive: slingshot_front_left_machined_spoke.009
15:05:15 | INFO: Primitives created: 1
15:05:15 | INFO: Extracting primitive: slingshot_front_left_machined_spoke.010
15:05:15 | INFO: Primitives created: 1
15:05:15 | INFO: Extracting primitive: slingshot_front_left_machined_spoke.011
15:05:15 | INFO: Primitives created: 1
15:05:15 | INFO: Extracting primitive: slingshot_front_left_machined_spoke.012
15:05:15 | INFO: Primitives created: 1
15:05:15 | INFO: Extracting primitive: slingshot_front_left_machined_spoke.013
15:05:15 | INFO: Primitives created: 1
15:05:15 | INFO: Extracting primitive: slingshot_front_left_machined_spoke.014
15:05:15 | INFO: Primitives created: 1
15:05:15 | INFO: Extracting primitive: slingshot_front_left_machined_spoke.015
15:05:15 | INFO: Primitives created: 1
15:05:15 | INFO: Extracting primitive: slingshot_front_left_machined_spoke.016
15:05:15 | INFO: Primitives created: 1
15:05:15 | INFO: Extracting primitive: slingshot_front_left_machined_spoke.017
15:05:15 | INFO: Primitives created: 1
15:05:15 | INFO: Extracting primitive: slingshot_front_left_machined_spoke.018
15:05:15 | INFO: Primitives created: 1
15:05:15 | INFO: Extracting primitive: slingshot_front_left_machined_spoke.019
15:05:15 | INFO: Primitives created: 1
15:05:15 | INFO: Extracting primitive: slingshot_front_left_rim
15:05:15 | INFO: Primitives created: 1
15:05:15 | INFO: Extracting primitive: slingshot_front_left_tire
15:05:15 | INFO: Primitives created: 1
15:05:15 | INFO: Extracting primitive: slingshot_front_right_brake_disc
15:05:15 | INFO: Primitives created: 1
15:05:15 | INFO: Extracting primitive: slingshot_front_right_brake_disc.001
15:05:15 | INFO: Primitives created: 1
15:05:15 | INFO: Extracting primitive: slingshot_front_right_hub
15:05:15 | INFO: Primitives created: 1
15:05:15 | INFO: Extracting primitive: slingshot_front_right_machined_spoke
15:05:15 | INFO: Primitives created: 1
15:05:15 | INFO: Extracting primitive: slingshot_front_right_machined_spoke.001
15:05:15 | INFO: Primitives created: 1
15:05:15 | INFO: Extracting primitive: slingshot_front_right_machined_spoke.002
15:05:15 | INFO: Primitives created: 1
15:05:15 | INFO: Extracting primitive: slingshot_front_right_machined_spoke.003
15:05:15 | INFO: Primitives created: 1
15:05:15 | INFO: Extracting primitive: slingshot_front_right_machined_spoke.004
15:05:15 | INFO: Primitives created: 1
15:05:15 | INFO: Extracting primitive: slingshot_front_right_machined_spoke.005
15:05:15 | INFO: Primitives created: 1
15:05:15 | INFO: Extracting primitive: slingshot_front_right_machined_spoke.006
15:05:15 | INFO: Primitives created: 1
15:05:15 | INFO: Extracting primitive: slingshot_front_right_machined_spoke.007
15:05:15 | INFO: Primitives created: 1
15:05:15 | INFO: Extracting primitive: slingshot_front_right_machined_spoke.008
15:05:15 | INFO: Primitives created: 1
15:05:15 | INFO: Extracting primitive: slingshot_front_right_machined_spoke.009
15:05:15 | INFO: Primitives created: 1
15:05:15 | INFO: Extracting primitive: slingshot_front_right_machined_spoke.010
15:05:15 | INFO: Primitives created: 1
15:05:15 | INFO: Extracting primitive: slingshot_front_right_machined_spoke.011
15:05:15 | INFO: Primitives created: 1
15:05:15 | INFO: Extracting primitive: slingshot_front_right_machined_spoke.012
15:05:15 | INFO: Primitives created: 1
15:05:15 | INFO: Extracting primitive: slingshot_front_right_machined_spoke.013
15:05:15 | INFO: Primitives created: 1
15:05:15 | INFO: Extracting primitive: slingshot_front_right_machined_spoke.014
15:05:15 | INFO: Primitives created: 1
15:05:15 | INFO: Extracting primitive: slingshot_front_right_machined_spoke.015
15:05:15 | INFO: Primitives created: 1
15:05:15 | INFO: Extracting primitive: slingshot_front_right_machined_spoke.016
15:05:15 | INFO: Primitives created: 1
15:05:15 | INFO: Extracting primitive: slingshot_front_right_machined_spoke.017
15:05:15 | INFO: Primitives created: 1
15:05:15 | INFO: Extracting primitive: slingshot_front_right_machined_spoke.018
15:05:15 | INFO: Primitives created: 1
15:05:15 | INFO: Extracting primitive: slingshot_front_right_machined_spoke.019
15:05:15 | INFO: Primitives created: 1
15:05:15 | INFO: Extracting primitive: slingshot_front_right_rim
15:05:15 | INFO: Primitives created: 1
15:05:15 | INFO: Extracting primitive: slingshot_front_right_tire
15:05:15 | INFO: Primitives created: 1
15:05:15 | INFO: Extracting primitive: slingshot_rear_brake_disc
15:05:15 | INFO: Primitives created: 1
15:05:15 | INFO: Extracting primitive: slingshot_rear_brake_disc.001
15:05:15 | INFO: Primitives created: 1
15:05:15 | INFO: Extracting primitive: slingshot_rear_hub
15:05:15 | INFO: Primitives created: 1
15:05:15 | INFO: Extracting primitive: slingshot_rear_machined_spoke
15:05:15 | INFO: Primitives created: 1
15:05:15 | INFO: Extracting primitive: slingshot_rear_machined_spoke.001
15:05:15 | INFO: Primitives created: 1
15:05:15 | INFO: Extracting primitive: slingshot_rear_machined_spoke.002
15:05:15 | INFO: Primitives created: 1
15:05:15 | INFO: Extracting primitive: slingshot_rear_machined_spoke.003
15:05:15 | INFO: Primitives created: 1
15:05:15 | INFO: Extracting primitive: slingshot_rear_machined_spoke.004
15:05:15 | INFO: Primitives created: 1
15:05:15 | INFO: Extracting primitive: slingshot_rear_machined_spoke.005
15:05:15 | INFO: Primitives created: 1
15:05:15 | INFO: Extracting primitive: slingshot_rear_machined_spoke.006
15:05:15 | INFO: Primitives created: 1
15:05:15 | INFO: Extracting primitive: slingshot_rear_machined_spoke.007
15:05:15 | INFO: Primitives created: 1
15:05:15 | INFO: Extracting primitive: slingshot_rear_machined_spoke.008
15:05:15 | INFO: Primitives created: 1
15:05:15 | INFO: Extracting primitive: slingshot_rear_machined_spoke.009
15:05:15 | INFO: Primitives created: 1
15:05:15 | INFO: Extracting primitive: slingshot_rear_machined_spoke.010
15:05:15 | INFO: Primitives created: 1
15:05:15 | INFO: Extracting primitive: slingshot_rear_machined_spoke.011
15:05:15 | INFO: Primitives created: 1
15:05:15 | INFO: Extracting primitive: slingshot_rear_machined_spoke.012
15:05:15 | INFO: Primitives created: 1
15:05:15 | INFO: Extracting primitive: slingshot_rear_machined_spoke.013
15:05:15 | INFO: Primitives created: 1
15:05:15 | INFO: Extracting primitive: slingshot_rear_machined_spoke.014
15:05:15 | INFO: Primitives created: 1
15:05:15 | INFO: Extracting primitive: slingshot_rear_machined_spoke.015
15:05:15 | INFO: Primitives created: 1
15:05:15 | INFO: Extracting primitive: slingshot_rear_machined_spoke.016
15:05:15 | INFO: Primitives created: 1
15:05:15 | INFO: Extracting primitive: slingshot_rear_machined_spoke.017
15:05:15 | INFO: Primitives created: 1
15:05:15 | INFO: Extracting primitive: slingshot_rear_machined_spoke.018
15:05:15 | INFO: Primitives created: 1
15:05:15 | INFO: Extracting primitive: slingshot_rear_machined_spoke.019
15:05:15 | INFO: Primitives created: 1
15:05:15 | INFO: Extracting primitive: slingshot_rear_rim
15:05:15 | INFO: Primitives created: 1
15:05:15 | INFO: Extracting primitive: slingshot_rear_tire
15:05:15 | INFO: Primitives created: 1
15:05:15 | INFO: Extracting primitive: f3t_luggage
15:05:15 | INFO: Primitives created: 1
15:05:15 | INFO: Extracting primitive: f3t_luggage.001
15:05:15 | INFO: Primitives created: 1
15:05:15 | INFO: Extracting primitive: f3t_windshield
15:05:15 | INFO: Primitives created: 1
15:05:15 | INFO: Extracting primitive: handlebars
15:05:15 | INFO: Primitives created: 1
15:05:15 | INFO: Extracting primitive: spyder_f3t_body_envelope
15:05:15 | INFO: Primitives created: 1
15:05:15 | INFO: Extracting primitive: spyder_f3t_front_left_brake_disc
15:05:15 | INFO: Primitives created: 1
15:05:15 | INFO: Extracting primitive: spyder_f3t_front_left_brake_disc.001
15:05:15 | INFO: Primitives created: 1
15:05:15 | INFO: Extracting primitive: spyder_f3t_front_left_hub
15:05:15 | INFO: Primitives created: 1
15:05:15 | INFO: Extracting primitive: spyder_f3t_front_left_machined_spoke
15:05:15 | INFO: Primitives created: 1
15:05:15 | INFO: Extracting primitive: spyder_f3t_front_left_machined_spoke.001
15:05:15 | INFO: Primitives created: 1
15:05:15 | INFO: Extracting primitive: spyder_f3t_front_left_machined_spoke.002
15:05:15 | INFO: Primitives created: 1
15:05:15 | INFO: Extracting primitive: spyder_f3t_front_left_machined_spoke.003
15:05:15 | INFO: Primitives created: 1
15:05:15 | INFO: Extracting primitive: spyder_f3t_front_left_machined_spoke.004
15:05:15 | INFO: Primitives created: 1
15:05:15 | INFO: Extracting primitive: spyder_f3t_front_left_machined_spoke.005
15:05:15 | INFO: Primitives created: 1
15:05:15 | INFO: Extracting primitive: spyder_f3t_front_left_machined_spoke.006
15:05:15 | INFO: Primitives created: 1
15:05:15 | INFO: Extracting primitive: spyder_f3t_front_left_machined_spoke.007
15:05:15 | INFO: Primitives created: 1
15:05:15 | INFO: Extracting primitive: spyder_f3t_front_left_machined_spoke.008
15:05:15 | INFO: Primitives created: 1
15:05:15 | INFO: Extracting primitive: spyder_f3t_front_left_machined_spoke.009
15:05:15 | INFO: Primitives created: 1
15:05:15 | INFO: Extracting primitive: spyder_f3t_front_left_machined_spoke.010
15:05:15 | INFO: Primitives created: 1
15:05:15 | INFO: Extracting primitive: spyder_f3t_front_left_machined_spoke.011
15:05:15 | INFO: Primitives created: 1
15:05:15 | INFO: Extracting primitive: spyder_f3t_front_left_machined_spoke.012
15:05:15 | INFO: Primitives created: 1
15:05:15 | INFO: Extracting primitive: spyder_f3t_front_left_machined_spoke.013
15:05:15 | INFO: Primitives created: 1
15:05:15 | INFO: Extracting primitive: spyder_f3t_front_left_machined_spoke.014
15:05:15 | INFO: Primitives created: 1
15:05:15 | INFO: Extracting primitive: spyder_f3t_front_left_machined_spoke.015
15:05:15 | INFO: Primitives created: 1
15:05:15 | INFO: Extracting primitive: spyder_f3t_front_left_machined_spoke.016
15:05:15 | INFO: Primitives created: 1
15:05:15 | INFO: Extracting primitive: spyder_f3t_front_left_machined_spoke.017
15:05:15 | INFO: Primitives created: 1
15:05:15 | INFO: Extracting primitive: spyder_f3t_front_left_machined_spoke.018
15:05:15 | INFO: Primitives created: 1
15:05:15 | INFO: Extracting primitive: spyder_f3t_front_left_machined_spoke.019
15:05:15 | INFO: Primitives created: 1
15:05:15 | INFO: Extracting primitive: spyder_f3t_front_left_rim
15:05:15 | INFO: Primitives created: 1
15:05:15 | INFO: Extracting primitive: spyder_f3t_front_left_tire
15:05:15 | INFO: Primitives created: 1
15:05:15 | INFO: Extracting primitive: spyder_f3t_front_right_brake_disc
15:05:15 | INFO: Primitives created: 1
15:05:15 | INFO: Extracting primitive: spyder_f3t_front_right_brake_disc.001
15:05:15 | INFO: Primitives created: 1
15:05:15 | INFO: Extracting primitive: spyder_f3t_front_right_hub
15:05:15 | INFO: Primitives created: 1
15:05:15 | INFO: Extracting primitive: spyder_f3t_front_right_machined_spoke
15:05:15 | INFO: Primitives created: 1
15:05:15 | INFO: Extracting primitive: spyder_f3t_front_right_machined_spoke.001
15:05:15 | INFO: Primitives created: 1
15:05:15 | INFO: Extracting primitive: spyder_f3t_front_right_machined_spoke.002
15:05:15 | INFO: Primitives created: 1
15:05:15 | INFO: Extracting primitive: spyder_f3t_front_right_machined_spoke.003
15:05:15 | INFO: Primitives created: 1
15:05:15 | INFO: Extracting primitive: spyder_f3t_front_right_machined_spoke.004
15:05:15 | INFO: Primitives created: 1
15:05:15 | INFO: Extracting primitive: spyder_f3t_front_right_machined_spoke.005
15:05:15 | INFO: Primitives created: 1
15:05:15 | INFO: Extracting primitive: spyder_f3t_front_right_machined_spoke.006
15:05:15 | INFO: Primitives created: 1
15:05:15 | INFO: Extracting primitive: spyder_f3t_front_right_machined_spoke.007
15:05:15 | INFO: Primitives created: 1
15:05:15 | INFO: Extracting primitive: spyder_f3t_front_right_machined_spoke.008
15:05:15 | INFO: Primitives created: 1
15:05:15 | INFO: Extracting primitive: spyder_f3t_front_right_machined_spoke.009
15:05:15 | INFO: Primitives created: 1
15:05:15 | INFO: Extracting primitive: spyder_f3t_front_right_machined_spoke.010
15:05:15 | INFO: Primitives created: 1
15:05:15 | INFO: Extracting primitive: spyder_f3t_front_right_machined_spoke.011
15:05:15 | INFO: Primitives created: 1
15:05:15 | INFO: Extracting primitive: spyder_f3t_front_right_machined_spoke.012
15:05:15 | INFO: Primitives created: 1
15:05:15 | INFO: Extracting primitive: spyder_f3t_front_right_machined_spoke.013
15:05:15 | INFO: Primitives created: 1
15:05:15 | INFO: Extracting primitive: spyder_f3t_front_right_machined_spoke.014
15:05:15 | INFO: Primitives created: 1
15:05:15 | INFO: Extracting primitive: spyder_f3t_front_right_machined_spoke.015
15:05:15 | INFO: Primitives created: 1
15:05:15 | INFO: Extracting primitive: spyder_f3t_front_right_machined_spoke.016
15:05:15 | INFO: Primitives created: 1
15:05:15 | INFO: Extracting primitive: spyder_f3t_front_right_machined_spoke.017
15:05:15 | INFO: Primitives created: 1
15:05:15 | INFO: Extracting primitive: spyder_f3t_front_right_machined_spoke.018
15:05:15 | INFO: Primitives created: 1
15:05:15 | INFO: Extracting primitive: spyder_f3t_front_right_machined_spoke.019
15:05:15 | INFO: Primitives created: 1
15:05:15 | INFO: Extracting primitive: spyder_f3t_front_right_rim
15:05:15 | INFO: Primitives created: 1
15:05:15 | INFO: Extracting primitive: spyder_f3t_front_right_tire
15:05:15 | INFO: Primitives created: 1
15:05:15 | INFO: Extracting primitive: spyder_f3t_rear_brake_disc
15:05:15 | INFO: Primitives created: 1
15:05:15 | INFO: Extracting primitive: spyder_f3t_rear_brake_disc.001
15:05:15 | INFO: Primitives created: 1
15:05:15 | INFO: Extracting primitive: spyder_f3t_rear_hub
15:05:15 | INFO: Primitives created: 1
15:05:15 | INFO: Extracting primitive: spyder_f3t_rear_machined_spoke
15:05:15 | INFO: Primitives created: 1
15:05:15 | INFO: Extracting primitive: spyder_f3t_rear_machined_spoke.001
15:05:15 | INFO: Primitives created: 1
15:05:15 | INFO: Extracting primitive: spyder_f3t_rear_machined_spoke.002
15:05:15 | INFO: Primitives created: 1
15:05:15 | INFO: Extracting primitive: spyder_f3t_rear_machined_spoke.003
15:05:15 | INFO: Primitives created: 1
15:05:15 | INFO: Extracting primitive: spyder_f3t_rear_machined_spoke.004
15:05:15 | INFO: Primitives created: 1
15:05:15 | INFO: Extracting primitive: spyder_f3t_rear_machined_spoke.005
15:05:15 | INFO: Primitives created: 1
15:05:15 | INFO: Extracting primitive: spyder_f3t_rear_machined_spoke.006
15:05:15 | INFO: Primitives created: 1
15:05:15 | INFO: Extracting primitive: spyder_f3t_rear_machined_spoke.007
15:05:15 | INFO: Primitives created: 1
15:05:15 | INFO: Extracting primitive: spyder_f3t_rear_machined_spoke.008
15:05:15 | INFO: Primitives created: 1
15:05:15 | INFO: Extracting primitive: spyder_f3t_rear_machined_spoke.009
15:05:15 | INFO: Primitives created: 1
15:05:15 | INFO: Extracting primitive: spyder_f3t_rear_machined_spoke.010
15:05:15 | INFO: Primitives created: 1
15:05:15 | INFO: Extracting primitive: spyder_f3t_rear_machined_spoke.011
15:05:15 | INFO: Primitives created: 1
15:05:15 | INFO: Extracting primitive: spyder_f3t_rear_machined_spoke.012
15:05:15 | INFO: Primitives created: 1
15:05:15 | INFO: Extracting primitive: spyder_f3t_rear_machined_spoke.013
15:05:15 | INFO: Primitives created: 1
15:05:15 | INFO: Extracting primitive: spyder_f3t_rear_machined_spoke.014
15:05:15 | INFO: Primitives created: 1
15:05:15 | INFO: Extracting primitive: spyder_f3t_rear_machined_spoke.015
15:05:15 | INFO: Primitives created: 1
15:05:15 | INFO: Extracting primitive: spyder_f3t_rear_machined_spoke.016
15:05:15 | INFO: Primitives created: 1
15:05:15 | INFO: Extracting primitive: spyder_f3t_rear_machined_spoke.017
15:05:15 | INFO: Primitives created: 1
15:05:15 | INFO: Extracting primitive: spyder_f3t_rear_machined_spoke.018
15:05:15 | INFO: Primitives created: 1
15:05:15 | INFO: Extracting primitive: spyder_f3t_rear_machined_spoke.019
15:05:15 | INFO: Primitives created: 1
15:05:15 | INFO: Extracting primitive: spyder_f3t_rear_rim
15:05:15 | INFO: Primitives created: 1
15:05:15 | INFO: Extracting primitive: spyder_f3t_rear_tire
15:05:15 | INFO: Primitives created: 1
15:05:15 | INFO: Extracting primitive: tandem_seat
15:05:15 | INFO: Primitives created: 1
15:05:16 | INFO: Finished glTF 2.0 export in 0.281160831451416 s

VEHICLE_MANIFEST {"width": 1.9959999918937683, "length": 3.7989999055862427, "height": 1.3127319812774658} triangles=34688
Blender 4.5.2 LTS (hash ab25eae04993 built 2025-08-20 02:20:52)

Blender quit
