
> slingmods-three-wheel-tour-rebuild@1.0.0 build
> tsc --noEmit && vite build

vite v8.3.0 building client environment for production...
transforming...
✓ 56 modules transformed.
rendering chunks...
computing gzip size...
dist/index.html                            0.73 kB │ gzip:     0.49 kB
dist/assets/save-S_mbsQK_.css              0.86 kB │ gzip:     0.44 kB
dist/assets/workbench-BO_-eGnH.css         4.22 kB │ gzip:     1.45 kB
dist/assets/game-audio-DF9mn4XW.css        8.73 kB │ gzip:     2.68 kB
dist/assets/calibration-B8PY4omZ.js        2.33 kB │ gzip:     1.24 kB
dist/assets/index-iA4Y6Rp-.js              2.79 kB │ gzip:     1.36 kB
dist/assets/OrbitControls-DXkQjvsf.js     19.83 kB │ gzip:     4.41 kB
dist/assets/harbor-DnljL-BC.js            24.42 kB │ gzip:     9.96 kB
dist/assets/workbench-CuTzivGV.js         35.25 kB │ gzip:    12.93 kB
dist/assets/save-BWN-hg7s.js             635.32 kB │ gzip:   160.67 kB
dist/assets/game-audio-x-6SG7I_.js     3,148.08 kB │ gzip: 1,218.19 kB

✓ built in 479ms
[plugin builtin:vite-reporter] 
(!) Some chunks are larger than 500 kB after minification. Consider:
- Using dynamic import() to code-split the application
- Use build.rolldownOptions.output.codeSplitting to improve chunking: https://rolldown.rs/reference/OutputOptions.codeSplitting
- Adjust chunk size limit for this warning via build.chunkSizeWarningLimit.
