
> slingmods-three-wheel-tour-rebuild@1.0.0 build
> tsc --noEmit && vite build

vite v8.3.0 building client environment for production...
transforming...
✓ 56 modules transformed.
rendering chunks...
computing gzip size...
dist/index.html                            0.73 kB │ gzip:     0.49 kB
dist/assets/save-S_mbsQK_.css              0.86 kB │ gzip:     0.44 kB
dist/assets/workbench-BO_-eGnH.css         4.22 kB │ gzip:     1.45 kB
dist/assets/game-audio-DF9mn4XW.css        8.73 kB │ gzip:     2.68 kB
dist/assets/calibration-B8PY4omZ.js        2.33 kB │ gzip:     1.24 kB
dist/assets/index-BcLYyQ4I.js              2.79 kB │ gzip:     1.36 kB
dist/assets/OrbitControls-DXkQjvsf.js     19.83 kB │ gzip:     4.41 kB
dist/assets/harbor-CRQHJ9uR.js            24.33 kB │ gzip:     9.98 kB
dist/assets/workbench-LSmfhAOs.js         35.30 kB │ gzip:    12.96 kB
dist/assets/save-BWN-hg7s.js             635.32 kB │ gzip:   160.67 kB
dist/assets/game-audio-ShGFPo0B.js     3,148.10 kB │ gzip: 1,218.19 kB

✓ built in 335ms
[plugin builtin:vite-reporter] 
(!) Some chunks are larger than 500 kB after minification. Consider:
- Using dynamic import() to code-split the application
- Use build.rolldownOptions.output.codeSplitting to improve chunking: https://rolldown.rs/reference/OutputOptions.codeSplitting
- Adjust chunk size limit for this warning via build.chunkSizeWarningLimit.
(node:34956) [DEP0190] DeprecationWarning: Passing args to a child process with shell option true can lead to security vulnerabilities, as the arguments are not escaped, only concatenated.
(Use `node --trace-deprecation ...` to show where the warning was created)
Frozen Review09 build f5649fb95c81f12ad9531343655767db5ad9bf86
