Info: No new files have been packed
Info: Saved as "slingshot-signature.blend"
INFO Draco mesh compression is available, use library at C:\Users\SM - Dan\Documents\GitHub\slingmods-three-wheel-tour-rebuild\.tools\blender-4.5.2-windows-x64\4.5\scripts\addons_core\io_scene_gltf2\extern_draco.dll
09:44:34 | INFO: Starting glTF 2.0 export
09:44:34 | INFO: Extracting primitive: rear_continuous_drive_belt.001
09:44:34 | WARNING: More than one shader node tex image used for a texture. The resulting glTF sampler will behave like the first shader node tex image.
09:44:34 | INFO: Primitives created: 1
09:44:34 | INFO: Extracting primitive: lights_signals_left_clear_cover.001
09:44:34 | INFO: Primitives created: 1
09:44:34 | INFO: Extracting primitive: lights_signals_left_reflector_cell.005
09:44:34 | INFO: Primitives created: 1
09:44:34 | INFO: Extracting primitive: lights_head_center_clear_cover.001
09:44:34 | INFO: Primitives created: 1
09:44:34 | INFO: Extracting primitive: lights_head_diagonal_left.002
09:44:34 | INFO: Primitives created: 1
09:44:34 | INFO: Extracting primitive: roll_hoop_inner_driver
09:44:34 | WARNING: More than one shader node tex image used for a texture. The resulting glTF sampler will behave like the first shader node tex image.
09:44:34 | INFO: Primitives created: 1
09:44:34 | INFO: Extracting primitive: lights_head_center_projector_eye.005
09:44:34 | INFO: Primitives created: 1
09:44:34 | INFO: Extracting primitive: lights_head_center_reflector_cell.005
09:44:34 | INFO: Primitives created: 1
09:44:34 | INFO: Extracting primitive: exposed_chassis_rail_left
09:44:34 | INFO: Primitives created: 1
09:44:34 | INFO: Extracting primitive: hood_crown_left.001
09:44:34 | WARNING: More than one shader node tex image used for a texture. The resulting glTF sampler will behave like the first shader node tex image.
09:44:34 | INFO: Primitives created: 1
09:44:34 | INFO: Extracting primitive: P03A1_cheek_to_lower_return_left.001
09:44:34 | INFO: Primitives created: 2
09:44:34 | INFO: Extracting primitive: hood_inlet_dark_throat.001
09:44:34 | INFO: Primitives created: 1
09:44:34 | INFO: Extracting primitive: rear_tail_lamp_bed_left.001
09:44:34 | WARNING: More than one shader node tex image used for a texture. The resulting glTF sampler will behave like the first shader node tex image.
09:44:34 | INFO: Primitives created: 1
09:44:34 | INFO: Extracting primitive: lights_brake_left
09:44:34 | INFO: Primitives created: 1
09:44:34 | INFO: Extracting primitive: boarding_sill_shell_left.001
09:44:34 | INFO: Primitives created: 1
09:44:34 | INFO: Extracting primitive: console_round_control_center.001
09:44:34 | INFO: Primitives created: 1
09:44:34 | INFO: Extracting primitive: ride_command_lens.001
09:44:34 | INFO: Primitives created: 1
09:44:34 | INFO: Extracting primitive: instrument_lens.001
09:44:34 | INFO: Primitives created: 1
09:44:34 | INFO: Extracting primitive: console_round_control
09:44:34 | INFO: Primitives created: 1
09:44:34 | INFO: Extracting primitive: autodrive_console_shell.002
09:44:34 | INFO: Primitives created: 1
09:44:34 | INFO: Extracting primitive: console_pocket_floor.001
09:44:34 | INFO: Primitives created: 1
09:44:34 | INFO: Extracting primitive: P03A1_label_D.001
09:44:34 | INFO: Primitives created: 1
09:44:34 | INFO: Extracting primitive: cockpit_firewall.001
09:44:34 | INFO: Primitives created: 1
09:44:34 | INFO: Extracting primitive: windshield_curved.001
09:44:34 | INFO: Primitives created: 1
09:44:34 | INFO: Extracting primitive: Mesh
09:44:34 | INFO: Primitives created: 1
09:44:34 | INFO: Extracting primitive: P03A1_upholstered_back_driver.001
09:44:34 | INFO: Primitives created: 1
09:44:34 | INFO: Extracting primitive: Mesh.002
09:44:34 | INFO: Primitives created: 1
09:44:34 | INFO: Extracting primitive: P03A1_upholstered_back_passenger.001
09:44:34 | INFO: Primitives created: 1
09:44:34 | INFO: Extracting primitive: P03A1_steering_static_switch.006
09:44:34 | INFO: Primitives created: 1
09:44:34 | INFO: Extracting primitive: autodrive_paddle.002
09:44:34 | INFO: Primitives created: 1
09:44:34 | INFO: Extracting primitive: P03A1_steering_D_grip
09:44:34 | INFO: Primitives created: 1
09:44:34 | INFO: Extracting primitive: P03A1_steering_polygon_hub.001
09:44:34 | INFO: Primitives created: 1
09:44:34 | INFO: Extracting primitive: front_left_hub_recess.002
09:44:34 | INFO: Primitives created: 1
09:44:34 | INFO: Extracting primitive: front_left_lug_nut.010
09:44:34 | INFO: Primitives created: 1
09:44:34 | INFO: Extracting primitive: front_left_lug_well.010
09:44:34 | INFO: Primitives created: 1
09:44:34 | INFO: Extracting primitive: front_left_tire.002
09:44:34 | WARNING: More than one shader node tex image used for a texture. The resulting glTF sampler will behave like the first shader node tex image.
09:44:34 | INFO: Primitives created: 1
09:44:34 | INFO: Extracting primitive: front_left_brake_disc.002
09:44:34 | INFO: Primitives created: 1
09:44:34 | INFO: Extracting primitive: front_left_stationary_caliper.001
09:44:34 | INFO: Primitives created: 1
09:44:34 | INFO: Extracting primitive: front_right_hub_recess.002
09:44:34 | INFO: Primitives created: 1
09:44:34 | INFO: Extracting primitive: front_right_lug_nut.010
09:44:34 | INFO: Primitives created: 1
09:44:34 | INFO: Extracting primitive: front_right_lug_well.010
09:44:34 | INFO: Primitives created: 1
09:44:34 | INFO: Extracting primitive: front_right_tire.002
09:44:34 | INFO: Primitives created: 1
09:44:34 | INFO: Extracting primitive: front_right_brake_disc.002
09:44:34 | INFO: Primitives created: 1
09:44:34 | INFO: Extracting primitive: front_right_stationary_caliper.001
09:44:34 | INFO: Primitives created: 1
09:44:34 | INFO: Extracting primitive: shock_lower_cross_pin.001
09:44:34 | INFO: Primitives created: 1
09:44:34 | INFO: Extracting primitive: rear_arm_hub_boss.001
09:44:34 | INFO: Primitives created: 1
09:44:34 | INFO: Extracting primitive: rear_open_pulley_guard.001
09:44:34 | INFO: Primitives created: 1
09:44:34 | INFO: Extracting primitive: Cylinder.072
09:44:34 | INFO: Primitives created: 1
09:44:34 | INFO: Extracting primitive: rear_pivot_chassis_crossmember.001
09:44:34 | INFO: Primitives created: 1
09:44:34 | INFO: Extracting primitive: rear_central_forward_bulkhead.001
09:44:34 | INFO: Primitives created: 1
09:44:34 | INFO: Extracting primitive: rear_stationary_caliper.001
09:44:34 | INFO: Primitives created: 1
09:44:34 | INFO: Extracting primitive: rear_drive_pulley.001
09:44:34 | INFO: Primitives created: 1
09:44:34 | INFO: Extracting primitive: rear_pulley_spoke_0.001
09:44:34 | INFO: Primitives created: 1
09:44:34 | INFO: Extracting primitive: rear_hub_recess.002
09:44:34 | INFO: Primitives created: 1
09:44:34 | INFO: Extracting primitive: rear_lug_nut.010
09:44:34 | INFO: Primitives created: 1
09:44:34 | INFO: Extracting primitive: rear_lug_well.010
09:44:34 | INFO: Primitives created: 1
09:44:34 | INFO: Extracting primitive: rear_tire.002
09:44:34 | INFO: Primitives created: 1
09:44:34 | INFO: Extracting primitive: rear_brake_disc.002
09:44:34 | INFO: Primitives created: 1
09:44:34 | INFO: Extracting primitive: storage_bottom_hinge_left.001
09:44:34 | INFO: Primitives created: 1
09:44:34 | INFO: Extracting primitive: rear_storage_left_shell.001
09:44:34 | INFO: Primitives created: 1
09:44:34 | INFO: Extracting primitive: storage_access_lip_left.001
09:44:34 | INFO: Primitives created: 1
09:44:34 | INFO: Extracting primitive: storage_access_latch_left.001
09:44:34 | INFO: Primitives created: 1
09:44:34 | INFO: Extracting primitive: storage_access_panel_left.001
09:44:34 | INFO: Primitives created: 1
09:44:34 | INFO: Extracting primitive: storage_access_lip_right.001
09:44:34 | INFO: Primitives created: 1
09:44:34 | INFO: Extracting primitive: storage_access_latch_right.001
09:44:34 | INFO: Primitives created: 1
09:44:34 | INFO: Extracting primitive: storage_access_panel_right.001
09:44:34 | INFO: Primitives created: 1
09:44:34 | INFO: Extracting primitive: rear_shock_upper_eye.001
09:44:34 | INFO: Primitives created: 1
09:44:34 | INFO: Extracting primitive: rear_shock_upper_sleeve.001
09:44:34 | INFO: Primitives created: 1
09:44:34 | INFO: Extracting primitive: rear_shock_lower_eye.001
09:44:34 | INFO: Primitives created: 1
09:44:34 | INFO: Extracting primitive: rear_coil_spring.001
09:44:34 | INFO: Primitives created: 1
09:44:34 | INFO: Extracting primitive: Cylinder.019
09:44:34 | INFO: Primitives created: 1
09:44:34 | INFO: Extracting primitive: front_spring_left
09:44:34 | INFO: Primitives created: 1
09:44:34 | INFO: Extracting primitive: Cylinder.066
09:44:34 | INFO: Primitives created: 1
09:44:34 | INFO: Extracting primitive: Cylinder.031
09:44:34 | INFO: Primitives created: 1
09:44:34 | INFO: Extracting primitive: front_spring_right
09:44:34 | INFO: Primitives created: 1
09:44:34 | INFO: Extracting primitive: Cylinder.067
09:44:34 | INFO: Primitives created: 1
09:44:34 | INFO: Finished glTF 2.0 export in 0.6029064655303955 s

Info: No new files have been packed
Info: Saved as "signature-products.blend"
09:44:35 | INFO: Starting glTF 2.0 export
09:44:35 | INFO: Extracting primitive: Cylinder.032
09:44:35 | INFO: Primitives created: 1
09:44:35 | INFO: Extracting primitive: Thermal_2in_ceramic_route
09:44:35 | INFO: Primitives created: 1
09:44:35 | INFO: Extracting primitive: Cylinder.024
09:44:35 | INFO: Primitives created: 1
09:44:35 | INFO: Extracting primitive: NRG_59in_aluminum_airfoil.001
09:44:35 | INFO: Primitives created: 1
09:44:35 | INFO: Extracting primitive: EvolutionR_lower_left.001
09:44:35 | INFO: Primitives created: 1
09:44:35 | INFO: Extracting primitive: Cube.031
09:44:35 | INFO: Primitives created: 1
09:44:35 | INFO: Extracting primitive: Cube.045
09:44:35 | INFO: Primitives created: 1
09:44:35 | INFO: Finished glTF 2.0 export in 0.03157186508178711 s

Info: No new files have been packed
Info: Saved as "signature-showroom.blend"
09:44:57 | INFO: Starting glTF 2.0 export
09:44:57 | INFO: Extracting primitive: SlingMods_logo.001
09:44:57 | WARNING: More than one shader node tex image used for a texture. The resulting glTF sampler will behave like the first shader node tex image.
09:44:57 | INFO: Primitives created: 1
09:44:57 | INFO: Extracting primitive: Cube.611
09:44:57 | INFO: Primitives created: 1
09:44:57 | INFO: Extracting primitive: Cube.669
09:44:57 | INFO: Primitives created: 1
09:44:57 | INFO: Extracting primitive: Cube.596
09:44:57 | INFO: Primitives created: 1
09:44:57 | INFO: Extracting primitive: Cube.672
09:44:57 | INFO: Primitives created: 1
09:44:57 | INFO: Extracting primitive: display_steering_ring
09:44:57 | INFO: Primitives created: 1
09:44:57 | INFO: Extracting primitive: Cube.588
09:44:57 | INFO: Primitives created: 1
09:44:57 | INFO: Extracting primitive: Cube.604
09:44:57 | INFO: Primitives created: 1
09:44:57 | INFO: Extracting primitive: Cube.666
09:44:57 | INFO: Primitives created: 1
09:44:57 | INFO: Extracting primitive: Cube.586
09:44:57 | INFO: Primitives created: 1
09:44:57 | INFO: Extracting primitive: Cube.587
09:44:57 | INFO: Primitives created: 1
09:44:57 | INFO: Finished glTF 2.0 export in 0.08205723762512207 s

P08B_ART [{"name": "slingshot-signature", "runtimeBytes": 10270180, "sourceBytes": 11734137, "meshes": 76, "triangles": 105811, "baselineUnchanged": true, "baselineSha256": "196a2ca54df12c4ac0b69641e3d4ec806fbfb9e484286a218d753e82358027ee", "repairs": [{"name": "front_left_brake_disc", "defect": "128 exposed one-sided boundary edges on planar rotor annulus", "repair": "5 mm solid annulus, retaining hub aperture and exact wheel transforms"}, {"name": "front_left_brake_disc.001", "defect": "128 exposed one-sided boundary edges on planar rotor annulus", "repair": "5 mm solid annulus, retaining hub aperture and exact wheel transforms"}, {"name": "front_right_brake_disc", "defect": "128 exposed one-sided boundary edges on planar rotor annulus", "repair": "5 mm solid annulus, retaining hub aperture and exact wheel transforms"}, {"name": "front_right_brake_disc.001", "defect": "128 exposed one-sided boundary edges on planar rotor annulus", "repair": "5 mm solid annulus, retaining hub aperture and exact wheel transforms"}, {"name": "rear_brake_disc", "defect": "128 exposed one-sided boundary edges on planar rotor annulus", "repair": "5 mm solid annulus, retaining hub aperture and exact wheel transforms"}, {"name": "rear_brake_disc.001", "defect": "128 exposed one-sided boundary edges on planar rotor annulus", "repair": "5 mm solid annulus, retaining hub aperture and exact wheel transforms"}, {"name": "all named *_lug_nut", "defect": "uncapped hexagonal ends visible at low wheel angles", "repair": "cap only six-edge lug-nut loops; leave surrounding lug wells intact"}, {"name": "side_rocker_return_left", "defect": "mirrored return normals placed thickness on opposite physical side", "repair": "outward face winding with existing physical Solidify; original contour retained"}, {"name": "side_rocker_return_right", "defect": "mirrored return normals placed thickness on opposite physical side", "repair": "outward face winding with existing physical Solidify; original contour retained"}, {"name": "autodrive_console_shell", "defect": "Boolean evaluated seam with coincident disconnected vertices", "repair": "1 micron weld only; original recessed pocket intact", "boundaryBefore": 8, "boundaryAfter": 8}, {"name": "rear_storage_left_shell", "defect": "access panel backed by sealed outer shell, preventing real compartment inspection", "repair": "remove only front aperture faces behind existing hinged door; retain side/back/floor volumes", "openedFaces": 1}, {"name": "rear_storage_right_shell", "defect": "access panel backed by sealed outer shell, preventing real compartment inspection", "repair": "remove only front aperture faces behind existing hinged door; retain side/back/floor volumes", "openedFaces": 1}], "finishMask": "Only Radar_Blue atlas blue pixels and orange graphic pixels. Black graphic pixels remain; nonpaint materials never remapped.", "packedSourceImages": 19, "unresolved": "Global OEM fidelity held. Existing vertical raycast rear linkage remains an approximation."}, {"name": "signature-products", "runtimeBytes": 304252, "sourceBytes": 875245, "meshes": 7, "triangles": 2379, "selections": {"SM-7720": "Brushed Silver (Included), option21553; no spring puller", "SM-26801": "59 inch aluminium matteblack SwanNeck; squarestyle hoop clamps; visual pitch fixed", "SM-28919": "Lower pair only; no optional overnight bags"}, "mounts": {"wingSpanMetres": 1.4986, "wingClampCenters": [[-0.5, 1.14, 0.843], [0.5, 1.14, 0.843]], "exhaustOutletCenters": [[-0.46, 0.66, 1.42], [0.46, 0.66, 1.42]], "bagVolumes": "Inside existing asymmetric lower compartments; nominal authoring dimensions, not manufacturer CAD"}}, {"name": "signature-showroom", "runtimeBytes": 1424020, "sourceBytes": 4540447, "meshes": 11, "triangles": 10855, "approximateDimensionsMetres": [12, 4.2, 10], "referencePhotos": "all5 suppliedphotos, composition observed not measured", "features": ["central light logo wall", "warmwoodcontinuousworktop", "darktall cabinet towers", "overheadbridge", "brightlonghandles", "wireproductgridwalls", "graycheckerredperimeter", "supportingleftlift"], "runtimeDependencies": "Independent showroom GLB; no Harbor world import", "limits": "Approximate dimensions and original accessory silhouette props; no surveyed replica or live reflections claim"}]
Blender 4.5.2 LTS (hash ab25eae04993 built 2025-08-20 02:20:52)
Read blend: "C:\Users\SM - Dan\Documents\GitHub\slingmods-three-wheel-tour-rebuild\assets\blender\vehicles\slingshot-p04a1.blend"

Blender quit
