side_rocker_return_left [[-0.722000002861023, 0.47999998927116394, 0.27399998903274536], [-0.7310000061988831, 0.14000000059604645, 0.2800000011920929], [-0.722000002861023, -0.03999999910593033, 0.21799999475479126], [-0.7179999947547913, 0.47999998927116394, 0.23800000548362732]]
mat <Matrix 4x4 (1.0000, 0.0000, 0.0000, 0.0000)
            (0.0000, 1.0000, 0.0000, 0.0000)
            (0.0000, 0.0000, 1.0000, 0.0000)
            (0.0000, 0.0000, 0.0000, 1.0000)>
side_rocker_return_right [[0.722000002861023, 0.47999998927116394, 0.27399998903274536], [0.7310000061988831, 0.14000000059604645, 0.2800000011920929], [0.722000002861023, -0.03999999910593033, 0.21799999475479126], [0.7179999947547913, 0.47999998927116394, 0.23800000548362732]]
mat <Matrix 4x4 (1.0000, 0.0000, 0.0000, 0.0000)
            (0.0000, 1.0000, 0.0000, 0.0000)
            (0.0000, 0.0000, 1.0000, 0.0000)
            (0.0000, 0.0000, 0.0000, 1.0000)>
boarding_sill_shell_left [[-0.6899999976158142, -1.1699999570846558, 0.7549999952316284], [-0.6930000185966492, -1.1699999570846558, 0.6164000034332275], [-0.6940000057220459, -1.1699999570846558, 0.4580000042915344], [-0.6779999732971191, -1.1699999570846558, 0.2720000147819519], [-0.6050000190734863, -1.1699999570846558, 0.25999999046325684], [-0.6169999837875366, -1.1699999570846558, 0.699999988079071], [-0.6620000004768372, -1.1699999570846558, 0.7369999885559082], [-0.6934000253677368, -1.1439999341964722, 0.75], [-0.6964000463485718, -1.1439999341964722, 0.6111199855804443], [-0.6973999738693237, -1.1439999341964722, 0.45239999890327454], [-0.6814000010490417, -1.1439999341964722, 0.26600000262260437], [-0.6083999872207642, -1.1439999341964722, 0.2539999783039093]]
mat <Matrix 4x4 (1.0000, 0.0000, 0.0000, 0.0000)
            (0.0000, 1.0000, 0.0000, 0.0000)
            (0.0000, 0.0000, 1.0000, 0.0000)
            (0.0000, 0.0000, 0.0000, 1.0000)>
boarding_sill_shell_right [[0.6899999976158142, -1.1699999570846558, 0.7549999952316284], [0.6930000185966492, -1.1699999570846558, 0.6164000034332275], [0.6940000057220459, -1.1699999570846558, 0.4580000042915344], [0.6779999732971191, -1.1699999570846558, 0.2720000147819519], [0.6050000190734863, -1.1699999570846558, 0.25999999046325684], [0.6169999837875366, -1.1699999570846558, 0.699999988079071], [0.6620000004768372, -1.1699999570846558, 0.7369999885559082], [0.6934000253677368, -1.1439999341964722, 0.75], [0.6964000463485718, -1.1439999341964722, 0.6111199855804443], [0.6973999738693237, -1.1439999341964722, 0.45239999890327454], [0.6814000010490417, -1.1439999341964722, 0.26600000262260437], [0.6083999872207642, -1.1439999341964722, 0.2539999783039093]]
mat <Matrix 4x4 (1.0000, 0.0000, 0.0000, 0.0000)
            (0.0000, 1.0000, 0.0000, 0.0000)
            (0.0000, 0.0000, 1.0000, 0.0000)
            (0.0000, 0.0000, 0.0000, 1.0000)>
autodrive_console_shell [[-0.10700000077486038, -0.5899999737739563, 0.27000001072883606], [-0.10700000077486038, -0.5899999737739563, 0.33500000834465027], [-0.08666999638080597, -0.5899999737739563, 0.36000001430511475], [0.08666999638080597, -0.5899999737739563, 0.36000001430511475], [0.10700000077486038, -0.5899999737739563, 0.33500000834465027], [0.10700000077486038, -0.5899999737739563, 0.27000001072883606], [-0.10787905007600784, -0.5694121718406677, 0.274616539478302], [-0.10787905007600784, -0.5694121718406677, 0.3396165072917938], [-0.08738203346729279, -0.5694121718406677, 0.3646165430545807], [0.08738203346729279, -0.5694121718406677, 0.3646165430545807], [0.10787905007600784, -0.5694121718406677, 0.3396165072917938], [0.10787905007600784, -0.5694121718406677, 0.274616539478302]]
mat <Matrix 4x4 (1.0000, 0.0000, 0.0000, 0.0000)
            (0.0000, 1.0000, 0.0000, 0.0000)
            (0.0000, 0.0000, 1.0000, 0.0000)
            (0.0000, 0.0000, 0.0000, 1.0000)>
HOOP hoop_rear_brace_driver MESH ['P03A_Textured_Polymer']
HOOP hoop_rear_brace_driver.001 MESH ['P03A_Textured_Polymer']
HOOP hoop_rear_brace_passenger MESH ['P03A_Textured_Polymer']
HOOP hoop_rear_brace_passenger.001 MESH ['P03A_Textured_Polymer']
HOOP roll_hoop_driver CURVE ['P03A_Textured_Polymer']
HOOP roll_hoop_inner_driver CURVE ['P03A_Machined_Aluminum']
HOOP roll_hoop_inner_passenger CURVE ['P03A_Machined_Aluminum']
HOOP roll_hoop_passenger CURVE ['P03A_Textured_Polymer']
IMAGE instrument-scale_basecolor //..\..\..\public\assets\textures\p03a1\instrument-scale_basecolor.png False False
IMAGE machined-alloy_basecolor //..\..\..\public\assets\textures\p03a1\machined-alloy_basecolor.png False False
IMAGE machined-alloy_normal //..\..\..\public\assets\textures\p03a1\machined-alloy_normal.png False False
IMAGE machined-alloy_orm //..\..\..\public\assets\textures\p03a1\machined-alloy_orm.png False False
IMAGE molded-polymer_basecolor //..\..\..\public\assets\textures\p03a1\molded-polymer_basecolor.png False False
IMAGE molded-polymer_normal //..\..\..\public\assets\textures\p03a1\molded-polymer_normal.png False False
IMAGE molded-polymer_orm //..\..\..\public\assets\textures\p03a1\molded-polymer_orm.png False False
IMAGE P03A1_radar_blue_coverage_AA //..\..\..\public\assets\textures\p03a1\radar-blue_basecolor.png False False
IMAGE radar-blue_normal //..\..\..\public\assets\textures\p03a1\radar-blue_normal.png False False
IMAGE radar-blue_orm //..\..\..\public\assets\textures\p03a1\radar-blue_orm.png False False
IMAGE Render Result  False False
IMAGE road-tire_basecolor //..\..\..\public\assets\textures\p03a1\road-tire_basecolor.png False False
IMAGE road-tire_normal //..\..\..\public\assets\textures\p03a1\road-tire_normal.png False False
IMAGE road-tire_orm //..\..\..\public\assets\textures\p03a1\road-tire_orm.png False False
IMAGE sport-seat_basecolor //..\..\..\public\assets\textures\p03a1\sport-seat_basecolor.png False False
IMAGE sport-seat_normal //..\..\..\public\assets\textures\p03a1\sport-seat_normal.png False False
IMAGE sport-seat_orm //..\..\..\public\assets\textures\p03a1\sport-seat_orm.png False False
Blender 4.5.2 LTS (hash ab25eae04993 built 2025-08-20 02:20:52)
Read blend: "C:\Users\SM - Dan\Documents\GitHub\slingmods-three-wheel-tour-rebuild\assets\blender\vehicles\slingshot-p04a1.blend"

Blender quit
