Info: No new files have been packed
Info: Saved as "signature-products.blend"
INFO Draco mesh compression is available, use library at C:\Users\SM - Dan\Documents\GitHub\slingmods-three-wheel-tour-rebuild\.tools\blender-4.5.2-windows-x64\4.5\scripts\addons_core\io_scene_gltf2\extern_draco.dll
09:55:33 | INFO: Starting glTF 2.0 export
09:55:33 | INFO: Extracting primitive: Cylinder.032
09:55:33 | INFO: Primitives created: 1
09:55:33 | INFO: Extracting primitive: Thermal_2in_ceramic_route
09:55:33 | INFO: Primitives created: 1
09:55:33 | INFO: Extracting primitive: Cylinder.024
09:55:33 | INFO: Primitives created: 1
09:55:33 | INFO: Extracting primitive: NRG_59in_aluminum_airfoil.001
09:55:33 | INFO: Primitives created: 1
09:55:33 | INFO: Extracting primitive: EvolutionR_lower_left.001
09:55:33 | INFO: Primitives created: 1
09:55:33 | INFO: Extracting primitive: Cube.025
09:55:33 | INFO: Primitives created: 1
09:55:33 | INFO: Extracting primitive: Cube.039
09:55:33 | INFO: Primitives created: 1
09:55:33 | INFO: Finished glTF 2.0 export in 0.03666186332702637 s

P08B_ART [{"name": "signature-products", "runtimeBytes": 311280, "sourceBytes": 850251, "meshes": 7, "triangles": 2345, "selections": {"SM-7720": "Brushed Silver (Included), option21553; no spring puller", "SM-26801": "59 inch aluminium matteblack SwanNeck; squarestyle hoop clamps; visual pitch fixed", "SM-28919": "Lower pair only; no optional overnight bags"}, "mounts": {"wingSpanMetres": 1.4986, "wingClampCenters": [[-0.5, 1.14, 0.843], [0.5, 1.14, 0.843]], "exhaustOutletCenters": [[-0.46, 0.66, 1.42], [0.46, 0.66, 1.42]], "bagVolumes": "Inside existing asymmetric lower compartments; nominal authoring dimensions, not manufacturer CAD"}}]
Blender 4.5.2 LTS (hash ab25eae04993 built 2025-08-20 02:20:52)

Blender quit
