Info: No new files have been packed
Info: Saved as "signature-showroom.blend"
INFO Draco mesh compression is available, use library at C:\Users\SM - Dan\Documents\GitHub\slingmods-three-wheel-tour-rebuild\.tools\blender-4.5.2-windows-x64\4.5\scripts\addons_core\io_scene_gltf2\extern_draco.dll
10:00:30 | INFO: Starting glTF 2.0 export
10:00:30 | INFO: Extracting primitive: SlingMods_logo.001
10:00:30 | WARNING: More than one shader node tex image used for a texture. The resulting glTF sampler will behave like the first shader node tex image.
10:00:30 | INFO: Primitives created: 1
10:00:30 | INFO: Extracting primitive: Cube.755
10:00:30 | INFO: Primitives created: 1
10:00:30 | INFO: Extracting primitive: Cube.813
10:00:30 | INFO: Primitives created: 1
10:00:30 | INFO: Extracting primitive: Cube.740
10:00:30 | INFO: Primitives created: 1
10:00:30 | INFO: Extracting primitive: Cube.816
10:00:30 | INFO: Primitives created: 1
10:00:30 | INFO: Extracting primitive: display_steering_ring
10:00:30 | INFO: Primitives created: 1
10:00:30 | INFO: Extracting primitive: Cube.732
10:00:30 | INFO: Primitives created: 1
10:00:30 | INFO: Extracting primitive: Cube.748
10:00:30 | INFO: Primitives created: 1
10:00:30 | INFO: Extracting primitive: Cube.810
10:00:30 | INFO: Primitives created: 1
10:00:30 | INFO: Extracting primitive: Cube.730
10:00:30 | INFO: Primitives created: 1
10:00:30 | INFO: Extracting primitive: Cube.731
10:00:30 | INFO: Primitives created: 1
10:00:30 | INFO: Finished glTF 2.0 export in 0.09205889701843262 s

P08B_ART [{"name": "signature-showroom", "runtimeBytes": 1544992, "sourceBytes": 5296879, "meshes": 11, "triangles": 11719, "approximateDimensionsMetres": [12, 4.2, 13], "referencePhotos": "all5 suppliedphotos, composition observed not measured", "features": ["central light logo wall", "warmwoodcontinuousworktop", "darktall cabinet towers", "overheadbridge", "brightlonghandles", "wireproductgridwalls", "graycheckerredperimeter", "supportingleftlift"], "runtimeDependencies": "Independent showroom GLB; no Harbor world import", "limits": "Approximate dimensions and original accessory silhouette props; no surveyed replica or live reflections claim"}]
Blender 4.5.2 LTS (hash ab25eae04993 built 2025-08-20 02:20:52)

Blender quit
