Info: No new files have been packed
Info: Saved as "signature-showroom.blend"
INFO Draco mesh compression is available, use library at C:\Users\SM - Dan\Documents\GitHub\slingmods-three-wheel-tour-rebuild\.tools\blender-4.5.2-windows-x64\4.5\scripts\addons_core\io_scene_gltf2\extern_draco.dll
09:50:04 | INFO: Starting glTF 2.0 export
09:50:04 | INFO: Extracting primitive: SlingMods_logo.001
09:50:04 | WARNING: More than one shader node tex image used for a texture. The resulting glTF sampler will behave like the first shader node tex image.
09:50:04 | INFO: Primitives created: 1
09:50:04 | INFO: Extracting primitive: Cube.611
09:50:04 | INFO: Primitives created: 1
09:50:04 | INFO: Extracting primitive: Cube.669
09:50:04 | INFO: Primitives created: 1
09:50:04 | INFO: Extracting primitive: Cube.596
09:50:04 | INFO: Primitives created: 1
09:50:04 | INFO: Extracting primitive: Cube.672
09:50:04 | INFO: Primitives created: 1
09:50:04 | INFO: Extracting primitive: display_steering_ring
09:50:04 | INFO: Primitives created: 1
09:50:04 | INFO: Extracting primitive: Cube.588
09:50:04 | INFO: Primitives created: 1
09:50:04 | INFO: Extracting primitive: Cube.604
09:50:04 | INFO: Primitives created: 1
09:50:04 | INFO: Extracting primitive: Cube.666
09:50:04 | INFO: Primitives created: 1
09:50:04 | INFO: Extracting primitive: Cube.586
09:50:04 | INFO: Primitives created: 1
09:50:04 | INFO: Extracting primitive: Cube.587
09:50:04 | INFO: Primitives created: 1
09:50:04 | INFO: Finished glTF 2.0 export in 0.08977437019348145 s

P08B_ART [{"name": "signature-showroom", "runtimeBytes": 1424020, "sourceBytes": 4540447, "meshes": 11, "triangles": 10855, "approximateDimensionsMetres": [12, 4.2, 10], "referencePhotos": "all5 suppliedphotos, composition observed not measured", "features": ["central light logo wall", "warmwoodcontinuousworktop", "darktall cabinet towers", "overheadbridge", "brightlonghandles", "wireproductgridwalls", "graycheckerredperimeter", "supportingleftlift"], "runtimeDependencies": "Independent showroom GLB; no Harbor world import", "limits": "Approximate dimensions and original accessory silhouette props; no surveyed replica or live reflections claim"}]
Blender 4.5.2 LTS (hash ab25eae04993 built 2025-08-20 02:20:52)

Blender quit
