Info: Saved as "quality-foundation.blend"
Warning: No mesh data to join
Warning: No mesh data to join
Warning: No mesh data to join
Warning: No mesh data to join
Warning: No mesh data to join
Warning: No mesh data to join
Warning: No mesh data to join
Warning: No mesh data to join
Warning: No mesh data to join
Warning: No mesh data to join
Warning: No mesh data to join
Warning: No mesh data to join
Warning: No mesh data to join
Warning: No mesh data to join
Warning: No mesh data to join
Warning: No mesh data to join
Warning: No mesh data to join
Warning: No mesh data to join
Warning: No mesh data to join
Warning: No mesh data to join
Warning: No mesh data to join
Warning: No mesh data to join
Warning: No mesh data to join
Warning: No mesh data to join
Warning: No mesh data to join
Warning: No mesh data to join
Warning: No mesh data to join
Warning: No mesh data to join
Warning: No mesh data to join
Warning: No mesh data to join
Warning: No mesh data to join
Warning: No mesh data to join
Warning: No mesh data to join
Warning: No mesh data to join
Warning: No mesh data to join
Warning: No mesh data to join
Warning: No mesh data to join
INFO Draco mesh compression is available, use library at C:\Users\SM - Dan\Documents\GitHub\slingmods-three-wheel-tour-rebuild\.tools\blender-4.5.2-windows-x64\4.5\scripts\addons_core\io_scene_gltf2\extern_draco.dll
15:09:28 | INFO: Starting glTF 2.0 export
15:09:28 | INFO: Extracting primitive: runoff_right
15:09:28 | WARNING: More than one shader node tex image used for a texture. The resulting glTF sampler will behave like the first shader node tex image.
15:09:28 | INFO: Primitives created: 1
15:09:28 | INFO: Extracting primitive: Road_direction_arrow_9
15:09:28 | INFO: Primitives created: 1
15:09:28 | INFO: Extracting primitive: road_closed_asphalt
15:09:28 | WARNING: More than one shader node tex image used for a texture. The resulting glTF sampler will behave like the first shader node tex image.
15:09:28 | INFO: Primitives created: 1
15:09:28 | INFO: Extracting primitive: Quay_coping_9
15:09:28 | WARNING: More than one shader node tex image used for a texture. The resulting glTF sampler will behave like the first shader node tex image.
15:09:28 | INFO: Primitives created: 1
15:09:28 | INFO: Extracting primitive: Quay_coping_32
15:09:28 | INFO: Primitives created: 1
15:09:28 | INFO: Extracting primitive: Quay_coping_27
15:09:28 | INFO: Primitives created: 1
15:09:28 | INFO: Extracting primitive: Quay_coping_19
15:09:28 | INFO: Primitives created: 1
15:09:28 | INFO: Extracting primitive: Quay_coping_1
15:09:28 | INFO: Primitives created: 1
15:09:28 | INFO: Extracting primitive: Lamp_tapered_mast_9
15:09:28 | WARNING: More than one shader node tex image used for a texture. The resulting glTF sampler will behave like the first shader node tex image.
15:09:28 | INFO: Primitives created: 1
15:09:28 | INFO: Extracting primitive: Lamp_tapered_mast_6
15:09:28 | INFO: Primitives created: 1
15:09:28 | INFO: Extracting primitive: Lamp_tapered_mast_5
15:09:28 | INFO: Primitives created: 1
15:09:28 | INFO: Extracting primitive: Lamp_tapered_mast_4
15:09:28 | INFO: Primitives created: 1
15:09:28 | INFO: Extracting primitive: Lamp_tapered_mast_38
15:09:28 | INFO: Primitives created: 1
15:09:28 | INFO: Extracting primitive: Lamp_tapered_mast_37
15:09:28 | INFO: Primitives created: 1
15:09:28 | INFO: Extracting primitive: Lamp_tapered_mast_36
15:09:28 | INFO: Primitives created: 1
15:09:28 | INFO: Extracting primitive: Lamp_tapered_mast_34
15:09:28 | INFO: Primitives created: 1
15:09:28 | INFO: Extracting primitive: Lamp_tapered_mast_33
15:09:28 | INFO: Primitives created: 1
15:09:28 | INFO: Extracting primitive: Lamp_tapered_mast_32
15:09:28 | INFO: Primitives created: 1
15:09:28 | INFO: Extracting primitive: Lamp_tapered_mast_31
15:09:28 | INFO: Primitives created: 1
15:09:28 | INFO: Extracting primitive: Lamp_tapered_mast_30
15:09:28 | INFO: Primitives created: 1
15:09:28 | INFO: Extracting primitive: Lamp_tapered_mast_3
15:09:28 | INFO: Primitives created: 1
15:09:28 | INFO: Extracting primitive: Lamp_tapered_mast_29
15:09:28 | INFO: Primitives created: 1
15:09:28 | INFO: Extracting primitive: Lamp_tapered_mast_28
15:09:29 | INFO: Primitives created: 1
15:09:29 | INFO: Extracting primitive: Lamp_tapered_mast_26
15:09:29 | INFO: Primitives created: 1
15:09:29 | INFO: Extracting primitive: Lamp_tapered_mast_25
15:09:29 | INFO: Primitives created: 1
15:09:29 | INFO: Extracting primitive: Lamp_tapered_mast_22
15:09:29 | INFO: Primitives created: 1
15:09:29 | INFO: Extracting primitive: Lamp_tapered_mast_21
15:09:29 | INFO: Primitives created: 1
15:09:29 | INFO: Extracting primitive: Lamp_tapered_mast_20
15:09:29 | INFO: Primitives created: 1
15:09:29 | INFO: Extracting primitive: Lamp_tapered_mast_2
15:09:29 | INFO: Primitives created: 1
15:09:29 | INFO: Extracting primitive: Lamp_tapered_mast_17
15:09:29 | INFO: Primitives created: 1
15:09:29 | INFO: Extracting primitive: Lamp_tapered_mast_14
15:09:29 | INFO: Primitives created: 1
15:09:29 | INFO: Extracting primitive: Lamp_tapered_mast_13
15:09:29 | INFO: Primitives created: 1
15:09:29 | INFO: Extracting primitive: Lamp_tapered_mast_11
15:09:29 | INFO: Primitives created: 1
15:09:29 | INFO: Extracting primitive: Lamp_tapered_mast_1
15:09:29 | INFO: Primitives created: 1
15:09:29 | INFO: Extracting primitive: Lamp_diffuser_9
15:09:29 | INFO: Primitives created: 1
15:09:29 | INFO: Extracting primitive: Lamp_diffuser_6
15:09:29 | INFO: Primitives created: 1
15:09:29 | INFO: Extracting primitive: Lamp_diffuser_5
15:09:29 | INFO: Primitives created: 1
15:09:29 | INFO: Extracting primitive: Lamp_diffuser_4
15:09:29 | INFO: Primitives created: 1
15:09:29 | INFO: Extracting primitive: Lamp_diffuser_38
15:09:29 | INFO: Primitives created: 1
15:09:29 | INFO: Extracting primitive: Lamp_diffuser_37
15:09:29 | INFO: Primitives created: 1
15:09:29 | INFO: Extracting primitive: Lamp_diffuser_36
15:09:29 | INFO: Primitives created: 1
15:09:29 | INFO: Extracting primitive: Lamp_diffuser_34
15:09:29 | INFO: Primitives created: 1
15:09:29 | INFO: Extracting primitive: Lamp_diffuser_33
15:09:29 | INFO: Primitives created: 1
15:09:29 | INFO: Extracting primitive: Lamp_diffuser_32
15:09:29 | INFO: Primitives created: 1
15:09:29 | INFO: Extracting primitive: Lamp_diffuser_31
15:09:29 | INFO: Primitives created: 1
15:09:29 | INFO: Extracting primitive: Lamp_diffuser_30
15:09:29 | INFO: Primitives created: 1
15:09:29 | INFO: Extracting primitive: Lamp_diffuser_3
15:09:29 | INFO: Primitives created: 1
15:09:29 | INFO: Extracting primitive: Lamp_diffuser_29
15:09:29 | INFO: Primitives created: 1
15:09:29 | INFO: Extracting primitive: Lamp_diffuser_28
15:09:29 | INFO: Primitives created: 1
15:09:29 | INFO: Extracting primitive: Lamp_diffuser_25
15:09:29 | INFO: Primitives created: 1
15:09:29 | INFO: Extracting primitive: Lamp_diffuser_22
15:09:29 | INFO: Primitives created: 1
15:09:29 | INFO: Extracting primitive: Lamp_diffuser_21
15:09:29 | INFO: Primitives created: 1
15:09:29 | INFO: Extracting primitive: Lamp_diffuser_20
15:09:29 | INFO: Primitives created: 1
15:09:29 | INFO: Extracting primitive: Lamp_diffuser_2
15:09:29 | INFO: Primitives created: 1
15:09:29 | INFO: Extracting primitive: Lamp_diffuser_17
15:09:29 | INFO: Primitives created: 1
15:09:29 | INFO: Extracting primitive: Lamp_diffuser_15
15:09:29 | INFO: Primitives created: 1
15:09:29 | INFO: Extracting primitive: Lamp_diffuser_14
15:09:29 | INFO: Primitives created: 1
15:09:29 | INFO: Extracting primitive: Lamp_diffuser_11
15:09:29 | INFO: Primitives created: 1
15:09:29 | INFO: Extracting primitive: Lamp_diffuser_1
15:09:29 | INFO: Primitives created: 1
15:09:29 | INFO: Extracting primitive: Lamp_base_9
15:09:29 | WARNING: More than one shader node tex image used for a texture. The resulting glTF sampler will behave like the first shader node tex image.
15:09:29 | INFO: Primitives created: 1
15:09:29 | INFO: Extracting primitive: Lamp_base_6
15:09:29 | INFO: Primitives created: 1
15:09:29 | INFO: Extracting primitive: Lamp_base_5
15:09:29 | INFO: Primitives created: 1
15:09:29 | INFO: Extracting primitive: Lamp_base_4
15:09:29 | INFO: Primitives created: 1
15:09:29 | INFO: Extracting primitive: Lamp_base_38
15:09:29 | INFO: Primitives created: 1
15:09:29 | INFO: Extracting primitive: Lamp_base_37
15:09:29 | INFO: Primitives created: 1
15:09:29 | INFO: Extracting primitive: Lamp_base_36
15:09:29 | INFO: Primitives created: 1
15:09:29 | INFO: Extracting primitive: Lamp_base_34
15:09:29 | INFO: Primitives created: 1
15:09:29 | INFO: Extracting primitive: Lamp_base_33
15:09:29 | INFO: Primitives created: 1
15:09:29 | INFO: Extracting primitive: Lamp_base_32
15:09:29 | INFO: Primitives created: 1
15:09:29 | INFO: Extracting primitive: Lamp_base_31
15:09:29 | INFO: Primitives created: 1
15:09:29 | INFO: Extracting primitive: Lamp_base_30
15:09:29 | INFO: Primitives created: 1
15:09:29 | INFO: Extracting primitive: Lamp_base_3
15:09:29 | INFO: Primitives created: 1
15:09:29 | INFO: Extracting primitive: Lamp_base_29
15:09:29 | INFO: Primitives created: 1
15:09:29 | INFO: Extracting primitive: Lamp_base_28
15:09:29 | INFO: Primitives created: 1
15:09:29 | INFO: Extracting primitive: Lamp_base_26
15:09:29 | INFO: Primitives created: 1
15:09:29 | INFO: Extracting primitive: Lamp_base_25
15:09:29 | INFO: Primitives created: 1
15:09:29 | INFO: Extracting primitive: Lamp_base_22
15:09:29 | INFO: Primitives created: 1
15:09:29 | INFO: Extracting primitive: Lamp_base_21
15:09:29 | INFO: Primitives created: 1
15:09:29 | INFO: Extracting primitive: Lamp_base_20
15:09:29 | INFO: Primitives created: 1
15:09:29 | INFO: Extracting primitive: Lamp_base_2
15:09:29 | INFO: Primitives created: 1
15:09:29 | INFO: Extracting primitive: Lamp_base_17
15:09:29 | INFO: Primitives created: 1
15:09:29 | INFO: Extracting primitive: Lamp_base_14
15:09:29 | INFO: Primitives created: 1
15:09:29 | INFO: Extracting primitive: Lamp_base_13
15:09:29 | INFO: Primitives created: 1
15:09:29 | INFO: Extracting primitive: Lamp_base_11
15:09:29 | INFO: Primitives created: 1
15:09:29 | INFO: Extracting primitive: Lamp_base_1
15:09:29 | INFO: Primitives created: 1
15:09:29 | INFO: Extracting primitive: Harbor_land
15:09:29 | WARNING: More than one shader node tex image used for a texture. The resulting glTF sampler will behave like the first shader node tex image.
15:09:29 | INFO: Primitives created: 1
15:09:29 | INFO: Extracting primitive: Gate_marker_3_-1
15:09:29 | INFO: Primitives created: 1
15:09:29 | INFO: Extracting primitive: Gate_marker_15_-1
15:09:29 | INFO: Primitives created: 1
15:09:29 | INFO: Extracting primitive: Freight_container_8_0
15:09:29 | INFO: Primitives created: 1
15:09:29 | INFO: Extracting primitive: curbs_exact_route_colliders
15:09:29 | INFO: Primitives created: 1
15:09:29 | INFO: Finished glTF 2.0 export in 0.7556600570678711 s

Info: Saved as "quality-kit.blend"
Warning: No mesh data to join
Warning: No mesh data to join
Warning: No mesh data to join
Warning: No mesh data to join
Warning: No mesh data to join
Warning: No mesh data to join
Warning: No mesh data to join
Warning: No mesh data to join
Warning: No mesh data to join
Warning: No mesh data to join
Warning: No mesh data to join
Warning: No mesh data to join
Warning: No mesh data to join
Warning: No mesh data to join
Warning: No mesh data to join
Warning: No mesh data to join
Warning: No mesh data to join
Warning: No mesh data to join
Warning: No mesh data to join
Warning: No mesh data to join
Warning: No mesh data to join
Warning: No mesh data to join
Warning: No mesh data to join
Warning: No mesh data to join
Warning: No mesh data to join
Warning: No mesh data to join
Warning: No mesh data to join
Warning: No mesh data to join
Warning: No mesh data to join
Warning: No mesh data to join
Warning: No mesh data to join
15:09:35 | INFO: Starting glTF 2.0 export
15:09:35 | INFO: Extracting primitive: stepped_plinth
15:09:35 | WARNING: More than one shader node tex image used for a texture. The resulting glTF sampler will behave like the first shader node tex image.
15:09:35 | INFO: Primitives created: 1
15:09:35 | INFO: Extracting primitive: rear_wall
15:09:36 | WARNING: More than one shader node tex image used for a texture. The resulting glTF sampler will behave like the first shader node tex image.
15:09:36 | INFO: Primitives created: 1
15:09:36 | INFO: Extracting primitive: roof_shadow_gap
15:09:36 | INFO: Primitives created: 1
15:09:36 | INFO: Extracting primitive: parapet_cap
15:09:36 | INFO: Primitives created: 1
15:09:36 | INFO: Extracting primitive: recessed_glazing
15:09:36 | INFO: Primitives created: 1
15:09:36 | INFO: Extracting primitive: interior_counter
15:09:36 | WARNING: More than one shader node tex image used for a texture. The resulting glTF sampler will behave like the first shader node tex image.
15:09:36 | INFO: Primitives created: 1
15:09:36 | INFO: Extracting primitive: canopy_soffit
15:09:36 | INFO: Primitives created: 1
15:09:36 | INFO: Extracting primitive: recessed_soffit_light
15:09:36 | INFO: Primitives created: 1
15:09:36 | INFO: Extracting primitive: entrance_red_blade
15:09:36 | INFO: Primitives created: 1
15:09:36 | INFO: Extracting primitive: outside_barrier_post
15:09:36 | INFO: Primitives created: 1
15:09:36 | INFO: Extracting primitive: base
15:09:36 | INFO: Primitives created: 1
15:09:36 | INFO: Extracting primitive: overhead_header
15:09:36 | INFO: Primitives created: 1
15:09:36 | INFO: Extracting primitive: event_sign
15:09:36 | INFO: Primitives created: 1
15:09:36 | INFO: Extracting primitive: restrained_practical
15:09:36 | INFO: Primitives created: 1
15:09:36 | INFO: Extracting primitive: roof
15:09:36 | INFO: Primitives created: 1
15:09:36 | INFO: Extracting primitive: closed_equipment
15:09:36 | INFO: Primitives created: 1
15:09:36 | INFO: Extracting primitive: red_valance
15:09:36 | INFO: Primitives created: 1
15:09:36 | INFO: Extracting primitive: stepped_plinth.001
15:09:36 | INFO: Primitives created: 1
15:09:36 | INFO: Extracting primitive: rear_wall.001
15:09:36 | INFO: Primitives created: 1
15:09:36 | INFO: Extracting primitive: roof_shadow_gap.001
15:09:36 | INFO: Primitives created: 1
15:09:36 | INFO: Extracting primitive: parapet_cap.001
15:09:36 | INFO: Primitives created: 1
15:09:36 | INFO: Extracting primitive: recessed_glazing.003
15:09:36 | INFO: Primitives created: 1
15:09:36 | INFO: Extracting primitive: interior_counter.003
15:09:36 | INFO: Primitives created: 1
15:09:36 | INFO: Extracting primitive: service_identity
15:09:36 | INFO: Primitives created: 1
15:09:36 | INFO: Extracting primitive: timber_deck
15:09:36 | INFO: Primitives created: 1
15:09:36 | INFO: Extracting primitive: bollard
15:09:36 | INFO: Primitives created: 1
15:09:36 | INFO: Extracting primitive: plank_joint
15:09:36 | INFO: Primitives created: 1
15:09:36 | INFO: Extracting primitive: paving
15:09:36 | INFO: Primitives created: 1
15:09:36 | INFO: Extracting primitive: rail_post
15:09:36 | INFO: Primitives created: 1
15:09:36 | INFO: Extracting primitive: sheer_hull
15:09:36 | INFO: Primitives created: 1
15:09:36 | INFO: Extracting primitive: open_cockpit
15:09:36 | INFO: Primitives created: 1
15:09:36 | INFO: Extracting primitive: windshield
15:09:36 | INFO: Primitives created: 1
15:09:36 | INFO: Extracting primitive: bimini_archL
15:09:36 | INFO: Primitives created: 1
15:09:36 | INFO: Extracting primitive: floor
15:09:36 | INFO: Primitives created: 1
15:09:36 | INFO: Extracting primitive: post
15:09:36 | INFO: Primitives created: 1
15:09:36 | INFO: Extracting primitive: seating
15:09:36 | INFO: Primitives created: 1
15:09:36 | INFO: Extracting primitive: concrete_trough
15:09:36 | INFO: Primitives created: 1
15:09:36 | INFO: Extracting primitive: soil
15:09:36 | INFO: Primitives created: 1
15:09:36 | INFO: Extracting primitive: curved_low_leaf
15:09:36 | INFO: Primitives created: 1
15:09:36 | INFO: Extracting primitive: flush_frame
15:09:36 | INFO: Primitives created: 1
15:09:36 | INFO: Extracting primitive: drain_slot
15:09:36 | INFO: Primitives created: 1
15:09:36 | INFO: Extracting primitive: irregular_edge_repair
15:09:36 | INFO: Primitives created: 1
15:09:36 | INFO: Extracting primitive: equipment_body
15:09:36 | INFO: Primitives created: 1
15:09:36 | INFO: Extracting primitive: equipment_grille
15:09:36 | INFO: Primitives created: 1
15:09:36 | INFO: Extracting primitive: mastL
15:09:36 | INFO: Primitives created: 1
15:09:36 | INFO: Extracting primitive: lifting_line
15:09:36 | INFO: Primitives created: 1
15:09:36 | INFO: Extracting primitive: post.004
15:09:36 | INFO: Primitives created: 1
15:09:36 | INFO: Extracting primitive: sign
15:09:36 | INFO: Primitives created: 1
15:09:36 | INFO: Extracting primitive: distance
15:09:36 | INFO: Primitives created: 1
15:09:36 | INFO: Extracting primitive: post.005
15:09:36 | INFO: Primitives created: 1
15:09:36 | INFO: Extracting primitive: sign.001
15:09:36 | INFO: Primitives created: 1
15:09:36 | INFO: Extracting primitive: distance.001
15:09:36 | INFO: Primitives created: 1
15:09:36 | INFO: Extracting primitive: post.006
15:09:36 | INFO: Primitives created: 1
15:09:36 | INFO: Extracting primitive: curved_tapered_bark
15:09:36 | WARNING: More than one shader node tex image used for a texture. The resulting glTF sampler will behave like the first shader node tex image.
15:09:36 | INFO: Primitives created: 1
15:09:36 | INFO: Extracting primitive: frond_rachis
15:09:36 | INFO: Primitives created: 1
15:09:36 | INFO: Extracting primitive: curved_tapered_bark.012
15:09:36 | INFO: Primitives created: 1
15:09:36 | INFO: Extracting primitive: frond_rachis.120
15:09:36 | INFO: Primitives created: 1
15:09:36 | INFO: Extracting primitive: curved_tapered_bark.020
15:09:36 | INFO: Primitives created: 1
15:09:36 | INFO: Extracting primitive: frond_rachis.195
15:09:36 | INFO: Primitives created: 1
15:09:36 | INFO: Extracting primitive: curved_tapered_bark.028
15:09:36 | INFO: Primitives created: 1
15:09:36 | INFO: Extracting primitive: frond_rachis.245
15:09:36 | INFO: Primitives created: 1
15:09:36 | INFO: Extracting primitive: curved_tapered_bark.040
15:09:36 | INFO: Primitives created: 1
15:09:36 | INFO: Extracting primitive: frond_rachis.373
15:09:36 | INFO: Primitives created: 1
15:09:36 | INFO: Extracting primitive: curved_tapered_bark.048
15:09:36 | INFO: Primitives created: 1
15:09:36 | INFO: Extracting primitive: frond_rachis.453
15:09:36 | INFO: Primitives created: 1
15:09:36 | INFO: Extracting primitive: curved_tapered_bark.056
15:09:36 | INFO: Primitives created: 1
15:09:36 | INFO: Extracting primitive: frond_rachis.503
15:09:36 | INFO: Primitives created: 1
15:09:36 | INFO: Extracting primitive: curved_tapered_bark.068
15:09:36 | INFO: Primitives created: 1
15:09:36 | INFO: Extracting primitive: frond_rachis.639
15:09:36 | INFO: Primitives created: 1
15:09:36 | INFO: Extracting primitive: curved_tapered_bark.076
15:09:36 | INFO: Primitives created: 1
15:09:36 | INFO: Extracting primitive: frond_rachis.724
15:09:36 | INFO: Primitives created: 1
15:09:36 | INFO: Extracting primitive: plinth
15:09:36 | INFO: Primitives created: 1
15:09:36 | INFO: Extracting primitive: stucco_mass
15:09:36 | INFO: Primitives created: 1
15:09:36 | INFO: Extracting primitive: roof_parapet
15:09:36 | INFO: Primitives created: 1
15:09:36 | INFO: Extracting primitive: inset_window
15:09:36 | INFO: Primitives created: 1
15:09:36 | INFO: Extracting primitive: inset_window.002
15:09:36 | INFO: Primitives created: 1
15:09:36 | INFO: Extracting primitive: plinth.001
15:09:36 | INFO: Primitives created: 1
15:09:36 | INFO: Extracting primitive: stucco_mass.001
15:09:36 | INFO: Primitives created: 1
15:09:36 | INFO: Extracting primitive: roof_parapet.001
15:09:36 | INFO: Primitives created: 1
15:09:36 | INFO: Extracting primitive: inset_window.008
15:09:36 | INFO: Primitives created: 1
15:09:36 | INFO: Extracting primitive: inset_window.009
15:09:36 | INFO: Primitives created: 1
15:09:36 | INFO: Extracting primitive: plinth.002
15:09:36 | INFO: Primitives created: 1
15:09:36 | INFO: Extracting primitive: stucco_mass.002
15:09:36 | INFO: Primitives created: 1
15:09:36 | INFO: Extracting primitive: roof_parapet.002
15:09:36 | INFO: Primitives created: 1
15:09:36 | INFO: Extracting primitive: inset_window.012
15:09:36 | INFO: Primitives created: 1
15:09:36 | INFO: Extracting primitive: inset_window.013
15:09:36 | INFO: Primitives created: 1
15:09:36 | INFO: Extracting primitive: irregular_quay_landform
15:09:36 | WARNING: More than one shader node tex image used for a texture. The resulting glTF sampler will behave like the first shader node tex image.
15:09:36 | INFO: Primitives created: 1
15:09:36 | INFO: Extracting primitive: marina_surface
15:09:36 | INFO: Primitives created: 1
15:09:36 | INFO: Extracting primitive: floor_slab
15:09:36 | WARNING: More than one shader node tex image used for a texture. The resulting glTF sampler will behave like the first shader node tex image.
15:09:36 | INFO: Primitives created: 1
15:09:36 | INFO: Extracting primitive: rear_architecture
15:09:36 | INFO: Primitives created: 1
15:09:36 | INFO: Extracting primitive: wall_reveal
15:09:36 | INFO: Primitives created: 1
15:09:36 | INFO: Extracting primitive: bench_top
15:09:36 | INFO: Primitives created: 1
15:09:36 | INFO: Extracting primitive: closed_cabinet
15:09:36 | INFO: Primitives created: 1
15:09:36 | INFO: Extracting primitive: recessed_pull
15:09:36 | INFO: Primitives created: 1
15:09:36 | INFO: Extracting primitive: red_tool_rail
15:09:36 | INFO: Primitives created: 1
15:09:36 | INFO: Extracting primitive: broad_diffuser
15:09:36 | INFO: Primitives created: 1
15:09:36 | INFO: Extracting primitive: exterior_courtyard
15:09:36 | INFO: Primitives created: 1
15:09:36 | INFO: Extracting primitive: irregular_mulch_bed
15:09:36 | INFO: Primitives created: 1
15:09:36 | INFO: Extracting primitive: connected_service_paving
15:09:36 | INFO: Primitives created: 1
15:09:36 | INFO: Extracting primitive: construction_joint
15:09:36 | INFO: Primitives created: 1
15:09:37 | INFO: Finished glTF 2.0 export in 1.216794490814209 s

P06_SHOWCASE_EXPORT sample 305 instances
Blender 4.5.2 LTS (hash ab25eae04993 built 2025-08-20 02:20:52)

Blender quit
