Info: Saved as "quality-foundation.blend"
Warning: No mesh data to join
Warning: No mesh data to join
Warning: No mesh data to join
Warning: No mesh data to join
Warning: No mesh data to join
Warning: No mesh data to join
Warning: No mesh data to join
Warning: No mesh data to join
Warning: No mesh data to join
Warning: No mesh data to join
Warning: No mesh data to join
Warning: No mesh data to join
Warning: No mesh data to join
Warning: No mesh data to join
Warning: No mesh data to join
Warning: No mesh data to join
Warning: No mesh data to join
Warning: No mesh data to join
Warning: No mesh data to join
Warning: No mesh data to join
Warning: No mesh data to join
Warning: No mesh data to join
Warning: No mesh data to join
Warning: No mesh data to join
Warning: No mesh data to join
Warning: No mesh data to join
Warning: No mesh data to join
Warning: No mesh data to join
Warning: No mesh data to join
Warning: No mesh data to join
Warning: No mesh data to join
Warning: No mesh data to join
Warning: No mesh data to join
Warning: No mesh data to join
Warning: No mesh data to join
Warning: No mesh data to join
INFO Draco mesh compression is available, use library at C:\Users\SM - Dan\Documents\GitHub\slingmods-three-wheel-tour-rebuild\.tools\blender-4.5.2-windows-x64\4.5\scripts\addons_core\io_scene_gltf2\extern_draco.dll
15:28:17 | INFO: Starting glTF 2.0 export
15:28:17 | INFO: Extracting primitive: runoff_right
15:28:17 | WARNING: More than one shader node tex image used for a texture. The resulting glTF sampler will behave like the first shader node tex image.
15:28:18 | INFO: Primitives created: 1
15:28:18 | INFO: Extracting primitive: Road_direction_arrow_9
15:28:18 | INFO: Primitives created: 1
15:28:18 | INFO: Extracting primitive: road_closed_asphalt
15:28:18 | WARNING: More than one shader node tex image used for a texture. The resulting glTF sampler will behave like the first shader node tex image.
15:28:18 | INFO: Primitives created: 1
15:28:18 | INFO: Extracting primitive: Quay_coping_9
15:28:18 | WARNING: More than one shader node tex image used for a texture. The resulting glTF sampler will behave like the first shader node tex image.
15:28:18 | INFO: Primitives created: 1
15:28:18 | INFO: Extracting primitive: Quay_coping_32
15:28:18 | INFO: Primitives created: 1
15:28:18 | INFO: Extracting primitive: Quay_coping_27
15:28:18 | INFO: Primitives created: 1
15:28:18 | INFO: Extracting primitive: Quay_coping_19
15:28:18 | INFO: Primitives created: 1
15:28:18 | INFO: Extracting primitive: Quay_coping_1
15:28:18 | INFO: Primitives created: 1
15:28:18 | INFO: Extracting primitive: Lamp_tapered_mast_9
15:28:18 | WARNING: More than one shader node tex image used for a texture. The resulting glTF sampler will behave like the first shader node tex image.
15:28:18 | INFO: Primitives created: 1
15:28:18 | INFO: Extracting primitive: Lamp_tapered_mast_6
15:28:18 | INFO: Primitives created: 1
15:28:18 | INFO: Extracting primitive: Lamp_tapered_mast_5
15:28:18 | INFO: Primitives created: 1
15:28:18 | INFO: Extracting primitive: Lamp_tapered_mast_4
15:28:18 | INFO: Primitives created: 1
15:28:18 | INFO: Extracting primitive: Lamp_tapered_mast_38
15:28:18 | INFO: Primitives created: 1
15:28:18 | INFO: Extracting primitive: Lamp_tapered_mast_37
15:28:18 | INFO: Primitives created: 1
15:28:18 | INFO: Extracting primitive: Lamp_tapered_mast_36
15:28:18 | INFO: Primitives created: 1
15:28:18 | INFO: Extracting primitive: Lamp_tapered_mast_34
15:28:18 | INFO: Primitives created: 1
15:28:18 | INFO: Extracting primitive: Lamp_tapered_mast_33
15:28:18 | INFO: Primitives created: 1
15:28:18 | INFO: Extracting primitive: Lamp_tapered_mast_32
15:28:18 | INFO: Primitives created: 1
15:28:18 | INFO: Extracting primitive: Lamp_tapered_mast_31
15:28:18 | INFO: Primitives created: 1
15:28:18 | INFO: Extracting primitive: Lamp_tapered_mast_30
15:28:18 | INFO: Primitives created: 1
15:28:18 | INFO: Extracting primitive: Lamp_tapered_mast_3
15:28:18 | INFO: Primitives created: 1
15:28:18 | INFO: Extracting primitive: Lamp_tapered_mast_29
15:28:18 | INFO: Primitives created: 1
15:28:18 | INFO: Extracting primitive: Lamp_tapered_mast_28
15:28:18 | INFO: Primitives created: 1
15:28:18 | INFO: Extracting primitive: Lamp_tapered_mast_26
15:28:18 | INFO: Primitives created: 1
15:28:18 | INFO: Extracting primitive: Lamp_tapered_mast_25
15:28:18 | INFO: Primitives created: 1
15:28:18 | INFO: Extracting primitive: Lamp_tapered_mast_22
15:28:18 | INFO: Primitives created: 1
15:28:18 | INFO: Extracting primitive: Lamp_tapered_mast_21
15:28:18 | INFO: Primitives created: 1
15:28:18 | INFO: Extracting primitive: Lamp_tapered_mast_20
15:28:18 | INFO: Primitives created: 1
15:28:18 | INFO: Extracting primitive: Lamp_tapered_mast_2
15:28:18 | INFO: Primitives created: 1
15:28:18 | INFO: Extracting primitive: Lamp_tapered_mast_17
15:28:18 | INFO: Primitives created: 1
15:28:18 | INFO: Extracting primitive: Lamp_tapered_mast_14
15:28:18 | INFO: Primitives created: 1
15:28:18 | INFO: Extracting primitive: Lamp_tapered_mast_13
15:28:18 | INFO: Primitives created: 1
15:28:18 | INFO: Extracting primitive: Lamp_tapered_mast_11
15:28:18 | INFO: Primitives created: 1
15:28:18 | INFO: Extracting primitive: Lamp_tapered_mast_1
15:28:18 | INFO: Primitives created: 1
15:28:18 | INFO: Extracting primitive: Lamp_diffuser_9
15:28:18 | INFO: Primitives created: 1
15:28:18 | INFO: Extracting primitive: Lamp_diffuser_6
15:28:18 | INFO: Primitives created: 1
15:28:18 | INFO: Extracting primitive: Lamp_diffuser_5
15:28:18 | INFO: Primitives created: 1
15:28:18 | INFO: Extracting primitive: Lamp_diffuser_4
15:28:18 | INFO: Primitives created: 1
15:28:18 | INFO: Extracting primitive: Lamp_diffuser_38
15:28:18 | INFO: Primitives created: 1
15:28:18 | INFO: Extracting primitive: Lamp_diffuser_37
15:28:18 | INFO: Primitives created: 1
15:28:18 | INFO: Extracting primitive: Lamp_diffuser_36
15:28:18 | INFO: Primitives created: 1
15:28:18 | INFO: Extracting primitive: Lamp_diffuser_34
15:28:18 | INFO: Primitives created: 1
15:28:18 | INFO: Extracting primitive: Lamp_diffuser_33
15:28:18 | INFO: Primitives created: 1
15:28:18 | INFO: Extracting primitive: Lamp_diffuser_32
15:28:18 | INFO: Primitives created: 1
15:28:18 | INFO: Extracting primitive: Lamp_diffuser_31
15:28:18 | INFO: Primitives created: 1
15:28:18 | INFO: Extracting primitive: Lamp_diffuser_30
15:28:18 | INFO: Primitives created: 1
15:28:18 | INFO: Extracting primitive: Lamp_diffuser_3
15:28:18 | INFO: Primitives created: 1
15:28:18 | INFO: Extracting primitive: Lamp_diffuser_29
15:28:18 | INFO: Primitives created: 1
15:28:18 | INFO: Extracting primitive: Lamp_diffuser_28
15:28:18 | INFO: Primitives created: 1
15:28:18 | INFO: Extracting primitive: Lamp_diffuser_25
15:28:18 | INFO: Primitives created: 1
15:28:18 | INFO: Extracting primitive: Lamp_diffuser_22
15:28:18 | INFO: Primitives created: 1
15:28:18 | INFO: Extracting primitive: Lamp_diffuser_21
15:28:18 | INFO: Primitives created: 1
15:28:18 | INFO: Extracting primitive: Lamp_diffuser_20
15:28:18 | INFO: Primitives created: 1
15:28:18 | INFO: Extracting primitive: Lamp_diffuser_2
15:28:18 | INFO: Primitives created: 1
15:28:18 | INFO: Extracting primitive: Lamp_diffuser_17
15:28:18 | INFO: Primitives created: 1
15:28:18 | INFO: Extracting primitive: Lamp_diffuser_15
15:28:18 | INFO: Primitives created: 1
15:28:18 | INFO: Extracting primitive: Lamp_diffuser_14
15:28:18 | INFO: Primitives created: 1
15:28:18 | INFO: Extracting primitive: Lamp_diffuser_11
15:28:18 | INFO: Primitives created: 1
15:28:18 | INFO: Extracting primitive: Lamp_diffuser_1
15:28:18 | INFO: Primitives created: 1
15:28:18 | INFO: Extracting primitive: Lamp_base_9
15:28:18 | WARNING: More than one shader node tex image used for a texture. The resulting glTF sampler will behave like the first shader node tex image.
15:28:18 | INFO: Primitives created: 1
15:28:18 | INFO: Extracting primitive: Lamp_base_6
15:28:18 | INFO: Primitives created: 1
15:28:18 | INFO: Extracting primitive: Lamp_base_5
15:28:18 | INFO: Primitives created: 1
15:28:18 | INFO: Extracting primitive: Lamp_base_4
15:28:18 | INFO: Primitives created: 1
15:28:18 | INFO: Extracting primitive: Lamp_base_38
15:28:18 | INFO: Primitives created: 1
15:28:18 | INFO: Extracting primitive: Lamp_base_37
15:28:18 | INFO: Primitives created: 1
15:28:18 | INFO: Extracting primitive: Lamp_base_36
15:28:18 | INFO: Primitives created: 1
15:28:18 | INFO: Extracting primitive: Lamp_base_34
15:28:18 | INFO: Primitives created: 1
15:28:18 | INFO: Extracting primitive: Lamp_base_33
15:28:18 | INFO: Primitives created: 1
15:28:18 | INFO: Extracting primitive: Lamp_base_32
15:28:18 | INFO: Primitives created: 1
15:28:18 | INFO: Extracting primitive: Lamp_base_31
15:28:18 | INFO: Primitives created: 1
15:28:18 | INFO: Extracting primitive: Lamp_base_30
15:28:18 | INFO: Primitives created: 1
15:28:18 | INFO: Extracting primitive: Lamp_base_3
15:28:18 | INFO: Primitives created: 1
15:28:18 | INFO: Extracting primitive: Lamp_base_29
15:28:18 | INFO: Primitives created: 1
15:28:18 | INFO: Extracting primitive: Lamp_base_28
15:28:18 | INFO: Primitives created: 1
15:28:18 | INFO: Extracting primitive: Lamp_base_26
15:28:18 | INFO: Primitives created: 1
15:28:18 | INFO: Extracting primitive: Lamp_base_25
15:28:18 | INFO: Primitives created: 1
15:28:18 | INFO: Extracting primitive: Lamp_base_22
15:28:18 | INFO: Primitives created: 1
15:28:18 | INFO: Extracting primitive: Lamp_base_21
15:28:18 | INFO: Primitives created: 1
15:28:18 | INFO: Extracting primitive: Lamp_base_20
15:28:18 | INFO: Primitives created: 1
15:28:18 | INFO: Extracting primitive: Lamp_base_2
15:28:18 | INFO: Primitives created: 1
15:28:18 | INFO: Extracting primitive: Lamp_base_17
15:28:18 | INFO: Primitives created: 1
15:28:18 | INFO: Extracting primitive: Lamp_base_14
15:28:18 | INFO: Primitives created: 1
15:28:18 | INFO: Extracting primitive: Lamp_base_13
15:28:18 | INFO: Primitives created: 1
15:28:18 | INFO: Extracting primitive: Lamp_base_11
15:28:18 | INFO: Primitives created: 1
15:28:18 | INFO: Extracting primitive: Lamp_base_1
15:28:18 | INFO: Primitives created: 1
15:28:18 | INFO: Extracting primitive: Gate_marker_3_-1
15:28:18 | INFO: Primitives created: 1
15:28:18 | INFO: Extracting primitive: Gate_marker_15_-1
15:28:18 | INFO: Primitives created: 1
15:28:18 | INFO: Extracting primitive: Freight_container_8_0
15:28:18 | INFO: Primitives created: 1
15:28:18 | INFO: Extracting primitive: curbs_exact_route_colliders
15:28:18 | WARNING: More than one shader node tex image used for a texture. The resulting glTF sampler will behave like the first shader node tex image.
15:28:18 | INFO: Primitives created: 1
15:28:18 | INFO: Finished glTF 2.0 export in 0.7185771465301514 s

Info: Saved as "quality-kit.blend"
Warning: No mesh data to join
Warning: No mesh data to join
Warning: No mesh data to join
Warning: No mesh data to join
Warning: No mesh data to join
Warning: No mesh data to join
Warning: No mesh data to join
Warning: No mesh data to join
Warning: No mesh data to join
Warning: No mesh data to join
Warning: No mesh data to join
Warning: No mesh data to join
Warning: No mesh data to join
Warning: No mesh data to join
Warning: No mesh data to join
Warning: No mesh data to join
Warning: No mesh data to join
Warning: No mesh data to join
Warning: No mesh data to join
Warning: No mesh data to join
Warning: No mesh data to join
Warning: No mesh data to join
Warning: No mesh data to join
Warning: No mesh data to join
Warning: No mesh data to join
Warning: No mesh data to join
Warning: No mesh data to join
Warning: No mesh data to join
Warning: No mesh data to join
Warning: No mesh data to join
Warning: No mesh data to join
Warning: No mesh data to join
Warning: No mesh data to join
Warning: No mesh data to join
Warning: No mesh data to join
Warning: No mesh data to join
Warning: No mesh data to join
Warning: No mesh data to join
Warning: No mesh data to join
Warning: No mesh data to join
Warning: No mesh data to join
Warning: No mesh data to join
Warning: No mesh data to join
Warning: No mesh data to join
15:28:35 | INFO: Starting glTF 2.0 export
15:28:35 | INFO: Extracting primitive: stepped_plinth
15:28:35 | WARNING: More than one shader node tex image used for a texture. The resulting glTF sampler will behave like the first shader node tex image.
15:28:35 | INFO: Primitives created: 1
15:28:35 | INFO: Extracting primitive: rear_wall
15:28:35 | WARNING: More than one shader node tex image used for a texture. The resulting glTF sampler will behave like the first shader node tex image.
15:28:35 | INFO: Primitives created: 1
15:28:35 | INFO: Extracting primitive: roof_shadow_gap
15:28:35 | INFO: Primitives created: 1
15:28:35 | INFO: Extracting primitive: parapet_cap
15:28:35 | INFO: Primitives created: 1
15:28:35 | INFO: Extracting primitive: recessed_glazing
15:28:35 | INFO: Primitives created: 1
15:28:35 | INFO: Extracting primitive: interior_counter
15:28:35 | WARNING: More than one shader node tex image used for a texture. The resulting glTF sampler will behave like the first shader node tex image.
15:28:35 | INFO: Primitives created: 1
15:28:35 | INFO: Extracting primitive: canopy_soffit
15:28:35 | INFO: Primitives created: 1
15:28:35 | INFO: Extracting primitive: recessed_soffit_light
15:28:35 | INFO: Primitives created: 1
15:28:35 | INFO: Extracting primitive: entrance_red_blade
15:28:35 | INFO: Primitives created: 1
15:28:35 | INFO: Extracting primitive: outside_barrier_post
15:28:35 | INFO: Primitives created: 1
15:28:35 | INFO: Extracting primitive: base
15:28:35 | INFO: Primitives created: 1
15:28:35 | INFO: Extracting primitive: overhead_header
15:28:35 | INFO: Primitives created: 1
15:28:35 | INFO: Extracting primitive: event_sign
15:28:35 | INFO: Primitives created: 1
15:28:35 | INFO: Extracting primitive: restrained_practical
15:28:35 | INFO: Primitives created: 1
15:28:35 | INFO: Extracting primitive: roof
15:28:35 | INFO: Primitives created: 1
15:28:35 | INFO: Extracting primitive: closed_equipment
15:28:35 | INFO: Primitives created: 1
15:28:35 | INFO: Extracting primitive: red_valance
15:28:35 | INFO: Primitives created: 1
15:28:35 | INFO: Extracting primitive: stepped_plinth.001
15:28:35 | INFO: Primitives created: 1
15:28:35 | INFO: Extracting primitive: rear_wall.001
15:28:35 | INFO: Primitives created: 1
15:28:35 | INFO: Extracting primitive: roof_shadow_gap.001
15:28:35 | INFO: Primitives created: 1
15:28:35 | INFO: Extracting primitive: parapet_cap.001
15:28:35 | INFO: Primitives created: 1
15:28:35 | INFO: Extracting primitive: recessed_glazing.003
15:28:35 | INFO: Primitives created: 1
15:28:35 | INFO: Extracting primitive: interior_counter.003
15:28:35 | INFO: Primitives created: 1
15:28:35 | INFO: Extracting primitive: service_identity
15:28:35 | INFO: Primitives created: 1
15:28:35 | INFO: Extracting primitive: individual_deck_plank
15:28:35 | INFO: Primitives created: 1
15:28:35 | INFO: Extracting primitive: bollard
15:28:35 | INFO: Primitives created: 1
15:28:35 | INFO: Extracting primitive: paving
15:28:35 | INFO: Primitives created: 1
15:28:35 | INFO: Extracting primitive: waterline_retaining_wall
15:28:35 | WARNING: More than one shader node tex image used for a texture. The resulting glTF sampler will behave like the first shader node tex image.
15:28:35 | INFO: Primitives created: 1
15:28:35 | INFO: Extracting primitive: rail_post
15:28:35 | INFO: Primitives created: 1
15:28:35 | INFO: Extracting primitive: sheer_hull
15:28:35 | INFO: Primitives created: 1
15:28:35 | INFO: Extracting primitive: open_cockpit
15:28:35 | INFO: Primitives created: 1
15:28:35 | INFO: Extracting primitive: windshield
15:28:35 | INFO: Primitives created: 1
15:28:35 | INFO: Extracting primitive: bimini_archL
15:28:35 | INFO: Primitives created: 1
15:28:35 | INFO: Extracting primitive: floor
15:28:35 | INFO: Primitives created: 1
15:28:35 | INFO: Extracting primitive: post
15:28:35 | INFO: Primitives created: 1
15:28:35 | INFO: Extracting primitive: seating
15:28:35 | INFO: Primitives created: 1
15:28:35 | INFO: Extracting primitive: concrete_trough
15:28:35 | INFO: Primitives created: 1
15:28:35 | INFO: Extracting primitive: soil
15:28:35 | INFO: Primitives created: 1
15:28:35 | INFO: Extracting primitive: curved_low_leaf
15:28:35 | INFO: Primitives created: 1
15:28:35 | INFO: Extracting primitive: flush_frame
15:28:35 | INFO: Primitives created: 1
15:28:35 | INFO: Extracting primitive: drain_slot
15:28:35 | INFO: Primitives created: 1
15:28:35 | INFO: Extracting primitive: irregular_edge_repair
15:28:35 | INFO: Primitives created: 1
15:28:35 | INFO: Extracting primitive: equipment_body
15:28:35 | INFO: Primitives created: 1
15:28:35 | INFO: Extracting primitive: equipment_grille
15:28:35 | INFO: Primitives created: 1
15:28:35 | INFO: Extracting primitive: mastL
15:28:35 | INFO: Primitives created: 1
15:28:35 | INFO: Extracting primitive: lifting_line
15:28:35 | INFO: Primitives created: 1
15:28:35 | INFO: Extracting primitive: post.004
15:28:35 | INFO: Primitives created: 1
15:28:35 | INFO: Extracting primitive: sign
15:28:35 | INFO: Primitives created: 1
15:28:35 | INFO: Extracting primitive: distance
15:28:35 | INFO: Primitives created: 1
15:28:35 | INFO: Extracting primitive: post.005
15:28:35 | INFO: Primitives created: 1
15:28:35 | INFO: Extracting primitive: sign.001
15:28:35 | INFO: Primitives created: 1
15:28:35 | INFO: Extracting primitive: distance.001
15:28:35 | INFO: Primitives created: 1
15:28:35 | INFO: Extracting primitive: post.006
15:28:35 | INFO: Primitives created: 1
15:28:35 | INFO: Extracting primitive: continuous_tapered_bark
15:28:36 | WARNING: More than one shader node tex image used for a texture. The resulting glTF sampler will behave like the first shader node tex image.
15:28:36 | INFO: Primitives created: 1
15:28:36 | INFO: Extracting primitive: frond_rachis
15:28:36 | INFO: Primitives created: 1
15:28:36 | INFO: Extracting primitive: continuous_tapered_bark.001
15:28:36 | INFO: Primitives created: 1
15:28:36 | INFO: Extracting primitive: frond_rachis.184
15:28:36 | INFO: Primitives created: 1
15:28:36 | INFO: Extracting primitive: continuous_tapered_bark.002
15:28:36 | INFO: Primitives created: 1
15:28:36 | INFO: Extracting primitive: frond_rachis.299
15:28:36 | INFO: Primitives created: 1
15:28:36 | INFO: Extracting primitive: continuous_tapered_bark.003
15:28:36 | INFO: Primitives created: 1
15:28:36 | INFO: Extracting primitive: frond_rachis.364
15:28:36 | INFO: Primitives created: 1
15:28:36 | INFO: Extracting primitive: continuous_tapered_bark.004
15:28:36 | INFO: Primitives created: 1
15:28:36 | INFO: Extracting primitive: frond_rachis.556
15:28:36 | INFO: Primitives created: 1
15:28:36 | INFO: Extracting primitive: continuous_tapered_bark.005
15:28:36 | INFO: Primitives created: 1
15:28:36 | INFO: Extracting primitive: frond_rachis.676
15:28:36 | INFO: Primitives created: 1
15:28:36 | INFO: Extracting primitive: continuous_tapered_bark.006
15:28:36 | INFO: Primitives created: 1
15:28:36 | INFO: Extracting primitive: frond_rachis.741
15:28:36 | INFO: Primitives created: 1
15:28:36 | INFO: Extracting primitive: continuous_tapered_bark.007
15:28:36 | INFO: Primitives created: 1
15:28:36 | INFO: Extracting primitive: frond_rachis.941
15:28:36 | INFO: Primitives created: 1
15:28:36 | INFO: Extracting primitive: continuous_tapered_bark.008
15:28:36 | INFO: Primitives created: 1
15:28:36 | INFO: Extracting primitive: frond_rachis.1066
15:28:36 | INFO: Primitives created: 1
15:28:36 | INFO: Extracting primitive: plinth
15:28:36 | INFO: Primitives created: 1
15:28:36 | INFO: Extracting primitive: stucco_mass
15:28:36 | INFO: Primitives created: 1
15:28:36 | INFO: Extracting primitive: roof_parapet
15:28:36 | INFO: Primitives created: 1
15:28:36 | INFO: Extracting primitive: inset_window
15:28:36 | INFO: Primitives created: 1
15:28:36 | INFO: Extracting primitive: inset_window.002
15:28:36 | INFO: Primitives created: 1
15:28:36 | INFO: Extracting primitive: plinth.001
15:28:36 | INFO: Primitives created: 1
15:28:36 | INFO: Extracting primitive: stucco_mass.001
15:28:36 | INFO: Primitives created: 1
15:28:36 | INFO: Extracting primitive: roof_parapet.001
15:28:36 | INFO: Primitives created: 1
15:28:36 | INFO: Extracting primitive: inset_window.008
15:28:36 | INFO: Primitives created: 1
15:28:36 | INFO: Extracting primitive: inset_window.009
15:28:36 | INFO: Primitives created: 1
15:28:36 | INFO: Extracting primitive: plinth.002
15:28:36 | INFO: Primitives created: 1
15:28:36 | INFO: Extracting primitive: stucco_mass.002
15:28:36 | INFO: Primitives created: 1
15:28:36 | INFO: Extracting primitive: roof_parapet.002
15:28:36 | INFO: Primitives created: 1
15:28:36 | INFO: Extracting primitive: inset_window.012
15:28:36 | INFO: Primitives created: 1
15:28:36 | INFO: Extracting primitive: inset_window.013
15:28:36 | INFO: Primitives created: 1
15:28:36 | INFO: Extracting primitive: continuous_vegetated_farbank
15:28:36 | WARNING: More than one shader node tex image used for a texture. The resulting glTF sampler will behave like the first shader node tex image.
15:28:36 | INFO: Primitives created: 1
15:28:36 | INFO: Extracting primitive: marina_surface
15:28:36 | INFO: Primitives created: 1
15:28:36 | INFO: Extracting primitive: floor_slab
15:28:36 | WARNING: More than one shader node tex image used for a texture. The resulting glTF sampler will behave like the first shader node tex image.
15:28:36 | INFO: Primitives created: 1
15:28:36 | INFO: Extracting primitive: rear_architecture
15:28:36 | INFO: Primitives created: 1
15:28:36 | INFO: Extracting primitive: wall_reveal
15:28:36 | INFO: Primitives created: 1
15:28:36 | INFO: Extracting primitive: bench_top
15:28:36 | INFO: Primitives created: 1
15:28:36 | INFO: Extracting primitive: closed_cabinet
15:28:36 | INFO: Primitives created: 1
15:28:36 | INFO: Extracting primitive: recessed_pull
15:28:36 | INFO: Primitives created: 1
15:28:36 | INFO: Extracting primitive: red_tool_rail
15:28:36 | INFO: Primitives created: 1
15:28:36 | INFO: Extracting primitive: broad_diffuser
15:28:36 | INFO: Primitives created: 1
15:28:36 | INFO: Extracting primitive: exterior_courtyard
15:28:36 | INFO: Primitives created: 1
15:28:36 | INFO: Extracting primitive: cast_vertical_joint
15:28:36 | INFO: Primitives created: 1
15:28:36 | INFO: Extracting primitive: irregular_mulch_bed
15:28:36 | WARNING: More than one shader node tex image used for a texture. The resulting glTF sampler will behave like the first shader node tex image.
15:28:36 | INFO: Primitives created: 1
15:28:36 | INFO: Extracting primitive: rounded_planting_bed
15:28:36 | INFO: Primitives created: 1
15:28:36 | INFO: Extracting primitive: palmetto_stem
15:28:36 | INFO: Primitives created: 1
15:28:36 | INFO: Extracting primitive: continuous_service_paving
15:28:36 | INFO: Primitives created: 1
15:28:36 | INFO: Extracting primitive: service_center_dash
15:28:36 | INFO: Primitives created: 1
15:28:36 | INFO: Extracting primitive: yard_cut_around_paving
15:28:36 | WARNING: More than one shader node tex image used for a texture. The resulting glTF sampler will behave like the first shader node tex image.
15:28:36 | INFO: Primitives created: 1
15:28:36 | INFO: Extracting primitive: workbay_edge
15:28:36 | INFO: Primitives created: 1
15:28:36 | INFO: Extracting primitive: raised_island
15:28:36 | INFO: Primitives created: 1
15:28:36 | INFO: Extracting primitive: planting_soil
15:28:36 | INFO: Primitives created: 1
15:28:36 | INFO: Extracting primitive: support_runner
15:28:36 | INFO: Primitives created: 1
15:28:36 | INFO: Extracting primitive: rubber_hull_saddle
15:28:36 | INFO: Primitives created: 1
15:28:36 | INFO: Extracting primitive: inland_horizon_ground
15:28:36 | INFO: Primitives created: 1
15:28:36 | INFO: Extracting primitive: Harbor_land
15:28:36 | INFO: Primitives created: 1
15:28:36 | INFO: Finished glTF 2.0 export in 1.2413585186004639 s

P06B_QUALITY_EXPORT full 779 instances
Blender 4.5.2 LTS (hash ab25eae04993 built 2025-08-20 02:20:52)

Blender quit
