
> slingmods-three-wheel-tour-rebuild@1.0.0 build
> tsc --noEmit && vite build

vite v8.3.0 building client environment for production...
transforming...
✓ 45 modules transformed.
rendering chunks...
computing gzip size...
dist/index.html                            0.73 kB │ gzip:     0.49 kB
dist/assets/save-S_mbsQK_.css              0.86 kB │ gzip:     0.44 kB
dist/assets/workbench-BO_-eGnH.css         4.22 kB │ gzip:     1.45 kB
dist/assets/game-audio-J9sJU5Hj.css        5.12 kB │ gzip:     1.73 kB
dist/assets/calibration-DmklI0Hh.js        2.33 kB │ gzip:     1.24 kB
dist/assets/index-dlS4sn2q.js              2.79 kB │ gzip:     1.36 kB
dist/assets/harbor-vsJf6zax.js            19.30 kB │ gzip:     8.12 kB
dist/assets/OrbitControls-DuCjcigX.js     19.83 kB │ gzip:     4.40 kB
dist/assets/workbench-Dxg2Op0-.js         24.17 kB │ gzip:     9.50 kB
dist/assets/save-D_IYSAL1.js             633.39 kB │ gzip:   159.89 kB
dist/assets/game-audio-1H4CZ6nn.js     2,889.98 kB │ gzip: 1,107.56 kB

✓ built in 317ms
[plugin builtin:vite-reporter] 
(!) Some chunks are larger than 500 kB after minification. Consider:
- Using dynamic import() to code-split the application
- Use build.rolldownOptions.output.codeSplitting to improve chunking: https://rolldown.rs/reference/OutputOptions.codeSplitting
- Adjust chunk size limit for this warning via build.chunkSizeWarningLimit.
(node:57108) [DEP0190] DeprecationWarning: Passing args to a child process with shell option true can lead to security vulnerabilities, as the arguments are not escaped, only concatenated.
(Use `node --trace-deprecation ...` to show where the warning was created)
Frozen Review07 build c12dccb5ab1d68c030d41b8bef3699e1a3f6f6ac
