{
  "method": "Native recorded live player and nearest-two-rival buses; actual game mix. Three disclosed evidence-only sync chirps/DOM flashes are retained. One constant audio shift, no time stretching or engine dubbing. Video and input use wallclock. Bay/loading outside capture graph is silent. Numerical signal checks do not confer human listening approval.",
  "anchors": [
    {
      "id": "start",
      "frequency": 3000,
      "audioOnsetApproxSeconds": 6.423666666666667,
      "videoFlashSeconds": 17.2,
      "videoMinusAudioSeconds": 10.776333333333334,
      "toneAmplitude": 0.1216651826243926,
      "windowMs": 20,
      "hopMs": 5,
      "videoFrameMs": 40
    },
    {
      "id": "middle",
      "frequency": 3400,
      "audioOnsetApproxSeconds": 89.485,
      "videoFlashSeconds": 100.28,
      "videoMinusAudioSeconds": 10.795000000000002,
      "toneAmplitude": 0.12055501228112914,
      "windowMs": 20,
      "hopMs": 5,
      "videoFrameMs": 40
    },
    {
      "id": "finish",
      "frequency": 3800,
      "audioOnsetApproxSeconds": 180.733,
      "videoFlashSeconds": 191.52,
      "videoMinusAudioSeconds": 10.787000000000006,
      "toneAmplitude": 0.12156093850750485,
      "windowMs": 20,
      "hopMs": 5,
      "videoFrameMs": 40
    }
  ],
  "constantAudioOffsetSeconds": 10.787000000000006,
  "alignmentResidualSeconds": [
    -0.010666666666672597,
    0.007999999999995566,
    0.0
  ],
  "decodedSampleRate": 48000,
  "channels": 2,
  "durationSeconds": 181.02,
  "channelPeak": [
    0.20177771151065826,
    0.20516817271709442
  ],
  "channelRms": [
    0.038805242009057696,
    0.038752907442992944
  ],
  "clippedSamples": 0,
  "nonfiniteSamples": 0,
  "sourceAudioSHA256": "7b89b62827ff0c0964cefb41e4886f77bb7b8219229b92c583b74cc2d62912ad",
  "sourceVideoSHA256": "9551edf034f8e16956752cb74e161721c3b4085631d94758997e3a1fdb8d49d5",
  "outputSHA256": "0553b0c05ecb5e24cfb5433691629232343b05d4b8aebaa16687566f3cb48e1c"
}
