{
  "dir": "C:\\Users\\Daniel Kinsner\\OneDrive\\Documents\\GitHub\\slingmods-three-wheel-tour-rebuild\\director-kit\\production\\evidence\\P07A\\day-scored-equipped1080",
  "rows": 4927,
  "results": [
    {
      "timeMs": 78402.53931382658,
      "valid": true,
      "invalidReason": null,
      "previousBestMs": 78719.20388459373,
      "bestMs": 78402.53931382658,
      "differenceMs": -316.66457076715596,
      "firstRecord": false,
      "newBest": true
    }
  ],
  "events": [
    {
      "wall": 2542.800000011921,
      "event": "program-count",
      "data": {
        "from": -1,
        "to": 25
      }
    }
  ],
  "worst": [
    [
      2537.4,
      166.70000000000027,
      7.800000011920929,
      5.5,
      6,
      0,
      25,
      6,
      2,
      0,
      0,
      0
    ],
    [
      19503.4,
      16.80000000000291,
      2.5,
      1.5999999642372131,
      1022,
      13299.999999999874,
      25,
      6,
      2,
      0,
      2,
      1
    ],
    [
      19653.4,
      16.80000000000291,
      2.800000011920929,
      1.9000000357627869,
      1031,
      13449.999999999869,
      25,
      6,
      2,
      0,
      2,
      1
    ],
    [
      19803.4,
      16.80000000000291,
      2.600000023841858,
      1.699999988079071,
      1040,
      13599.999999999864,
      25,
      6,
      2,
      0,
      2,
      1
    ]
  ],
  "glSlow": []
}
