
> slingmods-three-wheel-tour-rebuild@1.0.0 build
> tsc --noEmit && vite build

vite v8.3.0 building client environment for production...
transforming...
✓ 82 modules transformed.
rendering chunks...
computing gzip size...
dist/index.html                              0.95 kB │ gzip:     0.56 kB
dist/assets/save-S_mbsQK_.css                0.86 kB │ gzip:     0.44 kB
dist/assets/crew-CydNNodD.css                1.53 kB │ gzip:     0.70 kB
dist/assets/preview-DuEvBiNj.css             5.07 kB │ gzip:     1.59 kB
dist/assets/workbench-DuS9sGzO.css           7.43 kB │ gzip:     2.34 kB
dist/assets/game-audio-DFagKZS_.css         10.92 kB │ gzip:     3.08 kB
dist/assets/profile-BOv_1Vte.js              1.17 kB │ gzip:     0.61 kB
dist/assets/recovery-D8yfTBio.js             1.91 kB │ gzip:     0.99 kB
dist/assets/calibration-DzjwAN1p.js          2.33 kB │ gzip:     1.24 kB
dist/assets/entry-BtpEPoNn.js                3.18 kB │ gzip:     1.48 kB
dist/assets/index-CJLZcYEQ.js                4.14 kB │ gzip:     1.88 kB
dist/assets/harbor-BQVoWrNT.js              11.27 kB │ gzip:     4.99 kB
dist/assets/RoomEnvironment-BgRS2Gop.js     21.83 kB │ gzip:     5.23 kB
dist/assets/harbor-lighting-D7i1cbR7.js     22.80 kB │ gzip:     9.47 kB
dist/assets/crew-9r6arBrj.js                33.35 kB │ gzip:    12.96 kB
dist/assets/workbench-zWFHIhK6.js           43.76 kB │ gzip:    15.05 kB
dist/assets/save-yPsBOUJN.js               638.46 kB │ gzip:   161.18 kB
dist/assets/game-audio-bwIO1kXH.js       3,179.11 kB │ gzip: 1,228.14 kB

✓ built in 396ms
[plugin builtin:vite-reporter] 
(!) Some chunks are larger than 500 kB after minification. Consider:
- Using dynamic import() to code-split the application
- Use build.rolldownOptions.output.codeSplitting to improve chunking: https://rolldown.rs/reference/OutputOptions.codeSplitting
- Adjust chunk size limit for this warning via build.chunkSizeWarningLimit.
