
> slingmods-three-wheel-tour-rebuild@1.0.0 demo:build
> node scripts/build-demo.mjs

vite v8.3.0 building client environment for demo...
transforming...
✓ 82 modules transformed.
rendering chunks...
computing gzip size...
demo-dist/2026-09-15T04-11-59-668Z-758c2b291a9b/index.html                              0.95 kB │ gzip:     0.56 kB
demo-dist/2026-09-15T04-11-59-668Z-758c2b291a9b/.vite/manifest.json                     3.40 kB │ gzip:     0.65 kB
demo-dist/2026-09-15T04-11-59-668Z-758c2b291a9b/assets/save-S_mbsQK_.css                0.86 kB │ gzip:     0.44 kB
demo-dist/2026-09-15T04-11-59-668Z-758c2b291a9b/assets/crew-CydNNodD.css                1.53 kB │ gzip:     0.70 kB
demo-dist/2026-09-15T04-11-59-668Z-758c2b291a9b/assets/preview-DuEvBiNj.css             5.07 kB │ gzip:     1.59 kB
demo-dist/2026-09-15T04-11-59-668Z-758c2b291a9b/assets/workbench-DuS9sGzO.css           7.43 kB │ gzip:     2.34 kB
demo-dist/2026-09-15T04-11-59-668Z-758c2b291a9b/assets/game-audio-DFagKZS_.css         10.92 kB │ gzip:     3.08 kB
demo-dist/2026-09-15T04-11-59-668Z-758c2b291a9b/assets/profile-CJVbYVwc.js              1.26 kB │ gzip:     0.63 kB
demo-dist/2026-09-15T04-11-59-668Z-758c2b291a9b/assets/recovery-D8yfTBio.js             1.91 kB │ gzip:     0.99 kB
demo-dist/2026-09-15T04-11-59-668Z-758c2b291a9b/assets/calibration--Psu7whx.js          2.33 kB │ gzip:     1.24 kB
demo-dist/2026-09-15T04-11-59-668Z-758c2b291a9b/assets/entry-1BEUd7vZ.js                3.18 kB │ gzip:     1.48 kB
demo-dist/2026-09-15T04-11-59-668Z-758c2b291a9b/assets/index-C7K-rJaH.js                4.28 kB │ gzip:     1.94 kB
demo-dist/2026-09-15T04-11-59-668Z-758c2b291a9b/assets/harbor-IeUBN8LT.js              11.27 kB │ gzip:     4.99 kB
demo-dist/2026-09-15T04-11-59-668Z-758c2b291a9b/assets/RoomEnvironment-CWj55tZp.js     21.83 kB │ gzip:     5.23 kB
demo-dist/2026-09-15T04-11-59-668Z-758c2b291a9b/assets/harbor-lighting-DF6UDBlR.js     22.80 kB │ gzip:     9.47 kB
demo-dist/2026-09-15T04-11-59-668Z-758c2b291a9b/assets/crew-CTvGtROX.js                33.35 kB │ gzip:    12.96 kB
demo-dist/2026-09-15T04-11-59-668Z-758c2b291a9b/assets/workbench-Co7eZxMi.js           43.76 kB │ gzip:    15.05 kB
demo-dist/2026-09-15T04-11-59-668Z-758c2b291a9b/assets/save-C2FYi371.js               638.46 kB │ gzip:   161.18 kB
demo-dist/2026-09-15T04-11-59-668Z-758c2b291a9b/assets/game-audio-ZgLXdyGn.js       3,179.11 kB │ gzip: 1,228.13 kB

✓ built in 232ms
[plugin builtin:vite-reporter] 
(!) Some chunks are larger than 500 kB after minification. Consider:
- Using dynamic import() to code-split the application
- Use build.rolldownOptions.output.codeSplitting to improve chunking: https://rolldown.rs/reference/OutputOptions.codeSplitting
- Adjust chunk size limit for this warning via build.chunkSizeWarningLimit.
{
  "output": "demo-dist/2026-09-15T04-11-59-668Z-758c2b291a9b",
  "buildRef": "758c2b291a9b",
  "files": 49,
  "bytes": 112457877
}
