
> slingmods-three-wheel-tour-rebuild@1.0.0 build
> tsc --noEmit && vite build

warning: in the working copy of '.gitignore', LF will be replaced by CRLF the next time Git touches it
warning: in the working copy of 'src/career/catalog.ts', LF will be replaced by CRLF the next time Git touches it
warning: in the working copy of 'src/main.ts', LF will be replaced by CRLF the next time Git touches it
warning: in the working copy of 'src/presentation/prepare.ts', LF will be replaced by CRLF the next time Git touches it
warning: in the working copy of 'src/presentation/showcase.ts', LF will be replaced by CRLF the next time Git touches it
warning: in the working copy of 'src/save.ts', LF will be replaced by CRLF the next time Git touches it
vite v8.3.0 building client environment for production...
transforming...
✓ 82 modules transformed.
rendering chunks...
computing gzip size...
dist/index.html                              0.95 kB │ gzip:     0.56 kB
dist/assets/save-S_mbsQK_.css                0.86 kB │ gzip:     0.44 kB
dist/assets/crew-CydNNodD.css                1.53 kB │ gzip:     0.70 kB
dist/assets/preview-B8cvyH2-.css             4.71 kB │ gzip:     1.47 kB
dist/assets/workbench-DuS9sGzO.css           7.43 kB │ gzip:     2.34 kB
dist/assets/game-audio-DFagKZS_.css         10.92 kB │ gzip:     3.08 kB
dist/assets/profile-BOv_1Vte.js              1.17 kB │ gzip:     0.61 kB
dist/assets/recovery-sIvxFfyd.js             1.91 kB │ gzip:     0.99 kB
dist/assets/calibration-DzjwAN1p.js          2.33 kB │ gzip:     1.24 kB
dist/assets/entry-CC5mF-JU.js                3.07 kB │ gzip:     1.46 kB
dist/assets/index-DM4Rr5xA.js                4.14 kB │ gzip:     1.88 kB
dist/assets/harbor-DB6EjO-b.js              11.29 kB │ gzip:     4.99 kB
dist/assets/RoomEnvironment-BgRS2Gop.js     21.83 kB │ gzip:     5.23 kB
dist/assets/harbor-lighting-D7i1cbR7.js     22.80 kB │ gzip:     9.47 kB
dist/assets/crew-CWku1FPg.js                33.36 kB │ gzip:    12.97 kB
dist/assets/workbench-5JUAy6Qk.js           43.78 kB │ gzip:    15.06 kB
dist/assets/save-yPsBOUJN.js               638.46 kB │ gzip:   161.18 kB
dist/assets/game-audio-bwIO1kXH.js       3,179.11 kB │ gzip: 1,228.14 kB

✓ built in 367ms
[plugin builtin:vite-reporter] 
(!) Some chunks are larger than 500 kB after minification. Consider:
- Using dynamic import() to code-split the application
- Use build.rolldownOptions.output.codeSplitting to improve chunking: https://rolldown.rs/reference/OutputOptions.codeSplitting
- Adjust chunk size limit for this warning via build.chunkSizeWarningLimit.
