
> slingmods-three-wheel-tour-rebuild@1.0.0 demo:build
> node scripts/build-demo.mjs

warning: in the working copy of '.gitignore', LF will be replaced by CRLF the next time Git touches it
warning: in the working copy of 'src/career/catalog.ts', LF will be replaced by CRLF the next time Git touches it
warning: in the working copy of 'src/main.ts', LF will be replaced by CRLF the next time Git touches it
warning: in the working copy of 'src/presentation/prepare.ts', LF will be replaced by CRLF the next time Git touches it
warning: in the working copy of 'src/presentation/showcase.ts', LF will be replaced by CRLF the next time Git touches it
warning: in the working copy of 'src/save.ts', LF will be replaced by CRLF the next time Git touches it
warning: in the working copy of '.gitignore', LF will be replaced by CRLF the next time Git touches it
warning: in the working copy of 'src/career/catalog.ts', LF will be replaced by CRLF the next time Git touches it
warning: in the working copy of 'src/main.ts', LF will be replaced by CRLF the next time Git touches it
warning: in the working copy of 'src/presentation/prepare.ts', LF will be replaced by CRLF the next time Git touches it
warning: in the working copy of 'src/presentation/showcase.ts', LF will be replaced by CRLF the next time Git touches it
warning: in the working copy of 'src/save.ts', LF will be replaced by CRLF the next time Git touches it
vite v8.3.0 building client environment for demo...
transforming...
✓ 82 modules transformed.
rendering chunks...
computing gzip size...
demo-dist/2026-09-15T04-08-53-131Z-6f473ee7d258-working/index.html                              0.95 kB │ gzip:     0.56 kB
demo-dist/2026-09-15T04-08-53-131Z-6f473ee7d258-working/.vite/manifest.json                     3.40 kB │ gzip:     0.65 kB
demo-dist/2026-09-15T04-08-53-131Z-6f473ee7d258-working/assets/save-S_mbsQK_.css                0.86 kB │ gzip:     0.44 kB
demo-dist/2026-09-15T04-08-53-131Z-6f473ee7d258-working/assets/crew-CydNNodD.css                1.53 kB │ gzip:     0.70 kB
demo-dist/2026-09-15T04-08-53-131Z-6f473ee7d258-working/assets/preview-DuEvBiNj.css             5.07 kB │ gzip:     1.59 kB
demo-dist/2026-09-15T04-08-53-131Z-6f473ee7d258-working/assets/workbench-DuS9sGzO.css           7.43 kB │ gzip:     2.34 kB
demo-dist/2026-09-15T04-08-53-131Z-6f473ee7d258-working/assets/game-audio-DFagKZS_.css         10.92 kB │ gzip:     3.08 kB
demo-dist/2026-09-15T04-08-53-131Z-6f473ee7d258-working/assets/profile-CJVbYVwc.js              1.26 kB │ gzip:     0.63 kB
demo-dist/2026-09-15T04-08-53-131Z-6f473ee7d258-working/assets/recovery-D8yfTBio.js             1.91 kB │ gzip:     0.99 kB
demo-dist/2026-09-15T04-08-53-131Z-6f473ee7d258-working/assets/calibration--Psu7whx.js          2.33 kB │ gzip:     1.24 kB
demo-dist/2026-09-15T04-08-53-131Z-6f473ee7d258-working/assets/entry-1BEUd7vZ.js                3.18 kB │ gzip:     1.48 kB
demo-dist/2026-09-15T04-08-53-131Z-6f473ee7d258-working/assets/index-CYpWWscV.js                4.28 kB │ gzip:     1.94 kB
demo-dist/2026-09-15T04-08-53-131Z-6f473ee7d258-working/assets/harbor-C2LZG3yr.js              11.29 kB │ gzip:     5.00 kB
demo-dist/2026-09-15T04-08-53-131Z-6f473ee7d258-working/assets/RoomEnvironment-CWj55tZp.js     21.83 kB │ gzip:     5.23 kB
demo-dist/2026-09-15T04-08-53-131Z-6f473ee7d258-working/assets/harbor-lighting-DF6UDBlR.js     22.80 kB │ gzip:     9.47 kB
demo-dist/2026-09-15T04-08-53-131Z-6f473ee7d258-working/assets/crew-lSE_pGrG.js                33.36 kB │ gzip:    12.97 kB
demo-dist/2026-09-15T04-08-53-131Z-6f473ee7d258-working/assets/workbench-BxwuAO0p.js           43.78 kB │ gzip:    15.06 kB
demo-dist/2026-09-15T04-08-53-131Z-6f473ee7d258-working/assets/save-C2FYi371.js               638.46 kB │ gzip:   161.18 kB
demo-dist/2026-09-15T04-08-53-131Z-6f473ee7d258-working/assets/game-audio-ZgLXdyGn.js       3,179.11 kB │ gzip: 1,228.13 kB

✓ built in 246ms
[plugin builtin:vite-reporter] 
(!) Some chunks are larger than 500 kB after minification. Consider:
- Using dynamic import() to code-split the application
- Use build.rolldownOptions.output.codeSplitting to improve chunking: https://rolldown.rs/reference/OutputOptions.codeSplitting
- Adjust chunk size limit for this warning via build.chunkSizeWarningLimit.
{
  "output": "demo-dist/2026-09-15T04-08-53-131Z-6f473ee7d258-working",
  "buildRef": "6f473ee7d258-working",
  "files": 49,
  "bytes": 112457932
}
