{"dir":"director-kit/production/evidence/P07A/video-final-02","attempt":0,"seconds":0,"phase":"countdown","order":[["maya",1,"running"],["jett",1,"running"],["nico",1,"running"],["player",1,"running"]]}
{"dir":"director-kit/production/evidence/P07A/video-final-02","attempt":0,"seconds":0,"phase":"countdown","order":[["maya",1,"running"],["jett",1,"running"],["nico",1,"running"],["player",1,"running"]]}
{"dir":"director-kit/production/evidence/P07A/video-final-02","attempt":0,"seconds":0.6999999999999997,"phase":"running","order":[["maya",1,"running"],["jett",1,"running"],["nico",1,"running"],["player",1,"running"]]}
{"dir":"director-kit/production/evidence/P07A/video-final-02","attempt":0,"seconds":1.7166666666666688,"phase":"running","order":[["maya",1,"running"],["jett",1,"running"],["nico",1,"running"],["player",1,"running"]]}
{"dir":"director-kit/production/evidence/P07A/video-final-02","attempt":0,"seconds":2.7333333333333307,"phase":"running","order":[["maya",1,"running"],["jett",1,"running"],["nico",1,"running"],["player",1,"running"]]}
{"dir":"director-kit/production/evidence/P07A/video-final-02","attempt":0,"seconds":3.733333333333322,"phase":"running","order":[["maya",1,"running"],["jett",1,"running"],["player",1,"running"],["nico",1,"running"]]}
{"dir":"director-kit/production/evidence/P07A/video-final-02","attempt":0,"seconds":4.749999999999997,"phase":"running","order":[["maya",1,"running"],["jett",1,"running"],["player",1,"running"],["nico",1,"running"]]}
{"dir":"director-kit/production/evidence/P07A/video-final-02","attempt":0,"seconds":5.766666666666683,"phase":"running","order":[["maya",1,"running"],["jett",1,"running"],["player",1,"running"],["nico",1,"running"]]}
{"dir":"director-kit/production/evidence/P07A/video-final-02","attempt":0,"seconds":7.133333333333374,"phase":"running","order":[["maya",1,"running"],["jett",1,"running"],["player",1,"running"],["nico",1,"running"]]}
{"dir":"director-kit/production/evidence/P07A/video-final-02","attempt":0,"seconds":8.150000000000059,"phase":"running","order":[["maya",1,"running"],["jett",1,"running"],["player",1,"running"],["nico",1,"running"]]}
{"dir":"director-kit/production/evidence/P07A/video-final-02","attempt":0,"seconds":9.150000000000025,"phase":"running","order":[["maya",1,"running"],["jett",1,"running"],["player",1,"running"],["nico",1,"running"]]}
{"dir":"director-kit/production/evidence/P07A/video-final-02","attempt":0,"seconds":10.166666666666655,"phase":"running","order":[["maya",1,"running"],["jett",1,"running"],["player",1,"running"],["nico",1,"running"]]}
{"dir":"director-kit/production/evidence/P07A/video-final-02","attempt":0,"seconds":11.166666666666618,"phase":"running","order":[["maya",1,"running"],["jett",1,"running"],["player",1,"running"],["nico",1,"running"]]}
{"dir":"director-kit/production/evidence/P07A/video-final-02","attempt":0,"seconds":12.183333333333248,"phase":"running","order":[["maya",1,"running"],["jett",1,"running"],["player",1,"running"],["nico",1,"running"]]}
{"dir":"director-kit/production/evidence/P07A/video-final-02","attempt":0,"seconds":13.183333333333213,"phase":"running","order":[["maya",1,"running"],["jett",1,"running"],["player",1,"running"],["nico",1,"running"]]}
{"dir":"director-kit/production/evidence/P07A/video-final-02","attempt":0,"seconds":14.199999999999841,"phase":"running","order":[["maya",1,"running"],["jett",1,"running"],["player",1,"running"],["nico",1,"running"]]}
{"dir":"director-kit/production/evidence/P07A/video-final-02","attempt":0,"seconds":15.199999999999806,"phase":"running","order":[["maya",1,"running"],["jett",1,"running"],["player",1,"running"],["nico",1,"running"]]}
{"dir":"director-kit/production/evidence/P07A/video-final-02","attempt":0,"seconds":16.216666666666434,"phase":"running","order":[["maya",1,"running"],["jett",1,"running"],["player",1,"running"],["nico",1,"running"]]}
{"dir":"director-kit/production/evidence/P07A/video-final-02","attempt":0,"seconds":17.21666666666649,"phase":"running","order":[["maya",1,"running"],["jett",1,"running"],["player",1,"running"],["nico",1,"running"]]}
{"dir":"director-kit/production/evidence/P07A/video-final-02","attempt":0,"seconds":18.23333333333323,"phase":"running","order":[["maya",1,"running"],["jett",1,"running"],["player",1,"running"],["nico",1,"running"]]}
{"dir":"director-kit/production/evidence/P07A/video-final-02","attempt":0,"seconds":19.233333333333302,"phase":"running","order":[["maya",1,"running"],["jett",1,"running"],["player",1,"running"],["nico",1,"running"]]}
{"dir":"director-kit/production/evidence/P07A/video-final-02","attempt":0,"seconds":20.266666666666712,"phase":"running","order":[["maya",1,"running"],["jett",1,"running"],["player",1,"running"],["nico",1,"running"]]}
{"dir":"director-kit/production/evidence/P07A/video-final-02","attempt":0,"seconds":21.283333333333452,"phase":"running","order":[["maya",1,"running"],["jett",1,"running"],["player",1,"running"],["nico",1,"running"]]}
{"dir":"director-kit/production/evidence/P07A/video-final-02","attempt":0,"seconds":22.300000000000193,"phase":"running","order":[["maya",1,"running"],["jett",1,"running"],["player",1,"running"],["nico",1,"running"]]}
{"dir":"director-kit/production/evidence/P07A/video-final-02","attempt":0,"seconds":23.300000000000267,"phase":"running","order":[["maya",1,"running"],["jett",1,"running"],["player",1,"running"],["nico",1,"running"]]}
{"dir":"director-kit/production/evidence/P07A/video-final-02","attempt":0,"seconds":24.316666666667007,"phase":"running","order":[["maya",1,"running"],["jett",1,"running"],["player",1,"running"],["nico",1,"running"]]}
{"dir":"director-kit/production/evidence/P07A/video-final-02","attempt":0,"seconds":25.666666666667105,"phase":"running","order":[["maya",1,"running"],["jett",1,"running"],["player",1,"running"],["nico",1,"running"]]}
{"dir":"director-kit/production/evidence/P07A/video-final-02","attempt":0,"seconds":26.683333333333845,"phase":"running","order":[["maya",1,"running"],["jett",1,"running"],["player",1,"running"],["nico",1,"running"]]}
{"dir":"director-kit/production/evidence/P07A/video-final-02","attempt":0,"seconds":27.683333333333916,"phase":"running","order":[["maya",1,"running"],["jett",1,"running"],["player",1,"running"],["nico",1,"running"]]}
{"dir":"director-kit/production/evidence/P07A/video-final-02","attempt":0,"seconds":28.70000000000066,"phase":"running","order":[["maya",1,"running"],["jett",1,"running"],["player",1,"running"],["nico",1,"running"]]}
{"dir":"director-kit/production/evidence/P07A/video-final-02","attempt":0,"seconds":29.7166666666674,"phase":"running","order":[["maya",1,"running"],["jett",1,"running"],["player",1,"running"],["nico",1,"running"]]}
{"dir":"director-kit/production/evidence/P07A/video-final-02","attempt":0,"seconds":30.71666666666747,"phase":"running","order":[["maya",1,"running"],["jett",1,"running"],["player",1,"running"],["nico",1,"running"]]}
{"dir":"director-kit/production/evidence/P07A/video-final-02","attempt":0,"seconds":31.716666666667546,"phase":"running","order":[["maya",1,"running"],["jett",1,"running"],["player",1,"running"],["nico",1,"running"]]}
{"dir":"director-kit/production/evidence/P07A/video-final-02","attempt":0,"seconds":32.75000000000095,"phase":"running","order":[["maya",1,"running"],["jett",1,"running"],["player",1,"running"],["nico",1,"running"]]}
{"dir":"director-kit/production/evidence/P07A/video-final-02","attempt":0,"seconds":33.766666666667476,"phase":"running","order":[["maya",1,"running"],["jett",1,"running"],["player",1,"running"],["nico",1,"running"]]}
{"dir":"director-kit/production/evidence/P07A/video-final-02","attempt":0,"seconds":34.783333333334,"phase":"running","order":[["maya",1,"running"],["jett",1,"running"],["player",1,"running"],["nico",1,"running"]]}
{"dir":"director-kit/production/evidence/P07A/video-final-02","attempt":0,"seconds":35.800000000000516,"phase":"running","order":[["maya",1,"running"],["jett",1,"running"],["player",1,"running"],["nico",1,"running"]]}
{"dir":"director-kit/production/evidence/P07A/video-final-02","attempt":0,"seconds":36.81666666666703,"phase":"running","order":[["maya",1,"running"],["jett",1,"running"],["player",1,"running"],["nico",1,"running"]]}
{"dir":"director-kit/production/evidence/P07A/video-final-02","attempt":0,"seconds":37.833333333333556,"phase":"running","order":[["maya",1,"running"],["jett",1,"running"],["player",1,"running"],["nico",1,"running"]]}
{"dir":"director-kit/production/evidence/P07A/video-final-02","attempt":0,"seconds":38.85000000000007,"phase":"running","order":[["maya",1,"running"],["jett",1,"running"],["player",1,"running"],["nico",1,"running"]]}
{"dir":"director-kit/production/evidence/P07A/video-final-02","attempt":0,"seconds":39.84999999999993,"phase":"running","order":[["maya",1,"running"],["jett",1,"running"],["player",1,"running"],["nico",1,"running"]]}
{"dir":"director-kit/production/evidence/P07A/video-final-02","attempt":0,"seconds":40.84999999999978,"phase":"running","order":[["maya",1,"running"],["jett",1,"running"],["player",1,"running"],["nico",1,"running"]]}
{"dir":"director-kit/production/evidence/P07A/video-final-02","attempt":0,"seconds":41.8666666666663,"phase":"running","order":[["maya",1,"running"],["jett",1,"running"],["player",1,"running"],["nico",1,"running"]]}
{"dir":"director-kit/production/evidence/P07A/video-final-02","attempt":0,"seconds":42.866666666666156,"phase":"running","order":[["maya",1,"running"],["jett",1,"running"],["player",1,"running"],["nico",1,"running"]]}
{"dir":"director-kit/production/evidence/P07A/video-final-02","attempt":0,"seconds":43.88333333333267,"phase":"running","order":[["maya",1,"running"],["jett",1,"running"],["player",1,"running"],["nico",1,"running"]]}
{"dir":"director-kit/production/evidence/P07A/video-final-02","attempt":0,"seconds":44.88333333333253,"phase":"running","order":[["maya",1,"running"],["jett",1,"running"],["player",1,"running"],["nico",1,"running"]]}
{"dir":"director-kit/production/evidence/P07A/video-final-02","attempt":0,"seconds":45.88333333333238,"phase":"running","order":[["maya",1,"running"],["jett",1,"running"],["player",1,"running"],["nico",1,"running"]]}
{"dir":"director-kit/production/evidence/P07A/video-final-02","attempt":0,"seconds":46.88333333333224,"phase":"running","order":[["maya",1,"running"],["jett",1,"running"],["player",1,"running"],["nico",1,"running"]]}
{"dir":"director-kit/production/evidence/P07A/video-final-02","attempt":0,"seconds":47.899999999998755,"phase":"running","order":[["maya",1,"running"],["jett",1,"running"],["player",1,"running"],["nico",1,"running"]]}
{"dir":"director-kit/production/evidence/P07A/video-final-02","attempt":0,"seconds":48.89999999999861,"phase":"running","order":[["maya",1,"running"],["jett",1,"running"],["player",1,"running"],["nico",1,"running"]]}
{"dir":"director-kit/production/evidence/P07A/video-final-02","attempt":0,"seconds":49.91666666666513,"phase":"running","order":[["maya",1,"running"],["jett",1,"running"],["player",1,"running"],["nico",1,"running"]]}
{"dir":"director-kit/production/evidence/P07A/video-final-02","attempt":0,"seconds":50.933333333331646,"phase":"running","order":[["maya",1,"running"],["jett",1,"running"],["player",1,"running"],["nico",1,"running"]]}
{"dir":"director-kit/production/evidence/P07A/video-final-02","attempt":0,"seconds":51.933333333331504,"phase":"running","order":[["maya",1,"running"],["jett",1,"running"],["player",1,"running"],["nico",1,"running"]]}
{"dir":"director-kit/production/evidence/P07A/video-final-02","attempt":0,"seconds":52.933333333331355,"phase":"running","order":[["maya",1,"running"],["jett",1,"running"],["player",1,"running"],["nico",1,"running"]]}
{"dir":"director-kit/production/evidence/P07A/video-final-02","attempt":0,"seconds":53.94999999999788,"phase":"running","order":[["maya",1,"running"],["jett",1,"running"],["player",1,"running"],["nico",1,"running"]]}
{"dir":"director-kit/production/evidence/P07A/video-final-02","attempt":0,"seconds":54.94999999999773,"phase":"running","order":[["maya",1,"running"],["jett",1,"running"],["player",1,"running"],["nico",1,"running"]]}
{"dir":"director-kit/production/evidence/P07A/video-final-02","attempt":0,"seconds":55.94999999999759,"phase":"running","order":[["maya",1,"running"],["jett",1,"running"],["player",1,"running"],["nico",1,"running"]]}
{"dir":"director-kit/production/evidence/P07A/video-final-02","attempt":0,"seconds":56.9666666666641,"phase":"running","order":[["maya",1,"running"],["jett",1,"running"],["player",1,"running"],["nico",1,"running"]]}
{"dir":"director-kit/production/evidence/P07A/video-final-02","attempt":0,"seconds":57.966666666663954,"phase":"running","order":[["maya",1,"running"],["jett",1,"running"],["player",1,"running"],["nico",1,"running"]]}
{"dir":"director-kit/production/evidence/P07A/video-final-02","attempt":0,"seconds":58.98333333333048,"phase":"running","order":[["maya",1,"running"],["jett",1,"running"],["player",1,"running"],["nico",1,"running"]]}
{"dir":"director-kit/production/evidence/P07A/video-final-02","attempt":0,"seconds":59.999999999996994,"phase":"running","order":[["maya",1,"running"],["jett",1,"running"],["player",1,"running"],["nico",1,"running"]]}
{"dir":"director-kit/production/evidence/P07A/video-final-02","attempt":0,"seconds":60.99999999999685,"phase":"running","order":[["maya",1,"running"],["jett",1,"running"],["player",1,"running"],["nico",1,"running"]]}
{"dir":"director-kit/production/evidence/P07A/video-final-02","attempt":0,"seconds":61.9999999999967,"phase":"running","order":[["maya",1,"running"],["jett",1,"running"],["player",1,"running"],["nico",1,"running"]]}
{"dir":"director-kit/production/evidence/P07A/video-final-02","attempt":0,"seconds":63.01666666666322,"phase":"running","order":[["maya",1,"running"],["jett",1,"running"],["player",1,"running"],["nico",1,"running"]]}
{"dir":"director-kit/production/evidence/P07A/video-final-02","attempt":0,"seconds":64.01666666666307,"phase":"running","order":[["maya",1,"running"],["jett",1,"running"],["player",1,"running"],["nico",1,"running"]]}
{"dir":"director-kit/production/evidence/P07A/video-final-02","attempt":0,"seconds":65.0333333333296,"phase":"running","order":[["maya",1,"running"],["jett",1,"running"],["player",1,"running"],["nico",1,"running"]]}
{"dir":"director-kit/production/evidence/P07A/video-final-02","attempt":0,"seconds":66.04999999999633,"phase":"running","order":[["maya",1,"running"],["jett",1,"running"],["player",1,"running"],["nico",1,"running"]]}
{"dir":"director-kit/production/evidence/P07A/video-final-02","attempt":0,"seconds":67.04999999999663,"phase":"running","order":[["maya",1,"running"],["jett",1,"running"],["player",1,"running"],["nico",1,"running"]]}
{"dir":"director-kit/production/evidence/P07A/video-final-02","attempt":0,"seconds":68.04999999999691,"phase":"running","order":[["maya",1,"running"],["jett",1,"running"],["player",1,"running"],["nico",1,"running"]]}
{"dir":"director-kit/production/evidence/P07A/video-final-02","attempt":0,"seconds":69.04999999999721,"phase":"running","order":[["maya",1,"running"],["jett",1,"running"],["player",1,"running"],["nico",1,"running"]]}
{"dir":"director-kit/production/evidence/P07A/video-final-02","attempt":0,"seconds":70.06666666666416,"phase":"running","order":[["maya",1,"running"],["jett",1,"running"],["player",1,"running"],["nico",1,"running"]]}
{"dir":"director-kit/production/evidence/P07A/video-final-02","attempt":0,"seconds":71.06666666666446,"phase":"running","order":[["maya",1,"running"],["jett",1,"running"],["player",1,"running"],["nico",1,"running"]]}
{"dir":"director-kit/production/evidence/P07A/video-final-02","attempt":0,"seconds":72.08333333333142,"phase":"running","order":[["maya",1,"running"],["jett",1,"running"],["player",1,"running"],["nico",1,"running"]]}
{"dir":"director-kit/production/evidence/P07A/video-final-02","attempt":0,"seconds":73.08333333333171,"phase":"running","order":[["maya",1,"running"],["jett",1,"running"],["player",1,"running"],["nico",1,"running"]]}
{"dir":"director-kit/production/evidence/P07A/video-final-02","attempt":0,"seconds":74.083333333332,"phase":"running","order":[["maya",1,"running"],["jett",1,"running"],["player",1,"running"],["nico",1,"running"]]}
{"dir":"director-kit/production/evidence/P07A/video-final-02","attempt":0,"seconds":75.09999999999897,"phase":"running","order":[["maya",1,"running"],["jett",1,"running"],["player",1,"running"],["nico",1,"running"]]}
{"dir":"director-kit/production/evidence/P07A/video-final-02","attempt":0,"seconds":76.09999999999926,"phase":"running","order":[["maya",1,"running"],["jett",1,"running"],["player",1,"running"],["nico",1,"running"]]}
{"dir":"director-kit/production/evidence/P07A/video-final-02","attempt":0,"seconds":77.11666666666622,"phase":"running","order":[["maya",1,"running"],["jett",1,"running"],["player",1,"running"],["nico",1,"running"]]}
{"dir":"director-kit/production/evidence/P07A/video-final-02","attempt":0,"seconds":78.11666666666652,"phase":"running","order":[["maya",1,"running"],["jett",1,"running"],["player",1,"running"],["nico",1,"running"]]}
{"dir":"director-kit/production/evidence/P07A/video-final-02","attempt":0,"seconds":79.1166666666668,"phase":"running","order":[["maya",1,"running"],["jett",1,"running"],["player",1,"running"],["nico",1,"running"]]}
{"dir":"director-kit/production/evidence/P07A/video-final-02","attempt":0,"seconds":80.13333333333377,"phase":"running","order":[["maya",1,"running"],["jett",1,"running"],["player",1,"running"],["nico",1,"running"]]}
{"dir":"director-kit/production/evidence/P07A/video-final-02","attempt":0,"seconds":81.15000000000073,"phase":"running","order":[["maya",1,"running"],["jett",1,"running"],["player",1,"running"],["nico",1,"running"]]}
{"dir":"director-kit/production/evidence/P07A/video-final-02","attempt":0,"seconds":82.1666666666677,"phase":"running","order":[["maya",1,"running"],["jett",1,"running"],["player",1,"running"],["nico",1,"running"]]}
{"dir":"director-kit/production/evidence/P07A/video-final-02","attempt":0,"seconds":83.16666666666798,"phase":"running","order":[["maya",2,"running"],["jett",1,"running"],["player",1,"running"],["nico",1,"running"]]}
{"dir":"director-kit/production/evidence/P07A/video-final-02","attempt":0,"seconds":84.18333333333494,"phase":"running","order":[["maya",2,"running"],["jett",1,"running"],["player",1,"running"],["nico",1,"running"]]}
{"dir":"director-kit/production/evidence/P07A/video-final-02","attempt":0,"seconds":85.18333333333524,"phase":"running","order":[["maya",2,"running"],["jett",2,"running"],["player",1,"running"],["nico",1,"running"]]}
{"dir":"director-kit/production/evidence/P07A/video-final-02","attempt":0,"seconds":86.20000000000219,"phase":"running","order":[["maya",2,"running"],["jett",2,"running"],["player",2,"running"],["nico",1,"running"]]}
{"dir":"director-kit/production/evidence/P07A/video-final-02","attempt":0,"seconds":87.20000000000249,"phase":"running","order":[["maya",2,"running"],["jett",2,"running"],["player",2,"running"],["nico",1,"running"]]}
{"dir":"director-kit/production/evidence/P07A/video-final-02","attempt":0,"seconds":88.21666666666945,"phase":"running","order":[["maya",2,"running"],["jett",2,"running"],["player",2,"running"],["nico",1,"running"]]}
{"dir":"director-kit/production/evidence/P07A/video-final-02","attempt":0,"seconds":89.21666666666974,"phase":"running","order":[["maya",2,"running"],["jett",2,"running"],["player",2,"running"],["nico",2,"running"]]}
{"dir":"director-kit/production/evidence/P07A/video-final-02","attempt":0,"seconds":90.21666666667004,"phase":"running","order":[["maya",2,"running"],["jett",2,"running"],["player",2,"running"],["nico",2,"running"]]}
{"dir":"director-kit/production/evidence/P07A/video-final-02","attempt":0,"seconds":91.233333333337,"phase":"running","order":[["maya",2,"running"],["jett",2,"running"],["player",2,"running"],["nico",2,"running"]]}
{"dir":"director-kit/production/evidence/P07A/video-final-02","attempt":0,"seconds":92.25000000000396,"phase":"running","order":[["maya",2,"running"],["jett",2,"running"],["player",2,"running"],["nico",2,"running"]]}
{"dir":"director-kit/production/evidence/P07A/video-final-02","attempt":0,"seconds":93.25000000000425,"phase":"running","order":[["maya",2,"running"],["jett",2,"running"],["player",2,"running"],["nico",2,"running"]]}
{"dir":"director-kit/production/evidence/P07A/video-final-02","attempt":0,"seconds":94.26666666667121,"phase":"running","order":[["maya",2,"running"],["jett",2,"running"],["player",2,"running"],["nico",2,"running"]]}
{"dir":"director-kit/production/evidence/P07A/video-final-02","attempt":0,"seconds":95.2666666666715,"phase":"running","order":[["maya",2,"running"],["jett",2,"running"],["player",2,"running"],["nico",2,"running"]]}
{"dir":"director-kit/production/evidence/P07A/video-final-02","attempt":0,"seconds":96.61666666667189,"phase":"running","order":[["maya",2,"running"],["jett",2,"running"],["player",2,"running"],["nico",2,"running"]]}
{"dir":"director-kit/production/evidence/P07A/video-final-02","attempt":0,"seconds":97.63333333333885,"phase":"running","order":[["maya",2,"running"],["jett",2,"running"],["player",2,"running"],["nico",2,"running"]]}
{"dir":"director-kit/production/evidence/P07A/video-final-02","attempt":0,"seconds":98.63333333333915,"phase":"running","order":[["maya",2,"running"],["jett",2,"running"],["player",2,"running"],["nico",2,"running"]]}
{"dir":"director-kit/production/evidence/P07A/video-final-02","attempt":0,"seconds":99.65000000000612,"phase":"running","order":[["maya",2,"running"],["jett",2,"running"],["player",2,"running"],["nico",2,"running"]]}
{"dir":"director-kit/production/evidence/P07A/video-final-02","attempt":0,"seconds":100.6500000000064,"phase":"running","order":[["maya",2,"running"],["jett",2,"running"],["player",2,"running"],["nico",2,"running"]]}
{"dir":"director-kit/production/evidence/P07A/video-final-02","attempt":0,"seconds":101.66666666667336,"phase":"running","order":[["maya",2,"running"],["jett",2,"running"],["player",2,"running"],["nico",2,"running"]]}
{"dir":"director-kit/production/evidence/P07A/video-final-02","attempt":0,"seconds":102.68333333334033,"phase":"running","order":[["maya",2,"running"],["jett",2,"running"],["player",2,"running"],["nico",2,"running"]]}
{"dir":"director-kit/production/evidence/P07A/video-final-02","attempt":0,"seconds":103.68333333334061,"phase":"running","order":[["maya",2,"running"],["jett",2,"running"],["player",2,"running"],["nico",2,"running"]]}
{"dir":"director-kit/production/evidence/P07A/video-final-02","attempt":0,"seconds":104.68333333334091,"phase":"running","order":[["maya",2,"running"],["jett",2,"running"],["player",2,"running"],["nico",2,"running"]]}
{"dir":"director-kit/production/evidence/P07A/video-final-02","attempt":0,"seconds":105.70000000000788,"phase":"running","order":[["maya",2,"running"],["jett",2,"running"],["player",2,"running"],["nico",2,"running"]]}
{"dir":"director-kit/production/evidence/P07A/video-final-02","attempt":0,"seconds":106.70000000000816,"phase":"running","order":[["maya",2,"running"],["jett",2,"running"],["player",2,"running"],["nico",2,"running"]]}
{"dir":"director-kit/production/evidence/P07A/video-final-02","attempt":0,"seconds":107.70000000000846,"phase":"running","order":[["maya",2,"running"],["jett",2,"running"],["player",2,"running"],["nico",2,"running"]]}
{"dir":"director-kit/production/evidence/P07A/video-final-02","attempt":0,"seconds":108.71666666667542,"phase":"running","order":[["maya",2,"running"],["jett",2,"running"],["player",2,"running"],["nico",2,"running"]]}
{"dir":"director-kit/production/evidence/P07A/video-final-02","attempt":0,"seconds":109.7166666666757,"phase":"running","order":[["maya",2,"running"],["jett",2,"running"],["player",2,"running"],["nico",2,"running"]]}
{"dir":"director-kit/production/evidence/P07A/video-final-02","attempt":0,"seconds":110.73333333334267,"phase":"running","order":[["maya",2,"running"],["jett",2,"running"],["player",2,"running"],["nico",2,"running"]]}
{"dir":"director-kit/production/evidence/P07A/video-final-02","attempt":0,"seconds":111.73333333334296,"phase":"running","order":[["maya",2,"running"],["jett",2,"running"],["player",2,"running"],["nico",2,"running"]]}
{"dir":"director-kit/production/evidence/P07A/video-final-02","attempt":0,"seconds":112.7666666666766,"phase":"running","order":[["maya",2,"running"],["jett",2,"running"],["player",2,"running"],["nico",2,"running"]]}
{"dir":"director-kit/production/evidence/P07A/video-final-02","attempt":0,"seconds":113.76666666667688,"phase":"running","order":[["maya",2,"running"],["jett",2,"running"],["player",2,"running"],["nico",2,"running"]]}
{"dir":"director-kit/production/evidence/P07A/video-final-02","attempt":0,"seconds":114.76666666667718,"phase":"running","order":[["maya",2,"running"],["jett",2,"running"],["player",2,"running"],["nico",2,"running"]]}
{"dir":"director-kit/production/evidence/P07A/video-final-02","attempt":0,"seconds":115.78333333334415,"phase":"running","order":[["maya",2,"running"],["jett",2,"running"],["player",2,"running"],["nico",2,"running"]]}
{"dir":"director-kit/production/evidence/P07A/video-final-02","attempt":0,"seconds":116.78333333334443,"phase":"running","order":[["maya",2,"running"],["jett",2,"running"],["player",2,"running"],["nico",2,"running"]]}
{"dir":"director-kit/production/evidence/P07A/video-final-02","attempt":0,"seconds":117.78333333334473,"phase":"running","order":[["maya",2,"running"],["jett",2,"running"],["player",2,"running"],["nico",2,"running"]]}
{"dir":"director-kit/production/evidence/P07A/video-final-02","attempt":0,"seconds":118.80000000001168,"phase":"running","order":[["maya",2,"running"],["jett",2,"running"],["player",2,"running"],["nico",2,"running"]]}
{"dir":"director-kit/production/evidence/P07A/video-final-02","attempt":0,"seconds":119.81666666667864,"phase":"running","order":[["maya",2,"running"],["jett",2,"running"],["player",2,"running"],["nico",2,"running"]]}
{"dir":"director-kit/production/evidence/P07A/video-final-02","attempt":0,"seconds":120.81666666667894,"phase":"running","order":[["maya",2,"running"],["jett",2,"running"],["player",2,"running"],["nico",2,"running"]]}
{"dir":"director-kit/production/evidence/P07A/video-final-02","attempt":0,"seconds":121.8333333333459,"phase":"running","order":[["maya",2,"running"],["jett",2,"running"],["player",2,"running"],["nico",2,"running"]]}
{"dir":"director-kit/production/evidence/P07A/video-final-02","attempt":0,"seconds":122.83333333334619,"phase":"running","order":[["maya",2,"running"],["jett",2,"running"],["player",2,"running"],["nico",2,"running"]]}
{"dir":"director-kit/production/evidence/P07A/video-final-02","attempt":0,"seconds":123.85000000001315,"phase":"running","order":[["maya",2,"running"],["jett",2,"running"],["player",2,"running"],["nico",2,"running"]]}
{"dir":"director-kit/production/evidence/P07A/video-final-02","attempt":0,"seconds":124.85000000001345,"phase":"running","order":[["maya",2,"running"],["jett",2,"running"],["player",2,"running"],["nico",2,"running"]]}
{"dir":"director-kit/production/evidence/P07A/video-final-02","attempt":0,"seconds":125.8666666666804,"phase":"running","order":[["maya",2,"running"],["jett",2,"running"],["player",2,"running"],["nico",2,"running"]]}
{"dir":"director-kit/production/evidence/P07A/video-final-02","attempt":0,"seconds":126.8666666666807,"phase":"running","order":[["maya",2,"running"],["jett",2,"running"],["player",2,"running"],["nico",2,"running"]]}
{"dir":"director-kit/production/evidence/P07A/video-final-02","attempt":0,"seconds":127.86666666668098,"phase":"running","order":[["maya",2,"running"],["jett",2,"running"],["player",2,"running"],["nico",2,"running"]]}
{"dir":"director-kit/production/evidence/P07A/video-final-02","attempt":0,"seconds":128.88333333334796,"phase":"running","order":[["maya",2,"running"],["jett",2,"running"],["player",2,"running"],["nico",2,"running"]]}
{"dir":"director-kit/production/evidence/P07A/video-final-02","attempt":0,"seconds":129.88333333334825,"phase":"running","order":[["maya",2,"running"],["jett",2,"running"],["player",2,"running"],["nico",2,"running"]]}
{"dir":"director-kit/production/evidence/P07A/video-final-02","attempt":0,"seconds":130.9000000000152,"phase":"running","order":[["maya",2,"running"],["jett",2,"running"],["player",2,"running"],["nico",2,"running"]]}
{"dir":"director-kit/production/evidence/P07A/video-final-02","attempt":0,"seconds":131.90000000001478,"phase":"running","order":[["maya",2,"running"],["jett",2,"running"],["player",2,"running"],["nico",2,"running"]]}
{"dir":"director-kit/production/evidence/P07A/video-final-02","attempt":0,"seconds":132.90000000001422,"phase":"running","order":[["maya",2,"running"],["jett",2,"running"],["player",2,"running"],["nico",2,"running"]]}
{"dir":"director-kit/production/evidence/P07A/video-final-02","attempt":0,"seconds":133.90000000001362,"phase":"running","order":[["maya",2,"running"],["jett",2,"running"],["player",2,"running"],["nico",2,"running"]]}
{"dir":"director-kit/production/evidence/P07A/video-final-02","attempt":0,"seconds":134.9166666666797,"phase":"running","order":[["maya",2,"running"],["jett",2,"running"],["player",2,"running"],["nico",2,"running"]]}
{"dir":"director-kit/production/evidence/P07A/video-final-02","attempt":0,"seconds":135.93333333334576,"phase":"running","order":[["maya",2,"running"],["jett",2,"running"],["player",2,"running"],["nico",2,"running"]]}
{"dir":"director-kit/production/evidence/P07A/video-final-02","attempt":0,"seconds":136.9333333333452,"phase":"running","order":[["maya",2,"running"],["jett",2,"running"],["player",2,"running"],["nico",2,"running"]]}
{"dir":"director-kit/production/evidence/P07A/video-final-02","attempt":0,"seconds":137.95000000001127,"phase":"running","order":[["maya",2,"running"],["jett",2,"running"],["player",2,"running"],["nico",2,"running"]]}
{"dir":"director-kit/production/evidence/P07A/video-final-02","attempt":0,"seconds":138.95000000001068,"phase":"running","order":[["maya",2,"running"],["jett",2,"running"],["player",2,"running"],["nico",2,"running"]]}
{"dir":"director-kit/production/evidence/P07A/video-final-02","attempt":0,"seconds":139.9500000000101,"phase":"running","order":[["maya",2,"running"],["jett",2,"running"],["player",2,"running"],["nico",2,"running"]]}
{"dir":"director-kit/production/evidence/P07A/video-final-02","attempt":0,"seconds":140.9500000000095,"phase":"running","order":[["maya",2,"running"],["jett",2,"running"],["player",2,"running"],["nico",2,"running"]]}
{"dir":"director-kit/production/evidence/P07A/video-final-02","attempt":0,"seconds":141.9666666666756,"phase":"running","order":[["maya",2,"running"],["jett",2,"running"],["player",2,"running"],["nico",2,"running"]]}
{"dir":"director-kit/production/evidence/P07A/video-final-02","attempt":0,"seconds":142.966666666675,"phase":"running","order":[["maya",2,"running"],["jett",2,"running"],["player",2,"running"],["nico",2,"running"]]}
{"dir":"director-kit/production/evidence/P07A/video-final-02","attempt":0,"seconds":143.96666666667443,"phase":"running","order":[["maya",2,"running"],["jett",2,"running"],["player",2,"running"],["nico",2,"running"]]}
{"dir":"director-kit/production/evidence/P07A/video-final-02","attempt":0,"seconds":144.9833333333405,"phase":"running","order":[["maya",2,"running"],["jett",2,"running"],["player",2,"running"],["nico",2,"running"]]}
{"dir":"director-kit/production/evidence/P07A/video-final-02","attempt":0,"seconds":145.9833333333399,"phase":"running","order":[["maya",2,"running"],["jett",2,"running"],["player",2,"running"],["nico",2,"running"]]}
{"dir":"director-kit/production/evidence/P07A/video-final-02","attempt":0,"seconds":147.000000000006,"phase":"running","order":[["maya",2,"running"],["jett",2,"running"],["player",2,"running"],["nico",2,"running"]]}
{"dir":"director-kit/production/evidence/P07A/video-final-02","attempt":0,"seconds":148.0000000000054,"phase":"running","order":[["maya",2,"running"],["jett",2,"running"],["player",2,"running"],["nico",2,"running"]]}
{"dir":"director-kit/production/evidence/P07A/video-final-02","attempt":0,"seconds":149.00000000000483,"phase":"running","order":[["maya",2,"running"],["jett",2,"running"],["player",2,"running"],["nico",2,"running"]]}
{"dir":"director-kit/production/evidence/P07A/video-final-02","attempt":0,"seconds":150.00000000000426,"phase":"running","order":[["maya",2,"running"],["jett",2,"running"],["player",2,"running"],["nico",2,"running"]]}
{"dir":"director-kit/production/evidence/P07A/video-final-02","attempt":0,"seconds":151.01666666667032,"phase":"running","order":[["maya",2,"running"],["jett",2,"running"],["player",2,"running"],["nico",2,"running"]]}
{"dir":"director-kit/production/evidence/P07A/video-final-02","attempt":0,"seconds":152.0333333333364,"phase":"running","order":[["maya",2,"running"],["jett",2,"running"],["player",2,"running"],["nico",2,"running"]]}
{"dir":"director-kit/production/evidence/P07A/video-final-02","attempt":0,"seconds":153.0333333333358,"phase":"running","order":[["maya",2,"running"],["jett",2,"running"],["player",2,"running"],["nico",2,"running"]]}
{"dir":"director-kit/production/evidence/P07A/video-final-02","attempt":0,"seconds":154.0500000000019,"phase":"running","order":[["maya",2,"running"],["jett",2,"running"],["player",2,"running"],["nico",2,"running"]]}
{"dir":"director-kit/production/evidence/P07A/video-final-02","attempt":0,"seconds":155.05000000000132,"phase":"running","order":[["maya",2,"running"],["jett",2,"running"],["player",2,"running"],["nico",2,"running"]]}
{"dir":"director-kit/production/evidence/P07A/video-final-02","attempt":0,"seconds":156.05000000000072,"phase":"running","order":[["maya",2,"running"],["jett",2,"running"],["player",2,"running"],["nico",2,"running"]]}
{"dir":"director-kit/production/evidence/P07A/video-final-02","attempt":0,"seconds":157.05000000000015,"phase":"running","order":[["maya",2,"running"],["jett",2,"running"],["player",2,"running"],["nico",2,"running"]]}
{"dir":"director-kit/production/evidence/P07A/video-final-02","attempt":0,"seconds":158.0666666666662,"phase":"running","order":[["maya",2,"running"],["jett",2,"running"],["player",2,"running"],["nico",2,"running"]]}
{"dir":"director-kit/production/evidence/P07A/video-final-02","attempt":0,"seconds":159.0833333333323,"phase":"running","order":[["maya",2,"running"],["jett",2,"running"],["player",2,"running"],["nico",2,"running"]]}
{"dir":"director-kit/production/evidence/P07A/video-final-02","attempt":0,"seconds":160.09999999999837,"phase":"running","order":[["maya",2,"running"],["jett",2,"running"],["player",2,"running"],["nico",2,"running"]]}
{"dir":"director-kit/production/evidence/P07A/video-final-02","attempt":0,"seconds":161.09999999999778,"phase":"running","order":[["maya",2,"running"],["jett",2,"running"],["player",2,"running"],["nico",2,"running"]]}
{"dir":"director-kit/production/evidence/P07A/video-final-02","attempt":0,"seconds":162.11666666666386,"phase":"running","order":[["maya",2,"running"],["jett",2,"running"],["player",2,"running"],["nico",2,"running"]]}
{"dir":"director-kit/production/evidence/P07A/video-final-02","attempt":0,"seconds":163.13333333332994,"phase":"running","order":[["maya",2,"finished"],["jett",2,"running"],["player",2,"running"],["nico",2,"running"]]}
{"dir":"director-kit/production/evidence/P07A/video-final-02","attempt":0,"seconds":164.13333333332935,"phase":"running","order":[["maya",2,"finished"],["jett",2,"running"],["player",2,"running"],["nico",2,"running"]]}
{"dir":"director-kit/production/evidence/P07A/video-final-02","attempt":0,"seconds":165.13333333332878,"phase":"running","order":[["maya",2,"finished"],["jett",2,"finished"],["player",2,"running"],["nico",2,"running"]]}
{"dir":"director-kit/production/evidence/P07A/video-final-02","attempt":0,"seconds":166.14999999999486,"phase":"finished","order":[["maya",2,"finished"],["jett",2,"finished"],["player",2,"finished"],["nico",2,"running"]]}
{"dir":"director-kit/production/evidence/P07A/video-final-02","results":[{"event":"harbor-crew-night-v1","attemptId":"86735ed2-92d1-49dd-b2ed-01acc1b321b6","participantId":"player","status":"finished","valid":true,"laps":2,"timeMs":165902.9692990071,"place":3,"invalidReason":null}],"rows":10802,"errors":[]}
