✔ loaded rest: three non-tensile contacts support stated loaded mass without drift (104.1169ms)
✔ all scripted maneuvers remain finite; combined tire ellipse, rear-only drive, front-only steering (567.3504ms)
✔ straight acceleration, lift-off coast and braking have coherent measured distances (0.7126ms)
✔ left/right asphalt circles have correct turn signs, mirrored radii and sustained support (0.8836ms)
✔ slalom follows alternating input in authoritative yaw response (0.4058ms)
✔ controlled reverse engages near rest and uses signed physical velocity (0.4269ms)
✔ surface friction reduces acceleration; optional traction help limits wheel overspeed; lift/brake recovers (0.521ms)
✔ one-wheel bump, curb, seam and landing excite suspension and recover without tunneling (0.5927ms)
✔ authoritative AutoDrive executes all five ratios, cuts torque during transitions, and has consistent SI torque/power (1.0222ms)
✔ incline launch and high-speed curb produce physical vertical motion then recover; full-speed steering stays bounded (0.6947ms)
✔ straight ramp landing at9m/s preserves heading within3degrees and lateral position within0.5m across symmetric lanes (73.3573ms)
✔ render cap independence: same fixed clock/input trace at30/60/120/144 gives under1% distance/speed error (81.8535ms)
✔ reset clears forces/drivetrain/history, fixed-step rejection and pause clock do not advance state (7.8639ms)
ℹ tests 13
ℹ suites 0
ℹ pass 13
ℹ fail 0
ℹ cancelled 0
ℹ skipped 0
ℹ todo 0
ℹ duration_ms 979.8246
