{
  "command": "node scripts/capture-calibration.mjs",
  "outcome": "PASS",
  "browser": "153.0.8010.12",
  "rendering": "isolated headless Chromium, explicitly SwiftShader software rendering; no physical GPU performance claim",
  "viewport": {
    "width": 1440,
    "height": 900
  },
  "result": {
    "axes": {
      "origin": [
        0,
        0.05000000074505806,
        -2
      ],
      "x": [
        1,
        0.05000000074505806,
        -2
      ],
      "y": [
        0,
        0.05000000074505806,
        -3
      ],
      "z": [
        0,
        1.0499999523162842,
        -2
      ]
    },
    "cubeBounds": [
      1,
      1,
      1
    ],
    "clearcoat": 1,
    "rubberRoughness": 0.8700000047683716,
    "wheelQuaternion": [
      -0.005183205405401447,
      0,
      0,
      0.9999865671006414
    ],
    "animationCount": 1,
    "renderer": "WebKit WebGL"
  },
  "q0": [
    0,
    0,
    0,
    1
  ],
  "q1": [
    0.5664062402538779,
    0,
    0,
    0.8241261863340265
  ],
  "storage": {
    "legacy-game": "preserved",
    "unrelated-setting": "42"
  },
  "errors": []
}
