
> slingmods-three-wheel-tour-rebuild@1.0.0 build
> tsc --noEmit && vite build

vite v8.3.0 building client environment for production...
transforming...
✓ 23 modules transformed.
rendering chunks...
computing gzip size...
dist/index.html                          0.77 kB │ gzip:     0.52 kB
dist/assets/save-S_mbsQK_.css            0.86 kB │ gzip:     0.44 kB
dist/assets/workbench-Z06iEFNX.css       1.31 kB │ gzip:     0.62 kB
dist/assets/calibration-BtQ4tbUe.js      2.29 kB │ gzip:     1.21 kB
dist/assets/index-CI2TW9x-.js            2.33 kB │ gzip:     1.16 kB
dist/assets/save-DKm5AGge.js           650.24 kB │ gzip:   162.90 kB
dist/assets/workbench-BpN9fxOA.js    2,872.96 kB │ gzip: 1,102.37 kB

✓ built in 192ms
[plugin builtin:vite-reporter] 
(!) Some chunks are larger than 500 kB after minification. Consider:
- Using dynamic import() to code-split the application
- Use build.rolldownOptions.output.codeSplitting to improve chunking: https://rolldown.rs/reference/OutputOptions.codeSplitting
- Adjust chunk size limit for this warning via build.chunkSizeWarningLimit.
