Info: Saved as "test-pad.blend"
INFO Draco mesh compression is available, use library at C:\Users\SM - Dan\Documents\GitHub\slingmods-three-wheel-tour-rebuild\.tools\blender-4.5.2-windows-x64\4.5\scripts\addons_core\io_scene_gltf2\extern_draco.dll
15:05:55 | INFO: Starting glTF 2.0 export
15:05:55 | INFO: Extracting primitive: Cube
15:05:55 | INFO: Primitives created: 1
15:05:55 | INFO: Extracting primitive: Cube.001
15:05:55 | INFO: Primitives created: 1
15:05:55 | INFO: Extracting primitive: Cube.002
15:05:55 | INFO: Primitives created: 1
15:05:55 | INFO: Extracting primitive: Cube.003
15:05:55 | INFO: Primitives created: 1
15:05:55 | INFO: Extracting primitive: Cube.004
15:05:55 | INFO: Primitives created: 1
15:05:55 | INFO: Extracting primitive: Cube.005
15:05:55 | INFO: Primitives created: 1
15:05:55 | INFO: Extracting primitive: Cube.006
15:05:55 | INFO: Primitives created: 1
15:05:55 | INFO: Extracting primitive: Cube.007
15:05:55 | INFO: Primitives created: 1
15:05:55 | INFO: Extracting primitive: Cube.008
15:05:55 | INFO: Primitives created: 1
15:05:55 | INFO: Extracting primitive: Cube.009
15:05:55 | INFO: Primitives created: 1
15:05:55 | INFO: Extracting primitive: Cube.010
15:05:55 | INFO: Primitives created: 1
15:05:55 | INFO: Extracting primitive: Cube.011
15:05:55 | INFO: Primitives created: 1
15:05:55 | INFO: Extracting primitive: incline-launch
15:05:55 | INFO: Primitives created: 1
15:05:55 | INFO: Extracting primitive: Cube.012
15:05:55 | INFO: Primitives created: 1
15:05:55 | INFO: Extracting primitive: Cube.013
15:05:55 | INFO: Primitives created: 1
15:05:55 | INFO: Extracting primitive: Cube.014
15:05:55 | INFO: Primitives created: 1
15:05:55 | INFO: Extracting primitive: Cube.015
15:05:55 | INFO: Primitives created: 1
15:05:55 | INFO: Extracting primitive: Cube.016
15:05:55 | INFO: Primitives created: 1
15:05:55 | INFO: Extracting primitive: Cube.017
15:05:55 | INFO: Primitives created: 1
15:05:55 | INFO: Extracting primitive: Cube.018
15:05:55 | INFO: Primitives created: 1
15:05:55 | INFO: Extracting primitive: Cube.019
15:05:55 | INFO: Primitives created: 1
15:05:55 | INFO: Extracting primitive: Cube.020
15:05:55 | INFO: Primitives created: 1
15:05:55 | INFO: Extracting primitive: Cube.021
15:05:55 | INFO: Primitives created: 1
15:05:55 | INFO: Extracting primitive: Cube.022
15:05:55 | INFO: Primitives created: 1
15:05:55 | INFO: Extracting primitive: Cube.023
15:05:55 | INFO: Primitives created: 1
15:05:55 | INFO: Extracting primitive: Cube.024
15:05:55 | INFO: Primitives created: 1
15:05:55 | INFO: Extracting primitive: Cube.025
15:05:55 | INFO: Primitives created: 1
15:05:55 | INFO: Extracting primitive: Cube.026
15:05:55 | INFO: Primitives created: 1
15:05:55 | INFO: Extracting primitive: skid_circle
15:05:55 | INFO: Primitives created: 1
15:05:55 | INFO: Extracting primitive: skid_circle.001
15:05:55 | INFO: Primitives created: 1
15:05:55 | INFO: Extracting primitive: skid_circle.002
15:05:55 | INFO: Primitives created: 1
15:05:55 | INFO: Extracting primitive: Cylinder
15:05:55 | INFO: Primitives created: 1
15:05:55 | INFO: Extracting primitive: Cylinder.001
15:05:55 | INFO: Primitives created: 1
15:05:55 | INFO: Extracting primitive: Cylinder.002
15:05:55 | INFO: Primitives created: 1
15:05:55 | INFO: Extracting primitive: Cylinder.003
15:05:55 | INFO: Primitives created: 1
15:05:55 | INFO: Extracting primitive: Cylinder.004
15:05:55 | INFO: Primitives created: 1
15:05:55 | INFO: Extracting primitive: Cylinder.005
15:05:55 | INFO: Primitives created: 1
15:05:55 | INFO: Finished glTF 2.0 export in 0.046605825424194336 s

TEST_PAD_EXPORT_COMPLETE C:\Users\SM - Dan\Documents\GitHub\slingmods-three-wheel-tour-rebuild\public\assets\test-pad.glb
Blender 4.5.2 LTS (hash ab25eae04993 built 2025-08-20 02:20:52)

Blender quit
