{
  "commit": "3625a739c866594da4947841dbd0d31ee94472f2",
  "frozenRuntimeCommit": "9348fa90311c5fbdfd74529feb50548582cdca17",
  "transferFiles": 709,
  "frozenInputs": 366,
  "intentionalDocumentationChanges": [
    ".gitignore",
    "AGENTS.md",
    "AUTONOMOUS_RESUME.md",
    "README.md"
  ],
  "lineEndingOnlyDifferences": [
    ".gitattributes",
    "director-kit/AGENTS.md",
    "director-kit/director-addenda/review-05/regressions/audio-pitch-coherence.test.mjs",
    "director-kit/director-addenda/review-05/regressions/ts-resolve-review-only.mjs",
    "director-kit/director-addenda/review-11/CODEX_NEXT.md",
    "director-kit/director-addenda/review-11/DIRECTOR-PACKAGE-MANIFEST.json",
    "director-kit/director-addenda/review-11/START-HERE.md",
    "director-kit/director-addenda/review-11/packets/P06B-ENVIRONMENT-QUALITY-LOCK.md",
    "director-kit/director-addenda/review-11/packets/VALIDATION-AND-DELIVERY.md",
    "director-kit/director-addenda/review-11/references/MATERIAL-SOURCES.md",
    "director-kit/director-addenda/review-11/review/AUDIT.md",
    "package-lock.json",
    "public/assets/pad-layout.json",
    "public/assets/slingshot-contact-layout.json",
    "scripts/audio-p03b2.py",
    "scripts/blender.ps1",
    "scripts/build-review05.mjs",
    "scripts/calibration.py",
    "scripts/capture-calibration.mjs",
    "scripts/capture-driving.mjs",
    "scripts/capture-p03a2.mjs",
    "scripts/capture-review04.mjs",
    "scripts/capture-review08.mjs",
    "scripts/capture-review10-day.mjs",
    "scripts/capture-review11-bay.mjs",
    "scripts/capture-review11-day.mjs",
    "scripts/capture-rpm-addendum.ts",
    "scripts/capture-shadow-diagnosis.mjs",
    "scripts/capture-shadow-motion.mjs",
    "scripts/capture-shadow-replay.mjs",
    "scripts/capture-vehicle.mjs",
    "scripts/capture-waterfront07.mjs",
    "scripts/check-build08.mjs",
    "scripts/check-night08.mjs",
    "scripts/correct-review11-caption.py",
    "scripts/diagnose-p03a-orbit.mjs",
    "scripts/diagnose-review11-programs.mjs",
    "scripts/diagnose-review12-inspection.mjs",
    "scripts/driver_p03b2_inspect.py",
    "scripts/driver_p03b2_materials.py",
    "scripts/driver_p03b2_probe.py",
    "scripts/harbor-control-agent.ts",
    "scripts/harbor_inspect.py",
    "scripts/harbor_land_cut.py",
    "scripts/harbor_land_verify.py",
    "scripts/harbor_materials.py",
    "scripts/harbor_validate.py",
    "scripts/p06_bay_preservation.py",
    "scripts/p06_showcase_build.py",
    "scripts/p06_showcase_validate.py",
    "scripts/package-astra-review08.py",
    "scripts/package-astra-review10.py",
    "scripts/pad.py",
    "scripts/practice-p03b1.py",
    "scripts/probe-first-drive-trace.ts",
    "scripts/probe-first-drive.ts",
    "scripts/probe-practice.ts",
    "scripts/product_sm133_build.py",
    "scripts/record-driving.mjs",
    "scripts/record-p03a-turntable.mjs",
    "scripts/record-shadow-comparison.mjs",
    "scripts/record-stress.mjs",
    "scripts/review11-scene.ts",
    "scripts/summarize-review09.py",
    "scripts/summarize-review10.py",
    "scripts/test-driving-evidence.ts",
    "scripts/test-driving-probe.ts",
    "scripts/test-presenter.mjs",
    "scripts/trace-review10.mjs",
    "scripts/validate-review05-media.py",
    "scripts/vehicle_build.py",
    "scripts/vehicle_inspect.py",
    "scripts/vehicle_p03a1_build.py",
    "scripts/vehicle_p03a1_inspect.py",
    "scripts/vehicle_p03a1_verify.py",
    "scripts/vehicle_p03a2_integrate.py",
    "scripts/vehicle_p03a2_wire.py",
    "scripts/vehicle_p03a_build.py",
    "scripts/vehicle_p03a_cowl_probe.py",
    "scripts/vehicle_p03a_diagnose.py",
    "scripts/vehicle_p03a_inspect.py",
    "scripts/vehicle_p03a_materials.py",
    "scripts/vehicle_p03a_optical_probe.py",
    "scripts/vehicle_p03a_verify.py",
    "scripts/vehicle_p04a1_attachment_probe.py",
    "scripts/vehicle_p04a1_attribute_probe.py",
    "scripts/vehicle_p04a1_hash_probe.py",
    "scripts/vehicle_p04a1_old_diagnostic.py",
    "scripts/vehicle_p04a1_preserve_export.py",
    "scripts/vehicle_p04a1_probe.py",
    "scripts/vehicle_verify.py",
    "scripts/verify-p06b-depth.mjs",
    "scripts/verify-rear-kinematics.ts",
    "scripts/verify-review05-diagnostics.mjs",
    "scripts/verify-review11-final-transitions.mjs",
    "scripts/verify-review11-lifecycle.mjs",
    "src/audio/opponents.ts",
    "src/career/catalog.ts",
    "src/competition/grid.ts",
    "src/competition/index.ts",
    "src/competition/road.ts",
    "src/competition/stability.ts",
    "src/course/environment.ts",
    "src/presentation/harbor-water.ts",
    "src/presentation/rear-diagnostic.ts",
    "src/presentation/vehicle-asset.ts",
    "src/race/attempt.ts",
    "src/simulation/pad.ts",
    "src/simulation/scenarios.ts",
    "src/style.css",
    "src/workbench.css",
    "tests/audio-pitch-coherence.test.mjs",
    "tests/audio.test.ts",
    "tests/competition-rules.test.ts",
    "tests/drivetrain-integrated.test.ts",
    "tests/driving-session-camera.test.ts",
    "tests/driving.test.ts",
    "tests/first-drive-camera.test.ts",
    "tests/fixtures/first-drive-trace.ts",
    "tests/fixtures/practice-trace.ts",
    "tests/harbor-course.test.ts",
    "tests/harbor-save.test.ts",
    "tests/harbor-water.test.ts",
    "tests/inspection-framing.test.ts",
    "tests/light-pool-stability.test.ts",
    "tests/outdoor-environment.test.ts",
    "tests/rear-presentation.test.ts",
    "tests/shadow-casters.test.ts",
    "tests/showcase-disposal.test.ts",
    "tests/smoke.test.ts",
    "tsconfig.json",
    "vite.config.ts"
  ],
  "failures": []
}
