
> slingmods-three-wheel-tour-rebuild@1.0.0 demo:build
> node scripts/build-demo.mjs

warning: in the working copy of 'src/audio/game-audio.ts', LF will be replaced by CRLF the next time Git touches it
warning: in the working copy of 'src/audio/graph.ts', LF will be replaced by CRLF the next time Git touches it
warning: in the working copy of 'src/audio/game-audio.ts', LF will be replaced by CRLF the next time Git touches it
warning: in the working copy of 'src/audio/graph.ts', LF will be replaced by CRLF the next time Git touches it
vite v8.3.0 building client environment for demo...
transforming...
✓ 101 modules transformed.
rendering chunks...
computing gzip size...
demo-dist/2026-09-15T17-05-29-679Z-ef5927527413-working/index.html                              0.95 kB │ gzip:     0.56 kB
demo-dist/2026-09-15T17-05-29-679Z-ef5927527413-working/.vite/manifest.json                     6.55 kB │ gzip:     0.99 kB
demo-dist/2026-09-15T17-05-29-679Z-ef5927527413-working/assets/style-S_mbsQK_.css               0.86 kB │ gzip:     0.44 kB
demo-dist/2026-09-15T17-05-29-679Z-ef5927527413-working/assets/competition-eoblom2f.css         3.68 kB │ gzip:     1.33 kB
demo-dist/2026-09-15T17-05-29-679Z-ef5927527413-working/assets/build-cza-csh3.css               4.86 kB │ gzip:     1.62 kB
demo-dist/2026-09-15T17-05-29-679Z-ef5927527413-working/assets/recovery-Dz5MLhLF.css            7.44 kB │ gzip:     2.22 kB
demo-dist/2026-09-15T17-05-29-679Z-ef5927527413-working/assets/workbench-CJdHxo-4.css          12.31 kB │ gzip:     3.42 kB
demo-dist/2026-09-15T17-05-29-679Z-ef5927527413-working/assets/driving-camera-8pBO1Ms_.css     12.96 kB │ gzip:     3.52 kB
demo-dist/2026-09-15T17-05-29-679Z-ef5927527413-working/assets/scene-DXnhylLo.css              14.86 kB │ gzip:     3.92 kB
demo-dist/2026-09-15T17-05-29-679Z-ef5927527413-working/assets/profile-BYVn74a4.js              1.35 kB │ gzip:     0.67 kB
demo-dist/2026-09-15T17-05-29-679Z-ef5927527413-working/assets/inspection-7hlH2SvT.js           1.46 kB │ gzip:     0.77 kB
demo-dist/2026-09-15T17-05-29-679Z-ef5927527413-working/assets/recovery-Ci8zJs1V.js             1.99 kB │ gzip:     1.05 kB
demo-dist/2026-09-15T17-05-29-679Z-ef5927527413-working/assets/RoomEnvironment-Cpq_OVAi.js      2.02 kB │ gzip:     0.88 kB
demo-dist/2026-09-15T17-05-29-679Z-ef5927527413-working/assets/calibration-BI-apjGK.js          2.40 kB │ gzip:     1.27 kB
demo-dist/2026-09-15T17-05-29-679Z-ef5927527413-working/assets/hero-BPRodnDg.js                 2.86 kB │ gzip:     1.25 kB
demo-dist/2026-09-15T17-05-29-679Z-ef5927527413-working/assets/signature-art-vFnaGaoj.js        4.51 kB │ gzip:     1.95 kB
demo-dist/2026-09-15T17-05-29-679Z-ef5927527413-working/assets/index-7mNVLong.js                4.86 kB │ gzip:     2.13 kB
demo-dist/2026-09-15T17-05-29-679Z-ef5927527413-working/assets/config-B0r0JDHK.js               9.38 kB │ gzip:     4.12 kB
demo-dist/2026-09-15T17-05-29-679Z-ef5927527413-working/assets/harbor-C4NHAQvt.js              11.78 kB │ gzip:     5.20 kB
demo-dist/2026-09-15T17-05-29-679Z-ef5927527413-working/assets/crew-DanNVjzP.js                13.63 kB │ gzip:     5.94 kB
demo-dist/2026-09-15T17-05-29-679Z-ef5927527413-working/assets/express-5WyT9a_x.js             13.96 kB │ gzip:     6.26 kB
demo-dist/2026-09-15T17-05-29-679Z-ef5927527413-working/assets/build-BI02Js9O.js               16.09 kB │ gzip:     5.38 kB
demo-dist/2026-09-15T17-05-29-679Z-ef5927527413-working/assets/OrbitControls-Cb9j1bNu.js       19.84 kB │ gzip:     4.40 kB
demo-dist/2026-09-15T17-05-29-679Z-ef5927527413-working/assets/driving-camera-Md5jYr3c.js      20.18 kB │ gzip:     7.51 kB
demo-dist/2026-09-15T17-05-29-679Z-ef5927527413-working/assets/harbor-lighting-DyNb5b_V.js     22.26 kB │ gzip:     9.38 kB
demo-dist/2026-09-15T17-05-29-679Z-ef5927527413-working/assets/competition-DVZW9ivX.js         23.90 kB │ gzip:     9.02 kB
demo-dist/2026-09-15T17-05-29-679Z-ef5927527413-working/assets/scene-BTOlOOUi.js               24.72 kB │ gzip:     9.73 kB
demo-dist/2026-09-15T17-05-29-679Z-ef5927527413-working/assets/workbench-DVjnZo2n.js           49.79 kB │ gzip:    16.60 kB
demo-dist/2026-09-15T17-05-29-679Z-ef5927527413-working/assets/save-D2fuUAyh.js               638.63 kB │ gzip:   161.22 kB
demo-dist/2026-09-15T17-05-29-679Z-ef5927527413-working/assets/game-audio-CR0Onmq0.js       3,156.69 kB │ gzip: 1,220.54 kB

✓ built in 468ms
[plugin builtin:vite-reporter] 
(!) Some chunks are larger than 500 kB after minification. Consider:
- Using dynamic import() to code-split the application
- Use build.rolldownOptions.output.codeSplitting to improve chunking: https://rolldown.rs/reference/OutputOptions.codeSplitting
- Adjust chunk size limit for this warning via build.chunkSizeWarningLimit.
{
  "output": "demo-dist/2026-09-15T17-05-29-679Z-ef5927527413-working",
  "buildRef": "ef5927527413-working",
  "files": 73,
  "bytes": 125372915
}
