
> slingmods-three-wheel-tour-rebuild@1.0.0 demo:build
> node scripts/build-demo.mjs

warning: in the working copy of 'src/audio/game-audio.ts', LF will be replaced by CRLF the next time Git touches it
warning: in the working copy of 'src/audio/graph.ts', LF will be replaced by CRLF the next time Git touches it
warning: in the working copy of 'src/audio/game-audio.ts', LF will be replaced by CRLF the next time Git touches it
warning: in the working copy of 'src/audio/graph.ts', LF will be replaced by CRLF the next time Git touches it
vite v8.3.0 building client environment for demo...
transforming...
✓ 101 modules transformed.
rendering chunks...
computing gzip size...
demo-dist/2026-09-15T17-11-08-913Z-ef5927527413-working/index.html                              0.95 kB │ gzip:     0.56 kB
demo-dist/2026-09-15T17-11-08-913Z-ef5927527413-working/.vite/manifest.json                     6.58 kB │ gzip:     1.00 kB
demo-dist/2026-09-15T17-11-08-913Z-ef5927527413-working/assets/style-S_mbsQK_.css               0.86 kB │ gzip:     0.44 kB
demo-dist/2026-09-15T17-11-08-913Z-ef5927527413-working/assets/competition-eoblom2f.css         3.68 kB │ gzip:     1.33 kB
demo-dist/2026-09-15T17-11-08-913Z-ef5927527413-working/assets/build-cza-csh3.css               4.86 kB │ gzip:     1.62 kB
demo-dist/2026-09-15T17-11-08-913Z-ef5927527413-working/assets/recovery-C_RFDXna.css            7.49 kB │ gzip:     2.24 kB
demo-dist/2026-09-15T17-11-08-913Z-ef5927527413-working/assets/workbench-YJCDbCc6.css          12.31 kB │ gzip:     3.42 kB
demo-dist/2026-09-15T17-11-08-913Z-ef5927527413-working/assets/driving-camera-8pBO1Ms_.css     12.96 kB │ gzip:     3.52 kB
demo-dist/2026-09-15T17-11-08-913Z-ef5927527413-working/assets/scene-DXnhylLo.css              14.86 kB │ gzip:     3.92 kB
demo-dist/2026-09-15T17-11-08-913Z-ef5927527413-working/assets/profile-BYVn74a4.js              1.35 kB │ gzip:     0.67 kB
demo-dist/2026-09-15T17-11-08-913Z-ef5927527413-working/assets/inspection-su1ADCD1.js           1.46 kB │ gzip:     0.76 kB
demo-dist/2026-09-15T17-11-08-913Z-ef5927527413-working/assets/recovery-Dv3vFEnD.js             1.99 kB │ gzip:     1.05 kB
demo-dist/2026-09-15T17-11-08-913Z-ef5927527413-working/assets/RoomEnvironment-C6iyWIgs.js      2.02 kB │ gzip:     0.88 kB
demo-dist/2026-09-15T17-11-08-913Z-ef5927527413-working/assets/calibration-CxhONd1J.js          2.40 kB │ gzip:     1.27 kB
demo-dist/2026-09-15T17-11-08-913Z-ef5927527413-working/assets/hero-ZIxln1Z3.js                 2.86 kB │ gzip:     1.25 kB
demo-dist/2026-09-15T17-11-08-913Z-ef5927527413-working/assets/signature-art-TM5Sci7i.js        4.51 kB │ gzip:     1.96 kB
demo-dist/2026-09-15T17-11-08-913Z-ef5927527413-working/assets/index-bUUh5uXb.js                4.88 kB │ gzip:     2.14 kB
demo-dist/2026-09-15T17-11-08-913Z-ef5927527413-working/assets/config-D1k61kxj.js               9.80 kB │ gzip:     4.26 kB
demo-dist/2026-09-15T17-11-08-913Z-ef5927527413-working/assets/harbor-W0kMusy1.js              11.78 kB │ gzip:     5.20 kB
demo-dist/2026-09-15T17-11-08-913Z-ef5927527413-working/assets/crew-D0URYy0g.js                13.63 kB │ gzip:     5.94 kB
demo-dist/2026-09-15T17-11-08-913Z-ef5927527413-working/assets/express-CbvQqxFI.js             14.22 kB │ gzip:     6.36 kB
demo-dist/2026-09-15T17-11-08-913Z-ef5927527413-working/assets/build-D9KBE2DI.js               16.09 kB │ gzip:     5.38 kB
demo-dist/2026-09-15T17-11-08-913Z-ef5927527413-working/assets/OrbitControls-DI9TmHsO.js       19.84 kB │ gzip:     4.40 kB
demo-dist/2026-09-15T17-11-08-913Z-ef5927527413-working/assets/driving-camera-BNwvyWck.js      20.18 kB │ gzip:     7.51 kB
demo-dist/2026-09-15T17-11-08-913Z-ef5927527413-working/assets/harbor-lighting-BFAax8T7.js     22.70 kB │ gzip:     9.54 kB
demo-dist/2026-09-15T17-11-08-913Z-ef5927527413-working/assets/competition-ClwHn78B.js         24.06 kB │ gzip:     9.08 kB
demo-dist/2026-09-15T17-11-08-913Z-ef5927527413-working/assets/scene-9Wh2UrSU.js               25.12 kB │ gzip:     9.87 kB
demo-dist/2026-09-15T17-11-08-913Z-ef5927527413-working/assets/workbench-CV3bhJqQ.js           49.79 kB │ gzip:    16.60 kB
demo-dist/2026-09-15T17-11-08-913Z-ef5927527413-working/assets/save-BZ2joD15.js               638.99 kB │ gzip:   161.34 kB
demo-dist/2026-09-15T17-11-08-913Z-ef5927527413-working/assets/game-audio-Cd5VGMz4.js       3,156.69 kB │ gzip: 1,220.54 kB

✓ built in 321ms
[plugin builtin:vite-reporter] 
(!) Some chunks are larger than 500 kB after minification. Consider:
- Using dynamic import() to code-split the application
- Use build.rolldownOptions.output.codeSplitting to improve chunking: https://rolldown.rs/reference/OutputOptions.codeSplitting
- Adjust chunk size limit for this warning via build.chunkSizeWarningLimit.
{
  "output": "demo-dist/2026-09-15T17-11-08-913Z-ef5927527413-working",
  "buildRef": "ef5927527413-working",
  "files": 77,
  "bytes": 126231636
}
