{
  "method": "Matched entry-speed measures through production input at60Hz. Radius is path length divided by actual yaw change; author game tuning, not manufacturer/hardware claims.",
  "profiles": {
    "legacy-p08a": {
      "low-left": {
        "targetEntrySpeed": 4,
        "entry": {
          "time": 0.85,
          "speed": 4.0167871481263875,
          "position": {
            "x": -2.609403014015104e-9,
            "y": 0.003649471641133384,
            "z": 33.24709808708611
          }
        },
        "finish": {
          "time": 3.1666666666666603,
          "speed": 4.23044158304504,
          "position": {
            "x": -6.796016266031907,
            "y": 0.003012486489290256,
            "z": 28.001629245698044
          }
        },
        "maneuverSeconds": 2.31666666666666,
        "pathMetres": 9.764806272260026,
        "yawRadians": 1.5795641067234887,
        "averageRadiusMetres": 6.181962625445634,
        "shifts": [],
        "threeContactsFraction": 1,
        "maxSlipAngle": 0.16272830049401105,
        "maxRoll": 0.03186206385928248
      },
      "low-right": {
        "targetEntrySpeed": 4,
        "entry": {
          "time": 0.85,
          "speed": 4.0167871481263875,
          "position": {
            "x": -2.609403014015104e-9,
            "y": 0.003649471641133384,
            "z": 33.24709808708611
          }
        },
        "finish": {
          "time": 3.1666666666666603,
          "speed": 4.230441106000222,
          "position": {
            "x": 6.796014831581284,
            "y": 0.003012456690190679,
            "z": 28.001629245983708
          }
        },
        "maneuverSeconds": 2.31666666666666,
        "pathMetres": 9.764804979966534,
        "yawRadians": -1.5795641074261382,
        "averageRadiusMetres": 6.181961804562684,
        "shifts": [],
        "threeContactsFraction": 1,
        "maxSlipAngle": 0.16272819406830952,
        "maxRoll": 0.03186204104732588
      },
      "medium-left": {
        "targetEntrySpeed": 20,
        "entry": {
          "time": 4.216666666666667,
          "speed": 19.96571818023945,
          "position": {
            "x": -3.711588182561463e-8,
            "y": 0.018482138285482452,
            "z": -9.415061449504536
          }
        },
        "finish": {
          "time": 11.150000000000134,
          "speed": 20.078856987094262,
          "position": {
            "x": -82.7588480092763,
            "y": 0.0005386196077545868,
            "z": -103.52394360015592
          }
        },
        "maneuverSeconds": 6.933333333333467,
        "pathMetres": 139.38732373089334,
        "yawRadians": 1.5722420258016856,
        "averageRadiusMetres": 88.65513161678768,
        "shifts": [
          {
            "time": 3.8833333333333244,
            "from": 1,
            "to": 2,
            "speed": 18.649731555924195,
            "remaining": 0
          }
        ],
        "threeContactsFraction": 1,
        "maxSlipAngle": 0.07573238855771285,
        "maxRoll": 0.032178747270636694
      },
      "medium-right": {
        "targetEntrySpeed": 20,
        "entry": {
          "time": 4.216666666666667,
          "speed": 19.96571818023945,
          "position": {
            "x": -3.711588182561463e-8,
            "y": 0.018482138285482452,
            "z": -9.415061449504536
          }
        },
        "finish": {
          "time": 11.150000000000134,
          "speed": 20.07885564624272,
          "position": {
            "x": 82.75887087828315,
            "y": 0.0005386513020509964,
            "z": -103.52386724674383
          }
        },
        "maneuverSeconds": 6.933333333333467,
        "pathMetres": 139.38731227294423,
        "yawRadians": -1.5722435461160758,
        "averageRadiusMetres": 88.65503860217692,
        "shifts": [
          {
            "time": 3.8833333333333244,
            "from": 1,
            "to": 2,
            "speed": 18.649731555924195,
            "remaining": 0
          }
        ],
        "threeContactsFraction": 1,
        "maxSlipAngle": 0.07573241394753644,
        "maxRoll": 0.03217882438150632
      },
      "high-left": {
        "targetEntrySpeed": 35,
        "entry": {
          "time": 9.45,
          "speed": 34.95232290781837,
          "position": {
            "x": 3.801407593918021e-8,
            "y": 0.02792327517069887,
            "z": -159.5335893618089
          }
        },
        "finish": {
          "time": 36.38333333333255,
          "speed": 34.81261581055373,
          "position": {
            "x": -579.5353982376405,
            "y": 0.005464502974701635,
            "z": -773.7438377325651
          }
        },
        "maneuverSeconds": 26.933333333332552,
        "pathMetres": 938.0853966197091,
        "yawRadians": 1.5711138219935572,
        "averageRadiusMetres": 597.0830270141662,
        "shifts": [
          {
            "time": 3.8833333333333244,
            "from": 1,
            "to": 2,
            "speed": 18.649731555924195,
            "remaining": 0
          },
          {
            "time": 7.283333333333313,
            "from": 2,
            "to": 3,
            "speed": 30.470039217573756,
            "remaining": 0
          }
        ],
        "threeContactsFraction": 1,
        "maxSlipAngle": 0.03295042090450041,
        "maxRoll": 0.01439403198765057
      },
      "high-right": {
        "targetEntrySpeed": 35,
        "entry": {
          "time": 9.45,
          "speed": 34.95232290781837,
          "position": {
            "x": 3.801407593918021e-8,
            "y": 0.02792327517069887,
            "z": -159.5335893618089
          }
        },
        "finish": {
          "time": 36.38333333333255,
          "speed": 34.812611996744145,
          "position": {
            "x": 579.5353982418806,
            "y": 0.005464771279733327,
            "z": -773.7435325513306
          }
        },
        "maneuverSeconds": 26.933333333332552,
        "pathMetres": 938.0852969663356,
        "yawRadians": -1.5711138183772244,
        "averageRadiusMetres": 597.0829649600227,
        "shifts": [
          {
            "time": 3.8833333333333244,
            "from": 1,
            "to": 2,
            "speed": 18.649731555924195,
            "remaining": 0
          },
          {
            "time": 7.283333333333313,
            "from": 2,
            "to": 3,
            "speed": 30.470039217573756,
            "remaining": 0
          }
        ],
        "threeContactsFraction": 1,
        "maxSlipAngle": 0.03295040558007966,
        "maxRoll": 0.014394039406327325
      },
      "brake60": {
        "targetEntrySpeed": 26.8224,
        "entry": {
          "time": 5.983333333333333,
          "speed": 26.80914560158154,
          "position": {
            "x": -5.788136867546045e-8,
            "y": 0.033639175827761936,
            "z": -50.776673491112035
          }
        },
        "finish": {
          "time": 8.71666666666668,
          "speed": 0.10022329246961212,
          "position": {
            "x": 7.024190700665841e-8,
            "y": -0.0017712213323755055,
            "z": -87.61875393913424
          }
        },
        "maneuverSeconds": 2.733333333333346,
        "pathMetres": 36.8420804480222,
        "yawRadians": -1.4529872581028936e-8,
        "averageRadiusMetres": null,
        "shifts": [
          {
            "time": 3.8833333333333244,
            "from": 1,
            "to": 2,
            "speed": 18.649731555924195,
            "remaining": 0
          },
          {
            "time": 7.866666666666644,
            "from": 2,
            "to": 1,
            "speed": 8.411237908955831,
            "remaining": 0
          }
        ],
        "threeContactsFraction": 1,
        "maxSlipAngle": 3.6829683702774436e-8,
        "maxRoll": 9.034988021168323e-9
      },
      "brake110": {
        "targetEntrySpeed": 49.1744,
        "entry": {
          "time": 20.016666666666666,
          "speed": 49.13129116030584,
          "position": {
            "x": 0.0000012043544673071504,
            "y": 0.027691824418675126,
            "z": -620.6053398478135
          }
        },
        "finish": {
          "time": 25.16666666666652,
          "speed": 0.11619113394526757,
          "position": {
            "x": -8.496881416341836,
            "y": -0.0018440780909166898,
            "z": -748.2445738882317
          }
        },
        "maneuverSeconds": 5.149999999999853,
        "pathMetres": 128.1831875600911,
        "yawRadians": 0.17938338358529654,
        "averageRadiusMetres": 714.5767071515862,
        "shifts": [
          {
            "time": 3.8833333333333244,
            "from": 1,
            "to": 2,
            "speed": 18.649731555924195,
            "remaining": 0
          },
          {
            "time": 7.283333333333313,
            "from": 2,
            "to": 3,
            "speed": 30.470039217573756,
            "remaining": 0
          },
          {
            "time": 16.98333333333365,
            "from": 3,
            "to": 4,
            "speed": 47.16550609739719,
            "remaining": 0
          },
          {
            "time": 22.916666666666647,
            "from": 4,
            "to": 3,
            "speed": 22.11028333811105,
            "remaining": 0.24
          },
          {
            "time": 23.166666666666632,
            "from": 3,
            "to": 2,
            "speed": 19.704646850385586,
            "remaining": 0
          },
          {
            "time": 24.316666666666567,
            "from": 2,
            "to": 1,
            "speed": 8.437474998893359,
            "remaining": 0
          }
        ],
        "threeContactsFraction": 1,
        "maxSlipAngle": 0.06018749379891966,
        "maxRoll": 0.04147234861756074
      }
    },
    "slingmods-sport-v1": {
      "low-left": {
        "targetEntrySpeed": 4,
        "entry": {
          "time": 0.65,
          "speed": 3.963815294132453,
          "position": {
            "x": -2.4840626171819544e-10,
            "y": 0.004337800362531952,
            "z": 33.690963096472196
          }
        },
        "finish": {
          "time": 2.549999999999996,
          "speed": 4.229854813555545,
          "position": {
            "x": -5.76175515901062,
            "y": 0.004597427419686717,
            "z": 29.641620043106748
          }
        },
        "maneuverSeconds": 1.899999999999996,
        "pathMetres": 8.019304766712539,
        "yawRadians": 1.5748883445417217,
        "averageRadiusMetres": 5.091983056770976,
        "shifts": [],
        "threeContactsFraction": 1,
        "maxSlipAngle": 0.22936696761762596,
        "maxRoll": 0.04014568647064498
      },
      "low-right": {
        "targetEntrySpeed": 4,
        "entry": {
          "time": 0.65,
          "speed": 3.963815294132453,
          "position": {
            "x": -2.4840626171819544e-10,
            "y": 0.004337800362531952,
            "z": 33.690963096472196
          }
        },
        "finish": {
          "time": 2.549999999999996,
          "speed": 4.229852100121199,
          "position": {
            "x": 5.761754689574235,
            "y": 0.004597427068057547,
            "z": 29.641616213402017
          }
        },
        "maneuverSeconds": 1.899999999999996,
        "pathMetres": 8.019304356298615,
        "yawRadians": -1.574887670021334,
        "averageRadiusMetres": 5.091984977055528,
        "shifts": [],
        "threeContactsFraction": 1,
        "maxSlipAngle": 0.22936702535130343,
        "maxRoll": 0.04014568232270302
      },
      "medium-left": {
        "targetEntrySpeed": 20,
        "entry": {
          "time": 3.4,
          "speed": 20.011196293408407,
          "position": {
            "x": -2.342679793425223e-9,
            "y": 0.01968195459383215,
            "z": -0.9537322235946678
          }
        },
        "finish": {
          "time": 8.18333333333332,
          "speed": 20.047080194109714,
          "position": {
            "x": -56.48725600703188,
            "y": 0.0010786506500715665,
            "z": -66.34481936109029
          }
        },
        "maneuverSeconds": 4.783333333333319,
        "pathMetres": 96.09628675844652,
        "yawRadians": 1.5751396152795276,
        "averageRadiusMetres": 61.00810736157701,
        "shifts": [
          {
            "time": 3.1499999999999937,
            "from": 1,
            "to": 2,
            "speed": 18.69949992417695,
            "remaining": 0
          }
        ],
        "threeContactsFraction": 1,
        "maxSlipAngle": 0.09924976705925186,
        "maxRoll": 0.046901394787651894
      },
      "medium-right": {
        "targetEntrySpeed": 20,
        "entry": {
          "time": 3.4,
          "speed": 20.011196293408407,
          "position": {
            "x": -2.342679793425223e-9,
            "y": 0.01968195459383215,
            "z": -0.9537322235946678
          }
        },
        "finish": {
          "time": 8.18333333333332,
          "speed": 20.04708148525846,
          "position": {
            "x": 56.48726361832252,
            "y": 0.0010786499581185716,
            "z": -66.34481174525708
          }
        },
        "maneuverSeconds": 4.783333333333319,
        "pathMetres": 96.09628578218205,
        "yawRadians": -1.5751401168947625,
        "averageRadiusMetres": 61.00808731329035,
        "shifts": [
          {
            "time": 3.1499999999999937,
            "from": 1,
            "to": 2,
            "speed": 18.69949992417695,
            "remaining": 0
          }
        ],
        "threeContactsFraction": 1,
        "maxSlipAngle": 0.09924980515749518,
        "maxRoll": 0.04690139353183187
      },
      "high-left": {
        "targetEntrySpeed": 35,
        "entry": {
          "time": 7.233333333333333,
          "speed": 34.991427867425486,
          "position": {
            "x": 9.092445480408747e-8,
            "y": 0.037285127903539605,
            "z": -110.72287058527439
          }
        },
        "finish": {
          "time": 24.84999999999987,
          "speed": 34.908069305899005,
          "position": {
            "x": -376.4175110818808,
            "y": 0.004857009891183595,
            "z": -517.17992410575
          }
        },
        "maneuverSeconds": 17.616666666666536,
        "pathMetres": 615.4338781659137,
        "yawRadians": 1.5718186581179507,
        "averageRadiusMetres": 391.54254531042153,
        "shifts": [
          {
            "time": 3.1499999999999937,
            "from": 1,
            "to": 2,
            "speed": 18.69949992417695,
            "remaining": 0
          },
          {
            "time": 5.6833333333333185,
            "from": 2,
            "to": 3,
            "speed": 30.508839777747216,
            "remaining": 0
          }
        ],
        "threeContactsFraction": 1,
        "maxSlipAngle": 0.04442832615225308,
        "maxRoll": 0.02205170777508353
      },
      "high-right": {
        "targetEntrySpeed": 35,
        "entry": {
          "time": 7.233333333333333,
          "speed": 34.991427867425486,
          "position": {
            "x": 9.092445480408747e-8,
            "y": 0.037285127903539605,
            "z": -110.72287058527439
          }
        },
        "finish": {
          "time": 24.84999999999987,
          "speed": 34.90807324725192,
          "position": {
            "x": 376.4175416099261,
            "y": 0.004856859524763835,
            "z": -517.1799241684264
          }
        },
        "maneuverSeconds": 17.616666666666536,
        "pathMetres": 615.4338489086083,
        "yawRadians": -1.571817813031992,
        "averageRadiusMetres": 391.54273720912596,
        "shifts": [
          {
            "time": 3.1499999999999937,
            "from": 1,
            "to": 2,
            "speed": 18.69949992417695,
            "remaining": 0
          },
          {
            "time": 5.6833333333333185,
            "from": 2,
            "to": 3,
            "speed": 30.508839777747216,
            "remaining": 0
          }
        ],
        "threeContactsFraction": 1,
        "maxSlipAngle": 0.044428435680229514,
        "maxRoll": 0.02205175409547918
      },
      "brake60": {
        "targetEntrySpeed": 26.8224,
        "entry": {
          "time": 4.716666666666667,
          "speed": 26.802971649300346,
          "position": {
            "x": 4.880298176931256e-8,
            "y": 0.04463221314660365,
            "z": -31.803424832008794
          }
        },
        "finish": {
          "time": 7.399999999999979,
          "speed": 0.1871166307751004,
          "position": {
            "x": 2.1163105808093283e-7,
            "y": -0.002138724525957092,
            "z": -67.96826097190906
          }
        },
        "maneuverSeconds": 2.6833333333333123,
        "pathMetres": 36.16483613990027,
        "yawRadians": -1.2351542645727524e-8,
        "averageRadiusMetres": null,
        "shifts": [
          {
            "time": 3.1499999999999937,
            "from": 1,
            "to": 2,
            "speed": 18.69949992417695,
            "remaining": 0
          },
          {
            "time": 6.499999999999982,
            "from": 2,
            "to": 1,
            "speed": 9.070705191600423,
            "remaining": 0
          }
        ],
        "threeContactsFraction": 1,
        "maxSlipAngle": 1.5677271150606795e-8,
        "maxRoll": 8.27574767878292e-9
      },
      "brake110": {
        "targetEntrySpeed": 49.1744,
        "entry": {
          "time": 13.85,
          "speed": 49.13373368663799,
          "position": {
            "x": -2.7569592685910444e-7,
            "y": 0.037229807167868556,
            "z": -396.7427343504399
          }
        },
        "finish": {
          "time": 18.93333333333354,
          "speed": 0.11789732144701423,
          "position": {
            "x": 13.582132745134048,
            "y": -0.0018601192134843902,
            "z": -521.0410109272632
          }
        },
        "maneuverSeconds": 5.08333333333354,
        "pathMetres": 125.89714520035062,
        "yawRadians": -0.38255589986566274,
        "averageRadiusMetres": 329.09476822749383,
        "shifts": [
          {
            "time": 3.1499999999999937,
            "from": 1,
            "to": 2,
            "speed": 18.69949992417695,
            "remaining": 0
          },
          {
            "time": 5.6833333333333185,
            "from": 2,
            "to": 3,
            "speed": 30.508839777747216,
            "remaining": 0
          },
          {
            "time": 12.333333333333526,
            "from": 3,
            "to": 4,
            "speed": 47.26402861582306,
            "remaining": 0
          },
          {
            "time": 16.683333333333668,
            "from": 4,
            "to": 3,
            "speed": 22.22677051231945,
            "remaining": 0.18
          },
          {
            "time": 16.86666666666699,
            "from": 3,
            "to": 2,
            "speed": 20.456581674876393,
            "remaining": 0
          },
          {
            "time": 18.03333333333359,
            "from": 2,
            "to": 1,
            "speed": 8.971652099504874,
            "remaining": 0
          }
        ],
        "threeContactsFraction": 1,
        "maxSlipAngle": 0.07204708232231387,
        "maxRoll": 0.03426827641355292
      }
    }
  }
}
