{
  "method": "Matched entry-speed measures through production input at60Hz. Radius is path length divided by actual yaw change; author game tuning, not manufacturer/hardware claims.",
  "profiles": {
    "legacy-p08a": {
      "low-left": {
        "targetEntrySpeed": 4,
        "entry": {
          "time": 0.8333333333333334,
          "speed": 3.959138085076909,
          "position": {
            "x": 2.730062009761437e-10,
            "y": 0.014486923389945283,
            "z": 33.2982559716054
          }
        },
        "finish": {
          "time": 3.1499999999999937,
          "speed": 4.227340126777024,
          "position": {
            "x": -6.7750095624002,
            "y": 0.0141920421094609,
            "z": 28.05422598342937
          }
        },
        "maneuverSeconds": 2.31666666666666,
        "pathMetres": 9.735657600455365,
        "yawRadians": 1.5751769054319082,
        "averageRadiusMetres": 6.180675685938831,
        "shifts": [],
        "threeContactsFraction": 1,
        "maxSlipAngle": 0.1617259284548926,
        "maxRoll": 0.02976013343795821
      },
      "low-right": {
        "targetEntrySpeed": 4,
        "entry": {
          "time": 0.8333333333333334,
          "speed": 3.959138085076909,
          "position": {
            "x": 2.730062009761437e-10,
            "y": 0.014486923389945283,
            "z": 33.2982559716054
          }
        },
        "finish": {
          "time": 3.1499999999999937,
          "speed": 4.227340084889029,
          "position": {
            "x": 6.775008619586157,
            "y": 0.014192071713935106,
            "z": 28.054224067401268
          }
        },
        "maneuverSeconds": 2.31666666666666,
        "pathMetres": 9.735656897400913,
        "yawRadians": -1.575176566443814,
        "averageRadiusMetres": 6.180676569726116,
        "shifts": [],
        "threeContactsFraction": 1,
        "maxSlipAngle": 0.16172600565920153,
        "maxRoll": 0.02976014025348993
      },
      "medium-left": {
        "targetEntrySpeed": 20,
        "entry": {
          "time": 4.2,
          "speed": 19.963234272868483,
          "position": {
            "x": 4.935566371412596e-8,
            "y": 0.03296839656455214,
            "z": -9.25024917609221
          }
        },
        "finish": {
          "time": 11.150000000000134,
          "speed": 20.07820458172739,
          "position": {
            "x": -82.95788147717927,
            "y": 0.011585983071343953,
            "z": -103.60593924081164
          }
        },
        "maneuverSeconds": 6.950000000000133,
        "pathMetres": 139.7148090684144,
        "yawRadians": 1.571300146918549,
        "averageRadiusMetres": 88.91669064144546,
        "shifts": [
          {
            "time": 3.866666666666658,
            "from": 1,
            "to": 2,
            "speed": 18.648570207819457,
            "remaining": 0
          }
        ],
        "threeContactsFraction": 1,
        "maxSlipAngle": 0.0756503432818871,
        "maxRoll": 0.032864496567002355
      },
      "medium-right": {
        "targetEntrySpeed": 20,
        "entry": {
          "time": 4.2,
          "speed": 19.963234272868483,
          "position": {
            "x": 4.935566371412596e-8,
            "y": 0.03296839656455214,
            "z": -9.25024917609221
          }
        },
        "finish": {
          "time": 11.150000000000134,
          "speed": 20.07820973248465,
          "position": {
            "x": 82.9578890938039,
            "y": 0.011585774787832848,
            "z": -103.60594685853575
          }
        },
        "maneuverSeconds": 6.950000000000133,
        "pathMetres": 139.71481622930693,
        "yawRadians": -1.5713004703278546,
        "averageRadiusMetres": 88.9166768976752,
        "shifts": [
          {
            "time": 3.866666666666658,
            "from": 1,
            "to": 2,
            "speed": 18.648570207819457,
            "remaining": 0
          }
        ],
        "threeContactsFraction": 1,
        "maxSlipAngle": 0.07565036579095612,
        "maxRoll": 0.032864489107989364
      },
      "high-left": {
        "targetEntrySpeed": 35,
        "entry": {
          "time": 9.466666666666667,
          "speed": 34.982374108454664,
          "position": {
            "x": 0.0000010441977534530933,
            "y": 0.0481372026088141,
            "z": -160.42702281484512
          }
        },
        "finish": {
          "time": 36.61666666666587,
          "speed": 34.81219815614896,
          "position": {
            "x": -584.5590254815728,
            "y": 0.01759057881038567,
            "z": -779.2488382199259
          }
        },
        "maneuverSeconds": 27.149999999999203,
        "pathMetres": 945.6344428484033,
        "yawRadians": 1.5714085957733035,
        "averageRadiusMetres": 601.775022353781,
        "shifts": [
          {
            "time": 3.866666666666658,
            "from": 1,
            "to": 2,
            "speed": 18.648570207819457,
            "remaining": 0
          },
          {
            "time": 7.266666666666646,
            "from": 2,
            "to": 3,
            "speed": 30.444003051954628,
            "remaining": 0
          }
        ],
        "threeContactsFraction": 1,
        "maxSlipAngle": 0.03283705542572788,
        "maxRoll": 0.014697451067472318
      },
      "high-right": {
        "targetEntrySpeed": 35,
        "entry": {
          "time": 9.466666666666667,
          "speed": 34.982374108454664,
          "position": {
            "x": 0.0000010441977534530933,
            "y": 0.0481372026088141,
            "z": -160.42702281484512
          }
        },
        "finish": {
          "time": 36.61666666666587,
          "speed": 34.812195942717885,
          "position": {
            "x": 584.559086495244,
            "y": 0.01759048936374019,
            "z": -779.248594080036
          }
        },
        "maneuverSeconds": 27.149999999999203,
        "pathMetres": 945.6342884577462,
        "yawRadians": -1.5714087495426687,
        "averageRadiusMetres": 601.7748652175677,
        "shifts": [
          {
            "time": 3.866666666666658,
            "from": 1,
            "to": 2,
            "speed": 18.648570207819457,
            "remaining": 0
          },
          {
            "time": 7.266666666666646,
            "from": 2,
            "to": 3,
            "speed": 30.444003051954628,
            "remaining": 0
          }
        ],
        "threeContactsFraction": 1,
        "maxSlipAngle": 0.03283709225366564,
        "maxRoll": 0.014697470768579409
      },
      "brake60": {
        "targetEntrySpeed": 26.8224,
        "entry": {
          "time": 5.966666666666667,
          "speed": 26.79444749855451,
          "position": {
            "x": 2.972745950507872e-7,
            "y": 0.05508276841759996,
            "z": -50.59817543501326
          }
        },
        "finish": {
          "time": 8.683333333333344,
          "speed": 0.1508837755584842,
          "position": {
            "x": 7.288867926793103e-7,
            "y": 0.0066808504379373135,
            "z": -87.29171321075731
          }
        },
        "maneuverSeconds": 2.7166666666666774,
        "pathMetres": 36.69353777574405,
        "yawRadians": -1.4648330116324774e-8,
        "averageRadiusMetres": null,
        "shifts": [
          {
            "time": 3.866666666666658,
            "from": 1,
            "to": 2,
            "speed": 18.648570207819457,
            "remaining": 0
          },
          {
            "time": 7.849999999999977,
            "from": 2,
            "to": 1,
            "speed": 8.34208915516697,
            "remaining": 0
          }
        ],
        "threeContactsFraction": 1,
        "maxSlipAngle": 3.0085963350215606e-8,
        "maxRoll": 3.469779927804989e-9
      },
      "brake110": {
        "targetEntrySpeed": 49.1744,
        "entry": {
          "time": 20.083333333333332,
          "speed": 49.13049557999568,
          "position": {
            "x": 0.000005268009736365019,
            "y": 0.04905511286642833,
            "z": -623.900422100146
          }
        },
        "finish": {
          "time": 25.133333333333187,
          "speed": 0.15934752709626546,
          "position": {
            "x": 5.89842358917032,
            "y": 0.0066414302486043075,
            "z": -748.3780640401541
          }
        },
        "maneuverSeconds": 5.049999999999855,
        "pathMetres": 124.75829406248359,
        "yawRadians": -0.12080593406176963,
        "averageRadiusMetres": 1032.7166047877504,
        "shifts": [
          {
            "time": 3.866666666666658,
            "from": 1,
            "to": 2,
            "speed": 18.648570207819457,
            "remaining": 0
          },
          {
            "time": 7.266666666666646,
            "from": 2,
            "to": 3,
            "speed": 30.444003051954628,
            "remaining": 0
          },
          {
            "time": 17.016666666666982,
            "from": 3,
            "to": 4,
            "speed": 47.15982737599617,
            "remaining": 0
          },
          {
            "time": 22.966666666666644,
            "from": 4,
            "to": 3,
            "speed": 21.49803472800261,
            "remaining": 0.24
          },
          {
            "time": 23.21666666666663,
            "from": 3,
            "to": 2,
            "speed": 19.034447707342082,
            "remaining": 0
          },
          {
            "time": 24.2999999999999,
            "from": 2,
            "to": 1,
            "speed": 8.354163015413144,
            "remaining": 0
          }
        ],
        "threeContactsFraction": 1,
        "maxSlipAngle": 0.05733981702497618,
        "maxRoll": 0.03973665156388469
      }
    },
    "slingmods-sport-v1": {
      "low-left": {
        "targetEntrySpeed": 4,
        "entry": {
          "time": 0.65,
          "speed": 4.006197740752097,
          "position": {
            "x": 3.9418828203358957e-10,
            "y": 0.01533873830350857,
            "z": 33.66371638430862
          }
        },
        "finish": {
          "time": 2.549999999999996,
          "speed": 4.22667159389232,
          "position": {
            "x": -5.7629777677283025,
            "y": 0.016375019681213576,
            "z": 29.605521941139084
          }
        },
        "maneuverSeconds": 1.899999999999996,
        "pathMetres": 8.027837678375686,
        "yawRadians": 1.5745254526980508,
        "averageRadiusMetres": 5.098575996100584,
        "shifts": [],
        "threeContactsFraction": 1,
        "maxSlipAngle": 0.2311104050569096,
        "maxRoll": 0.03755313582285024
      },
      "low-right": {
        "targetEntrySpeed": 4,
        "entry": {
          "time": 0.65,
          "speed": 4.006197740752097,
          "position": {
            "x": 3.9418828203358957e-10,
            "y": 0.01533873830350857,
            "z": 33.66371638430862
          }
        },
        "finish": {
          "time": 2.549999999999996,
          "speed": 4.2266703363945055,
          "position": {
            "x": 5.76297728617173,
            "y": 0.01637502000518981,
            "z": 29.605521953333284
          }
        },
        "maneuverSeconds": 1.899999999999996,
        "pathMetres": 8.027837203320761,
        "yawRadians": -1.5745256215686534,
        "averageRadiusMetres": 5.09857514755642,
        "shifts": [],
        "threeContactsFraction": 1,
        "maxSlipAngle": 0.23111005545957516,
        "maxRoll": 0.03755314725662911
      },
      "medium-left": {
        "targetEntrySpeed": 20,
        "entry": {
          "time": 3.3833333333333333,
          "speed": 20.025941533726687,
          "position": {
            "x": 1.018766739266228e-9,
            "y": 0.03931443040699173,
            "z": -0.862132633161461
          }
        },
        "finish": {
          "time": 8.18333333333332,
          "speed": 20.046500652670776,
          "position": {
            "x": -56.71863103024497,
            "y": 0.013235780740533165,
            "z": -66.47043073387347
          }
        },
        "maneuverSeconds": 4.7999999999999865,
        "pathMetres": 96.43042459575432,
        "yawRadians": 1.574400739423368,
        "averageRadiusMetres": 61.248970596312375,
        "shifts": [
          {
            "time": 3.1166666666666605,
            "from": 1,
            "to": 2,
            "speed": 18.629919755941017,
            "remaining": 0
          }
        ],
        "threeContactsFraction": 1,
        "maxSlipAngle": 0.0990654548022352,
        "maxRoll": 0.04789116694372267
      },
      "medium-right": {
        "targetEntrySpeed": 20,
        "entry": {
          "time": 3.3833333333333333,
          "speed": 20.025941533726687,
          "position": {
            "x": 1.018766739266228e-9,
            "y": 0.03931443040699173,
            "z": -0.862132633161461
          }
        },
        "finish": {
          "time": 8.18333333333332,
          "speed": 20.046505703696646,
          "position": {
            "x": 56.71863102842191,
            "y": 0.013235750342268815,
            "z": -66.4704307434634
          }
        },
        "maneuverSeconds": 4.7999999999999865,
        "pathMetres": 96.43042455672317,
        "yawRadians": -1.5744007399443702,
        "averageRadiusMetres": 61.24897055125268,
        "shifts": [
          {
            "time": 3.1166666666666605,
            "from": 1,
            "to": 2,
            "speed": 18.629919755941017,
            "remaining": 0
          }
        ],
        "threeContactsFraction": 1,
        "maxSlipAngle": 0.09906550988747888,
        "maxRoll": 0.0478911930774945
      },
      "high-left": {
        "targetEntrySpeed": 35,
        "entry": {
          "time": 7.216666666666667,
          "speed": 34.96688289150785,
          "position": {
            "x": -5.308666117222199e-7,
            "y": 0.06095322067524134,
            "z": -110.6114889860088
          }
        },
        "finish": {
          "time": 24.96666666666653,
          "speed": 34.908171002903444,
          "position": {
            "x": -379.27807529213743,
            "y": 0.017013760177843285,
            "z": -520.1707556038153
          }
        },
        "maneuverSeconds": 17.749999999999865,
        "pathMetres": 620.0694131381233,
        "yawRadians": 1.5712474560229979,
        "averageRadiusMetres": 394.6351103139336,
        "shifts": [
          {
            "time": 3.1166666666666605,
            "from": 1,
            "to": 2,
            "speed": 18.629919755941017,
            "remaining": 0
          },
          {
            "time": 5.666666666666652,
            "from": 2,
            "to": 3,
            "speed": 30.49722842680939,
            "remaining": 0
          }
        ],
        "threeContactsFraction": 1,
        "maxSlipAngle": 0.04413114533021776,
        "maxRoll": 0.022444246281034738
      },
      "high-right": {
        "targetEntrySpeed": 35,
        "entry": {
          "time": 7.216666666666667,
          "speed": 34.96688289150785,
          "position": {
            "x": -5.308666117222199e-7,
            "y": 0.06095322067524134,
            "z": -110.6114889860088
          }
        },
        "finish": {
          "time": 24.96666666666653,
          "speed": 34.908180729291054,
          "position": {
            "x": 379.2780752776495,
            "y": 0.017013581730333016,
            "z": -520.1705724800702
          }
        },
        "maneuverSeconds": 17.749999999999865,
        "pathMetres": 620.0693766269499,
        "yawRadians": -1.5712481508072293,
        "averageRadiusMetres": 394.6349125746872,
        "shifts": [
          {
            "time": 3.1166666666666605,
            "from": 1,
            "to": 2,
            "speed": 18.629919755941017,
            "remaining": 0
          },
          {
            "time": 5.666666666666652,
            "from": 2,
            "to": 3,
            "speed": 30.49722842680939,
            "remaining": 0
          }
        ],
        "threeContactsFraction": 1,
        "maxSlipAngle": 0.044131143895892934,
        "maxRoll": 0.02244423692004633
      },
      "brake60": {
        "targetEntrySpeed": 26.8224,
        "entry": {
          "time": 4.7,
          "speed": 26.804606984831114,
          "position": {
            "x": -3.246901142243914e-8,
            "y": 0.06987846856528285,
            "z": -31.724147237162832
          }
        },
        "finish": {
          "time": 8.45,
          "speed": 0.1199255486587635,
          "position": {
            "x": 0.00000544504870527541,
            "y": 0.0087069790983203,
            "z": -81.6341261580961
          }
        },
        "maneuverSeconds": 3.749999999999999,
        "pathMetres": 49.90997892093379,
        "yawRadians": -2.397326541628457e-7,
        "averageRadiusMetres": null,
        "shifts": [
          {
            "time": 3.1166666666666605,
            "from": 1,
            "to": 2,
            "speed": 18.629919755941017,
            "remaining": 0
          },
          {
            "time": 7.09999999999998,
            "from": 2,
            "to": 1,
            "speed": 9.55906853576661,
            "remaining": 0
          }
        ],
        "threeContactsFraction": 1,
        "maxSlipAngle": 5.404121696459985e-8,
        "maxRoll": 2.671807525165342e-8
      },
      "brake110": {
        "targetEntrySpeed": 49.1744,
        "entry": {
          "time": 13.866666666666667,
          "speed": 49.12455910014671,
          "position": {
            "x": -0.0000037154485055643494,
            "y": 0.06268512194592385,
            "z": -397.98617310298755
          }
        },
        "finish": {
          "time": 20.500000000000117,
          "speed": 0.11364976824964632,
          "position": {
            "x": -0.000008312001547684608,
            "y": 0.008728153393810667,
            "z": -556.6764151340716
          }
        },
        "maneuverSeconds": 6.63333333333345,
        "pathMetres": 158.69024203108404,
        "yawRadians": 6.415931357742926e-8,
        "averageRadiusMetres": null,
        "shifts": [
          {
            "time": 3.1166666666666605,
            "from": 1,
            "to": 2,
            "speed": 18.629919755941017,
            "remaining": 0
          },
          {
            "time": 5.666666666666652,
            "from": 2,
            "to": 3,
            "speed": 30.49722842680939,
            "remaining": 0
          },
          {
            "time": 12.350000000000193,
            "from": 3,
            "to": 4,
            "speed": 47.26716143688832,
            "remaining": 0
          },
          {
            "time": 17.3000000000003,
            "from": 4,
            "to": 3,
            "speed": 22.75390871189859,
            "remaining": 0
          },
          {
            "time": 18.283333333333577,
            "from": 3,
            "to": 2,
            "speed": 15.683736723794112,
            "remaining": 0.18
          },
          {
            "time": 18.4666666666669,
            "from": 2,
            "to": 1,
            "speed": 14.379880953554231,
            "remaining": 0
          }
        ],
        "threeContactsFraction": 1,
        "maxSlipAngle": 2.823259225067197e-8,
        "maxRoll": 8.642683065690892e-9
      }
    }
  },
  "tuning": {
    "legacy-p08a": {
      "id": "legacy-p08a",
      "name": "Legacy P08A",
      "torqueScale": 1,
      "shiftSeconds": 0.24,
      "steerLock": 0.53,
      "steerFalloff": 0.037,
      "lateralSteerLimit": 5.4,
      "steerRate": 1.7,
      "asphaltGripScale": 1,
      "tireStiffness": 7,
      "brakeScale": 1,
      "brakeSteerRelief": 0,
      "damperFront": 3800,
      "damperRear": 6500
    },
    "slingmods-sport-v1": {
      "id": "slingmods-sport-v1",
      "name": "SlingMods Sport",
      "torqueScale": 1.3,
      "shiftSeconds": 0.18,
      "steerLock": 0.6,
      "steerFalloff": 0.021,
      "lateralSteerLimit": 8.2,
      "steerRate": 2.7,
      "asphaltGripScale": 1.15,
      "tireStiffness": 8,
      "brakeScale": 0.7,
      "brakeSteerRelief": 0.35,
      "damperFront": 3800,
      "damperRear": 6500
    }
  },
  "build": "modified"
}
