{
  "method": "Matched entry-speed measures through production input at60Hz. Radius is path length divided by actual yaw change; author game tuning, not manufacturer/hardware claims.",
  "profiles": {
    "legacy-p08a": {
      "low-left": {
        "targetEntrySpeed": 4,
        "entry": {
          "time": 0.85,
          "speed": 4.0167871481263875,
          "position": {
            "x": -2.609403014015104e-9,
            "y": 0.003649471641133384,
            "z": 33.24709808708611
          }
        },
        "finish": {
          "time": 3.1666666666666603,
          "speed": 4.23044158304504,
          "position": {
            "x": -6.796016266031907,
            "y": 0.003012486489290256,
            "z": 28.001629245698044
          }
        },
        "maneuverSeconds": 2.31666666666666,
        "pathMetres": 9.764806272260026,
        "yawRadians": 1.5795641067234887,
        "averageRadiusMetres": 6.181962625445634,
        "shifts": [],
        "threeContactsFraction": 1,
        "maxSlipAngle": 0.16272830049401105,
        "maxRoll": 0.03186206385928248
      },
      "low-right": {
        "targetEntrySpeed": 4,
        "entry": {
          "time": 0.85,
          "speed": 4.0167871481263875,
          "position": {
            "x": -2.609403014015104e-9,
            "y": 0.003649471641133384,
            "z": 33.24709808708611
          }
        },
        "finish": {
          "time": 3.1666666666666603,
          "speed": 4.230441106000222,
          "position": {
            "x": 6.796014831581284,
            "y": 0.003012456690190679,
            "z": 28.001629245983708
          }
        },
        "maneuverSeconds": 2.31666666666666,
        "pathMetres": 9.764804979966534,
        "yawRadians": -1.5795641074261382,
        "averageRadiusMetres": 6.181961804562684,
        "shifts": [],
        "threeContactsFraction": 1,
        "maxSlipAngle": 0.16272819406830952,
        "maxRoll": 0.03186204104732588
      },
      "medium-left": {
        "targetEntrySpeed": 20,
        "entry": {
          "time": 4.216666666666667,
          "speed": 19.96571818023945,
          "position": {
            "x": -3.711588182561463e-8,
            "y": 0.018482138285482452,
            "z": -9.415061449504536
          }
        },
        "finish": {
          "time": 11.150000000000134,
          "speed": 20.078856987094262,
          "position": {
            "x": -82.7588480092763,
            "y": 0.0005386196077545868,
            "z": -103.52394360015592
          }
        },
        "maneuverSeconds": 6.933333333333467,
        "pathMetres": 139.38732373089334,
        "yawRadians": 1.5722420258016856,
        "averageRadiusMetres": 88.65513161678768,
        "shifts": [
          {
            "time": 3.8833333333333244,
            "from": 1,
            "to": 2,
            "speed": 18.649731555924195,
            "remaining": 0
          }
        ],
        "threeContactsFraction": 1,
        "maxSlipAngle": 0.07573238855771285,
        "maxRoll": 0.032178747270636694
      },
      "medium-right": {
        "targetEntrySpeed": 20,
        "entry": {
          "time": 4.216666666666667,
          "speed": 19.96571818023945,
          "position": {
            "x": -3.711588182561463e-8,
            "y": 0.018482138285482452,
            "z": -9.415061449504536
          }
        },
        "finish": {
          "time": 11.150000000000134,
          "speed": 20.07885564624272,
          "position": {
            "x": 82.75887087828315,
            "y": 0.0005386513020509964,
            "z": -103.52386724674383
          }
        },
        "maneuverSeconds": 6.933333333333467,
        "pathMetres": 139.38731227294423,
        "yawRadians": -1.5722435461160758,
        "averageRadiusMetres": 88.65503860217692,
        "shifts": [
          {
            "time": 3.8833333333333244,
            "from": 1,
            "to": 2,
            "speed": 18.649731555924195,
            "remaining": 0
          }
        ],
        "threeContactsFraction": 1,
        "maxSlipAngle": 0.07573241394753644,
        "maxRoll": 0.03217882438150632
      },
      "high-left": {
        "targetEntrySpeed": 35,
        "entry": {
          "time": 9.45,
          "speed": 34.95232290781837,
          "position": {
            "x": 3.801407593918021e-8,
            "y": 0.02792327517069887,
            "z": -159.5335893618089
          }
        },
        "finish": {
          "time": 36.38333333333255,
          "speed": 34.81261581055373,
          "position": {
            "x": -579.5353982376405,
            "y": 0.005464502974701635,
            "z": -773.7438377325651
          }
        },
        "maneuverSeconds": 26.933333333332552,
        "pathMetres": 938.0853966197091,
        "yawRadians": 1.5711138219935572,
        "averageRadiusMetres": 597.0830270141662,
        "shifts": [
          {
            "time": 3.8833333333333244,
            "from": 1,
            "to": 2,
            "speed": 18.649731555924195,
            "remaining": 0
          },
          {
            "time": 7.283333333333313,
            "from": 2,
            "to": 3,
            "speed": 30.470039217573756,
            "remaining": 0
          }
        ],
        "threeContactsFraction": 1,
        "maxSlipAngle": 0.03295042090450041,
        "maxRoll": 0.01439403198765057
      },
      "high-right": {
        "targetEntrySpeed": 35,
        "entry": {
          "time": 9.45,
          "speed": 34.95232290781837,
          "position": {
            "x": 3.801407593918021e-8,
            "y": 0.02792327517069887,
            "z": -159.5335893618089
          }
        },
        "finish": {
          "time": 36.38333333333255,
          "speed": 34.812611996744145,
          "position": {
            "x": 579.5353982418806,
            "y": 0.005464771279733327,
            "z": -773.7435325513306
          }
        },
        "maneuverSeconds": 26.933333333332552,
        "pathMetres": 938.0852969663356,
        "yawRadians": -1.5711138183772244,
        "averageRadiusMetres": 597.0829649600227,
        "shifts": [
          {
            "time": 3.8833333333333244,
            "from": 1,
            "to": 2,
            "speed": 18.649731555924195,
            "remaining": 0
          },
          {
            "time": 7.283333333333313,
            "from": 2,
            "to": 3,
            "speed": 30.470039217573756,
            "remaining": 0
          }
        ],
        "threeContactsFraction": 1,
        "maxSlipAngle": 0.03295040558007966,
        "maxRoll": 0.014394039406327325
      },
      "brake60": {
        "targetEntrySpeed": 26.8224,
        "entry": {
          "time": 5.983333333333333,
          "speed": 26.80914560158154,
          "position": {
            "x": -5.788136867546045e-8,
            "y": 0.033639175827761936,
            "z": -50.776673491112035
          }
        },
        "finish": {
          "time": 8.71666666666668,
          "speed": 0.10022329246961212,
          "position": {
            "x": 7.024190700665841e-8,
            "y": -0.0017712213323755055,
            "z": -87.61875393913424
          }
        },
        "maneuverSeconds": 2.733333333333346,
        "pathMetres": 36.8420804480222,
        "yawRadians": -1.4529872581028936e-8,
        "averageRadiusMetres": null,
        "shifts": [
          {
            "time": 3.8833333333333244,
            "from": 1,
            "to": 2,
            "speed": 18.649731555924195,
            "remaining": 0
          },
          {
            "time": 7.866666666666644,
            "from": 2,
            "to": 1,
            "speed": 8.411237908955831,
            "remaining": 0
          }
        ],
        "threeContactsFraction": 1,
        "maxSlipAngle": 3.6829683702774436e-8,
        "maxRoll": 9.034988021168323e-9
      },
      "brake110": {
        "targetEntrySpeed": 49.1744,
        "entry": {
          "time": 20.016666666666666,
          "speed": 49.13129116030584,
          "position": {
            "x": 0.0000012043544673071504,
            "y": 0.027691824418675126,
            "z": -620.6053398478135
          }
        },
        "finish": {
          "time": 25.16666666666652,
          "speed": 0.11619113394526757,
          "position": {
            "x": -8.496881416341836,
            "y": -0.0018440780909166898,
            "z": -748.2445738882317
          }
        },
        "maneuverSeconds": 5.149999999999853,
        "pathMetres": 128.1831875600911,
        "yawRadians": 0.17938338358529654,
        "averageRadiusMetres": 714.5767071515862,
        "shifts": [
          {
            "time": 3.8833333333333244,
            "from": 1,
            "to": 2,
            "speed": 18.649731555924195,
            "remaining": 0
          },
          {
            "time": 7.283333333333313,
            "from": 2,
            "to": 3,
            "speed": 30.470039217573756,
            "remaining": 0
          },
          {
            "time": 16.98333333333365,
            "from": 3,
            "to": 4,
            "speed": 47.16550609739719,
            "remaining": 0
          },
          {
            "time": 22.916666666666647,
            "from": 4,
            "to": 3,
            "speed": 22.11028333811105,
            "remaining": 0.24
          },
          {
            "time": 23.166666666666632,
            "from": 3,
            "to": 2,
            "speed": 19.704646850385586,
            "remaining": 0
          },
          {
            "time": 24.316666666666567,
            "from": 2,
            "to": 1,
            "speed": 8.437474998893359,
            "remaining": 0
          }
        ],
        "threeContactsFraction": 1,
        "maxSlipAngle": 0.06018749379891966,
        "maxRoll": 0.04147234861756074
      }
    },
    "slingmods-sport-v1": {
      "low-left": {
        "targetEntrySpeed": 4,
        "entry": {
          "time": 0.65,
          "speed": 3.987376266157375,
          "position": {
            "x": -1.9027564319232088e-9,
            "y": 0.005534716214430746,
            "z": 33.677230426397955
          }
        },
        "finish": {
          "time": 2.549999999999996,
          "speed": 4.2267970758041775,
          "position": {
            "x": -5.763973802269215,
            "y": 0.006764665819220139,
            "z": 29.626553754328448
          }
        },
        "maneuverSeconds": 1.899999999999996,
        "pathMetres": 8.023836201176225,
        "yawRadians": 1.5753794432795742,
        "averageRadiusMetres": 5.093272122729024,
        "shifts": [],
        "threeContactsFraction": 1,
        "maxSlipAngle": 0.23107065027365672,
        "maxRoll": 0.0355667141852298
      },
      "low-right": {
        "targetEntrySpeed": 4,
        "entry": {
          "time": 0.65,
          "speed": 3.987376266157375,
          "position": {
            "x": -1.9027564319232088e-9,
            "y": 0.005534716214430746,
            "z": 33.677230426397955
          }
        },
        "finish": {
          "time": 2.549999999999996,
          "speed": 4.226795645458093,
          "position": {
            "x": 5.763973795620531,
            "y": 0.006764665625018873,
            "z": 29.626553747649428
          }
        },
        "maneuverSeconds": 1.899999999999996,
        "pathMetres": 8.02383631631648,
        "yawRadians": -1.5753794442720521,
        "averageRadiusMetres": 5.093272192607614,
        "shifts": [],
        "threeContactsFraction": 1,
        "maxSlipAngle": 0.23107085468347968,
        "maxRoll": 0.03556674754044666
      },
      "medium-left": {
        "targetEntrySpeed": 20,
        "entry": {
          "time": 3.3833333333333333,
          "speed": 19.971776755030973,
          "position": {
            "x": -1.4249410807437238e-8,
            "y": 0.02965578601015184,
            "z": -0.7318443438510054
          }
        },
        "finish": {
          "time": 8.166666666666652,
          "speed": 20.045228563928806,
          "position": {
            "x": -56.462589014278265,
            "y": 0.003948347732863511,
            "z": -66.16008461972538
          }
        },
        "maneuverSeconds": 4.783333333333319,
        "pathMetres": 96.07469857192467,
        "yawRadians": 1.573211451142214,
        "averageRadiusMetres": 61.06915793307417,
        "shifts": [
          {
            "time": 3.133333333333327,
            "from": 1,
            "to": 2,
            "speed": 18.660385790767553,
            "remaining": 0
          }
        ],
        "threeContactsFraction": 1,
        "maxSlipAngle": 0.09903700621874202,
        "maxRoll": 0.04693799481898824
      },
      "medium-right": {
        "targetEntrySpeed": 20,
        "entry": {
          "time": 3.3833333333333333,
          "speed": 19.971776755030973,
          "position": {
            "x": -1.4249410807437238e-8,
            "y": 0.02965578601015184,
            "z": -0.7318443438510054
          }
        },
        "finish": {
          "time": 8.166666666666652,
          "speed": 20.04522916807972,
          "position": {
            "x": 56.4625890100452,
            "y": 0.003948167860046425,
            "z": -66.16008464202451
          }
        },
        "maneuverSeconds": 4.783333333333319,
        "pathMetres": 96.07470262263018,
        "yawRadians": -1.573210937965135,
        "averageRadiusMetres": 61.069180428466716,
        "shifts": [
          {
            "time": 3.133333333333327,
            "from": 1,
            "to": 2,
            "speed": 18.660385790767553,
            "remaining": 0
          }
        ],
        "threeContactsFraction": 1,
        "maxSlipAngle": 0.09903710041450615,
        "maxRoll": 0.04693802776888042
      },
      "high-left": {
        "targetEntrySpeed": 35,
        "entry": {
          "time": 7.216666666666667,
          "speed": 34.969687835384754,
          "position": {
            "x": 4.467021099645094e-7,
            "y": 0.050884200443647,
            "z": -110.39050575485089
          }
        },
        "finish": {
          "time": 24.866666666666536,
          "speed": 34.907674788426334,
          "position": {
            "x": -377.1122934668276,
            "y": 0.007108359174786083,
            "z": -517.5798553060664
          }
        },
        "maneuverSeconds": 17.64999999999987,
        "pathMetres": 616.5766269389841,
        "yawRadians": 1.5719440893076386,
        "averageRadiusMetres": 392.2382679720846,
        "shifts": [
          {
            "time": 3.133333333333327,
            "from": 1,
            "to": 2,
            "speed": 18.660385790767553,
            "remaining": 0
          },
          {
            "time": 5.6833333333333185,
            "from": 2,
            "to": 3,
            "speed": 30.540197432503547,
            "remaining": 0
          }
        ],
        "threeContactsFraction": 1,
        "maxSlipAngle": 0.04430423021770146,
        "maxRoll": 0.02207282692043722
      },
      "high-right": {
        "targetEntrySpeed": 35,
        "entry": {
          "time": 7.216666666666667,
          "speed": 34.969687835384754,
          "position": {
            "x": 4.467021099645094e-7,
            "y": 0.050884200443647,
            "z": -110.39050575485089
          }
        },
        "finish": {
          "time": 24.866666666666536,
          "speed": 34.9076832794816,
          "position": {
            "x": 377.1122629289914,
            "y": 0.007107883045347596,
            "z": -517.5800383773233
          }
        },
        "maneuverSeconds": 17.64999999999987,
        "pathMetres": 616.5766518042527,
        "yawRadians": -1.5719433993469656,
        "averageRadiusMetres": 392.2384559522931,
        "shifts": [
          {
            "time": 3.133333333333327,
            "from": 1,
            "to": 2,
            "speed": 18.660385790767553,
            "remaining": 0
          },
          {
            "time": 5.6833333333333185,
            "from": 2,
            "to": 3,
            "speed": 30.540197432503547,
            "remaining": 0
          }
        ],
        "threeContactsFraction": 1,
        "maxSlipAngle": 0.04430423029066398,
        "maxRoll": 0.02207282671192862
      },
      "brake60": {
        "targetEntrySpeed": 26.8224,
        "entry": {
          "time": 4.716666666666667,
          "speed": 26.844164056473495,
          "position": {
            "x": 4.233289182896567e-8,
            "y": 0.060751605747083715,
            "z": -31.974553089370527
          }
        },
        "finish": {
          "time": 7.399999999999979,
          "speed": 0.19209319445044123,
          "position": {
            "x": -0.0000025851435579093195,
            "y": -0.004943026622462099,
            "z": -68.17682621931934
          }
        },
        "maneuverSeconds": 2.6833333333333123,
        "pathMetres": 36.20227312994891,
        "yawRadians": 2.271928113578447e-7,
        "averageRadiusMetres": null,
        "shifts": [
          {
            "time": 3.133333333333327,
            "from": 1,
            "to": 2,
            "speed": 18.660385790767553,
            "remaining": 0
          },
          {
            "time": 6.499999999999982,
            "from": 2,
            "to": 1,
            "speed": 9.080878792601068,
            "remaining": 0
          }
        ],
        "threeContactsFraction": 1,
        "maxSlipAngle": 5.786695381151641e-8,
        "maxRoll": 2.336694845306037e-8
      },
      "brake110": {
        "targetEntrySpeed": 49.1744,
        "entry": {
          "time": 13.85,
          "speed": 49.12939215264156,
          "position": {
            "x": 0.000002622913168671413,
            "y": 0.051355237591928726,
            "z": -397.05893646870635
          }
        },
        "finish": {
          "time": 19.28333333333352,
          "speed": 0.14069638244434873,
          "position": {
            "x": 1.7653477414134113,
            "y": -0.004675317313808325,
            "z": -536.4486019168014
          }
        },
        "maneuverSeconds": 5.43333333333352,
        "pathMetres": 139.55507573888497,
        "yawRadians": -0.16971486457269921,
        "averageRadiusMetres": 822.2914126599973,
        "shifts": [
          {
            "time": 3.133333333333327,
            "from": 1,
            "to": 2,
            "speed": 18.660385790767553,
            "remaining": 0
          },
          {
            "time": 5.6833333333333185,
            "from": 2,
            "to": 3,
            "speed": 30.540197432503547,
            "remaining": 0
          },
          {
            "time": 12.333333333333526,
            "from": 3,
            "to": 4,
            "speed": 47.26350448606388,
            "remaining": 0
          },
          {
            "time": 17.050000000000313,
            "from": 4,
            "to": 3,
            "speed": 22.19938827472922,
            "remaining": 0.18
          },
          {
            "time": 17.233333333333636,
            "from": 3,
            "to": 2,
            "speed": 20.393569871250893,
            "remaining": 0
          },
          {
            "time": 18.38333333333357,
            "from": 2,
            "to": 1,
            "speed": 9.007422697749554,
            "remaining": 0
          }
        ],
        "threeContactsFraction": 0.9636992221261884,
        "maxSlipAngle": 0.05326007339591816,
        "maxRoll": 0.23751386528041518
      }
    }
  }
}
