{
  "frameHz": 60,
  "lighting": "day",
  "identity": "Local control agent through InputResolver / DrivingSession / Rapier; no pose writes after initial spawn",
  "routeLength": 1230.86710531256,
  "width": 11,
  "peakMph": 51.5974282511229,
  "maxRoadDistance": 0.6155977807508503,
  "brakingTicks": 1291,
  "shifts": [
    {
      "t": 7.183333333333334,
      "from": 1,
      "to": 2
    }
  ],
  "result": {
    "phase": "finished",
    "paused": false,
    "invalidReason": null,
    "elapsedMs": 78719.20388459373,
    "countdown": 0,
    "checkpoint": 15,
    "total": 15,
    "result": {
      "timeMs": 78719.20388459373,
      "valid": true,
      "invalidReason": null,
      "previousBestMs": null,
      "bestMs": 78719.20388459373,
      "differenceMs": null,
      "firstRecord": true,
      "newBest": true
    },
    "attempt": 1
  },
  "rows": [
    {
      "t": 79,
      "position": {
        "x": -0.022934748123587364,
        "y": 0.0012249535569264225,
        "z": 50.209307633197696
      },
      "speed": 13.818793585483728,
      "gear": 2,
      "steer": -0.03576681711644484,
      "roadDistance": 0.24954444488191935,
      "progress": 1180.4459145432236,
      "targetSpeed": 14.759675958534567,
      "race": {
        "phase": "running",
        "paused": false,
        "invalidReason": null,
        "elapsedMs": 75999.99999999923,
        "countdown": 0,
        "checkpoint": 15,
        "total": 15,
        "result": null,
        "attempt": 1
      }
    },
    {
      "t": 80,
      "position": {
        "x": -0.6139258168461169,
        "y": 0.01874671777135617,
        "z": 34.84653475871318
      },
      "speed": 17.193836575128955,
      "gear": 2,
      "steer": -0.00935138912656667,
      "roadDistance": 0.614735396924545,
      "progress": 1195.7343797437459,
      "targetSpeed": 23,
      "race": {
        "phase": "running",
        "paused": false,
        "invalidReason": null,
        "elapsedMs": 76999.99999999952,
        "countdown": 0,
        "checkpoint": 15,
        "total": 15,
        "result": null,
        "attempt": 1
      }
    },
    {
      "t": 81,
      "position": {
        "x": -0.2661678157116189,
        "y": 0.02501550113634765,
        "z": 15.731579309813075
      },
      "speed": 21.019997293062666,
      "gear": 2,
      "steer": 0.002580564437468784,
      "roadDistance": 0.27418494542549104,
      "progress": 1214.7856688465758,
      "targetSpeed": 23,
      "race": {
        "phase": "running",
        "paused": false,
        "invalidReason": null,
        "elapsedMs": 77999.99999999981,
        "countdown": 0,
        "checkpoint": 15,
        "total": 15,
        "result": null,
        "attempt": 1
      }
    }
  ]
}
