Info: Saved as "harbor.blend"
Warning: No mesh data to join
Warning: No mesh data to join
Warning: No mesh data to join
INFO Draco mesh compression is available, use library at C:\Users\SM - Dan\Documents\GitHub\slingmods-three-wheel-tour-rebuild\.tools\blender-4.5.2-windows-x64\4.5\scripts\addons_core\io_scene_gltf2\extern_draco.dll
14:29:27 | INFO: Starting glTF 2.0 export
14:29:27 | INFO: Extracting primitive: road_closed_asphalt
14:29:27 | WARNING: More than one shader node tex image used for a texture. The resulting glTF sampler will behave like the first shader node tex image.
14:29:27 | INFO: Primitives created: 1
14:29:27 | INFO: Extracting primitive: runoff_left
14:29:27 | INFO: Primitives created: 1
14:29:27 | INFO: Extracting primitive: barriers_exact_route_colliders
14:29:27 | WARNING: More than one shader node tex image used for a texture. The resulting glTF sampler will behave like the first shader node tex image.
14:29:27 | INFO: Primitives created: 1
14:29:27 | INFO: Extracting primitive: Harbor_land
14:29:27 | WARNING: More than one shader node tex image used for a texture. The resulting glTF sampler will behave like the first shader node tex image.
14:29:27 | INFO: Primitives created: 1
14:29:27 | INFO: Extracting primitive: Marina_water
14:29:27 | WARNING: More than one shader node tex image used for a texture. The resulting glTF sampler will behave like the first shader node tex image.
14:29:27 | INFO: Primitives created: 1
14:29:27 | INFO: Extracting primitive: Cold_storage_door_recess_-1
14:29:27 | INFO: Primitives created: 1
14:29:27 | INFO: Extracting primitive: Lamp_diffuser_0
14:29:27 | INFO: Primitives created: 1
14:29:27 | INFO: Extracting primitive: Brake_sign_panel_0
14:29:27 | WARNING: More than one shader node tex image used for a texture. The resulting glTF sampler will behave like the first shader node tex image.
14:29:28 | INFO: Primitives created: 1
14:29:28 | INFO: Extracting primitive: Brake_sign_text_0
14:29:28 | INFO: Primitives created: 1
14:29:28 | INFO: Finished glTF 2.0 export in 0.5525450706481934 s

{"routeSHA256": "c6ea6764b11f8aa2110ee1f3c9fe41393908665e64f53d34de25cc55ce1a4e19", "routeBytesUnchanged": true, "protectedMeshCount": 3108, "protectedMeshGeometryExact": true, "beforeSourceTriangles": 118400, "afterExportTriangles": 284016, "primitives": 9, "materials": 9, "images": 10, "maps": [{"path": "public\\assets\\harbor\\textures\\p04a2\\asphalt_basecolor.png", "bytes": 1570863, "sha256": "6de157f9f9d3516a7e710f252b1dc85f0e265f5317b2496dff6f34fec2f85e4b", "size": [1024, 1024]}, {"path": "public\\assets\\harbor\\textures\\p04a2\\asphalt_normal.png", "bytes": 1735655, "sha256": "afb60d57ffe5158cbcc34343a5135ac58f2008e32bd15ccc87458ebf26d51737", "size": [1024, 1024]}, {"path": "public\\assets\\harbor\\textures\\p04a2\\asphalt_orm.png", "bytes": 1018762, "sha256": "48632d4a9c4a0b60b3842cc2f1e659b056cdc780848379ddc2b874c9f33b8104", "size": [1024, 1024]}, {"path": "public\\assets\\harbor\\textures\\p04a2\\concrete_basecolor.png", "bytes": 1521197, "sha256": "22d72c93eb3a182fce48305aef2eeccbfff5155f09d65e37fc1bba68f00bd06a", "size": [1024, 1024]}, {"path": "public\\assets\\harbor\\textures\\p04a2\\concrete_normal.png", "bytes": 1736407, "sha256": "e758ee8e5eeffdd5b3a909f351d67d91309cd2809e98f77f3db605fdfc790819", "size": [1024, 1024]}, {"path": "public\\assets\\harbor\\textures\\p04a2\\concrete_orm.png", "bytes": 1018518, "sha256": "791363f745b1138996e13de2b487c8c5ee4e4e5c8ee5c3c84319471964470987", "size": [1024, 1024]}], "files": {"assets\\blender\\harbor\\harbor.blend": {"bytes": 43173941, "sha256": "a083bf03bbe67f576ddcdc9b91aea5fdf9811fc9e765f2b3b3c467e8213df8f3"}, "public\\assets\\harbor\\harbor.glb": {"bytes": 26053116, "sha256": "35e6dd011066fdad0d0f193a7efb6931f8fe0d4cad880c821364881b0fc8e175"}}, "worldScaleAsphaltTileMetres": 2, "status": "Exported surgical candidate; runtime visual review separate"}
Blender 4.5.2 LTS (hash ab25eae04993 built 2025-08-20 02:20:52)
Read blend: "C:\Users\SM - Dan\Documents\GitHub\slingmods-three-wheel-tour-rebuild\assets\blender\harbor\harbor-p04a.blend"

Blender quit
