
> slingmods-three-wheel-tour-rebuild@1.0.0 build
> tsc --noEmit && vite build

vite v8.3.0 building client environment for production...
transforming...
✓ 54 modules transformed.
rendering chunks...
computing gzip size...
dist/index.html                            0.73 kB │ gzip:     0.49 kB
dist/assets/save-S_mbsQK_.css              0.86 kB │ gzip:     0.44 kB
dist/assets/workbench-BO_-eGnH.css         4.22 kB │ gzip:     1.45 kB
dist/assets/game-audio-DF9mn4XW.css        8.73 kB │ gzip:     2.68 kB
dist/assets/calibration-B8PY4omZ.js        2.33 kB │ gzip:     1.24 kB
dist/assets/index-6I3_4u9Z.js              2.79 kB │ gzip:     1.36 kB
dist/assets/OrbitControls-DXkQjvsf.js     19.83 kB │ gzip:     4.41 kB
dist/assets/harbor-Be46yJ8r.js            21.26 kB │ gzip:     8.86 kB
dist/assets/workbench-Cj2-j9zw.js         35.04 kB │ gzip:    12.84 kB
dist/assets/save-BWN-hg7s.js             635.32 kB │ gzip:   160.67 kB
dist/assets/game-audio-Do1uFbL1.js     3,146.33 kB │ gzip: 1,217.59 kB

✓ built in 328ms
[plugin builtin:vite-reporter] 
(!) Some chunks are larger than 500 kB after minification. Consider:
- Using dynamic import() to code-split the application
- Use build.rolldownOptions.output.codeSplitting to improve chunking: https://rolldown.rs/reference/OutputOptions.codeSplitting
- Adjust chunk size limit for this warning via build.chunkSizeWarningLimit.
