{
  "method": "Native recorded live player and nearest-two-rival buses; actual game mix. Three disclosed evidence-only sync chirps/DOM flashes are retained. One constant audio shift, no time stretching or engine dubbing. Video and input use wallclock. Bay/loading outside capture graph is silent. Numerical signal checks do not confer human listening approval.",
  "anchors": [
    {
      "id": "start",
      "frequency": 3000,
      "audioOnsetApproxSeconds": 0.11,
      "videoFlashSeconds": 30.4,
      "videoMinusAudioSeconds": 30.29,
      "toneAmplitude": 0.12135813677498913,
      "windowMs": 20,
      "hopMs": 5,
      "videoFrameMs": 40
    },
    {
      "id": "middle",
      "frequency": 3400,
      "audioOnsetApproxSeconds": 43.533,
      "videoFlashSeconds": 73.84,
      "videoMinusAudioSeconds": 30.307000000000002,
      "toneAmplitude": 0.12282204934450261,
      "windowMs": 20,
      "hopMs": 5,
      "videoFrameMs": 40
    },
    {
      "id": "finish",
      "frequency": 3800,
      "audioOnsetApproxSeconds": 82.00497916666667,
      "videoFlashSeconds": 112.24,
      "videoMinusAudioSeconds": 30.235020833333323,
      "toneAmplitude": 0.12105140286987369,
      "windowMs": 20,
      "hopMs": 5,
      "videoFrameMs": 40
    }
  ],
  "constantAudioOffsetSeconds": 30.29,
  "alignmentResidualSeconds": [
    0.0,
    0.017000000000003013,
    -0.05497916666667635
  ],
  "decodedSampleRate": 48000,
  "channels": 2,
  "durationSeconds": 82.38,
  "channelPeak": [
    0.23418718576431274,
    0.23418718576431274
  ],
  "channelRms": [
    0.04129949697910086,
    0.041299499094632736
  ],
  "clippedSamples": 0,
  "nonfiniteSamples": 0,
  "sourceAudioSHA256": "0798976b52f0fa8b4369f34dcf783263b3834e8a22b529b12ed9cc201ddce9e0",
  "sourceVideoSHA256": "d94a45863bee79861695ca1185c4854337a7bbf802a7dae9e597d201b9cc9088",
  "outputSHA256": "d6457a46e2c2a4707fe36ca0d24b240ef5ab2d85ab881127189d5714ceaed680"
}
