Info: Saved as "built-waterfront-foundation.blend"
Warning: No mesh data to join
Warning: No mesh data to join
Warning: No mesh data to join
Warning: No mesh data to join
Warning: No mesh data to join
Warning: No mesh data to join
Warning: No mesh data to join
Warning: No mesh data to join
Warning: No mesh data to join
Warning: No mesh data to join
Warning: No mesh data to join
Warning: No mesh data to join
Warning: No mesh data to join
Warning: No mesh data to join
Warning: No mesh data to join
Warning: No mesh data to join
Warning: No mesh data to join
Warning: No mesh data to join
Warning: No mesh data to join
Warning: No mesh data to join
Warning: No mesh data to join
Warning: No mesh data to join
Warning: No mesh data to join
Warning: No mesh data to join
Warning: No mesh data to join
Warning: No mesh data to join
Warning: No mesh data to join
Warning: No mesh data to join
Warning: No mesh data to join
Warning: No mesh data to join
Warning: No mesh data to join
Warning: No mesh data to join
Warning: No mesh data to join
Warning: No mesh data to join
Warning: No mesh data to join
Warning: No mesh data to join
INFO Draco mesh compression is available, use library at C:\Users\Daniel Kinsner\OneDrive\Documents\GitHub\slingmods-three-wheel-tour-rebuild\.tools\blender-4.5.2-windows-x64\4.5\scripts\addons_core\io_scene_gltf2\extern_draco.dll
18:40:58 | INFO: Starting glTF 2.0 export
18:40:58 | INFO: Extracting primitive: runoff_left
18:40:58 | WARNING: More than one shader node tex image used for a texture. The resulting glTF sampler will behave like the first shader node tex image.
18:40:58 | INFO: Primitives created: 1
18:40:58 | INFO: Extracting primitive: road_closed_asphalt
18:40:58 | WARNING: More than one shader node tex image used for a texture. The resulting glTF sampler will behave like the first shader node tex image.
18:40:58 | INFO: Primitives created: 1
18:40:58 | INFO: Extracting primitive: Quay_coping_28
18:40:58 | WARNING: More than one shader node tex image used for a texture. The resulting glTF sampler will behave like the first shader node tex image.
18:40:58 | INFO: Primitives created: 1
18:40:58 | INFO: Extracting primitive: Quay_coping_20
18:40:58 | INFO: Primitives created: 1
18:40:58 | INFO: Extracting primitive: Quay_coping_11
18:40:58 | INFO: Primitives created: 1
18:40:58 | INFO: Extracting primitive: Quay_coping_10
18:40:58 | INFO: Primitives created: 1
18:40:58 | INFO: Extracting primitive: Quay_coping_0
18:40:58 | INFO: Primitives created: 1
18:40:58 | INFO: Extracting primitive: Lamp_outreach_26
18:40:58 | WARNING: More than one shader node tex image used for a texture. The resulting glTF sampler will behave like the first shader node tex image.
18:40:58 | INFO: Primitives created: 1
18:40:58 | INFO: Extracting primitive: Lamp_hood_37
18:40:58 | INFO: Primitives created: 1
18:40:58 | INFO: Extracting primitive: Lamp_hood_28
18:40:58 | INFO: Primitives created: 1
18:40:58 | INFO: Extracting primitive: Lamp_hood_21
18:40:58 | INFO: Primitives created: 1
18:40:58 | INFO: Extracting primitive: Lamp_hood_2
18:40:58 | INFO: Primitives created: 1
18:40:58 | INFO: Extracting primitive: Lamp_diffuser_7
18:40:58 | INFO: Primitives created: 1
18:40:58 | INFO: Extracting primitive: Lamp_diffuser_6
18:40:58 | INFO: Primitives created: 1
18:40:58 | INFO: Extracting primitive: Lamp_diffuser_5
18:40:58 | INFO: Primitives created: 1
18:40:58 | INFO: Extracting primitive: Lamp_diffuser_4
18:40:58 | INFO: Primitives created: 1
18:40:58 | INFO: Extracting primitive: Lamp_diffuser_37
18:40:58 | INFO: Primitives created: 1
18:40:58 | INFO: Extracting primitive: Lamp_diffuser_35
18:40:58 | INFO: Primitives created: 1
18:40:58 | INFO: Extracting primitive: Lamp_diffuser_34
18:40:58 | INFO: Primitives created: 1
18:40:58 | INFO: Extracting primitive: Lamp_diffuser_33
18:40:58 | INFO: Primitives created: 1
18:40:58 | INFO: Extracting primitive: Lamp_diffuser_32
18:40:58 | INFO: Primitives created: 1
18:40:58 | INFO: Extracting primitive: Lamp_diffuser_31
18:40:58 | INFO: Primitives created: 1
18:40:58 | INFO: Extracting primitive: Lamp_diffuser_30
18:40:58 | INFO: Primitives created: 1
18:40:58 | INFO: Extracting primitive: Lamp_diffuser_3
18:40:58 | INFO: Primitives created: 1
18:40:58 | INFO: Extracting primitive: Lamp_diffuser_28
18:40:58 | INFO: Primitives created: 1
18:40:58 | INFO: Extracting primitive: Lamp_diffuser_26
18:40:58 | INFO: Primitives created: 1
18:40:58 | INFO: Extracting primitive: Lamp_diffuser_23
18:40:58 | INFO: Primitives created: 1
18:40:58 | INFO: Extracting primitive: Lamp_diffuser_22
18:40:58 | INFO: Primitives created: 1
18:40:58 | INFO: Extracting primitive: Lamp_diffuser_21
18:40:58 | INFO: Primitives created: 1
18:40:58 | INFO: Extracting primitive: Lamp_diffuser_2
18:40:58 | INFO: Primitives created: 1
18:40:58 | INFO: Extracting primitive: Lamp_diffuser_18
18:40:58 | INFO: Primitives created: 1
18:40:58 | INFO: Extracting primitive: Lamp_diffuser_16
18:40:58 | INFO: Primitives created: 1
18:40:58 | INFO: Extracting primitive: Lamp_diffuser_15
18:40:58 | INFO: Primitives created: 1
18:40:58 | INFO: Extracting primitive: Lamp_diffuser_12
18:40:58 | INFO: Primitives created: 1
18:40:58 | INFO: Extracting primitive: Lamp_diffuser_10
18:40:58 | INFO: Primitives created: 1
18:40:58 | INFO: Extracting primitive: Lamp_diffuser_1
18:40:58 | INFO: Primitives created: 1
18:40:58 | INFO: Extracting primitive: Lamp_diffuser_0
18:40:58 | INFO: Primitives created: 1
18:40:58 | INFO: Extracting primitive: Lamp_base_7
18:40:58 | WARNING: More than one shader node tex image used for a texture. The resulting glTF sampler will behave like the first shader node tex image.
18:40:58 | INFO: Primitives created: 1
18:40:58 | INFO: Extracting primitive: Lamp_base_6
18:40:58 | INFO: Primitives created: 1
18:40:58 | INFO: Extracting primitive: Lamp_base_5
18:40:58 | INFO: Primitives created: 1
18:40:58 | INFO: Extracting primitive: Lamp_base_4
18:40:58 | INFO: Primitives created: 1
18:40:58 | INFO: Extracting primitive: Lamp_base_37
18:40:58 | INFO: Primitives created: 1
18:40:58 | INFO: Extracting primitive: Lamp_base_35
18:40:58 | INFO: Primitives created: 1
18:40:58 | INFO: Extracting primitive: Lamp_base_34
18:40:58 | INFO: Primitives created: 1
18:40:58 | INFO: Extracting primitive: Lamp_base_33
18:40:58 | INFO: Primitives created: 1
18:40:58 | INFO: Extracting primitive: Lamp_base_32
18:40:58 | INFO: Primitives created: 1
18:40:58 | INFO: Extracting primitive: Lamp_base_31
18:40:58 | INFO: Primitives created: 1
18:40:58 | INFO: Extracting primitive: Lamp_base_30
18:40:58 | INFO: Primitives created: 1
18:40:58 | INFO: Extracting primitive: Lamp_base_3
18:40:58 | INFO: Primitives created: 1
18:40:58 | INFO: Extracting primitive: Lamp_base_28
18:40:58 | INFO: Primitives created: 1
18:40:58 | INFO: Extracting primitive: Lamp_base_27
18:40:58 | INFO: Primitives created: 1
18:40:58 | INFO: Extracting primitive: Lamp_base_26
18:40:58 | INFO: Primitives created: 1
18:40:58 | INFO: Extracting primitive: Lamp_base_23
18:40:58 | INFO: Primitives created: 1
18:40:58 | INFO: Extracting primitive: Lamp_base_22
18:40:58 | INFO: Primitives created: 1
18:40:58 | INFO: Extracting primitive: Lamp_base_21
18:40:58 | INFO: Primitives created: 1
18:40:58 | INFO: Extracting primitive: Lamp_base_2
18:40:58 | INFO: Primitives created: 1
18:40:58 | INFO: Extracting primitive: Lamp_base_18
18:40:58 | INFO: Primitives created: 1
18:40:58 | INFO: Extracting primitive: Lamp_base_15
18:40:58 | INFO: Primitives created: 1
18:40:58 | INFO: Extracting primitive: Lamp_base_14
18:40:58 | INFO: Primitives created: 1
18:40:58 | INFO: Extracting primitive: Lamp_base_12
18:40:58 | INFO: Primitives created: 1
18:40:58 | INFO: Extracting primitive: Lamp_base_10
18:40:58 | INFO: Primitives created: 1
18:40:58 | INFO: Extracting primitive: Lamp_base_1
18:40:58 | INFO: Primitives created: 1
18:40:58 | INFO: Extracting primitive: Lamp_base_0
18:40:58 | INFO: Primitives created: 1
18:40:58 | INFO: Extracting primitive: Gate_marker_9_-1
18:40:58 | INFO: Primitives created: 1
18:40:58 | INFO: Extracting primitive: Gate_marker_8_-1
18:40:58 | INFO: Primitives created: 1
18:40:58 | INFO: Extracting primitive: Gate_marker_7_-1
18:40:58 | INFO: Primitives created: 1
18:40:58 | INFO: Extracting primitive: Gate_marker_6_-1
18:40:58 | INFO: Primitives created: 1
18:40:58 | INFO: Extracting primitive: Gate_marker_5_-1
18:40:58 | INFO: Primitives created: 1
18:40:58 | INFO: Extracting primitive: Gate_marker_4_-1
18:40:58 | INFO: Primitives created: 1
18:40:58 | INFO: Extracting primitive: Gate_marker_3_1
18:40:58 | INFO: Primitives created: 1
18:40:58 | INFO: Extracting primitive: Gate_marker_3_-1
18:40:58 | INFO: Primitives created: 1
18:40:58 | INFO: Extracting primitive: Gate_marker_2_1
18:40:58 | INFO: Primitives created: 1
18:40:58 | INFO: Extracting primitive: Gate_marker_2_-1
18:40:58 | INFO: Primitives created: 1
18:40:58 | INFO: Extracting primitive: Gate_marker_1_1
18:40:58 | INFO: Primitives created: 1
18:40:58 | INFO: Extracting primitive: Gate_marker_1_-1
18:40:58 | INFO: Primitives created: 1
18:40:58 | INFO: Extracting primitive: Gate_marker_15_-1
18:40:58 | INFO: Primitives created: 1
18:40:58 | INFO: Extracting primitive: Gate_marker_14_1
18:40:58 | INFO: Primitives created: 1
18:40:58 | INFO: Extracting primitive: Gate_marker_14_-1
18:40:58 | INFO: Primitives created: 1
18:40:58 | INFO: Extracting primitive: Gate_marker_13_1
18:40:58 | INFO: Primitives created: 1
18:40:58 | INFO: Extracting primitive: Gate_marker_13_-1
18:40:58 | INFO: Primitives created: 1
18:40:58 | INFO: Extracting primitive: Gate_marker_12_1
18:40:58 | INFO: Primitives created: 1
18:40:58 | INFO: Extracting primitive: Gate_marker_12_-1
18:40:58 | INFO: Primitives created: 1
18:40:58 | INFO: Extracting primitive: Gate_marker_11_-1
18:40:58 | INFO: Primitives created: 1
18:40:58 | INFO: Extracting primitive: Gate_marker_10_-1
18:40:58 | INFO: Primitives created: 1
18:40:58 | INFO: Extracting primitive: Gate_marker_0_1
18:40:58 | INFO: Primitives created: 1
18:40:58 | INFO: Extracting primitive: Gate_marker_0_-1
18:40:58 | INFO: Primitives created: 1
18:40:58 | INFO: Extracting primitive: Freight_container_0_0
18:40:58 | INFO: Primitives created: 1
18:40:58 | INFO: Extracting primitive: finish_line_paint
18:40:58 | INFO: Primitives created: 1
18:40:58 | INFO: Extracting primitive: barriers_exact_route_colliders
18:40:59 | WARNING: More than one shader node tex image used for a texture. The resulting glTF sampler will behave like the first shader node tex image.
18:40:59 | INFO: Primitives created: 1
18:40:59 | INFO: Finished glTF 2.0 export in 1.0222125053405762 s

P06C loaded retained kit
P06C retained modules and trunks
P06C folded crowns authored
P06C ensemble plan [(318, 28), (352, 28), (386, 28), (466, 28), (504, 28), (594, 28), (628, 28), (665, 28), (704, 28), (740, 28), (821, 28), (535, 28), (574, 28), (620, 28), (701, 28), (400, 28), (875, 28), (915, 28)]
P06C ground cut complete
P06C yard union complete
Info: Saved as "built-waterfront.blend"
Warning: No mesh data to join
Warning: No mesh data to join
Warning: No mesh data to join
Warning: No mesh data to join
Warning: No mesh data to join
Warning: No mesh data to join
Warning: No mesh data to join
Warning: No mesh data to join
Warning: No mesh data to join
Warning: No mesh data to join
Warning: No mesh data to join
Warning: No mesh data to join
Warning: No mesh data to join
Warning: No mesh data to join
Warning: No mesh data to join
Warning: No mesh data to join
Warning: No mesh data to join
Warning: No mesh data to join
Warning: No mesh data to join
Warning: No mesh data to join
Warning: No mesh data to join
Warning: No mesh data to join
Warning: No mesh data to join
Warning: No mesh data to join
Warning: No mesh data to join
Warning: No mesh data to join
Warning: No mesh data to join
Warning: No mesh data to join
Warning: No mesh data to join
Warning: No mesh data to join
Warning: No mesh data to join
Warning: No mesh data to join
Warning: No mesh data to join
Warning: No mesh data to join
Warning: No mesh data to join
Warning: No mesh data to join
Warning: No mesh data to join
Warning: No mesh data to join
Warning: No mesh data to join
Warning: No mesh data to join
Warning: No mesh data to join
Warning: No mesh data to join
Warning: No mesh data to join
Warning: No mesh data to join
Warning: No mesh data to join
Warning: No mesh data to join
Warning: No mesh data to join
18:44:20 | INFO: Starting glTF 2.0 export
18:44:20 | INFO: Extracting primitive: front_sill_wall
18:44:20 | WARNING: More than one shader node tex image used for a texture. The resulting glTF sampler will behave like the first shader node tex image.
18:44:20 | INFO: Primitives created: 1
18:44:20 | INFO: Extracting primitive: recessed_glazing
18:44:20 | INFO: Primitives created: 1
18:44:20 | INFO: Extracting primitive: interior_counter
18:44:20 | WARNING: More than one shader node tex image used for a texture. The resulting glTF sampler will behave like the first shader node tex image.
18:44:20 | INFO: Primitives created: 1
18:44:20 | INFO: Extracting primitive: canopy_soffit
18:44:20 | INFO: Primitives created: 1
18:44:20 | INFO: Extracting primitive: canopy_column
18:44:20 | INFO: Primitives created: 1
18:44:20 | INFO: Extracting primitive: recessed_soffit_light
18:44:20 | INFO: Primitives created: 1
18:44:20 | INFO: Extracting primitive: entrance_apron
18:44:20 | WARNING: More than one shader node tex image used for a texture. The resulting glTF sampler will behave like the first shader node tex image.
18:44:20 | INFO: Primitives created: 1
18:44:20 | INFO: Extracting primitive: mounted_sign_panel
18:44:20 | INFO: Primitives created: 1
18:44:20 | INFO: Extracting primitive: entrance_red_blade
18:44:20 | INFO: Primitives created: 1
18:44:20 | INFO: Extracting primitive: outside_barrier_post
18:44:20 | INFO: Primitives created: 1
18:44:20 | INFO: Extracting primitive: base
18:44:20 | INFO: Primitives created: 1
18:44:20 | INFO: Extracting primitive: overhead_header
18:44:20 | INFO: Primitives created: 1
18:44:20 | INFO: Extracting primitive: event_sign
18:44:20 | INFO: Primitives created: 1
18:44:20 | INFO: Extracting primitive: restrained_practical
18:44:20 | INFO: Primitives created: 1
18:44:20 | INFO: Extracting primitive: leg
18:44:20 | INFO: Primitives created: 1
18:44:20 | INFO: Extracting primitive: closed_equipment
18:44:20 | INFO: Primitives created: 1
18:44:20 | INFO: Extracting primitive: red_valance
18:44:20 | INFO: Primitives created: 1
18:44:20 | INFO: Extracting primitive: front_sill_wall.001
18:44:20 | INFO: Primitives created: 1
18:44:20 | INFO: Extracting primitive: recessed_glazing.003
18:44:20 | INFO: Primitives created: 1
18:44:20 | INFO: Extracting primitive: interior_floor.003
18:44:20 | INFO: Primitives created: 1
18:44:20 | INFO: Extracting primitive: interior_counter.003
18:44:20 | INFO: Primitives created: 1
18:44:20 | INFO: Extracting primitive: cladding_seam
18:44:20 | INFO: Primitives created: 1
18:44:20 | INFO: Extracting primitive: downpipe
18:44:20 | INFO: Primitives created: 1
18:44:20 | INFO: Extracting primitive: service_identity
18:44:20 | INFO: Primitives created: 1
18:44:20 | INFO: Extracting primitive: bollard
18:44:20 | INFO: Primitives created: 1
18:44:20 | INFO: Extracting primitive: crossbrace
18:44:20 | INFO: Primitives created: 1
18:44:20 | INFO: Extracting primitive: paving
18:44:20 | INFO: Primitives created: 1
18:44:20 | INFO: Extracting primitive: waterline_retaining_wall
18:44:20 | WARNING: More than one shader node tex image used for a texture. The resulting glTF sampler will behave like the first shader node tex image.
18:44:20 | INFO: Primitives created: 1
18:44:20 | INFO: Extracting primitive: rail
18:44:20 | INFO: Primitives created: 1
18:44:20 | INFO: Extracting primitive: open_cockpit
18:44:20 | INFO: Primitives created: 1
18:44:20 | INFO: Extracting primitive: windshield
18:44:20 | INFO: Primitives created: 1
18:44:20 | INFO: Extracting primitive: bench
18:44:20 | INFO: Primitives created: 1
18:44:20 | INFO: Extracting primitive: bimini_archL
18:44:20 | INFO: Primitives created: 1
18:44:20 | INFO: Extracting primitive: floor
18:44:20 | INFO: Primitives created: 1
18:44:20 | INFO: Extracting primitive: folded_roof
18:44:20 | INFO: Primitives created: 1
18:44:20 | INFO: Extracting primitive: roof_rafter
18:44:20 | INFO: Primitives created: 1
18:44:20 | INFO: Extracting primitive: concrete_trough
18:44:20 | INFO: Primitives created: 1
18:44:20 | INFO: Extracting primitive: soil
18:44:20 | INFO: Primitives created: 1
18:44:20 | INFO: Extracting primitive: curved_low_leaf
18:44:20 | INFO: Primitives created: 1
18:44:20 | INFO: Extracting primitive: flush_frame
18:44:20 | INFO: Primitives created: 1
18:44:20 | INFO: Extracting primitive: drain_slot
18:44:20 | INFO: Primitives created: 1
18:44:20 | INFO: Extracting primitive: irregular_edge_repair
18:44:20 | INFO: Primitives created: 1
18:44:20 | INFO: Extracting primitive: equipment_body
18:44:20 | INFO: Primitives created: 1
18:44:20 | INFO: Extracting primitive: equipment_grille
18:44:20 | INFO: Primitives created: 1
18:44:20 | INFO: Extracting primitive: crossbeam
18:44:20 | INFO: Primitives created: 1
18:44:20 | INFO: Extracting primitive: hook
18:44:20 | INFO: Primitives created: 1
18:44:20 | INFO: Extracting primitive: post.004
18:44:20 | INFO: Primitives created: 1
18:44:20 | INFO: Extracting primitive: sign
18:44:20 | INFO: Primitives created: 1
18:44:20 | INFO: Extracting primitive: distance
18:44:20 | INFO: Primitives created: 1
18:44:20 | INFO: Extracting primitive: post.005
18:44:20 | INFO: Primitives created: 1
18:44:20 | INFO: Extracting primitive: sign.001
18:44:20 | INFO: Primitives created: 1
18:44:20 | INFO: Extracting primitive: distance.001
18:44:20 | INFO: Primitives created: 1
18:44:20 | INFO: Extracting primitive: post.006
18:44:20 | INFO: Primitives created: 1
18:44:20 | INFO: Extracting primitive: stucco_mass
18:44:20 | INFO: Primitives created: 1
18:44:20 | INFO: Extracting primitive: roof_parapet
18:44:20 | INFO: Primitives created: 1
18:44:20 | INFO: Extracting primitive: floor_datum
18:44:20 | INFO: Primitives created: 1
18:44:20 | INFO: Extracting primitive: inset_window
18:44:20 | INFO: Primitives created: 1
18:44:20 | INFO: Extracting primitive: inset_window.002
18:44:20 | INFO: Primitives created: 1
18:44:20 | INFO: Extracting primitive: stucco_mass.001
18:44:20 | INFO: Primitives created: 1
18:44:20 | INFO: Extracting primitive: roof_parapet.001
18:44:20 | INFO: Primitives created: 1
18:44:20 | INFO: Extracting primitive: floor_datum.002
18:44:20 | INFO: Primitives created: 1
18:44:20 | INFO: Extracting primitive: inset_window.008
18:44:20 | INFO: Primitives created: 1
18:44:20 | INFO: Extracting primitive: inset_window.009
18:44:20 | INFO: Primitives created: 1
18:44:20 | INFO: Extracting primitive: roof_parapet.002
18:44:20 | INFO: Primitives created: 1
18:44:20 | INFO: Extracting primitive: stepped_roof
18:44:20 | INFO: Primitives created: 1
18:44:20 | INFO: Extracting primitive: floor_datum.003
18:44:20 | INFO: Primitives created: 1
18:44:20 | INFO: Extracting primitive: inset_window.012
18:44:20 | INFO: Primitives created: 1
18:44:20 | INFO: Extracting primitive: inset_window.013
18:44:20 | INFO: Primitives created: 1
18:44:20 | INFO: Extracting primitive: continuous_vegetated_farbank
18:44:21 | WARNING: More than one shader node tex image used for a texture. The resulting glTF sampler will behave like the first shader node tex image.
18:44:21 | INFO: Primitives created: 1
18:44:21 | INFO: Extracting primitive: marina_surface
18:44:21 | INFO: Primitives created: 1
18:44:21 | INFO: Extracting primitive: epoxy_aggregate_metres
18:44:21 | WARNING: More than one shader node tex image used for a texture. The resulting glTF sampler will behave like the first shader node tex image.
18:44:21 | INFO: Primitives created: 1
18:44:21 | INFO: Extracting primitive: bench_top
18:44:21 | INFO: Primitives created: 1
18:44:21 | INFO: Extracting primitive: red_tool_rail
18:44:21 | INFO: Primitives created: 1
18:44:21 | INFO: Extracting primitive: garage_brand_backing
18:44:21 | INFO: Primitives created: 1
18:44:21 | INFO: Extracting primitive: garage_brand
18:44:21 | INFO: Primitives created: 1
18:44:21 | INFO: Extracting primitive: broad_ceiling_frame
18:44:21 | INFO: Primitives created: 1
18:44:21 | INFO: Extracting primitive: broad_diffuser
18:44:21 | INFO: Primitives created: 1
18:44:21 | INFO: Extracting primitive: exterior_courtyard
18:44:21 | INFO: Primitives created: 1
18:44:21 | INFO: Extracting primitive: deep_bay_reveal
18:44:21 | INFO: Primitives created: 1
18:44:21 | INFO: Extracting primitive: cap_reveal
18:44:21 | INFO: Primitives created: 1
18:44:21 | INFO: Extracting primitive: mulch_tree_pocket
18:44:21 | WARNING: More than one shader node tex image used for a texture. The resulting glTF sampler will behave like the first shader node tex image.
18:44:21 | INFO: Primitives created: 1
18:44:21 | INFO: Extracting primitive: mulch_tree_pocket_thin_metal_edging
18:44:21 | INFO: Primitives created: 1
18:44:21 | INFO: Extracting primitive: contained_mulch_planting_group
18:44:21 | INFO: Primitives created: 1
18:44:21 | INFO: Extracting primitive: contained_mulch_planting_group_thin_metal_edging
18:44:21 | INFO: Primitives created: 1
18:44:21 | INFO: Extracting primitive: arching_grass_blade
18:44:21 | INFO: Primitives created: 1
18:44:21 | INFO: Extracting primitive: continuous_service_paving
18:44:21 | INFO: Primitives created: 1
18:44:21 | INFO: Extracting primitive: service_center_dash
18:44:21 | INFO: Primitives created: 1
18:44:21 | INFO: Extracting primitive: yard_cut_around_paving
18:44:21 | WARNING: More than one shader node tex image used for a texture. The resulting glTF sampler will behave like the first shader node tex image.
18:44:21 | INFO: Primitives created: 1
18:44:21 | INFO: Extracting primitive: workbay_edge
18:44:21 | INFO: Primitives created: 1
18:44:21 | INFO: Extracting primitive: raised_island
18:44:21 | INFO: Primitives created: 1
18:44:21 | INFO: Extracting primitive: planting_soil
18:44:21 | INFO: Primitives created: 1
18:44:21 | INFO: Extracting primitive: angled_support
18:44:21 | INFO: Primitives created: 1
18:44:21 | INFO: Extracting primitive: rubber_hull_saddle
18:44:21 | INFO: Primitives created: 1
18:44:21 | INFO: Extracting primitive: continuous_distant_mainland_ring
18:44:21 | INFO: Primitives created: 1
18:44:21 | INFO: Extracting primitive: Harbor_land
18:44:21 | INFO: Primitives created: 1
18:44:21 | INFO: Extracting primitive: continuous_tapered_bark
18:44:21 | WARNING: More than one shader node tex image used for a texture. The resulting glTF sampler will behave like the first shader node tex image.
18:44:21 | INFO: Primitives created: 1
18:44:21 | INFO: Extracting primitive: folded_parent_frond_00
18:44:21 | WARNING: More than one shader node tex image used for a texture. The resulting glTF sampler will behave like the first shader node tex image.
18:44:21 | INFO: Primitives created: 1
18:44:21 | INFO: Extracting primitive: continuous_tapered_bark.002
18:44:21 | INFO: Primitives created: 1
18:44:21 | INFO: Extracting primitive: folded_parent_frond_00.002
18:44:21 | INFO: Primitives created: 1
18:44:21 | INFO: Extracting primitive: continuous_tapered_bark.001
18:44:21 | INFO: Primitives created: 1
18:44:21 | INFO: Extracting primitive: folded_parent_frond_00.001
18:44:21 | INFO: Primitives created: 1
18:44:21 | INFO: Extracting primitive: continuous_tapered_bark.003
18:44:21 | INFO: Primitives created: 1
18:44:21 | INFO: Extracting primitive: folded_parent_frond_00.003
18:44:21 | INFO: Primitives created: 1
18:44:21 | INFO: Extracting primitive: continuous_tapered_bark.005
18:44:21 | INFO: Primitives created: 1
18:44:21 | INFO: Extracting primitive: folded_parent_frond_00.005
18:44:21 | INFO: Primitives created: 1
18:44:21 | INFO: Extracting primitive: continuous_tapered_bark.004
18:44:21 | INFO: Primitives created: 1
18:44:21 | INFO: Extracting primitive: folded_parent_frond_00.004
18:44:21 | INFO: Primitives created: 1
18:44:21 | INFO: Extracting primitive: continuous_tapered_bark.006
18:44:21 | INFO: Primitives created: 1
18:44:21 | INFO: Extracting primitive: folded_parent_frond_00.006
18:44:21 | INFO: Primitives created: 1
18:44:21 | INFO: Extracting primitive: continuous_tapered_bark.008
18:44:21 | INFO: Primitives created: 1
18:44:21 | INFO: Extracting primitive: folded_parent_frond_00.008
18:44:21 | INFO: Primitives created: 1
18:44:21 | INFO: Extracting primitive: continuous_tapered_bark.007
18:44:21 | INFO: Primitives created: 1
18:44:21 | INFO: Extracting primitive: folded_parent_frond_00.007
18:44:21 | INFO: Primitives created: 1
18:44:21 | INFO: Extracting primitive: foundation
18:44:21 | INFO: Primitives created: 1
18:44:21 | INFO: Extracting primitive: rear_wall.002
18:44:21 | INFO: Primitives created: 1
18:44:21 | INFO: Extracting primitive: end_service_door
18:44:21 | INFO: Primitives created: 1
18:44:21 | INFO: Extracting primitive: end_door_jamb
18:44:21 | INFO: Primitives created: 1
18:44:21 | INFO: Extracting primitive: end_louver_recess
18:44:21 | INFO: Primitives created: 1
18:44:21 | INFO: Extracting primitive: clerestory
18:44:21 | INFO: Primitives created: 1
18:44:21 | INFO: Extracting primitive: identity
18:44:21 | INFO: Primitives created: 1
18:44:21 | INFO: Extracting primitive: canopy_practical
18:44:21 | INFO: Primitives created: 1
18:44:21 | INFO: Extracting primitive: soil.001
18:44:21 | INFO: Primitives created: 1
18:44:21 | INFO: Extracting primitive: Icosphere
18:44:21 | INFO: Primitives created: 1
18:44:21 | INFO: Extracting primitive: cabinet_guard
18:44:21 | INFO: Primitives created: 1
18:44:21 | INFO: Extracting primitive: foundation.001
18:44:21 | INFO: Primitives created: 1
18:44:21 | INFO: Extracting primitive: rear_wall.003
18:44:21 | INFO: Primitives created: 1
18:44:21 | INFO: Extracting primitive: end_service_door.002
18:44:21 | INFO: Primitives created: 1
18:44:21 | INFO: Extracting primitive: end_door_jamb.004
18:44:21 | INFO: Primitives created: 1
18:44:21 | INFO: Extracting primitive: end_louver_recess.002
18:44:21 | INFO: Primitives created: 1
18:44:21 | INFO: Extracting primitive: clerestory.003
18:44:21 | INFO: Primitives created: 1
18:44:21 | INFO: Extracting primitive: identity.001
18:44:21 | INFO: Primitives created: 1
18:44:21 | INFO: Extracting primitive: canopy_practical.002
18:44:21 | INFO: Primitives created: 1
18:44:21 | INFO: Extracting primitive: soil.003
18:44:21 | INFO: Primitives created: 1
18:44:21 | INFO: Extracting primitive: Icosphere.010
18:44:21 | INFO: Primitives created: 1
18:44:21 | INFO: Extracting primitive: cabinet_guard.002
18:44:21 | INFO: Primitives created: 1
18:44:21 | INFO: Extracting primitive: foundation.002
18:44:21 | INFO: Primitives created: 1
18:44:21 | INFO: Extracting primitive: rear_wall.004
18:44:21 | INFO: Primitives created: 1
18:44:21 | INFO: Extracting primitive: end_service_door.004
18:44:21 | INFO: Primitives created: 1
18:44:21 | INFO: Extracting primitive: end_door_jamb.008
18:44:21 | INFO: Primitives created: 1
18:44:21 | INFO: Extracting primitive: end_louver_recess.004
18:44:21 | INFO: Primitives created: 1
18:44:21 | INFO: Extracting primitive: clerestory.006
18:44:21 | INFO: Primitives created: 1
18:44:21 | INFO: Extracting primitive: identity.002
18:44:21 | INFO: Primitives created: 1
18:44:21 | INFO: Extracting primitive: canopy_practical.004
18:44:21 | INFO: Primitives created: 1
18:44:21 | INFO: Extracting primitive: soil.005
18:44:21 | INFO: Primitives created: 1
18:44:21 | INFO: Extracting primitive: Icosphere.020
18:44:21 | INFO: Primitives created: 1
18:44:21 | INFO: Extracting primitive: cabinet_guard.004
18:44:21 | INFO: Primitives created: 1
18:44:21 | INFO: Extracting primitive: Cube.018
18:44:21 | INFO: Primitives created: 1
18:44:21 | INFO: Finished glTF 2.0 export in 1.3277842998504639 s

P06C exported full 18 ensembles
Blender 4.5.2 LTS (hash ab25eae04993 built 2025-08-20 02:20:52)
Read blend: "C:\Users\Daniel Kinsner\OneDrive\Documents\GitHub\slingmods-three-wheel-tour-rebuild\assets\blender\showcase-quality\quality-foundation.blend"
Read blend: "C:\Users\Daniel Kinsner\OneDrive\Documents\GitHub\slingmods-three-wheel-tour-rebuild\assets\blender\showcase-quality\quality-kit.blend"

Blender quit
