{"label":"after-intro-countdown","now":5866.666666666667,"phase":"running","paused":false,"elapsedMs":316.6666666666667,"armed":true,"control":{"throttle":0,"brake":0,"steer":0,"reverse":false,"tractionControl":true},"focus":{"tag":"BODY","id":""}}
{"label":"after-camera-lookback","now":6650.000000000002,"phase":"running","paused":false,"elapsedMs":433.3333333333335,"armed":true,"control":{"throttle":0,"brake":0,"steer":0,"reverse":false,"tractionControl":true},"focus":{"tag":"BODY","id":""}}
{"label":"before-held-reset","now":6700.000000000003,"phase":"running","paused":false,"elapsedMs":466.66666666666686,"armed":true,"control":{"throttle":0,"brake":0,"steer":0,"reverse":false,"tractionControl":true},"focus":{"tag":"BODY","id":""}}
{"label":"after-held-reset","now":7883.333333333337,"phase":"countdown","paused":false,"elapsedMs":0,"armed":true,"control":{"throttle":0,"brake":0,"steer":0,"reverse":false,"tractionControl":true},"focus":{"tag":"BODY","id":""}}
{"label":"focused-neutral-before-driver","now":7900.000000000004,"phase":"countdown","paused":false,"elapsedMs":0,"armed":true,"control":{"throttle":0,"brake":0,"steer":0,"reverse":false,"tractionControl":true},"focus":{"tag":"BODY","id":""}}
{"label":"driver-block-0","now":17900.000000000004,"phase":"running","paused":false,"elapsedMs":8183.333333333393,"armed":true,"control":{"throttle":0.18075979724144772,"brake":0,"steer":-0.04363350785495994,"reverse":false,"tractionControl":true},"focus":{"tag":"BODY","id":""}}
{"label":"driver-block-1","now":27900.000000000004,"phase":"running","paused":false,"elapsedMs":18183.333333333227,"armed":true,"control":{"throttle":0.13279792839458593,"brake":0.010512377092197482,"steer":-0.6084894069822877,"reverse":false,"tractionControl":true},"focus":{"tag":"BODY","id":""}}
{"label":"driver-block-2","now":37900,"phase":"running","paused":false,"elapsedMs":28183.333333333954,"armed":true,"control":{"throttle":0.11235631323314813,"brake":0.023004475246409476,"steer":-0.44410012955944356,"reverse":false,"tractionControl":true},"focus":{"tag":"BODY","id":""}}
{"label":"driver-block-3","now":47900,"phase":"running","paused":false,"elapsedMs":38183.3333333335,"armed":true,"control":{"throttle":0.1430294507827407,"brake":0.004259780077214011,"steer":-0.5619299795342193,"reverse":false,"tractionControl":true},"focus":{"tag":"BODY","id":""}}
{"label":"driver-block-4","now":57900,"phase":"running","paused":false,"elapsedMs":48183.33333333205,"armed":true,"control":{"throttle":0.33948327216223084,"brake":0,"steer":0.48561605951002257,"reverse":false,"tractionControl":true},"focus":{"tag":"BODY","id":""}}
{"label":"driver-block-5","now":67900,"phase":"running","paused":false,"elapsedMs":58183.33333333059,"armed":true,"control":{"throttle":0,"brake":0.27543321840399665,"steer":0.13538759863717556,"reverse":false,"tractionControl":true},"focus":{"tag":"BODY","id":""}}
{"label":"driver-block-6","now":77900,"phase":"running","paused":false,"elapsedMs":68183.33333333029,"armed":true,"control":{"throttle":0.7598877072377209,"brake":0,"steer":-0.343478391147991,"reverse":false,"tractionControl":true},"focus":{"tag":"BODY","id":""}}
{"label":"driver-block-7","now":87900,"phase":"running","paused":false,"elapsedMs":78183.3333333332,"armed":true,"control":{"throttle":1,"brake":0,"steer":-0.2004447840216394,"reverse":false,"tractionControl":true},"focus":{"tag":"BODY","id":""}}
{"label":"driver-block-8","now":97900,"phase":"running","paused":false,"elapsedMs":88183.33333333611,"armed":true,"control":{"throttle":0.13774360936769042,"brake":0.007490016497522518,"steer":0.4042276605181676,"reverse":false,"tractionControl":true},"focus":{"tag":"BODY","id":""}}
{"label":"driver-block-9","now":107900,"phase":"running","paused":false,"elapsedMs":98183.33333333902,"armed":true,"control":{"throttle":0.14699854682325642,"brake":0.0018342213857877353,"steer":-0.7739172339116357,"reverse":false,"tractionControl":true},"focus":{"tag":"BODY","id":""}}
{"label":"driver-block-10","now":117900,"phase":"running","paused":false,"elapsedMs":108183.33333334193,"armed":true,"control":{"throttle":0.28931373758350953,"brake":0,"steer":-0.36227047313340616,"reverse":false,"tractionControl":true},"focus":{"tag":"BODY","id":""}}
{"label":"driver-block-11","now":127900,"phase":"running","paused":false,"elapsedMs":118183.33333334484,"armed":true,"control":{"throttle":0.13940570941074795,"brake":0.006474288693431802,"steer":-0.6307434519114048,"reverse":false,"tractionControl":true},"focus":{"tag":"BODY","id":""}}
{"label":"driver-block-12","now":137900,"phase":"running","paused":false,"elapsedMs":128183.33333334775,"armed":true,"control":{"throttle":0.2609163766862954,"brake":0,"steer":0.4675754464149877,"reverse":false,"tractionControl":true},"focus":{"tag":"BODY","id":""}}
{"label":"driver-block-13","now":147900,"phase":"running","paused":false,"elapsedMs":138183.33333334446,"armed":true,"control":{"throttle":0,"brake":0.3087708336372102,"steer":0.12586371172533914,"reverse":false,"tractionControl":true},"focus":{"tag":"BODY","id":""}}
{"label":"driver-block-14","now":157900,"phase":"running","paused":false,"elapsedMs":148183.33333333864,"armed":true,"control":{"throttle":0.8330284804664179,"brake":0,"steer":-0.3103318387149191,"reverse":false,"tractionControl":true},"focus":{"tag":"BODY","id":""}}
{"label":"driver-block-15","now":167900,"phase":"running","paused":false,"elapsedMs":158183.33333333282,"armed":true,"control":{"throttle":1,"brake":0,"steer":0.0022158634554851116,"reverse":false,"tractionControl":true},"focus":{"tag":"BODY","id":""}}
{"label":"driver-block-16","now":177900,"phase":"finished","paused":false,"elapsedMs":165916.66666666165,"armed":true,"control":{"throttle":0.3545528151942139,"brake":0,"steer":-0.45206863978393313,"reverse":false,"tractionControl":true},"focus":{"tag":"BODY","id":""}}
["ready blur recovery and intro have zero world steps; synchronized countdown","all4 paused, heldW neutral rearm, native cameras and quick lookback","actual two-lap podium, real resultproof, placement + firstpodium persisted","immediate retry freshattempt no repeatedcredits","savedchapter and equippedcyan reload and return"]
