{
  "dir": "director-kit/production/evidence/P06C/day-scored-equipped1080",
  "rows": 4966,
  "results": [
    {
      "timeMs": 78402.53931382658,
      "valid": true,
      "invalidReason": null,
      "previousBestMs": 78719.20388459373,
      "bestMs": 78402.53931382658,
      "differenceMs": -316.66457076715596,
      "firstRecord": false,
      "newBest": true
    }
  ],
  "events": [
    {
      "wall": 2884.899999976158,
      "event": "program-count",
      "data": {
        "from": -1,
        "to": 24
      }
    }
  ],
  "worst": [
    [
      2884.4,
      183.4000000000001,
      6.5,
      3.599999964237213,
      6,
      0,
      24,
      6,
      2,
      0,
      0,
      0
    ],
    [
      4117.6,
      50.000000000000455,
      5.199999988079071,
      4.100000023841858,
      79,
      0,
      24,
      6,
      2,
      0,
      0,
      0
    ],
    [
      4001,
      33.40000000000009,
      4.600000023841858,
      3.699999988079071,
      72,
      0,
      24,
      6,
      2,
      0,
      0,
      0
    ],
    [
      18850.4,
      16.80000000000291,
      2.5,
      1.899999976158142,
      962,
      11599.999999999936,
      24,
      6,
      2,
      0,
      2,
      1
    ]
  ],
  "glSlow": []
}
