Info: Saved as "built-waterfront-foundation.blend"
Warning: No mesh data to join
Warning: No mesh data to join
Warning: No mesh data to join
Warning: No mesh data to join
Warning: No mesh data to join
Warning: No mesh data to join
Warning: No mesh data to join
Warning: No mesh data to join
Warning: No mesh data to join
Warning: No mesh data to join
Warning: No mesh data to join
Warning: No mesh data to join
Warning: No mesh data to join
Warning: No mesh data to join
Warning: No mesh data to join
Warning: No mesh data to join
Warning: No mesh data to join
Warning: No mesh data to join
Warning: No mesh data to join
Warning: No mesh data to join
Warning: No mesh data to join
Warning: No mesh data to join
Warning: No mesh data to join
Warning: No mesh data to join
Warning: No mesh data to join
Warning: No mesh data to join
Warning: No mesh data to join
Warning: No mesh data to join
Warning: No mesh data to join
Warning: No mesh data to join
Warning: No mesh data to join
Warning: No mesh data to join
Warning: No mesh data to join
Warning: No mesh data to join
Warning: No mesh data to join
Warning: No mesh data to join
INFO Draco mesh compression is available, use library at C:\Users\Daniel Kinsner\OneDrive\Documents\GitHub\slingmods-three-wheel-tour-rebuild\.tools\blender-4.5.2-windows-x64\4.5\scripts\addons_core\io_scene_gltf2\extern_draco.dll
18:15:15 | INFO: Starting glTF 2.0 export
18:15:15 | INFO: Extracting primitive: runoff_left
18:15:15 | WARNING: More than one shader node tex image used for a texture. The resulting glTF sampler will behave like the first shader node tex image.
18:15:15 | INFO: Primitives created: 1
18:15:15 | INFO: Extracting primitive: road_closed_asphalt
18:15:15 | WARNING: More than one shader node tex image used for a texture. The resulting glTF sampler will behave like the first shader node tex image.
18:15:15 | INFO: Primitives created: 1
18:15:15 | INFO: Extracting primitive: Quay_coping_28
18:15:15 | WARNING: More than one shader node tex image used for a texture. The resulting glTF sampler will behave like the first shader node tex image.
18:15:15 | INFO: Primitives created: 1
18:15:15 | INFO: Extracting primitive: Quay_coping_20
18:15:15 | INFO: Primitives created: 1
18:15:15 | INFO: Extracting primitive: Quay_coping_11
18:15:15 | INFO: Primitives created: 1
18:15:15 | INFO: Extracting primitive: Quay_coping_10
18:15:15 | INFO: Primitives created: 1
18:15:15 | INFO: Extracting primitive: Quay_coping_0
18:15:15 | INFO: Primitives created: 1
18:15:15 | INFO: Extracting primitive: Lamp_outreach_26
18:15:15 | WARNING: More than one shader node tex image used for a texture. The resulting glTF sampler will behave like the first shader node tex image.
18:15:15 | INFO: Primitives created: 1
18:15:15 | INFO: Extracting primitive: Lamp_hood_37
18:15:15 | INFO: Primitives created: 1
18:15:15 | INFO: Extracting primitive: Lamp_hood_28
18:15:15 | INFO: Primitives created: 1
18:15:15 | INFO: Extracting primitive: Lamp_hood_21
18:15:15 | INFO: Primitives created: 1
18:15:15 | INFO: Extracting primitive: Lamp_hood_2
18:15:15 | INFO: Primitives created: 1
18:15:15 | INFO: Extracting primitive: Lamp_diffuser_7
18:15:15 | INFO: Primitives created: 1
18:15:15 | INFO: Extracting primitive: Lamp_diffuser_6
18:15:15 | INFO: Primitives created: 1
18:15:15 | INFO: Extracting primitive: Lamp_diffuser_5
18:15:15 | INFO: Primitives created: 1
18:15:15 | INFO: Extracting primitive: Lamp_diffuser_4
18:15:15 | INFO: Primitives created: 1
18:15:15 | INFO: Extracting primitive: Lamp_diffuser_37
18:15:15 | INFO: Primitives created: 1
18:15:15 | INFO: Extracting primitive: Lamp_diffuser_35
18:15:15 | INFO: Primitives created: 1
18:15:15 | INFO: Extracting primitive: Lamp_diffuser_34
18:15:15 | INFO: Primitives created: 1
18:15:15 | INFO: Extracting primitive: Lamp_diffuser_33
18:15:15 | INFO: Primitives created: 1
18:15:15 | INFO: Extracting primitive: Lamp_diffuser_32
18:15:15 | INFO: Primitives created: 1
18:15:15 | INFO: Extracting primitive: Lamp_diffuser_31
18:15:15 | INFO: Primitives created: 1
18:15:15 | INFO: Extracting primitive: Lamp_diffuser_30
18:15:15 | INFO: Primitives created: 1
18:15:16 | INFO: Extracting primitive: Lamp_diffuser_3
18:15:16 | INFO: Primitives created: 1
18:15:16 | INFO: Extracting primitive: Lamp_diffuser_28
18:15:16 | INFO: Primitives created: 1
18:15:16 | INFO: Extracting primitive: Lamp_diffuser_26
18:15:16 | INFO: Primitives created: 1
18:15:16 | INFO: Extracting primitive: Lamp_diffuser_23
18:15:16 | INFO: Primitives created: 1
18:15:16 | INFO: Extracting primitive: Lamp_diffuser_22
18:15:16 | INFO: Primitives created: 1
18:15:16 | INFO: Extracting primitive: Lamp_diffuser_21
18:15:16 | INFO: Primitives created: 1
18:15:16 | INFO: Extracting primitive: Lamp_diffuser_2
18:15:16 | INFO: Primitives created: 1
18:15:16 | INFO: Extracting primitive: Lamp_diffuser_18
18:15:16 | INFO: Primitives created: 1
18:15:16 | INFO: Extracting primitive: Lamp_diffuser_16
18:15:16 | INFO: Primitives created: 1
18:15:16 | INFO: Extracting primitive: Lamp_diffuser_15
18:15:16 | INFO: Primitives created: 1
18:15:16 | INFO: Extracting primitive: Lamp_diffuser_12
18:15:16 | INFO: Primitives created: 1
18:15:16 | INFO: Extracting primitive: Lamp_diffuser_10
18:15:16 | INFO: Primitives created: 1
18:15:16 | INFO: Extracting primitive: Lamp_diffuser_1
18:15:16 | INFO: Primitives created: 1
18:15:16 | INFO: Extracting primitive: Lamp_diffuser_0
18:15:16 | INFO: Primitives created: 1
18:15:16 | INFO: Extracting primitive: Lamp_base_7
18:15:16 | WARNING: More than one shader node tex image used for a texture. The resulting glTF sampler will behave like the first shader node tex image.
18:15:16 | INFO: Primitives created: 1
18:15:16 | INFO: Extracting primitive: Lamp_base_6
18:15:16 | INFO: Primitives created: 1
18:15:16 | INFO: Extracting primitive: Lamp_base_5
18:15:16 | INFO: Primitives created: 1
18:15:16 | INFO: Extracting primitive: Lamp_base_4
18:15:16 | INFO: Primitives created: 1
18:15:16 | INFO: Extracting primitive: Lamp_base_37
18:15:16 | INFO: Primitives created: 1
18:15:16 | INFO: Extracting primitive: Lamp_base_35
18:15:16 | INFO: Primitives created: 1
18:15:16 | INFO: Extracting primitive: Lamp_base_34
18:15:16 | INFO: Primitives created: 1
18:15:16 | INFO: Extracting primitive: Lamp_base_33
18:15:16 | INFO: Primitives created: 1
18:15:16 | INFO: Extracting primitive: Lamp_base_32
18:15:16 | INFO: Primitives created: 1
18:15:16 | INFO: Extracting primitive: Lamp_base_31
18:15:16 | INFO: Primitives created: 1
18:15:16 | INFO: Extracting primitive: Lamp_base_30
18:15:16 | INFO: Primitives created: 1
18:15:16 | INFO: Extracting primitive: Lamp_base_3
18:15:16 | INFO: Primitives created: 1
18:15:16 | INFO: Extracting primitive: Lamp_base_28
18:15:16 | INFO: Primitives created: 1
18:15:16 | INFO: Extracting primitive: Lamp_base_27
18:15:16 | INFO: Primitives created: 1
18:15:16 | INFO: Extracting primitive: Lamp_base_26
18:15:16 | INFO: Primitives created: 1
18:15:16 | INFO: Extracting primitive: Lamp_base_23
18:15:16 | INFO: Primitives created: 1
18:15:16 | INFO: Extracting primitive: Lamp_base_22
18:15:16 | INFO: Primitives created: 1
18:15:16 | INFO: Extracting primitive: Lamp_base_21
18:15:16 | INFO: Primitives created: 1
18:15:16 | INFO: Extracting primitive: Lamp_base_2
18:15:16 | INFO: Primitives created: 1
18:15:16 | INFO: Extracting primitive: Lamp_base_18
18:15:16 | INFO: Primitives created: 1
18:15:16 | INFO: Extracting primitive: Lamp_base_15
18:15:16 | INFO: Primitives created: 1
18:15:16 | INFO: Extracting primitive: Lamp_base_14
18:15:16 | INFO: Primitives created: 1
18:15:16 | INFO: Extracting primitive: Lamp_base_12
18:15:16 | INFO: Primitives created: 1
18:15:16 | INFO: Extracting primitive: Lamp_base_10
18:15:16 | INFO: Primitives created: 1
18:15:16 | INFO: Extracting primitive: Lamp_base_1
18:15:16 | INFO: Primitives created: 1
18:15:16 | INFO: Extracting primitive: Lamp_base_0
18:15:16 | INFO: Primitives created: 1
18:15:16 | INFO: Extracting primitive: Gate_marker_9_-1
18:15:16 | INFO: Primitives created: 1
18:15:16 | INFO: Extracting primitive: Gate_marker_8_-1
18:15:16 | INFO: Primitives created: 1
18:15:16 | INFO: Extracting primitive: Gate_marker_7_-1
18:15:16 | INFO: Primitives created: 1
18:15:16 | INFO: Extracting primitive: Gate_marker_6_-1
18:15:16 | INFO: Primitives created: 1
18:15:16 | INFO: Extracting primitive: Gate_marker_5_-1
18:15:16 | INFO: Primitives created: 1
18:15:16 | INFO: Extracting primitive: Gate_marker_4_-1
18:15:16 | INFO: Primitives created: 1
18:15:16 | INFO: Extracting primitive: Gate_marker_3_1
18:15:16 | INFO: Primitives created: 1
18:15:16 | INFO: Extracting primitive: Gate_marker_3_-1
18:15:16 | INFO: Primitives created: 1
18:15:16 | INFO: Extracting primitive: Gate_marker_2_1
18:15:16 | INFO: Primitives created: 1
18:15:16 | INFO: Extracting primitive: Gate_marker_2_-1
18:15:16 | INFO: Primitives created: 1
18:15:16 | INFO: Extracting primitive: Gate_marker_1_1
18:15:16 | INFO: Primitives created: 1
18:15:16 | INFO: Extracting primitive: Gate_marker_1_-1
18:15:16 | INFO: Primitives created: 1
18:15:16 | INFO: Extracting primitive: Gate_marker_15_-1
18:15:16 | INFO: Primitives created: 1
18:15:16 | INFO: Extracting primitive: Gate_marker_14_1
18:15:16 | INFO: Primitives created: 1
18:15:16 | INFO: Extracting primitive: Gate_marker_14_-1
18:15:16 | INFO: Primitives created: 1
18:15:16 | INFO: Extracting primitive: Gate_marker_13_1
18:15:16 | INFO: Primitives created: 1
18:15:16 | INFO: Extracting primitive: Gate_marker_13_-1
18:15:16 | INFO: Primitives created: 1
18:15:16 | INFO: Extracting primitive: Gate_marker_12_1
18:15:16 | INFO: Primitives created: 1
18:15:16 | INFO: Extracting primitive: Gate_marker_12_-1
18:15:16 | INFO: Primitives created: 1
18:15:16 | INFO: Extracting primitive: Gate_marker_11_-1
18:15:16 | INFO: Primitives created: 1
18:15:16 | INFO: Extracting primitive: Gate_marker_10_-1
18:15:16 | INFO: Primitives created: 1
18:15:16 | INFO: Extracting primitive: Gate_marker_0_1
18:15:16 | INFO: Primitives created: 1
18:15:16 | INFO: Extracting primitive: Gate_marker_0_-1
18:15:16 | INFO: Primitives created: 1
18:15:16 | INFO: Extracting primitive: Freight_container_0_0
18:15:16 | INFO: Primitives created: 1
18:15:16 | INFO: Extracting primitive: finish_line_paint
18:15:16 | INFO: Primitives created: 1
18:15:16 | INFO: Extracting primitive: barriers_exact_route_colliders
18:15:16 | WARNING: More than one shader node tex image used for a texture. The resulting glTF sampler will behave like the first shader node tex image.
18:15:16 | INFO: Primitives created: 1
18:15:16 | INFO: Finished glTF 2.0 export in 0.6060831546783447 s

P06C loaded retained kit
P06C retained modules and trunks
P06C folded crowns authored
P06C ensemble plan [(594, 28), (628, 28), (665, 28), (704, 28), (740, 28)]
P06C ground cut complete
P06C yard union complete
Info: Saved as "built-waterfront.blend"
Warning: No mesh data to join
Warning: No mesh data to join
Warning: No mesh data to join
Warning: No mesh data to join
Warning: No mesh data to join
Warning: No mesh data to join
Warning: No mesh data to join
Warning: No mesh data to join
Warning: No mesh data to join
Warning: No mesh data to join
Warning: No mesh data to join
Warning: No mesh data to join
Warning: No mesh data to join
Warning: No mesh data to join
Warning: No mesh data to join
Warning: No mesh data to join
Warning: No mesh data to join
Warning: No mesh data to join
Warning: No mesh data to join
Warning: No mesh data to join
Warning: No mesh data to join
Warning: No mesh data to join
Warning: No mesh data to join
Warning: No mesh data to join
Warning: No mesh data to join
Warning: No mesh data to join
Warning: No mesh data to join
Warning: No mesh data to join
Warning: No mesh data to join
Warning: No mesh data to join
Warning: No mesh data to join
Warning: No mesh data to join
Warning: No mesh data to join
Warning: No mesh data to join
Warning: No mesh data to join
Warning: No mesh data to join
Warning: No mesh data to join
Warning: No mesh data to join
Warning: No mesh data to join
Warning: No mesh data to join
Warning: No mesh data to join
Warning: No mesh data to join
Warning: No mesh data to join
Warning: No mesh data to join
Warning: No mesh data to join
Warning: No mesh data to join
Warning: No mesh data to join
18:16:43 | INFO: Starting glTF 2.0 export
18:16:43 | INFO: Extracting primitive: front_sill_wall
18:16:44 | WARNING: More than one shader node tex image used for a texture. The resulting glTF sampler will behave like the first shader node tex image.
18:16:44 | INFO: Primitives created: 1
18:16:44 | INFO: Extracting primitive: recessed_glazing
18:16:44 | INFO: Primitives created: 1
18:16:44 | INFO: Extracting primitive: interior_counter
18:16:44 | WARNING: More than one shader node tex image used for a texture. The resulting glTF sampler will behave like the first shader node tex image.
18:16:44 | INFO: Primitives created: 1
18:16:44 | INFO: Extracting primitive: canopy_soffit
18:16:44 | INFO: Primitives created: 1
18:16:44 | INFO: Extracting primitive: canopy_column
18:16:44 | INFO: Primitives created: 1
18:16:44 | INFO: Extracting primitive: recessed_soffit_light
18:16:44 | INFO: Primitives created: 1
18:16:44 | INFO: Extracting primitive: entrance_apron
18:16:44 | WARNING: More than one shader node tex image used for a texture. The resulting glTF sampler will behave like the first shader node tex image.
18:16:44 | INFO: Primitives created: 1
18:16:44 | INFO: Extracting primitive: mounted_sign_panel
18:16:44 | INFO: Primitives created: 1
18:16:44 | INFO: Extracting primitive: entrance_red_blade
18:16:44 | INFO: Primitives created: 1
18:16:44 | INFO: Extracting primitive: outside_barrier_post
18:16:44 | INFO: Primitives created: 1
18:16:44 | INFO: Extracting primitive: base
18:16:44 | INFO: Primitives created: 1
18:16:44 | INFO: Extracting primitive: overhead_header
18:16:44 | INFO: Primitives created: 1
18:16:44 | INFO: Extracting primitive: event_sign
18:16:44 | INFO: Primitives created: 1
18:16:44 | INFO: Extracting primitive: restrained_practical
18:16:44 | INFO: Primitives created: 1
18:16:44 | INFO: Extracting primitive: leg
18:16:44 | INFO: Primitives created: 1
18:16:44 | INFO: Extracting primitive: closed_equipment
18:16:44 | INFO: Primitives created: 1
18:16:44 | INFO: Extracting primitive: red_valance
18:16:44 | INFO: Primitives created: 1
18:16:44 | INFO: Extracting primitive: front_sill_wall.001
18:16:44 | INFO: Primitives created: 1
18:16:44 | INFO: Extracting primitive: recessed_glazing.003
18:16:44 | INFO: Primitives created: 1
18:16:44 | INFO: Extracting primitive: interior_floor.003
18:16:44 | INFO: Primitives created: 1
18:16:44 | INFO: Extracting primitive: interior_counter.003
18:16:44 | INFO: Primitives created: 1
18:16:44 | INFO: Extracting primitive: cladding_seam
18:16:44 | INFO: Primitives created: 1
18:16:44 | INFO: Extracting primitive: downpipe
18:16:44 | INFO: Primitives created: 1
18:16:44 | INFO: Extracting primitive: service_identity
18:16:44 | INFO: Primitives created: 1
18:16:44 | INFO: Extracting primitive: bollard
18:16:44 | INFO: Primitives created: 1
18:16:44 | INFO: Extracting primitive: crossbrace
18:16:44 | INFO: Primitives created: 1
18:16:44 | INFO: Extracting primitive: paving
18:16:44 | INFO: Primitives created: 1
18:16:44 | INFO: Extracting primitive: waterline_retaining_wall
18:16:44 | WARNING: More than one shader node tex image used for a texture. The resulting glTF sampler will behave like the first shader node tex image.
18:16:44 | INFO: Primitives created: 1
18:16:44 | INFO: Extracting primitive: rail
18:16:44 | INFO: Primitives created: 1
18:16:44 | INFO: Extracting primitive: open_cockpit
18:16:44 | INFO: Primitives created: 1
18:16:44 | INFO: Extracting primitive: windshield
18:16:44 | INFO: Primitives created: 1
18:16:44 | INFO: Extracting primitive: bench
18:16:44 | INFO: Primitives created: 1
18:16:44 | INFO: Extracting primitive: bimini_archL
18:16:44 | INFO: Primitives created: 1
18:16:44 | INFO: Extracting primitive: floor
18:16:44 | INFO: Primitives created: 1
18:16:44 | INFO: Extracting primitive: folded_roof
18:16:44 | INFO: Primitives created: 1
18:16:44 | INFO: Extracting primitive: roof_rafter
18:16:44 | INFO: Primitives created: 1
18:16:44 | INFO: Extracting primitive: concrete_trough
18:16:44 | INFO: Primitives created: 1
18:16:44 | INFO: Extracting primitive: soil
18:16:44 | INFO: Primitives created: 1
18:16:44 | INFO: Extracting primitive: curved_low_leaf
18:16:44 | INFO: Primitives created: 1
18:16:44 | INFO: Extracting primitive: flush_frame
18:16:44 | INFO: Primitives created: 1
18:16:44 | INFO: Extracting primitive: drain_slot
18:16:44 | INFO: Primitives created: 1
18:16:44 | INFO: Extracting primitive: irregular_edge_repair
18:16:44 | INFO: Primitives created: 1
18:16:44 | INFO: Extracting primitive: equipment_body
18:16:44 | INFO: Primitives created: 1
18:16:44 | INFO: Extracting primitive: equipment_grille
18:16:44 | INFO: Primitives created: 1
18:16:44 | INFO: Extracting primitive: crossbeam
18:16:44 | INFO: Primitives created: 1
18:16:44 | INFO: Extracting primitive: hook
18:16:44 | INFO: Primitives created: 1
18:16:44 | INFO: Extracting primitive: post.004
18:16:44 | INFO: Primitives created: 1
18:16:44 | INFO: Extracting primitive: sign
18:16:44 | INFO: Primitives created: 1
18:16:44 | INFO: Extracting primitive: distance
18:16:44 | INFO: Primitives created: 1
18:16:44 | INFO: Extracting primitive: post.005
18:16:44 | INFO: Primitives created: 1
18:16:44 | INFO: Extracting primitive: sign.001
18:16:44 | INFO: Primitives created: 1
18:16:44 | INFO: Extracting primitive: distance.001
18:16:44 | INFO: Primitives created: 1
18:16:44 | INFO: Extracting primitive: post.006
18:16:44 | INFO: Primitives created: 1
18:16:44 | INFO: Extracting primitive: stucco_mass
18:16:44 | INFO: Primitives created: 1
18:16:44 | INFO: Extracting primitive: roof_parapet
18:16:44 | INFO: Primitives created: 1
18:16:44 | INFO: Extracting primitive: floor_datum
18:16:44 | INFO: Primitives created: 1
18:16:44 | INFO: Extracting primitive: inset_window
18:16:44 | INFO: Primitives created: 1
18:16:44 | INFO: Extracting primitive: inset_window.002
18:16:44 | INFO: Primitives created: 1
18:16:44 | INFO: Extracting primitive: stucco_mass.001
18:16:44 | INFO: Primitives created: 1
18:16:44 | INFO: Extracting primitive: roof_parapet.001
18:16:44 | INFO: Primitives created: 1
18:16:44 | INFO: Extracting primitive: floor_datum.002
18:16:44 | INFO: Primitives created: 1
18:16:44 | INFO: Extracting primitive: inset_window.008
18:16:44 | INFO: Primitives created: 1
18:16:44 | INFO: Extracting primitive: inset_window.009
18:16:44 | INFO: Primitives created: 1
18:16:44 | INFO: Extracting primitive: roof_parapet.002
18:16:44 | INFO: Primitives created: 1
18:16:44 | INFO: Extracting primitive: stepped_roof
18:16:44 | INFO: Primitives created: 1
18:16:44 | INFO: Extracting primitive: floor_datum.003
18:16:44 | INFO: Primitives created: 1
18:16:44 | INFO: Extracting primitive: inset_window.012
18:16:44 | INFO: Primitives created: 1
18:16:44 | INFO: Extracting primitive: inset_window.013
18:16:44 | INFO: Primitives created: 1
18:16:44 | INFO: Extracting primitive: continuous_vegetated_farbank
18:16:44 | WARNING: More than one shader node tex image used for a texture. The resulting glTF sampler will behave like the first shader node tex image.
18:16:44 | INFO: Primitives created: 1
18:16:44 | INFO: Extracting primitive: marina_surface
18:16:44 | INFO: Primitives created: 1
18:16:44 | INFO: Extracting primitive: epoxy_aggregate_metres
18:16:44 | WARNING: More than one shader node tex image used for a texture. The resulting glTF sampler will behave like the first shader node tex image.
18:16:44 | INFO: Primitives created: 1
18:16:44 | INFO: Extracting primitive: bench_top
18:16:44 | INFO: Primitives created: 1
18:16:44 | INFO: Extracting primitive: red_tool_rail
18:16:44 | INFO: Primitives created: 1
18:16:44 | INFO: Extracting primitive: garage_brand_backing
18:16:44 | INFO: Primitives created: 1
18:16:44 | INFO: Extracting primitive: garage_brand
18:16:44 | INFO: Primitives created: 1
18:16:44 | INFO: Extracting primitive: broad_ceiling_frame
18:16:44 | INFO: Primitives created: 1
18:16:44 | INFO: Extracting primitive: broad_diffuser
18:16:44 | INFO: Primitives created: 1
18:16:44 | INFO: Extracting primitive: exterior_courtyard
18:16:44 | INFO: Primitives created: 1
18:16:44 | INFO: Extracting primitive: deep_bay_reveal
18:16:44 | INFO: Primitives created: 1
18:16:44 | INFO: Extracting primitive: cap_reveal
18:16:44 | INFO: Primitives created: 1
18:16:44 | INFO: Extracting primitive: mulch_tree_pocket
18:16:45 | WARNING: More than one shader node tex image used for a texture. The resulting glTF sampler will behave like the first shader node tex image.
18:16:45 | INFO: Primitives created: 1
18:16:45 | INFO: Extracting primitive: mulch_tree_pocket_thin_metal_edging
18:16:45 | INFO: Primitives created: 1
18:16:45 | INFO: Extracting primitive: contained_mulch_planting_group
18:16:45 | INFO: Primitives created: 1
18:16:45 | INFO: Extracting primitive: contained_mulch_planting_group_thin_metal_edging
18:16:45 | INFO: Primitives created: 1
18:16:45 | INFO: Extracting primitive: arching_grass_blade
18:16:45 | INFO: Primitives created: 1
18:16:45 | INFO: Extracting primitive: continuous_service_paving
18:16:45 | INFO: Primitives created: 1
18:16:45 | INFO: Extracting primitive: service_center_dash
18:16:45 | INFO: Primitives created: 1
18:16:45 | INFO: Extracting primitive: yard_cut_around_paving
18:16:45 | WARNING: More than one shader node tex image used for a texture. The resulting glTF sampler will behave like the first shader node tex image.
18:16:45 | INFO: Primitives created: 1
18:16:45 | INFO: Extracting primitive: workbay_edge
18:16:45 | INFO: Primitives created: 1
18:16:45 | INFO: Extracting primitive: raised_island
18:16:45 | INFO: Primitives created: 1
18:16:45 | INFO: Extracting primitive: planting_soil
18:16:45 | INFO: Primitives created: 1
18:16:45 | INFO: Extracting primitive: angled_support
18:16:45 | INFO: Primitives created: 1
18:16:45 | INFO: Extracting primitive: rubber_hull_saddle
18:16:45 | INFO: Primitives created: 1
18:16:45 | INFO: Extracting primitive: continuous_distant_mainland_ring
18:16:45 | INFO: Primitives created: 1
18:16:45 | INFO: Extracting primitive: Harbor_land
18:16:45 | INFO: Primitives created: 1
18:16:45 | INFO: Extracting primitive: continuous_tapered_bark
18:16:45 | WARNING: More than one shader node tex image used for a texture. The resulting glTF sampler will behave like the first shader node tex image.
18:16:45 | INFO: Primitives created: 1
18:16:45 | INFO: Extracting primitive: folded_parent_frond_00
18:16:45 | INFO: Primitives created: 1
18:16:45 | INFO: Extracting primitive: continuous_tapered_bark.002
18:16:45 | INFO: Primitives created: 1
18:16:45 | INFO: Extracting primitive: folded_parent_frond_00.002
18:16:45 | INFO: Primitives created: 1
18:16:45 | INFO: Extracting primitive: continuous_tapered_bark.001
18:16:45 | INFO: Primitives created: 1
18:16:45 | INFO: Extracting primitive: folded_parent_frond_00.001
18:16:45 | INFO: Primitives created: 1
18:16:45 | INFO: Extracting primitive: continuous_tapered_bark.003
18:16:45 | INFO: Primitives created: 1
18:16:45 | INFO: Extracting primitive: folded_parent_frond_00.003
18:16:45 | INFO: Primitives created: 1
18:16:45 | INFO: Extracting primitive: continuous_tapered_bark.005
18:16:45 | INFO: Primitives created: 1
18:16:45 | INFO: Extracting primitive: folded_parent_frond_00.005
18:16:45 | INFO: Primitives created: 1
18:16:45 | INFO: Extracting primitive: continuous_tapered_bark.004
18:16:45 | INFO: Primitives created: 1
18:16:45 | INFO: Extracting primitive: folded_parent_frond_00.004
18:16:45 | INFO: Primitives created: 1
18:16:45 | INFO: Extracting primitive: continuous_tapered_bark.006
18:16:45 | INFO: Primitives created: 1
18:16:45 | INFO: Extracting primitive: folded_parent_frond_00.006
18:16:45 | INFO: Primitives created: 1
18:16:45 | INFO: Extracting primitive: continuous_tapered_bark.008
18:16:45 | INFO: Primitives created: 1
18:16:45 | INFO: Extracting primitive: folded_parent_frond_00.008
18:16:45 | INFO: Primitives created: 1
18:16:45 | INFO: Extracting primitive: continuous_tapered_bark.007
18:16:45 | INFO: Primitives created: 1
18:16:45 | INFO: Extracting primitive: folded_parent_frond_00.007
18:16:45 | INFO: Primitives created: 1
18:16:45 | INFO: Extracting primitive: foundation
18:16:45 | INFO: Primitives created: 1
18:16:45 | INFO: Extracting primitive: rear_wall.002
18:16:45 | INFO: Primitives created: 1
18:16:45 | INFO: Extracting primitive: deep_loading_door
18:16:45 | INFO: Primitives created: 1
18:16:45 | INFO: Extracting primitive: roller_slat
18:16:45 | INFO: Primitives created: 1
18:16:45 | INFO: Extracting primitive: clerestory
18:16:45 | INFO: Primitives created: 1
18:16:45 | INFO: Extracting primitive: identity
18:16:45 | INFO: Primitives created: 1
18:16:45 | INFO: Extracting primitive: canopy_practical
18:16:45 | INFO: Primitives created: 1
18:16:45 | INFO: Extracting primitive: soil.001
18:16:45 | INFO: Primitives created: 1
18:16:45 | INFO: Extracting primitive: Icosphere
18:16:45 | INFO: Primitives created: 1
18:16:45 | INFO: Extracting primitive: cabinet_guard
18:16:45 | INFO: Primitives created: 1
18:16:45 | INFO: Extracting primitive: foundation.001
18:16:45 | INFO: Primitives created: 1
18:16:45 | INFO: Extracting primitive: rear_wall.003
18:16:45 | INFO: Primitives created: 1
18:16:45 | INFO: Extracting primitive: deep_loading_door.003
18:16:45 | INFO: Primitives created: 1
18:16:45 | INFO: Extracting primitive: roller_slat.030
18:16:45 | INFO: Primitives created: 1
18:16:45 | INFO: Extracting primitive: clerestory.003
18:16:45 | INFO: Primitives created: 1
18:16:45 | INFO: Extracting primitive: identity.001
18:16:45 | INFO: Primitives created: 1
18:16:45 | INFO: Extracting primitive: canopy_practical.002
18:16:45 | INFO: Primitives created: 1
18:16:45 | INFO: Extracting primitive: soil.003
18:16:45 | INFO: Primitives created: 1
18:16:45 | INFO: Extracting primitive: Icosphere.010
18:16:45 | INFO: Primitives created: 1
18:16:45 | INFO: Extracting primitive: cabinet_guard.002
18:16:45 | INFO: Primitives created: 1
18:16:45 | INFO: Extracting primitive: foundation.002
18:16:45 | INFO: Primitives created: 1
18:16:45 | INFO: Extracting primitive: rear_wall.004
18:16:45 | INFO: Primitives created: 1
18:16:45 | INFO: Extracting primitive: deep_loading_door.006
18:16:45 | INFO: Primitives created: 1
18:16:45 | INFO: Extracting primitive: roller_slat.060
18:16:45 | INFO: Primitives created: 1
18:16:45 | INFO: Extracting primitive: clerestory.006
18:16:45 | INFO: Primitives created: 1
18:16:45 | INFO: Extracting primitive: identity.002
18:16:45 | INFO: Primitives created: 1
18:16:45 | INFO: Extracting primitive: canopy_practical.004
18:16:45 | INFO: Primitives created: 1
18:16:45 | INFO: Extracting primitive: soil.005
18:16:45 | INFO: Primitives created: 1
18:16:45 | INFO: Extracting primitive: Icosphere.020
18:16:45 | INFO: Primitives created: 1
18:16:45 | INFO: Extracting primitive: cabinet_guard.004
18:16:45 | INFO: Primitives created: 1
18:16:45 | INFO: Extracting primitive: Cube.005
18:16:45 | INFO: Primitives created: 1
18:16:45 | INFO: Finished glTF 2.0 export in 1.9949111938476562 s

P06C exported sample 5 ensembles
Blender 4.5.2 LTS (hash ab25eae04993 built 2025-08-20 02:20:52)
Read blend: "C:\Users\Daniel Kinsner\OneDrive\Documents\GitHub\slingmods-three-wheel-tour-rebuild\assets\blender\showcase-quality\quality-foundation.blend"
Read blend: "C:\Users\Daniel Kinsner\OneDrive\Documents\GitHub\slingmods-three-wheel-tour-rebuild\assets\blender\showcase-quality\quality-kit.blend"

Blender quit
