Info: Saved as "built-waterfront-foundation.blend"
Warning: No mesh data to join
Warning: No mesh data to join
Warning: No mesh data to join
Warning: No mesh data to join
Warning: No mesh data to join
Warning: No mesh data to join
Warning: No mesh data to join
Warning: No mesh data to join
Warning: No mesh data to join
Warning: No mesh data to join
Warning: No mesh data to join
Warning: No mesh data to join
Warning: No mesh data to join
Warning: No mesh data to join
Warning: No mesh data to join
Warning: No mesh data to join
Warning: No mesh data to join
Warning: No mesh data to join
Warning: No mesh data to join
Warning: No mesh data to join
Warning: No mesh data to join
Warning: No mesh data to join
Warning: No mesh data to join
Warning: No mesh data to join
Warning: No mesh data to join
Warning: No mesh data to join
Warning: No mesh data to join
Warning: No mesh data to join
Warning: No mesh data to join
Warning: No mesh data to join
Warning: No mesh data to join
Warning: No mesh data to join
Warning: No mesh data to join
Warning: No mesh data to join
Warning: No mesh data to join
Warning: No mesh data to join
INFO Draco mesh compression is available, use library at C:\Users\Daniel Kinsner\OneDrive\Documents\GitHub\slingmods-three-wheel-tour-rebuild\.tools\blender-4.5.2-windows-x64\4.5\scripts\addons_core\io_scene_gltf2\extern_draco.dll
18:03:05 | INFO: Starting glTF 2.0 export
18:03:05 | INFO: Extracting primitive: runoff_left
18:03:05 | WARNING: More than one shader node tex image used for a texture. The resulting glTF sampler will behave like the first shader node tex image.
18:03:05 | INFO: Primitives created: 1
18:03:05 | INFO: Extracting primitive: road_closed_asphalt
18:03:05 | WARNING: More than one shader node tex image used for a texture. The resulting glTF sampler will behave like the first shader node tex image.
18:03:05 | WARNING: The active Vertex Color will not be exported, as it is not used in the node tree of the material
18:03:05 | INFO: Primitives created: 1
18:03:05 | INFO: Extracting primitive: Quay_coping_28
18:03:05 | WARNING: More than one shader node tex image used for a texture. The resulting glTF sampler will behave like the first shader node tex image.
18:03:05 | INFO: Primitives created: 1
18:03:05 | INFO: Extracting primitive: Quay_coping_20
18:03:05 | INFO: Primitives created: 1
18:03:05 | INFO: Extracting primitive: Quay_coping_11
18:03:05 | INFO: Primitives created: 1
18:03:05 | INFO: Extracting primitive: Quay_coping_10
18:03:05 | INFO: Primitives created: 1
18:03:05 | INFO: Extracting primitive: Quay_coping_0
18:03:05 | INFO: Primitives created: 1
18:03:05 | INFO: Extracting primitive: Lamp_outreach_26
18:03:05 | WARNING: More than one shader node tex image used for a texture. The resulting glTF sampler will behave like the first shader node tex image.
18:03:05 | INFO: Primitives created: 1
18:03:05 | INFO: Extracting primitive: Lamp_hood_37
18:03:05 | INFO: Primitives created: 1
18:03:05 | INFO: Extracting primitive: Lamp_hood_28
18:03:05 | INFO: Primitives created: 1
18:03:05 | INFO: Extracting primitive: Lamp_hood_21
18:03:05 | INFO: Primitives created: 1
18:03:05 | INFO: Extracting primitive: Lamp_hood_2
18:03:05 | INFO: Primitives created: 1
18:03:05 | INFO: Extracting primitive: Lamp_diffuser_7
18:03:05 | INFO: Primitives created: 1
18:03:05 | INFO: Extracting primitive: Lamp_diffuser_6
18:03:05 | INFO: Primitives created: 1
18:03:05 | INFO: Extracting primitive: Lamp_diffuser_5
18:03:05 | INFO: Primitives created: 1
18:03:05 | INFO: Extracting primitive: Lamp_diffuser_4
18:03:05 | INFO: Primitives created: 1
18:03:05 | INFO: Extracting primitive: Lamp_diffuser_37
18:03:05 | INFO: Primitives created: 1
18:03:05 | INFO: Extracting primitive: Lamp_diffuser_35
18:03:05 | INFO: Primitives created: 1
18:03:05 | INFO: Extracting primitive: Lamp_diffuser_34
18:03:05 | INFO: Primitives created: 1
18:03:05 | INFO: Extracting primitive: Lamp_diffuser_33
18:03:05 | INFO: Primitives created: 1
18:03:05 | INFO: Extracting primitive: Lamp_diffuser_32
18:03:05 | INFO: Primitives created: 1
18:03:05 | INFO: Extracting primitive: Lamp_diffuser_31
18:03:05 | INFO: Primitives created: 1
18:03:05 | INFO: Extracting primitive: Lamp_diffuser_30
18:03:05 | INFO: Primitives created: 1
18:03:05 | INFO: Extracting primitive: Lamp_diffuser_3
18:03:05 | INFO: Primitives created: 1
18:03:05 | INFO: Extracting primitive: Lamp_diffuser_28
18:03:05 | INFO: Primitives created: 1
18:03:05 | INFO: Extracting primitive: Lamp_diffuser_26
18:03:05 | INFO: Primitives created: 1
18:03:05 | INFO: Extracting primitive: Lamp_diffuser_23
18:03:05 | INFO: Primitives created: 1
18:03:05 | INFO: Extracting primitive: Lamp_diffuser_22
18:03:05 | INFO: Primitives created: 1
18:03:05 | INFO: Extracting primitive: Lamp_diffuser_21
18:03:05 | INFO: Primitives created: 1
18:03:05 | INFO: Extracting primitive: Lamp_diffuser_2
18:03:05 | INFO: Primitives created: 1
18:03:05 | INFO: Extracting primitive: Lamp_diffuser_18
18:03:05 | INFO: Primitives created: 1
18:03:05 | INFO: Extracting primitive: Lamp_diffuser_16
18:03:05 | INFO: Primitives created: 1
18:03:05 | INFO: Extracting primitive: Lamp_diffuser_15
18:03:05 | INFO: Primitives created: 1
18:03:05 | INFO: Extracting primitive: Lamp_diffuser_12
18:03:05 | INFO: Primitives created: 1
18:03:05 | INFO: Extracting primitive: Lamp_diffuser_10
18:03:05 | INFO: Primitives created: 1
18:03:05 | INFO: Extracting primitive: Lamp_diffuser_1
18:03:05 | INFO: Primitives created: 1
18:03:05 | INFO: Extracting primitive: Lamp_diffuser_0
18:03:05 | INFO: Primitives created: 1
18:03:05 | INFO: Extracting primitive: Lamp_base_7
18:03:05 | WARNING: More than one shader node tex image used for a texture. The resulting glTF sampler will behave like the first shader node tex image.
18:03:05 | INFO: Primitives created: 1
18:03:05 | INFO: Extracting primitive: Lamp_base_6
18:03:05 | INFO: Primitives created: 1
18:03:05 | INFO: Extracting primitive: Lamp_base_5
18:03:05 | INFO: Primitives created: 1
18:03:05 | INFO: Extracting primitive: Lamp_base_4
18:03:05 | INFO: Primitives created: 1
18:03:05 | INFO: Extracting primitive: Lamp_base_37
18:03:05 | INFO: Primitives created: 1
18:03:05 | INFO: Extracting primitive: Lamp_base_35
18:03:05 | INFO: Primitives created: 1
18:03:05 | INFO: Extracting primitive: Lamp_base_34
18:03:05 | INFO: Primitives created: 1
18:03:05 | INFO: Extracting primitive: Lamp_base_33
18:03:05 | INFO: Primitives created: 1
18:03:05 | INFO: Extracting primitive: Lamp_base_32
18:03:05 | INFO: Primitives created: 1
18:03:05 | INFO: Extracting primitive: Lamp_base_31
18:03:05 | INFO: Primitives created: 1
18:03:05 | INFO: Extracting primitive: Lamp_base_30
18:03:05 | INFO: Primitives created: 1
18:03:05 | INFO: Extracting primitive: Lamp_base_3
18:03:05 | INFO: Primitives created: 1
18:03:05 | INFO: Extracting primitive: Lamp_base_28
18:03:05 | INFO: Primitives created: 1
18:03:05 | INFO: Extracting primitive: Lamp_base_27
18:03:05 | INFO: Primitives created: 1
18:03:05 | INFO: Extracting primitive: Lamp_base_26
18:03:05 | INFO: Primitives created: 1
18:03:05 | INFO: Extracting primitive: Lamp_base_23
18:03:05 | INFO: Primitives created: 1
18:03:05 | INFO: Extracting primitive: Lamp_base_22
18:03:05 | INFO: Primitives created: 1
18:03:05 | INFO: Extracting primitive: Lamp_base_21
18:03:05 | INFO: Primitives created: 1
18:03:05 | INFO: Extracting primitive: Lamp_base_2
18:03:05 | INFO: Primitives created: 1
18:03:05 | INFO: Extracting primitive: Lamp_base_18
18:03:05 | INFO: Primitives created: 1
18:03:05 | INFO: Extracting primitive: Lamp_base_15
18:03:05 | INFO: Primitives created: 1
18:03:05 | INFO: Extracting primitive: Lamp_base_14
18:03:05 | INFO: Primitives created: 1
18:03:05 | INFO: Extracting primitive: Lamp_base_12
18:03:05 | INFO: Primitives created: 1
18:03:05 | INFO: Extracting primitive: Lamp_base_10
18:03:05 | INFO: Primitives created: 1
18:03:05 | INFO: Extracting primitive: Lamp_base_1
18:03:05 | INFO: Primitives created: 1
18:03:05 | INFO: Extracting primitive: Lamp_base_0
18:03:05 | INFO: Primitives created: 1
18:03:05 | INFO: Extracting primitive: Gate_marker_9_-1
18:03:05 | INFO: Primitives created: 1
18:03:05 | INFO: Extracting primitive: Gate_marker_8_-1
18:03:05 | INFO: Primitives created: 1
18:03:05 | INFO: Extracting primitive: Gate_marker_7_-1
18:03:05 | INFO: Primitives created: 1
18:03:05 | INFO: Extracting primitive: Gate_marker_6_-1
18:03:05 | INFO: Primitives created: 1
18:03:05 | INFO: Extracting primitive: Gate_marker_5_-1
18:03:05 | INFO: Primitives created: 1
18:03:05 | INFO: Extracting primitive: Gate_marker_4_-1
18:03:05 | INFO: Primitives created: 1
18:03:05 | INFO: Extracting primitive: Gate_marker_3_1
18:03:05 | INFO: Primitives created: 1
18:03:05 | INFO: Extracting primitive: Gate_marker_3_-1
18:03:05 | INFO: Primitives created: 1
18:03:05 | INFO: Extracting primitive: Gate_marker_2_1
18:03:05 | INFO: Primitives created: 1
18:03:05 | INFO: Extracting primitive: Gate_marker_2_-1
18:03:05 | INFO: Primitives created: 1
18:03:05 | INFO: Extracting primitive: Gate_marker_1_1
18:03:05 | INFO: Primitives created: 1
18:03:05 | INFO: Extracting primitive: Gate_marker_1_-1
18:03:05 | INFO: Primitives created: 1
18:03:05 | INFO: Extracting primitive: Gate_marker_15_-1
18:03:05 | INFO: Primitives created: 1
18:03:05 | INFO: Extracting primitive: Gate_marker_14_1
18:03:05 | INFO: Primitives created: 1
18:03:05 | INFO: Extracting primitive: Gate_marker_14_-1
18:03:05 | INFO: Primitives created: 1
18:03:05 | INFO: Extracting primitive: Gate_marker_13_1
18:03:05 | INFO: Primitives created: 1
18:03:05 | INFO: Extracting primitive: Gate_marker_13_-1
18:03:05 | INFO: Primitives created: 1
18:03:05 | INFO: Extracting primitive: Gate_marker_12_1
18:03:05 | INFO: Primitives created: 1
18:03:05 | INFO: Extracting primitive: Gate_marker_12_-1
18:03:05 | INFO: Primitives created: 1
18:03:05 | INFO: Extracting primitive: Gate_marker_11_-1
18:03:05 | INFO: Primitives created: 1
18:03:05 | INFO: Extracting primitive: Gate_marker_10_-1
18:03:05 | INFO: Primitives created: 1
18:03:05 | INFO: Extracting primitive: Gate_marker_0_1
18:03:05 | INFO: Primitives created: 1
18:03:05 | INFO: Extracting primitive: Gate_marker_0_-1
18:03:05 | INFO: Primitives created: 1
18:03:05 | INFO: Extracting primitive: Freight_container_0_0
18:03:05 | INFO: Primitives created: 1
18:03:05 | INFO: Extracting primitive: finish_line_paint
18:03:05 | INFO: Primitives created: 1
18:03:05 | INFO: Extracting primitive: barriers_exact_route_colliders
18:03:06 | WARNING: More than one shader node tex image used for a texture. The resulting glTF sampler will behave like the first shader node tex image.
18:03:06 | INFO: Primitives created: 1
18:03:06 | INFO: Finished glTF 2.0 export in 0.7801377773284912 s

P06C loaded retained kit
P06C retained modules and trunks
P06C folded crowns authored
P06C ensemble plan [(594, 28), (628, 28), (665, 28), (704, 28), (740, 28)]
P06C ground cut complete
