
> slingmods-three-wheel-tour-rebuild@1.0.0 build
> tsc --noEmit && vite build

warning: in the working copy of 'AGENTS.md', LF will be replaced by CRLF the next time Git touches it
vite v8.3.0 building client environment for production...
transforming...
✓ 76 modules transformed.
rendering chunks...
computing gzip size...
dist/index.html                              0.72 kB │ gzip:     0.48 kB
dist/assets/save-S_mbsQK_.css                0.86 kB │ gzip:     0.44 kB
dist/assets/crew-CydNNodD.css                1.53 kB │ gzip:     0.70 kB
dist/assets/workbench-DuS9sGzO.css           7.43 kB │ gzip:     2.34 kB
dist/assets/game-audio-DFagKZS_.css         10.92 kB │ gzip:     3.08 kB
dist/assets/calibration-D-vRYZmf.js          2.33 kB │ gzip:     1.24 kB
dist/assets/index-BvwInXkD.js                2.98 kB │ gzip:     1.41 kB
dist/assets/harbor-Cdq1tRag.js              11.16 kB │ gzip:     4.94 kB
dist/assets/RoomEnvironment-CGmmJM42.js     21.82 kB │ gzip:     5.22 kB
dist/assets/harbor-lighting-BEQzGSjL.js     22.56 kB │ gzip:     9.34 kB
dist/assets/crew-CiuAue9m.js                32.97 kB │ gzip:    12.78 kB
dist/assets/workbench-Ib6_uiPX.js           42.07 kB │ gzip:    14.59 kB
dist/assets/save-BgsSFkRX.js               638.30 kB │ gzip:   161.17 kB
dist/assets/game-audio-CuEourdi.js       3,175.54 kB │ gzip: 1,226.64 kB

✓ built in 346ms
[plugin builtin:vite-reporter] 
(!) Some chunks are larger than 500 kB after minification. Consider:
- Using dynamic import() to code-split the application
- Use build.rolldownOptions.output.codeSplitting to improve chunking: https://rolldown.rs/reference/OutputOptions.codeSplitting
- Adjust chunk size limit for this warning via build.chunkSizeWarningLimit.
(node:40888) [DEP0190] DeprecationWarning: Passing args to a child process with shell option true can lead to security vulnerabilities, as the arguments are not escaped, only concatenated.
(Use `node --trace-deprecation ...` to show where the warning was created)
Frozen Review13 build 56f295bd96d5bf70435aab87774768af327d249d
