Info: Saved as "built-waterfront-foundation.blend"
INFO Draco mesh compression is available, use library at C:\Users\Daniel Kinsner\OneDrive\Documents\GitHub\slingmods-three-wheel-tour-rebuild\.tools\blender-4.5.2-windows-x64\4.5\scripts\addons_core\io_scene_gltf2\extern_draco.dll
17:59:37 | INFO: Starting glTF 2.0 export
17:59:37 | INFO: Extracting primitive: runoff_right
17:59:37 | WARNING: More than one shader node tex image used for a texture. The resulting glTF sampler will behave like the first shader node tex image.
17:59:37 | INFO: Primitives created: 1
17:59:37 | INFO: Extracting primitive: runoff_left
17:59:37 | INFO: Primitives created: 1
17:59:37 | INFO: Extracting primitive: Road_direction_arrow_9
17:59:37 | INFO: Primitives created: 1
17:59:37 | INFO: Extracting primitive: Road_direction_arrow_8
17:59:37 | INFO: Primitives created: 1
17:59:37 | INFO: Extracting primitive: Road_direction_arrow_7
17:59:37 | INFO: Primitives created: 1
17:59:37 | INFO: Extracting primitive: Road_direction_arrow_6
17:59:37 | INFO: Primitives created: 1
17:59:37 | INFO: Extracting primitive: Road_direction_arrow_5
17:59:37 | INFO: Primitives created: 1
17:59:37 | INFO: Extracting primitive: Road_direction_arrow_4
17:59:37 | INFO: Primitives created: 1
17:59:37 | INFO: Extracting primitive: Road_direction_arrow_3
17:59:37 | INFO: Primitives created: 1
17:59:37 | INFO: Extracting primitive: Road_direction_arrow_2
17:59:37 | INFO: Primitives created: 1
17:59:37 | INFO: Extracting primitive: Road_direction_arrow_15
17:59:37 | INFO: Primitives created: 1
17:59:37 | INFO: Extracting primitive: Road_direction_arrow_14
17:59:37 | INFO: Primitives created: 1
17:59:37 | INFO: Extracting primitive: Road_direction_arrow_13
17:59:37 | INFO: Primitives created: 1
17:59:37 | INFO: Extracting primitive: Road_direction_arrow_12
17:59:37 | INFO: Primitives created: 1
17:59:37 | INFO: Extracting primitive: Road_direction_arrow_11
17:59:37 | INFO: Primitives created: 1
17:59:37 | INFO: Extracting primitive: Road_direction_arrow_10
17:59:37 | INFO: Primitives created: 1
17:59:37 | INFO: Extracting primitive: Road_direction_arrow_1
17:59:37 | INFO: Primitives created: 1
17:59:37 | INFO: Extracting primitive: Road_direction_arrow_0
17:59:37 | INFO: Primitives created: 1
17:59:37 | INFO: Extracting primitive: road_closed_asphalt
17:59:38 | WARNING: More than one shader node tex image used for a texture. The resulting glTF sampler will behave like the first shader node tex image.
17:59:38 | WARNING: The active Vertex Color will not be exported, as it is not used in the node tree of the material
17:59:38 | INFO: Primitives created: 1
17:59:38 | INFO: Extracting primitive: Quay_coping_9
17:59:38 | WARNING: More than one shader node tex image used for a texture. The resulting glTF sampler will behave like the first shader node tex image.
17:59:38 | INFO: Primitives created: 1
17:59:38 | INFO: Extracting primitive: Quay_coping_8
17:59:38 | INFO: Primitives created: 1
17:59:38 | INFO: Extracting primitive: Quay_coping_7
17:59:38 | INFO: Primitives created: 1
17:59:38 | INFO: Extracting primitive: Quay_coping_6
17:59:38 | INFO: Primitives created: 1
17:59:38 | INFO: Extracting primitive: Quay_coping_5
17:59:38 | INFO: Primitives created: 1
17:59:38 | INFO: Extracting primitive: Quay_coping_4
17:59:38 | INFO: Primitives created: 1
17:59:38 | INFO: Extracting primitive: Quay_coping_32
17:59:38 | INFO: Primitives created: 1
17:59:38 | INFO: Extracting primitive: Quay_coping_31
17:59:38 | INFO: Primitives created: 1
17:59:38 | INFO: Extracting primitive: Quay_coping_30
17:59:38 | INFO: Primitives created: 1
17:59:38 | INFO: Extracting primitive: Quay_coping_3
17:59:38 | INFO: Primitives created: 1
17:59:38 | INFO: Extracting primitive: Quay_coping_29
17:59:38 | INFO: Primitives created: 1
17:59:38 | INFO: Extracting primitive: Quay_coping_28
17:59:38 | INFO: Primitives created: 1
17:59:38 | INFO: Extracting primitive: Quay_coping_27
17:59:38 | INFO: Primitives created: 1
17:59:38 | INFO: Extracting primitive: Quay_coping_26
17:59:38 | INFO: Primitives created: 1
17:59:38 | INFO: Extracting primitive: Quay_coping_25
17:59:38 | INFO: Primitives created: 1
17:59:38 | INFO: Extracting primitive: Quay_coping_24
17:59:38 | INFO: Primitives created: 1
17:59:38 | INFO: Extracting primitive: Quay_coping_23
17:59:38 | INFO: Primitives created: 1
17:59:38 | INFO: Extracting primitive: Quay_coping_22
17:59:38 | INFO: Primitives created: 1
17:59:38 | INFO: Extracting primitive: Quay_coping_21
17:59:38 | INFO: Primitives created: 1
17:59:38 | INFO: Extracting primitive: Quay_coping_20
17:59:38 | INFO: Primitives created: 1
17:59:38 | INFO: Extracting primitive: Quay_coping_2
17:59:38 | INFO: Primitives created: 1
17:59:38 | INFO: Extracting primitive: Quay_coping_19
17:59:38 | INFO: Primitives created: 1
17:59:38 | INFO: Extracting primitive: Quay_coping_18
17:59:38 | INFO: Primitives created: 1
17:59:38 | INFO: Extracting primitive: Quay_coping_17
17:59:38 | INFO: Primitives created: 1
17:59:38 | INFO: Extracting primitive: Quay_coping_16
17:59:38 | INFO: Primitives created: 1
17:59:38 | INFO: Extracting primitive: Quay_coping_15
17:59:38 | INFO: Primitives created: 1
17:59:38 | INFO: Extracting primitive: Quay_coping_14
17:59:38 | INFO: Primitives created: 1
17:59:38 | INFO: Extracting primitive: Quay_coping_13
17:59:38 | INFO: Primitives created: 1
17:59:38 | INFO: Extracting primitive: Quay_coping_12
17:59:38 | INFO: Primitives created: 1
17:59:38 | INFO: Extracting primitive: Quay_coping_11
17:59:38 | INFO: Primitives created: 1
17:59:38 | INFO: Extracting primitive: Quay_coping_10
17:59:38 | INFO: Primitives created: 1
17:59:38 | INFO: Extracting primitive: Quay_coping_1
17:59:38 | INFO: Primitives created: 1
17:59:38 | INFO: Extracting primitive: Quay_coping_0
17:59:38 | INFO: Primitives created: 1
17:59:38 | INFO: Extracting primitive: paint_edge_1
17:59:38 | INFO: Primitives created: 1
17:59:38 | INFO: Extracting primitive: paint_edge_-1
17:59:38 | INFO: Primitives created: 1
17:59:38 | INFO: Extracting primitive: Lamp_tapered_mast_9
17:59:38 | WARNING: More than one shader node tex image used for a texture. The resulting glTF sampler will behave like the first shader node tex image.
17:59:38 | INFO: Primitives created: 1
17:59:38 | INFO: Extracting primitive: Lamp_tapered_mast_8
17:59:38 | INFO: Primitives created: 1
17:59:38 | INFO: Extracting primitive: Lamp_tapered_mast_7
17:59:38 | INFO: Primitives created: 1
17:59:38 | INFO: Extracting primitive: Lamp_tapered_mast_6
17:59:38 | INFO: Primitives created: 1
17:59:38 | INFO: Extracting primitive: Lamp_tapered_mast_5
17:59:38 | INFO: Primitives created: 1
17:59:38 | INFO: Extracting primitive: Lamp_tapered_mast_4
17:59:38 | INFO: Primitives created: 1
17:59:38 | INFO: Extracting primitive: Lamp_tapered_mast_38
17:59:38 | INFO: Primitives created: 1
17:59:38 | INFO: Extracting primitive: Lamp_tapered_mast_37
17:59:38 | INFO: Primitives created: 1
17:59:38 | INFO: Extracting primitive: Lamp_tapered_mast_36
17:59:38 | INFO: Primitives created: 1
17:59:38 | INFO: Extracting primitive: Lamp_tapered_mast_35
17:59:38 | INFO: Primitives created: 1
17:59:38 | INFO: Extracting primitive: Lamp_tapered_mast_34
17:59:38 | INFO: Primitives created: 1
17:59:38 | INFO: Extracting primitive: Lamp_tapered_mast_33
17:59:38 | INFO: Primitives created: 1
17:59:38 | INFO: Extracting primitive: Lamp_tapered_mast_32
17:59:38 | INFO: Primitives created: 1
17:59:38 | INFO: Extracting primitive: Lamp_tapered_mast_31
17:59:38 | INFO: Primitives created: 1
17:59:38 | INFO: Extracting primitive: Lamp_tapered_mast_30
17:59:38 | INFO: Primitives created: 1
17:59:38 | INFO: Extracting primitive: Lamp_tapered_mast_3
17:59:38 | INFO: Primitives created: 1
17:59:38 | INFO: Extracting primitive: Lamp_tapered_mast_29
17:59:38 | INFO: Primitives created: 1
17:59:38 | INFO: Extracting primitive: Lamp_tapered_mast_28
17:59:38 | INFO: Primitives created: 1
17:59:38 | INFO: Extracting primitive: Lamp_tapered_mast_27
17:59:38 | INFO: Primitives created: 1
17:59:38 | INFO: Extracting primitive: Lamp_tapered_mast_26
17:59:38 | INFO: Primitives created: 1
17:59:38 | INFO: Extracting primitive: Lamp_tapered_mast_25
17:59:38 | INFO: Primitives created: 1
17:59:38 | INFO: Extracting primitive: Lamp_tapered_mast_24
17:59:38 | INFO: Primitives created: 1
17:59:38 | INFO: Extracting primitive: Lamp_tapered_mast_23
17:59:38 | INFO: Primitives created: 1
17:59:38 | INFO: Extracting primitive: Lamp_tapered_mast_22
17:59:38 | INFO: Primitives created: 1
17:59:38 | INFO: Extracting primitive: Lamp_tapered_mast_21
17:59:38 | INFO: Primitives created: 1
17:59:38 | INFO: Extracting primitive: Lamp_tapered_mast_20
17:59:38 | INFO: Primitives created: 1
17:59:38 | INFO: Extracting primitive: Lamp_tapered_mast_2
17:59:38 | INFO: Primitives created: 1
17:59:38 | INFO: Extracting primitive: Lamp_tapered_mast_19
17:59:38 | INFO: Primitives created: 1
17:59:38 | INFO: Extracting primitive: Lamp_tapered_mast_18
17:59:38 | INFO: Primitives created: 1
17:59:38 | INFO: Extracting primitive: Lamp_tapered_mast_17
17:59:38 | INFO: Primitives created: 1
17:59:38 | INFO: Extracting primitive: Lamp_tapered_mast_16
17:59:38 | INFO: Primitives created: 1
17:59:38 | INFO: Extracting primitive: Lamp_tapered_mast_15
17:59:38 | INFO: Primitives created: 1
17:59:38 | INFO: Extracting primitive: Lamp_tapered_mast_14
17:59:38 | INFO: Primitives created: 1
17:59:38 | INFO: Extracting primitive: Lamp_tapered_mast_13
17:59:38 | INFO: Primitives created: 1
17:59:38 | INFO: Extracting primitive: Lamp_tapered_mast_12
17:59:38 | INFO: Primitives created: 1
17:59:38 | INFO: Extracting primitive: Lamp_tapered_mast_11
17:59:38 | INFO: Primitives created: 1
17:59:38 | INFO: Extracting primitive: Lamp_tapered_mast_10
17:59:38 | INFO: Primitives created: 1
17:59:38 | INFO: Extracting primitive: Lamp_tapered_mast_1
17:59:38 | INFO: Primitives created: 1
17:59:38 | INFO: Extracting primitive: Lamp_tapered_mast_0
17:59:38 | INFO: Primitives created: 1
17:59:38 | INFO: Extracting primitive: Lamp_outreach_9
17:59:38 | INFO: Primitives created: 1
17:59:38 | INFO: Extracting primitive: Lamp_outreach_8
17:59:38 | INFO: Primitives created: 1
17:59:38 | INFO: Extracting primitive: Lamp_outreach_7
17:59:38 | INFO: Primitives created: 1
17:59:38 | INFO: Extracting primitive: Lamp_outreach_6
17:59:38 | INFO: Primitives created: 1
17:59:38 | INFO: Extracting primitive: Lamp_outreach_5
17:59:38 | INFO: Primitives created: 1
17:59:38 | INFO: Extracting primitive: Lamp_outreach_4
17:59:38 | INFO: Primitives created: 1
17:59:38 | INFO: Extracting primitive: Lamp_outreach_38
17:59:38 | INFO: Primitives created: 1
17:59:38 | INFO: Extracting primitive: Lamp_outreach_37
17:59:38 | INFO: Primitives created: 1
17:59:38 | INFO: Extracting primitive: Lamp_outreach_36
17:59:38 | INFO: Primitives created: 1
17:59:38 | INFO: Extracting primitive: Lamp_outreach_35
17:59:38 | INFO: Primitives created: 1
17:59:38 | INFO: Extracting primitive: Lamp_outreach_34
17:59:38 | INFO: Primitives created: 1
17:59:38 | INFO: Extracting primitive: Lamp_outreach_33
17:59:38 | INFO: Primitives created: 1
17:59:38 | INFO: Extracting primitive: Lamp_outreach_32
17:59:38 | INFO: Primitives created: 1
17:59:38 | INFO: Extracting primitive: Lamp_outreach_31
17:59:38 | INFO: Primitives created: 1
17:59:38 | INFO: Extracting primitive: Lamp_outreach_30
17:59:38 | INFO: Primitives created: 1
17:59:38 | INFO: Extracting primitive: Lamp_outreach_3
17:59:38 | INFO: Primitives created: 1
17:59:38 | INFO: Extracting primitive: Lamp_outreach_29
17:59:38 | INFO: Primitives created: 1
17:59:38 | INFO: Extracting primitive: Lamp_outreach_28
17:59:38 | INFO: Primitives created: 1
17:59:38 | INFO: Extracting primitive: Lamp_outreach_27
17:59:38 | INFO: Primitives created: 1
17:59:38 | INFO: Extracting primitive: Lamp_outreach_26
17:59:38 | INFO: Primitives created: 1
17:59:38 | INFO: Extracting primitive: Lamp_outreach_25
17:59:38 | INFO: Primitives created: 1
17:59:38 | INFO: Extracting primitive: Lamp_outreach_24
17:59:38 | INFO: Primitives created: 1
17:59:38 | INFO: Extracting primitive: Lamp_outreach_23
17:59:38 | INFO: Primitives created: 1
17:59:38 | INFO: Extracting primitive: Lamp_outreach_22
17:59:38 | INFO: Primitives created: 1
17:59:38 | INFO: Extracting primitive: Lamp_outreach_21
17:59:38 | INFO: Primitives created: 1
17:59:38 | INFO: Extracting primitive: Lamp_outreach_20
17:59:38 | INFO: Primitives created: 1
17:59:38 | INFO: Extracting primitive: Lamp_outreach_2
17:59:38 | INFO: Primitives created: 1
17:59:38 | INFO: Extracting primitive: Lamp_outreach_19
17:59:38 | INFO: Primitives created: 1
17:59:38 | INFO: Extracting primitive: Lamp_outreach_18
17:59:38 | INFO: Primitives created: 1
17:59:38 | INFO: Extracting primitive: Lamp_outreach_17
17:59:38 | INFO: Primitives created: 1
17:59:38 | INFO: Extracting primitive: Lamp_outreach_16
17:59:38 | INFO: Primitives created: 1
17:59:38 | INFO: Extracting primitive: Lamp_outreach_15
17:59:38 | INFO: Primitives created: 1
17:59:38 | INFO: Extracting primitive: Lamp_outreach_14
17:59:38 | INFO: Primitives created: 1
17:59:38 | INFO: Extracting primitive: Lamp_outreach_13
17:59:38 | INFO: Primitives created: 1
17:59:38 | INFO: Extracting primitive: Lamp_outreach_12
17:59:38 | INFO: Primitives created: 1
17:59:38 | INFO: Extracting primitive: Lamp_outreach_11
17:59:38 | INFO: Primitives created: 1
17:59:38 | INFO: Extracting primitive: Lamp_outreach_10
17:59:38 | INFO: Primitives created: 1
17:59:38 | INFO: Extracting primitive: Lamp_outreach_1
17:59:38 | INFO: Primitives created: 1
17:59:38 | INFO: Extracting primitive: Lamp_outreach_0
17:59:38 | INFO: Primitives created: 1
17:59:38 | INFO: Extracting primitive: Lamp_hood_9
17:59:38 | INFO: Primitives created: 1
17:59:38 | INFO: Extracting primitive: Lamp_hood_8
17:59:38 | INFO: Primitives created: 1
17:59:38 | INFO: Extracting primitive: Lamp_hood_7
17:59:38 | INFO: Primitives created: 1
17:59:38 | INFO: Extracting primitive: Lamp_hood_6
17:59:38 | INFO: Primitives created: 1
17:59:38 | INFO: Extracting primitive: Lamp_hood_5
17:59:38 | INFO: Primitives created: 1
17:59:38 | INFO: Extracting primitive: Lamp_hood_4
17:59:38 | INFO: Primitives created: 1
17:59:38 | INFO: Extracting primitive: Lamp_hood_38
17:59:38 | INFO: Primitives created: 1
17:59:38 | INFO: Extracting primitive: Lamp_hood_37
17:59:38 | INFO: Primitives created: 1
17:59:38 | INFO: Extracting primitive: Lamp_hood_36
17:59:38 | INFO: Primitives created: 1
17:59:38 | INFO: Extracting primitive: Lamp_hood_35
17:59:38 | INFO: Primitives created: 1
17:59:38 | INFO: Extracting primitive: Lamp_hood_34
17:59:38 | INFO: Primitives created: 1
17:59:38 | INFO: Extracting primitive: Lamp_hood_33
17:59:38 | INFO: Primitives created: 1
17:59:38 | INFO: Extracting primitive: Lamp_hood_32
17:59:38 | INFO: Primitives created: 1
17:59:38 | INFO: Extracting primitive: Lamp_hood_31
17:59:38 | INFO: Primitives created: 1
17:59:38 | INFO: Extracting primitive: Lamp_hood_30
17:59:38 | INFO: Primitives created: 1
17:59:38 | INFO: Extracting primitive: Lamp_hood_3
17:59:38 | INFO: Primitives created: 1
17:59:38 | INFO: Extracting primitive: Lamp_hood_29
17:59:38 | INFO: Primitives created: 1
17:59:38 | INFO: Extracting primitive: Lamp_hood_28
17:59:38 | INFO: Primitives created: 1
17:59:38 | INFO: Extracting primitive: Lamp_hood_27
17:59:38 | INFO: Primitives created: 1
17:59:38 | INFO: Extracting primitive: Lamp_hood_26
17:59:38 | INFO: Primitives created: 1
17:59:38 | INFO: Extracting primitive: Lamp_hood_25
17:59:38 | INFO: Primitives created: 1
17:59:38 | INFO: Extracting primitive: Lamp_hood_24
17:59:38 | INFO: Primitives created: 1
17:59:38 | INFO: Extracting primitive: Lamp_hood_23
17:59:38 | INFO: Primitives created: 1
17:59:38 | INFO: Extracting primitive: Lamp_hood_22
17:59:38 | INFO: Primitives created: 1
17:59:38 | INFO: Extracting primitive: Lamp_hood_21
17:59:38 | INFO: Primitives created: 1
17:59:38 | INFO: Extracting primitive: Lamp_hood_20
17:59:38 | INFO: Primitives created: 1
17:59:38 | INFO: Extracting primitive: Lamp_hood_2
17:59:38 | INFO: Primitives created: 1
17:59:38 | INFO: Extracting primitive: Lamp_hood_19
17:59:38 | INFO: Primitives created: 1
17:59:38 | INFO: Extracting primitive: Lamp_hood_18
17:59:38 | INFO: Primitives created: 1
17:59:38 | INFO: Extracting primitive: Lamp_hood_17
17:59:38 | INFO: Primitives created: 1
17:59:38 | INFO: Extracting primitive: Lamp_hood_16
17:59:38 | INFO: Primitives created: 1
17:59:38 | INFO: Extracting primitive: Lamp_hood_15
17:59:38 | INFO: Primitives created: 1
17:59:38 | INFO: Extracting primitive: Lamp_hood_14
17:59:38 | INFO: Primitives created: 1
17:59:38 | INFO: Extracting primitive: Lamp_hood_13
17:59:38 | INFO: Primitives created: 1
17:59:38 | INFO: Extracting primitive: Lamp_hood_12
17:59:38 | INFO: Primitives created: 1
17:59:38 | INFO: Extracting primitive: Lamp_hood_11
17:59:38 | INFO: Primitives created: 1
17:59:38 | INFO: Extracting primitive: Lamp_hood_10
17:59:38 | INFO: Primitives created: 1
17:59:38 | INFO: Extracting primitive: Lamp_hood_1
17:59:38 | INFO: Primitives created: 1
17:59:38 | INFO: Extracting primitive: Lamp_hood_0
17:59:38 | INFO: Primitives created: 1
17:59:38 | INFO: Extracting primitive: Lamp_diffuser_9
17:59:38 | INFO: Primitives created: 1
17:59:38 | INFO: Extracting primitive: Lamp_diffuser_8
17:59:38 | INFO: Primitives created: 1
17:59:38 | INFO: Extracting primitive: Lamp_diffuser_7
17:59:38 | INFO: Primitives created: 1
17:59:38 | INFO: Extracting primitive: Lamp_diffuser_6
17:59:38 | INFO: Primitives created: 1
17:59:38 | INFO: Extracting primitive: Lamp_diffuser_5
17:59:38 | INFO: Primitives created: 1
17:59:38 | INFO: Extracting primitive: Lamp_diffuser_4
17:59:38 | INFO: Primitives created: 1
17:59:38 | INFO: Extracting primitive: Lamp_diffuser_38
17:59:38 | INFO: Primitives created: 1
17:59:38 | INFO: Extracting primitive: Lamp_diffuser_37
17:59:38 | INFO: Primitives created: 1
17:59:38 | INFO: Extracting primitive: Lamp_diffuser_36
17:59:38 | INFO: Primitives created: 1
17:59:38 | INFO: Extracting primitive: Lamp_diffuser_35
17:59:38 | INFO: Primitives created: 1
17:59:38 | INFO: Extracting primitive: Lamp_diffuser_34
17:59:38 | INFO: Primitives created: 1
17:59:38 | INFO: Extracting primitive: Lamp_diffuser_33
17:59:38 | INFO: Primitives created: 1
17:59:38 | INFO: Extracting primitive: Lamp_diffuser_32
17:59:38 | INFO: Primitives created: 1
17:59:38 | INFO: Extracting primitive: Lamp_diffuser_31
17:59:38 | INFO: Primitives created: 1
17:59:38 | INFO: Extracting primitive: Lamp_diffuser_30
17:59:38 | INFO: Primitives created: 1
17:59:38 | INFO: Extracting primitive: Lamp_diffuser_3
17:59:38 | INFO: Primitives created: 1
17:59:38 | INFO: Extracting primitive: Lamp_diffuser_29
17:59:38 | INFO: Primitives created: 1
17:59:38 | INFO: Extracting primitive: Lamp_diffuser_28
17:59:38 | INFO: Primitives created: 1
17:59:38 | INFO: Extracting primitive: Lamp_diffuser_27
17:59:38 | INFO: Primitives created: 1
17:59:38 | INFO: Extracting primitive: Lamp_diffuser_26
17:59:38 | INFO: Primitives created: 1
17:59:38 | INFO: Extracting primitive: Lamp_diffuser_25
17:59:38 | INFO: Primitives created: 1
17:59:38 | INFO: Extracting primitive: Lamp_diffuser_24
17:59:38 | INFO: Primitives created: 1
17:59:38 | INFO: Extracting primitive: Lamp_diffuser_23
17:59:38 | INFO: Primitives created: 1
17:59:38 | INFO: Extracting primitive: Lamp_diffuser_22
17:59:38 | INFO: Primitives created: 1
17:59:38 | INFO: Extracting primitive: Lamp_diffuser_21
17:59:38 | INFO: Primitives created: 1
17:59:38 | INFO: Extracting primitive: Lamp_diffuser_20
17:59:38 | INFO: Primitives created: 1
17:59:38 | INFO: Extracting primitive: Lamp_diffuser_2
17:59:38 | INFO: Primitives created: 1
17:59:38 | INFO: Extracting primitive: Lamp_diffuser_19
17:59:38 | INFO: Primitives created: 1
17:59:38 | INFO: Extracting primitive: Lamp_diffuser_18
17:59:38 | INFO: Primitives created: 1
17:59:38 | INFO: Extracting primitive: Lamp_diffuser_17
17:59:38 | INFO: Primitives created: 1
17:59:38 | INFO: Extracting primitive: Lamp_diffuser_16
17:59:38 | INFO: Primitives created: 1
17:59:38 | INFO: Extracting primitive: Lamp_diffuser_15
17:59:38 | INFO: Primitives created: 1
17:59:38 | INFO: Extracting primitive: Lamp_diffuser_14
17:59:38 | INFO: Primitives created: 1
17:59:38 | INFO: Extracting primitive: Lamp_diffuser_13
17:59:38 | INFO: Primitives created: 1
17:59:38 | INFO: Extracting primitive: Lamp_diffuser_12
17:59:38 | INFO: Primitives created: 1
17:59:38 | INFO: Extracting primitive: Lamp_diffuser_11
17:59:38 | INFO: Primitives created: 1
17:59:38 | INFO: Extracting primitive: Lamp_diffuser_10
17:59:38 | INFO: Primitives created: 1
17:59:38 | INFO: Extracting primitive: Lamp_diffuser_1
17:59:38 | INFO: Primitives created: 1
17:59:38 | INFO: Extracting primitive: Lamp_diffuser_0
17:59:38 | INFO: Primitives created: 1
17:59:38 | INFO: Extracting primitive: Lamp_base_9
17:59:38 | WARNING: More than one shader node tex image used for a texture. The resulting glTF sampler will behave like the first shader node tex image.
17:59:38 | INFO: Primitives created: 1
17:59:38 | INFO: Extracting primitive: Lamp_base_8
17:59:38 | INFO: Primitives created: 1
17:59:38 | INFO: Extracting primitive: Lamp_base_7
17:59:38 | INFO: Primitives created: 1
17:59:38 | INFO: Extracting primitive: Lamp_base_6
17:59:38 | INFO: Primitives created: 1
17:59:38 | INFO: Extracting primitive: Lamp_base_5
17:59:38 | INFO: Primitives created: 1
17:59:38 | INFO: Extracting primitive: Lamp_base_4
17:59:38 | INFO: Primitives created: 1
17:59:38 | INFO: Extracting primitive: Lamp_base_38
17:59:38 | INFO: Primitives created: 1
17:59:38 | INFO: Extracting primitive: Lamp_base_37
17:59:38 | INFO: Primitives created: 1
17:59:38 | INFO: Extracting primitive: Lamp_base_36
17:59:38 | INFO: Primitives created: 1
17:59:38 | INFO: Extracting primitive: Lamp_base_35
17:59:38 | INFO: Primitives created: 1
17:59:38 | INFO: Extracting primitive: Lamp_base_34
17:59:38 | INFO: Primitives created: 1
17:59:38 | INFO: Extracting primitive: Lamp_base_33
17:59:38 | INFO: Primitives created: 1
17:59:38 | INFO: Extracting primitive: Lamp_base_32
17:59:38 | INFO: Primitives created: 1
17:59:38 | INFO: Extracting primitive: Lamp_base_31
17:59:38 | INFO: Primitives created: 1
17:59:38 | INFO: Extracting primitive: Lamp_base_30
17:59:38 | INFO: Primitives created: 1
17:59:38 | INFO: Extracting primitive: Lamp_base_3
17:59:38 | INFO: Primitives created: 1
17:59:38 | INFO: Extracting primitive: Lamp_base_29
17:59:38 | INFO: Primitives created: 1
17:59:38 | INFO: Extracting primitive: Lamp_base_28
17:59:38 | INFO: Primitives created: 1
17:59:38 | INFO: Extracting primitive: Lamp_base_27
17:59:38 | INFO: Primitives created: 1
17:59:38 | INFO: Extracting primitive: Lamp_base_26
17:59:38 | INFO: Primitives created: 1
17:59:38 | INFO: Extracting primitive: Lamp_base_25
17:59:38 | INFO: Primitives created: 1
17:59:38 | INFO: Extracting primitive: Lamp_base_24
17:59:38 | INFO: Primitives created: 1
17:59:38 | INFO: Extracting primitive: Lamp_base_23
17:59:38 | INFO: Primitives created: 1
17:59:38 | INFO: Extracting primitive: Lamp_base_22
17:59:38 | INFO: Primitives created: 1
17:59:38 | INFO: Extracting primitive: Lamp_base_21
17:59:38 | INFO: Primitives created: 1
17:59:38 | INFO: Extracting primitive: Lamp_base_20
17:59:38 | INFO: Primitives created: 1
17:59:38 | INFO: Extracting primitive: Lamp_base_2
17:59:38 | INFO: Primitives created: 1
17:59:38 | INFO: Extracting primitive: Lamp_base_19
17:59:38 | INFO: Primitives created: 1
17:59:38 | INFO: Extracting primitive: Lamp_base_18
17:59:38 | INFO: Primitives created: 1
17:59:38 | INFO: Extracting primitive: Lamp_base_17
17:59:38 | INFO: Primitives created: 1
17:59:38 | INFO: Extracting primitive: Lamp_base_16
17:59:38 | INFO: Primitives created: 1
17:59:38 | INFO: Extracting primitive: Lamp_base_15
17:59:38 | INFO: Primitives created: 1
17:59:38 | INFO: Extracting primitive: Lamp_base_14
17:59:38 | INFO: Primitives created: 1
17:59:38 | INFO: Extracting primitive: Lamp_base_13
17:59:38 | INFO: Primitives created: 1
17:59:38 | INFO: Extracting primitive: Lamp_base_12
17:59:38 | INFO: Primitives created: 1
17:59:38 | INFO: Extracting primitive: Lamp_base_11
17:59:38 | INFO: Primitives created: 1
17:59:38 | INFO: Extracting primitive: Lamp_base_10
17:59:38 | INFO: Primitives created: 1
17:59:38 | INFO: Extracting primitive: Lamp_base_1
17:59:38 | INFO: Primitives created: 1
17:59:38 | INFO: Extracting primitive: Lamp_base_0
17:59:38 | INFO: Primitives created: 1
17:59:38 | INFO: Extracting primitive: Gate_marker_9_1
17:59:38 | INFO: Primitives created: 1
17:59:38 | INFO: Extracting primitive: Gate_marker_9_-1
17:59:38 | INFO: Primitives created: 1
17:59:38 | INFO: Extracting primitive: Gate_marker_8_1
17:59:38 | INFO: Primitives created: 1
17:59:38 | INFO: Extracting primitive: Gate_marker_8_-1
17:59:38 | INFO: Primitives created: 1
17:59:38 | INFO: Extracting primitive: Gate_marker_7_1
17:59:38 | INFO: Primitives created: 1
17:59:38 | INFO: Extracting primitive: Gate_marker_7_-1
17:59:38 | INFO: Primitives created: 1
17:59:38 | INFO: Extracting primitive: Gate_marker_6_1
17:59:38 | INFO: Primitives created: 1
17:59:38 | INFO: Extracting primitive: Gate_marker_6_-1
17:59:38 | INFO: Primitives created: 1
17:59:38 | INFO: Extracting primitive: Gate_marker_5_1
17:59:38 | INFO: Primitives created: 1
17:59:38 | INFO: Extracting primitive: Gate_marker_5_-1
17:59:38 | INFO: Primitives created: 1
17:59:38 | INFO: Extracting primitive: Gate_marker_4_1
17:59:38 | INFO: Primitives created: 1
17:59:38 | INFO: Extracting primitive: Gate_marker_4_-1
17:59:38 | INFO: Primitives created: 1
17:59:38 | INFO: Extracting primitive: Gate_marker_3_1
17:59:38 | INFO: Primitives created: 1
17:59:38 | INFO: Extracting primitive: Gate_marker_3_-1
17:59:38 | INFO: Primitives created: 1
17:59:38 | INFO: Extracting primitive: Gate_marker_2_1
17:59:38 | INFO: Primitives created: 1
17:59:38 | INFO: Extracting primitive: Gate_marker_2_-1
17:59:38 | INFO: Primitives created: 1
17:59:38 | INFO: Extracting primitive: Gate_marker_1_1
17:59:38 | INFO: Primitives created: 1
17:59:38 | INFO: Extracting primitive: Gate_marker_1_-1
17:59:38 | INFO: Primitives created: 1
17:59:38 | INFO: Extracting primitive: Gate_marker_15_1
17:59:38 | INFO: Primitives created: 1
17:59:38 | INFO: Extracting primitive: Gate_marker_15_-1
17:59:38 | INFO: Primitives created: 1
17:59:38 | INFO: Extracting primitive: Gate_marker_14_1
17:59:38 | INFO: Primitives created: 1
17:59:38 | INFO: Extracting primitive: Gate_marker_14_-1
17:59:38 | INFO: Primitives created: 1
17:59:38 | INFO: Extracting primitive: Gate_marker_13_1
17:59:38 | INFO: Primitives created: 1
17:59:38 | INFO: Extracting primitive: Gate_marker_13_-1
17:59:38 | INFO: Primitives created: 1
17:59:38 | INFO: Extracting primitive: Gate_marker_12_1
17:59:38 | INFO: Primitives created: 1
17:59:38 | INFO: Extracting primitive: Gate_marker_12_-1
17:59:38 | INFO: Primitives created: 1
17:59:38 | INFO: Extracting primitive: Gate_marker_11_1
17:59:38 | INFO: Primitives created: 1
17:59:38 | INFO: Extracting primitive: Gate_marker_11_-1
17:59:38 | INFO: Primitives created: 1
17:59:38 | INFO: Extracting primitive: Gate_marker_10_1
17:59:38 | INFO: Primitives created: 1
17:59:38 | INFO: Extracting primitive: Gate_marker_10_-1
17:59:38 | INFO: Primitives created: 1
17:59:38 | INFO: Extracting primitive: Gate_marker_0_1
17:59:38 | INFO: Primitives created: 1
17:59:38 | INFO: Extracting primitive: Gate_marker_0_-1
17:59:38 | INFO: Primitives created: 1
17:59:38 | INFO: Extracting primitive: Freight_container_8_0
17:59:38 | INFO: Primitives created: 1
17:59:38 | INFO: Extracting primitive: Freight_container_7_0
17:59:38 | INFO: Primitives created: 1
17:59:38 | INFO: Extracting primitive: Freight_container_6_1
17:59:38 | INFO: Primitives created: 1
17:59:38 | INFO: Extracting primitive: Freight_container_6_0
17:59:38 | INFO: Primitives created: 1
17:59:38 | INFO: Extracting primitive: Freight_container_5_0
17:59:38 | INFO: Primitives created: 1
17:59:38 | INFO: Extracting primitive: Freight_container_4_0
17:59:38 | INFO: Primitives created: 1
17:59:38 | INFO: Extracting primitive: Freight_container_3_1
17:59:38 | INFO: Primitives created: 1
17:59:38 | INFO: Extracting primitive: Freight_container_3_0
17:59:38 | INFO: Primitives created: 1
17:59:38 | INFO: Extracting primitive: Freight_container_2_0
17:59:38 | INFO: Primitives created: 1
17:59:38 | INFO: Extracting primitive: Freight_container_1_0
17:59:38 | INFO: Primitives created: 1
17:59:38 | INFO: Extracting primitive: Freight_container_0_1
17:59:38 | INFO: Primitives created: 1
17:59:38 | INFO: Extracting primitive: Freight_container_0_0
17:59:38 | INFO: Primitives created: 1
17:59:38 | INFO: Extracting primitive: finish_line_paint
17:59:38 | INFO: Primitives created: 1
17:59:38 | INFO: Extracting primitive: curbs_exact_route_colliders
17:59:38 | WARNING: More than one shader node tex image used for a texture. The resulting glTF sampler will behave like the first shader node tex image.
17:59:38 | INFO: Primitives created: 1
17:59:38 | INFO: Extracting primitive: barriers_exact_route_colliders
17:59:38 | INFO: Primitives created: 1
17:59:38 | INFO: Finished glTF 2.0 export in 1.3512821197509766 s
