{"dir":"director-kit/production/evidence/P06C/video-final","attempt":0,"seconds":0,"phase":"countdown","order":[["maya",1,"running"],["jett",1,"running"],["nico",1,"running"],["player",1,"running"]]}
{"dir":"director-kit/production/evidence/P06C/video-final","attempt":0,"seconds":0.7499999999999997,"phase":"running","order":[["maya",1,"running"],["jett",1,"running"],["nico",1,"running"],["player",1,"running"]]}
{"dir":"director-kit/production/evidence/P06C/video-final","attempt":0,"seconds":1.7833333333333357,"phase":"running","order":[["maya",1,"running"],["jett",1,"running"],["nico",1,"running"],["player",1,"running"]]}
{"dir":"director-kit/production/evidence/P06C/video-final","attempt":0,"seconds":2.7999999999999967,"phase":"running","order":[["maya",1,"running"],["jett",1,"running"],["nico",1,"running"],["player",1,"running"]]}
{"dir":"director-kit/production/evidence/P06C/video-final","attempt":0,"seconds":3.8333333333333206,"phase":"running","order":[["maya",1,"running"],["jett",1,"running"],["player",1,"running"],["nico",1,"running"]]}
{"dir":"director-kit/production/evidence/P06C/video-final","attempt":0,"seconds":4.849999999999999,"phase":"running","order":[["maya",1,"running"],["jett",1,"running"],["player",1,"running"],["nico",1,"running"]]}
{"dir":"director-kit/production/evidence/P06C/video-final","attempt":0,"seconds":5.866666666666684,"phase":"running","order":[["maya",1,"running"],["jett",1,"running"],["player",1,"running"],["nico",1,"running"]]}
{"dir":"director-kit/production/evidence/P06C/video-final","attempt":0,"seconds":8.08333333333339,"phase":"running","order":[["maya",1,"running"],["jett",1,"running"],["player",1,"running"],["nico",1,"running"]]}
{"dir":"director-kit/production/evidence/P06C/video-final","attempt":0,"seconds":9.066666666666695,"phase":"running","order":[["maya",1,"running"],["jett",1,"running"],["player",1,"running"],["nico",1,"running"]]}
{"dir":"director-kit/production/evidence/P06C/video-final","attempt":0,"seconds":10.116666666666656,"phase":"running","order":[["maya",1,"running"],["jett",1,"running"],["player",1,"running"],["nico",1,"running"]]}
{"dir":"director-kit/production/evidence/P06C/video-final","attempt":0,"seconds":11.183333333333286,"phase":"running","order":[["maya",1,"running"],["jett",1,"running"],["player",1,"running"],["nico",1,"running"]]}
{"dir":"director-kit/production/evidence/P06C/video-final","attempt":0,"seconds":12.21666666666658,"phase":"running","order":[["maya",1,"running"],["jett",1,"running"],["player",1,"running"],["nico",1,"running"]]}
{"dir":"director-kit/production/evidence/P06C/video-final","attempt":0,"seconds":13.249999999999876,"phase":"running","order":[["maya",1,"running"],["jett",1,"running"],["player",1,"running"],["nico",1,"running"]]}
{"dir":"director-kit/production/evidence/P06C/video-final","attempt":0,"seconds":14.266666666666506,"phase":"running","order":[["maya",1,"running"],["jett",1,"running"],["player",1,"running"],["nico",1,"running"]]}
{"dir":"director-kit/production/evidence/P06C/video-final","attempt":0,"seconds":15.299999999999802,"phase":"running","order":[["maya",1,"running"],["jett",1,"running"],["player",1,"running"],["nico",1,"running"]]}
{"dir":"director-kit/production/evidence/P06C/video-final","attempt":0,"seconds":16.299999999999766,"phase":"running","order":[["maya",1,"running"],["jett",1,"running"],["player",1,"running"],["nico",1,"running"]]}
{"dir":"director-kit/production/evidence/P06C/video-final","attempt":0,"seconds":17.34999999999983,"phase":"running","order":[["maya",1,"running"],["jett",1,"running"],["player",1,"running"],["nico",1,"running"]]}
{"dir":"director-kit/production/evidence/P06C/video-final","attempt":0,"seconds":18.366666666666575,"phase":"running","order":[["maya",1,"running"],["jett",1,"running"],["player",1,"running"],["nico",1,"running"]]}
{"dir":"director-kit/production/evidence/P06C/video-final","attempt":0,"seconds":19.383333333333315,"phase":"running","order":[["maya",1,"running"],["jett",1,"running"],["player",1,"running"],["nico",1,"running"]]}
{"dir":"director-kit/production/evidence/P06C/video-final","attempt":0,"seconds":20.43333333333339,"phase":"running","order":[["maya",1,"running"],["jett",1,"running"],["player",1,"running"],["nico",1,"running"]]}
{"dir":"director-kit/production/evidence/P06C/video-final","attempt":0,"seconds":21.45000000000013,"phase":"running","order":[["maya",1,"running"],["jett",1,"running"],["player",1,"running"],["nico",1,"running"]]}
{"dir":"director-kit/production/evidence/P06C/video-final","attempt":0,"seconds":22.500000000000206,"phase":"running","order":[["maya",1,"running"],["jett",1,"running"],["player",1,"running"],["nico",1,"running"]]}
{"dir":"director-kit/production/evidence/P06C/video-final","attempt":0,"seconds":23.533333333333616,"phase":"running","order":[["maya",1,"running"],["jett",1,"running"],["player",1,"running"],["nico",1,"running"]]}
{"dir":"director-kit/production/evidence/P06C/video-final","attempt":0,"seconds":24.566666666667025,"phase":"running","order":[["maya",1,"running"],["jett",1,"running"],["player",1,"running"],["nico",1,"running"]]}
{"dir":"director-kit/production/evidence/P06C/video-final","attempt":0,"seconds":26.533333333333836,"phase":"running","order":[["maya",1,"running"],["jett",1,"running"],["player",1,"running"],["nico",1,"running"]]}
{"dir":"director-kit/production/evidence/P06C/video-final","attempt":0,"seconds":27.600000000000577,"phase":"running","order":[["maya",1,"running"],["jett",1,"running"],["player",1,"running"],["nico",1,"running"]]}
{"dir":"director-kit/production/evidence/P06C/video-final","attempt":0,"seconds":28.650000000000656,"phase":"running","order":[["maya",1,"running"],["jett",1,"running"],["player",1,"running"],["nico",1,"running"]]}
{"dir":"director-kit/production/evidence/P06C/video-final","attempt":0,"seconds":29.666666666667396,"phase":"running","order":[["maya",1,"running"],["jett",1,"running"],["player",1,"running"],["nico",1,"running"]]}
{"dir":"director-kit/production/evidence/P06C/video-final","attempt":0,"seconds":30.73333333333414,"phase":"running","order":[["maya",1,"running"],["jett",1,"running"],["player",1,"running"],["nico",1,"running"]]}
{"dir":"director-kit/production/evidence/P06C/video-final","attempt":0,"seconds":31.766666666667547,"phase":"running","order":[["maya",1,"running"],["jett",1,"running"],["player",1,"running"],["nico",1,"running"]]}
{"dir":"director-kit/production/evidence/P06C/video-final","attempt":0,"seconds":32.816666666667615,"phase":"running","order":[["maya",1,"running"],["jett",1,"running"],["player",1,"running"],["nico",1,"running"]]}
{"dir":"director-kit/production/evidence/P06C/video-final","attempt":0,"seconds":33.83333333333414,"phase":"running","order":[["maya",1,"running"],["jett",1,"running"],["player",1,"running"],["nico",1,"running"]]}
{"dir":"director-kit/production/evidence/P06C/video-final","attempt":0,"seconds":34.91666666666731,"phase":"running","order":[["maya",1,"running"],["jett",1,"running"],["player",1,"running"],["nico",1,"running"]]}
{"dir":"director-kit/production/evidence/P06C/video-final","attempt":0,"seconds":35.93333333333383,"phase":"running","order":[["maya",1,"running"],["jett",1,"running"],["player",1,"running"],["nico",1,"running"]]}
{"dir":"director-kit/production/evidence/P06C/video-final","attempt":0,"seconds":36.983333333333675,"phase":"running","order":[["maya",1,"running"],["jett",1,"running"],["player",1,"running"],["nico",1,"running"]]}
{"dir":"director-kit/production/evidence/P06C/video-final","attempt":0,"seconds":37.98333333333353,"phase":"running","order":[["maya",1,"running"],["jett",1,"running"],["player",1,"running"],["nico",1,"running"]]}
{"dir":"director-kit/production/evidence/P06C/video-final","attempt":0,"seconds":39.016666666666715,"phase":"running","order":[["maya",1,"running"],["jett",1,"running"],["player",1,"running"],["nico",1,"running"]]}
{"dir":"director-kit/production/evidence/P06C/video-final","attempt":0,"seconds":40.0499999999999,"phase":"running","order":[["maya",1,"running"],["jett",1,"running"],["player",1,"running"],["nico",1,"running"]]}
{"dir":"director-kit/production/evidence/P06C/video-final","attempt":0,"seconds":41.08333333333308,"phase":"running","order":[["maya",1,"running"],["jett",1,"running"],["player",1,"running"],["nico",1,"running"]]}
{"dir":"director-kit/production/evidence/P06C/video-final","attempt":0,"seconds":42.11666666666626,"phase":"running","order":[["maya",1,"running"],["jett",1,"running"],["player",1,"running"],["nico",1,"running"]]}
{"dir":"director-kit/production/evidence/P06C/video-final","attempt":0,"seconds":43.149999999999444,"phase":"running","order":[["maya",1,"running"],["jett",1,"running"],["player",1,"running"],["nico",1,"running"]]}
{"dir":"director-kit/production/evidence/P06C/video-final","attempt":0,"seconds":44.18333333333263,"phase":"running","order":[["maya",1,"running"],["jett",1,"running"],["player",1,"running"],["nico",1,"running"]]}
{"dir":"director-kit/production/evidence/P06C/video-final","attempt":0,"seconds":45.216666666665816,"phase":"running","order":[["maya",1,"running"],["jett",1,"running"],["player",1,"running"],["nico",1,"running"]]}
{"dir":"director-kit/production/evidence/P06C/video-final","attempt":0,"seconds":46.249999999999,"phase":"running","order":[["maya",1,"running"],["jett",1,"running"],["player",1,"running"],["nico",1,"running"]]}
{"dir":"director-kit/production/evidence/P06C/video-final","attempt":0,"seconds":47.28333333333218,"phase":"running","order":[["maya",1,"running"],["jett",1,"running"],["player",1,"running"],["nico",1,"running"]]}
{"dir":"director-kit/production/evidence/P06C/video-final","attempt":0,"seconds":48.2999999999987,"phase":"running","order":[["maya",1,"running"],["jett",1,"running"],["player",1,"running"],["nico",1,"running"]]}
{"dir":"director-kit/production/evidence/P06C/video-final","attempt":0,"seconds":49.33333333333188,"phase":"running","order":[["maya",1,"running"],["jett",1,"running"],["player",1,"running"],["nico",1,"running"]]}
{"dir":"director-kit/production/evidence/P06C/video-final","attempt":0,"seconds":50.38333333333173,"phase":"running","order":[["maya",1,"running"],["jett",1,"running"],["player",1,"running"],["nico",1,"running"]]}
{"dir":"director-kit/production/evidence/P06C/video-final","attempt":0,"seconds":51.41666666666491,"phase":"running","order":[["maya",1,"running"],["jett",1,"running"],["player",1,"running"],["nico",1,"running"]]}
{"dir":"director-kit/production/evidence/P06C/video-final","attempt":0,"seconds":52.46666666666476,"phase":"running","order":[["maya",1,"running"],["jett",1,"running"],["player",1,"running"],["nico",1,"running"]]}
{"dir":"director-kit/production/evidence/P06C/video-final","attempt":0,"seconds":53.516666666664605,"phase":"running","order":[["maya",1,"running"],["jett",1,"running"],["player",1,"running"],["nico",1,"running"]]}
{"dir":"director-kit/production/evidence/P06C/video-final","attempt":0,"seconds":54.54999999999779,"phase":"running","order":[["maya",1,"running"],["jett",1,"running"],["player",1,"running"],["nico",1,"running"]]}
{"dir":"director-kit/production/evidence/P06C/video-final","attempt":0,"seconds":55.599999999997635,"phase":"running","order":[["maya",1,"running"],["jett",1,"running"],["player",1,"running"],["nico",1,"running"]]}
{"dir":"director-kit/production/evidence/P06C/video-final","attempt":0,"seconds":56.64999999999748,"phase":"running","order":[["maya",1,"running"],["jett",1,"running"],["player",1,"running"],["nico",1,"running"]]}
{"dir":"director-kit/production/evidence/P06C/video-final","attempt":0,"seconds":57.69999999999733,"phase":"running","order":[["maya",1,"running"],["jett",1,"running"],["player",1,"running"],["nico",1,"running"]]}
{"dir":"director-kit/production/evidence/P06C/video-final","attempt":0,"seconds":58.76666666666384,"phase":"running","order":[["maya",1,"running"],["jett",1,"running"],["player",1,"running"],["nico",1,"running"]]}
{"dir":"director-kit/production/evidence/P06C/video-final","attempt":0,"seconds":59.79999999999703,"phase":"running","order":[["maya",1,"running"],["jett",1,"running"],["player",1,"running"],["nico",1,"running"]]}
{"dir":"director-kit/production/evidence/P06C/video-final","attempt":0,"seconds":60.84999999999687,"phase":"running","order":[["maya",1,"running"],["jett",1,"running"],["player",1,"running"],["nico",1,"running"]]}
{"dir":"director-kit/production/evidence/P06C/video-final","attempt":0,"seconds":61.88333333333006,"phase":"running","order":[["maya",1,"running"],["jett",1,"running"],["player",1,"running"],["nico",1,"running"]]}
{"dir":"director-kit/production/evidence/P06C/video-final","attempt":0,"seconds":62.949999999996564,"phase":"running","order":[["maya",1,"running"],["jett",1,"running"],["player",1,"running"],["nico",1,"running"]]}
{"dir":"director-kit/production/evidence/P06C/video-final","attempt":0,"seconds":63.96666666666309,"phase":"running","order":[["maya",1,"running"],["jett",1,"running"],["player",1,"running"],["nico",1,"running"]]}
{"dir":"director-kit/production/evidence/P06C/video-final","attempt":0,"seconds":64.99999999999626,"phase":"running","order":[["maya",1,"running"],["jett",1,"running"],["player",1,"running"],["nico",1,"running"]]}
{"dir":"director-kit/production/evidence/P06C/video-final","attempt":0,"seconds":66.01666666666299,"phase":"running","order":[["maya",1,"running"],["jett",1,"running"],["player",1,"running"],["nico",1,"running"]]}
{"dir":"director-kit/production/evidence/P06C/video-final","attempt":0,"seconds":67.03333333332995,"phase":"running","order":[["maya",1,"running"],["jett",1,"running"],["player",1,"running"],["nico",1,"running"]]}
{"dir":"director-kit/production/evidence/P06C/video-final","attempt":0,"seconds":68.0666666666636,"phase":"running","order":[["maya",1,"running"],["jett",1,"running"],["player",1,"running"],["nico",1,"running"]]}
{"dir":"director-kit/production/evidence/P06C/video-final","attempt":0,"seconds":69.09999999999722,"phase":"running","order":[["maya",1,"running"],["jett",1,"running"],["player",1,"running"],["nico",1,"running"]]}
{"dir":"director-kit/production/evidence/P06C/video-final","attempt":0,"seconds":70.13333333333085,"phase":"running","order":[["maya",1,"running"],["jett",1,"running"],["player",1,"running"],["nico",1,"running"]]}
{"dir":"director-kit/production/evidence/P06C/video-final","attempt":0,"seconds":71.13333333333115,"phase":"running","order":[["maya",1,"running"],["jett",1,"running"],["player",1,"running"],["nico",1,"running"]]}
{"dir":"director-kit/production/evidence/P06C/video-final","attempt":0,"seconds":72.1499999999981,"phase":"running","order":[["maya",1,"running"],["jett",1,"running"],["player",1,"running"],["nico",1,"running"]]}
{"dir":"director-kit/production/evidence/P06C/video-final","attempt":0,"seconds":73.18333333333175,"phase":"running","order":[["maya",1,"running"],["jett",1,"running"],["player",1,"running"],["nico",1,"running"]]}
{"dir":"director-kit/production/evidence/P06C/video-final","attempt":0,"seconds":74.19999999999871,"phase":"running","order":[["maya",1,"running"],["jett",1,"running"],["player",1,"running"],["nico",1,"running"]]}
{"dir":"director-kit/production/evidence/P06C/video-final","attempt":0,"seconds":75.21666666666567,"phase":"running","order":[["maya",1,"running"],["jett",1,"running"],["player",1,"running"],["nico",1,"running"]]}
{"dir":"director-kit/production/evidence/P06C/video-final","attempt":0,"seconds":76.26666666666597,"phase":"running","order":[["maya",1,"running"],["jett",1,"running"],["player",1,"running"],["nico",1,"running"]]}
{"dir":"director-kit/production/evidence/P06C/video-final","attempt":0,"seconds":77.29999999999961,"phase":"running","order":[["maya",1,"running"],["jett",1,"running"],["player",1,"running"],["nico",1,"running"]]}
{"dir":"director-kit/production/evidence/P06C/video-final","attempt":0,"seconds":78.33333333333324,"phase":"running","order":[["maya",1,"running"],["jett",1,"running"],["player",1,"running"],["nico",1,"running"]]}
{"dir":"director-kit/production/evidence/P06C/video-final","attempt":0,"seconds":79.36666666666687,"phase":"running","order":[["maya",1,"running"],["jett",1,"running"],["player",1,"running"],["nico",1,"running"]]}
{"dir":"director-kit/production/evidence/P06C/video-final","attempt":0,"seconds":80.41666666666718,"phase":"running","order":[["maya",1,"running"],["jett",1,"running"],["player",1,"running"],["nico",1,"running"]]}
{"dir":"director-kit/production/evidence/P06C/video-final","attempt":0,"seconds":81.53333333333417,"phase":"running","order":[["maya",1,"running"],["jett",1,"running"],["player",1,"running"],["nico",1,"running"]]}
{"dir":"director-kit/production/evidence/P06C/video-final","attempt":0,"seconds":82.58333333333448,"phase":"running","order":[["maya",1,"running"],["jett",1,"running"],["player",1,"running"],["nico",1,"running"]]}
{"dir":"director-kit/production/evidence/P06C/video-final","attempt":0,"seconds":83.63333333333479,"phase":"running","order":[["maya",2,"running"],["jett",1,"running"],["player",1,"running"],["nico",1,"running"]]}
{"dir":"director-kit/production/evidence/P06C/video-final","attempt":0,"seconds":84.63333333333507,"phase":"running","order":[["maya",2,"running"],["jett",2,"running"],["player",1,"running"],["nico",1,"running"]]}
{"dir":"director-kit/production/evidence/P06C/video-final","attempt":0,"seconds":85.6666666666687,"phase":"running","order":[["maya",2,"running"],["jett",2,"running"],["player",1,"running"],["nico",1,"running"]]}
{"dir":"director-kit/production/evidence/P06C/video-final","attempt":0,"seconds":86.71666666666901,"phase":"running","order":[["maya",2,"running"],["jett",2,"running"],["player",2,"running"],["nico",1,"running"]]}
{"dir":"director-kit/production/evidence/P06C/video-final","attempt":0,"seconds":87.75000000000264,"phase":"running","order":[["maya",2,"running"],["jett",2,"running"],["player",2,"running"],["nico",1,"running"]]}
{"dir":"director-kit/production/evidence/P06C/video-final","attempt":0,"seconds":88.75000000000294,"phase":"running","order":[["maya",2,"running"],["jett",2,"running"],["player",2,"running"],["nico",2,"running"]]}
{"dir":"director-kit/production/evidence/P06C/video-final","attempt":0,"seconds":89.78333333333657,"phase":"running","order":[["maya",2,"running"],["jett",2,"running"],["player",2,"running"],["nico",2,"running"]]}
{"dir":"director-kit/production/evidence/P06C/video-final","attempt":0,"seconds":90.80000000000354,"phase":"running","order":[["maya",2,"running"],["jett",2,"running"],["player",2,"running"],["nico",2,"running"]]}
{"dir":"director-kit/production/evidence/P06C/video-final","attempt":0,"seconds":91.85000000000385,"phase":"running","order":[["maya",2,"running"],["jett",2,"running"],["player",2,"running"],["nico",2,"running"]]}
{"dir":"director-kit/production/evidence/P06C/video-final","attempt":0,"seconds":92.88333333333748,"phase":"running","order":[["maya",2,"running"],["jett",2,"running"],["player",2,"running"],["nico",2,"running"]]}
{"dir":"director-kit/production/evidence/P06C/video-final","attempt":0,"seconds":93.90000000000444,"phase":"running","order":[["maya",2,"running"],["jett",2,"running"],["player",2,"running"],["nico",2,"running"]]}
{"dir":"director-kit/production/evidence/P06C/video-final","attempt":0,"seconds":94.95000000000475,"phase":"running","order":[["maya",2,"running"],["jett",2,"running"],["player",2,"running"],["nico",2,"running"]]}
{"dir":"director-kit/production/evidence/P06C/video-final","attempt":0,"seconds":96.00000000000504,"phase":"running","order":[["maya",2,"running"],["jett",2,"running"],["player",2,"running"],["nico",2,"running"]]}
{"dir":"director-kit/production/evidence/P06C/video-final","attempt":0,"seconds":98.05000000000565,"phase":"running","order":[["maya",2,"running"],["jett",2,"running"],["player",2,"running"],["nico",2,"running"]]}
{"dir":"director-kit/production/evidence/P06C/video-final","attempt":0,"seconds":99.11666666667263,"phase":"running","order":[["maya",2,"running"],["jett",2,"running"],["player",2,"running"],["nico",2,"running"]]}
{"dir":"director-kit/production/evidence/P06C/video-final","attempt":0,"seconds":100.05000000000622,"phase":"running","order":[["maya",2,"running"],["jett",2,"running"],["player",2,"running"],["nico",2,"running"]]}
{"dir":"director-kit/production/evidence/P06C/video-final","attempt":0,"seconds":101.18333333333989,"phase":"running","order":[["maya",2,"running"],["jett",2,"running"],["player",2,"running"],["nico",2,"running"]]}
{"dir":"director-kit/production/evidence/P06C/video-final","attempt":0,"seconds":102.21666666667353,"phase":"running","order":[["maya",2,"running"],["jett",2,"running"],["player",2,"running"],["nico",2,"running"]]}
{"dir":"director-kit/production/evidence/P06C/video-final","attempt":0,"seconds":103.23333333334048,"phase":"running","order":[["maya",2,"running"],["jett",2,"running"],["player",2,"running"],["nico",2,"running"]]}
{"dir":"director-kit/production/evidence/P06C/video-final","attempt":0,"seconds":104.25000000000745,"phase":"running","order":[["maya",2,"running"],["jett",2,"running"],["player",2,"running"],["nico",2,"running"]]}
{"dir":"director-kit/production/evidence/P06C/video-final","attempt":0,"seconds":105.28333333334109,"phase":"running","order":[["maya",2,"running"],["jett",2,"running"],["player",2,"running"],["nico",2,"running"]]}
{"dir":"director-kit/production/evidence/P06C/video-final","attempt":0,"seconds":106.31666666667472,"phase":"running","order":[["maya",2,"running"],["jett",2,"running"],["player",2,"running"],["nico",2,"running"]]}
{"dir":"director-kit/production/evidence/P06C/video-final","attempt":0,"seconds":107.35000000000835,"phase":"running","order":[["maya",2,"running"],["jett",2,"running"],["player",2,"running"],["nico",2,"running"]]}
{"dir":"director-kit/production/evidence/P06C/video-final","attempt":0,"seconds":108.38333333334198,"phase":"running","order":[["maya",2,"running"],["jett",2,"running"],["player",2,"running"],["nico",2,"running"]]}
{"dir":"director-kit/production/evidence/P06C/video-final","attempt":0,"seconds":109.41666666667562,"phase":"running","order":[["maya",2,"running"],["jett",2,"running"],["player",2,"running"],["nico",2,"running"]]}
{"dir":"director-kit/production/evidence/P06C/video-final","attempt":0,"seconds":110.45000000000925,"phase":"running","order":[["maya",2,"running"],["jett",2,"running"],["player",2,"running"],["nico",2,"running"]]}
{"dir":"director-kit/production/evidence/P06C/video-final","attempt":0,"seconds":111.50000000000956,"phase":"running","order":[["maya",2,"running"],["jett",2,"running"],["player",2,"running"],["nico",2,"running"]]}
{"dir":"director-kit/production/evidence/P06C/video-final","attempt":0,"seconds":112.5333333333432,"phase":"running","order":[["maya",2,"running"],["jett",2,"running"],["player",2,"running"],["nico",2,"running"]]}
{"dir":"director-kit/production/evidence/P06C/video-final","attempt":0,"seconds":113.53333333334349,"phase":"running","order":[["maya",2,"running"],["jett",2,"running"],["player",2,"running"],["nico",2,"running"]]}
{"dir":"director-kit/production/evidence/P06C/video-final","attempt":0,"seconds":114.55000000001044,"phase":"running","order":[["maya",2,"running"],["jett",2,"running"],["player",2,"running"],["nico",2,"running"]]}
{"dir":"director-kit/production/evidence/P06C/video-final","attempt":0,"seconds":115.61666666667743,"phase":"running","order":[["maya",2,"running"],["jett",2,"running"],["player",2,"running"],["nico",2,"running"]]}
{"dir":"director-kit/production/evidence/P06C/video-final","attempt":0,"seconds":116.63333333334438,"phase":"running","order":[["maya",2,"running"],["jett",2,"running"],["player",2,"running"],["nico",2,"running"]]}
{"dir":"director-kit/production/evidence/P06C/video-final","attempt":0,"seconds":117.65000000001135,"phase":"running","order":[["maya",2,"running"],["jett",2,"running"],["player",2,"running"],["nico",2,"running"]]}
{"dir":"director-kit/production/evidence/P06C/video-final","attempt":0,"seconds":118.70000000001166,"phase":"running","order":[["maya",2,"running"],["jett",2,"running"],["player",2,"running"],["nico",2,"running"]]}
{"dir":"director-kit/production/evidence/P06C/video-final","attempt":0,"seconds":119.68333333334527,"phase":"running","order":[["maya",2,"running"],["jett",2,"running"],["player",2,"running"],["nico",2,"running"]]}
{"dir":"director-kit/production/evidence/P06C/video-final","attempt":0,"seconds":120.75000000001225,"phase":"running","order":[["maya",2,"running"],["jett",2,"running"],["player",2,"running"],["nico",2,"running"]]}
{"dir":"director-kit/production/evidence/P06C/video-final","attempt":0,"seconds":121.7833333333459,"phase":"running","order":[["maya",2,"running"],["jett",2,"running"],["player",2,"running"],["nico",2,"running"]]}
{"dir":"director-kit/production/evidence/P06C/video-final","attempt":0,"seconds":122.80000000001284,"phase":"running","order":[["maya",2,"running"],["jett",2,"running"],["player",2,"running"],["nico",2,"running"]]}
{"dir":"director-kit/production/evidence/P06C/video-final","attempt":0,"seconds":123.83333333334649,"phase":"running","order":[["maya",2,"running"],["jett",2,"running"],["player",2,"running"],["nico",2,"running"]]}
{"dir":"director-kit/production/evidence/P06C/video-final","attempt":0,"seconds":124.88333333334678,"phase":"running","order":[["maya",2,"running"],["jett",2,"running"],["player",2,"running"],["nico",2,"running"]]}
{"dir":"director-kit/production/evidence/P06C/video-final","attempt":0,"seconds":125.95000000001377,"phase":"running","order":[["maya",2,"running"],["jett",2,"running"],["player",2,"running"],["nico",2,"running"]]}
{"dir":"director-kit/production/evidence/P06C/video-final","attempt":0,"seconds":126.9833333333474,"phase":"running","order":[["maya",2,"running"],["jett",2,"running"],["player",2,"running"],["nico",2,"running"]]}
{"dir":"director-kit/production/evidence/P06C/video-final","attempt":0,"seconds":128.01666666668103,"phase":"running","order":[["maya",2,"running"],["jett",2,"running"],["player",2,"running"],["nico",2,"running"]]}
{"dir":"director-kit/production/evidence/P06C/video-final","attempt":0,"seconds":129.05000000001468,"phase":"running","order":[["maya",2,"running"],["jett",2,"running"],["player",2,"running"],["nico",2,"running"]]}
{"dir":"director-kit/production/evidence/P06C/video-final","attempt":0,"seconds":130.0833333333483,"phase":"running","order":[["maya",2,"running"],["jett",2,"running"],["player",2,"running"],["nico",2,"running"]]}
{"dir":"director-kit/production/evidence/P06C/video-final","attempt":0,"seconds":131.10000000001526,"phase":"running","order":[["maya",2,"running"],["jett",2,"running"],["player",2,"running"],["nico",2,"running"]]}
{"dir":"director-kit/production/evidence/P06C/video-final","attempt":0,"seconds":132.1666666666813,"phase":"running","order":[["maya",2,"running"],["jett",2,"running"],["player",2,"running"],["nico",2,"running"]]}
{"dir":"director-kit/production/evidence/P06C/video-final","attempt":0,"seconds":133.20000000001403,"phase":"running","order":[["maya",2,"running"],["jett",2,"running"],["player",2,"running"],["nico",2,"running"]]}
{"dir":"director-kit/production/evidence/P06C/video-final","attempt":0,"seconds":134.26666666668007,"phase":"running","order":[["maya",2,"running"],["jett",2,"running"],["player",2,"running"],["nico",2,"running"]]}
{"dir":"director-kit/production/evidence/P06C/video-final","attempt":0,"seconds":135.3000000000128,"phase":"running","order":[["maya",2,"running"],["jett",2,"running"],["player",2,"running"],["nico",2,"running"]]}
{"dir":"director-kit/production/evidence/P06C/video-final","attempt":0,"seconds":136.33333333334554,"phase":"running","order":[["maya",2,"running"],["jett",2,"running"],["player",2,"running"],["nico",2,"running"]]}
{"dir":"director-kit/production/evidence/P06C/video-final","attempt":0,"seconds":137.41666666667825,"phase":"running","order":[["maya",2,"running"],["jett",2,"running"],["player",2,"running"],["nico",2,"running"]]}
{"dir":"director-kit/production/evidence/P06C/video-final","attempt":0,"seconds":138.45000000001096,"phase":"running","order":[["maya",2,"running"],["jett",2,"running"],["player",2,"running"],["nico",2,"running"]]}
{"dir":"director-kit/production/evidence/P06C/video-final","attempt":0,"seconds":139.4500000000104,"phase":"running","order":[["maya",2,"running"],["jett",2,"running"],["player",2,"running"],["nico",2,"running"]]}
{"dir":"director-kit/production/evidence/P06C/video-final","attempt":0,"seconds":140.51666666667643,"phase":"running","order":[["maya",2,"running"],["jett",2,"running"],["player",2,"running"],["nico",2,"running"]]}
{"dir":"director-kit/production/evidence/P06C/video-final","attempt":0,"seconds":141.56666666667581,"phase":"running","order":[["maya",2,"running"],["jett",2,"running"],["player",2,"running"],["nico",2,"running"]]}
{"dir":"director-kit/production/evidence/P06C/video-final","attempt":0,"seconds":142.6166666666752,"phase":"running","order":[["maya",2,"running"],["jett",2,"running"],["player",2,"running"],["nico",2,"running"]]}
{"dir":"director-kit/production/evidence/P06C/video-final","attempt":0,"seconds":143.66666666667462,"phase":"running","order":[["maya",2,"running"],["jett",2,"running"],["player",2,"running"],["nico",2,"running"]]}
{"dir":"director-kit/production/evidence/P06C/video-final","attempt":0,"seconds":144.68333333334067,"phase":"running","order":[["maya",2,"running"],["jett",2,"running"],["player",2,"running"],["nico",2,"running"]]}
{"dir":"director-kit/production/evidence/P06C/video-final","attempt":0,"seconds":145.75000000000674,"phase":"running","order":[["maya",2,"running"],["jett",2,"running"],["player",2,"running"],["nico",2,"running"]]}
{"dir":"director-kit/production/evidence/P06C/video-final","attempt":0,"seconds":146.78333333333944,"phase":"running","order":[["maya",2,"running"],["jett",2,"running"],["player",2,"running"],["nico",2,"running"]]}
{"dir":"director-kit/production/evidence/P06C/video-final","attempt":0,"seconds":147.83333333333886,"phase":"running","order":[["maya",2,"running"],["jett",2,"running"],["player",2,"running"],["nico",2,"running"]]}
{"dir":"director-kit/production/evidence/P06C/video-final","attempt":0,"seconds":148.83333333333826,"phase":"running","order":[["maya",2,"running"],["jett",2,"running"],["player",2,"running"],["nico",2,"running"]]}
{"dir":"director-kit/production/evidence/P06C/video-final","attempt":0,"seconds":149.93333333333763,"phase":"running","order":[["maya",2,"running"],["jett",2,"running"],["player",2,"running"],["nico",2,"running"]]}
{"dir":"director-kit/production/evidence/P06C/video-final","attempt":0,"seconds":150.96666666667036,"phase":"running","order":[["maya",2,"running"],["jett",2,"running"],["player",2,"running"],["nico",2,"running"]]}
{"dir":"director-kit/production/evidence/P06C/video-final","attempt":0,"seconds":152.0333333333364,"phase":"running","order":[["maya",2,"running"],["jett",2,"running"],["player",2,"running"],["nico",2,"running"]]}
{"dir":"director-kit/production/evidence/P06C/video-final","attempt":0,"seconds":153.05000000000248,"phase":"running","order":[["maya",2,"running"],["jett",2,"running"],["player",2,"running"],["nico",2,"running"]]}
{"dir":"director-kit/production/evidence/P06C/video-final","attempt":0,"seconds":154.11666666666852,"phase":"running","order":[["maya",2,"running"],["jett",2,"running"],["player",2,"running"],["nico",2,"running"]]}
{"dir":"director-kit/production/evidence/P06C/video-final","attempt":0,"seconds":155.15000000000126,"phase":"running","order":[["maya",2,"running"],["jett",2,"running"],["player",2,"running"],["nico",2,"running"]]}
{"dir":"director-kit/production/evidence/P06C/video-final","attempt":0,"seconds":156.183333333334,"phase":"running","order":[["maya",2,"running"],["jett",2,"running"],["player",2,"running"],["nico",2,"running"]]}
{"dir":"director-kit/production/evidence/P06C/video-final","attempt":0,"seconds":157.20000000000005,"phase":"running","order":[["maya",2,"running"],["jett",2,"running"],["player",2,"running"],["nico",2,"running"]]}
{"dir":"director-kit/production/evidence/P06C/video-final","attempt":0,"seconds":158.23333333333278,"phase":"running","order":[["maya",2,"running"],["jett",2,"running"],["player",2,"running"],["nico",2,"running"]]}
{"dir":"director-kit/production/evidence/P06C/video-final","attempt":0,"seconds":159.24999999999886,"phase":"running","order":[["maya",2,"running"],["jett",2,"running"],["player",2,"running"],["nico",2,"running"]]}
{"dir":"director-kit/production/evidence/P06C/video-final","attempt":0,"seconds":160.2499999999983,"phase":"running","order":[["maya",2,"running"],["jett",2,"running"],["player",2,"running"],["nico",2,"running"]]}
{"dir":"director-kit/production/evidence/P06C/video-final","attempt":0,"seconds":161.26666666666435,"phase":"running","order":[["maya",2,"running"],["jett",2,"running"],["player",2,"running"],["nico",2,"running"]]}
{"dir":"director-kit/production/evidence/P06C/video-final","attempt":0,"seconds":162.28333333333043,"phase":"running","order":[["maya",2,"running"],["jett",2,"running"],["player",2,"running"],["nico",2,"running"]]}
{"dir":"director-kit/production/evidence/P06C/video-final","attempt":0,"seconds":163.29999999999652,"phase":"running","order":[["maya",2,"finished"],["jett",2,"running"],["player",2,"running"],["nico",2,"running"]]}
{"dir":"director-kit/production/evidence/P06C/video-final","attempt":0,"seconds":164.31666666666257,"phase":"running","order":[["maya",2,"finished"],["jett",2,"running"],["player",2,"running"],["nico",2,"running"]]}
{"dir":"director-kit/production/evidence/P06C/video-final","attempt":0,"seconds":165.316666666662,"phase":"running","order":[["maya",2,"finished"],["jett",2,"finished"],["player",2,"running"],["nico",2,"running"]]}
{"dir":"director-kit/production/evidence/P06C/video-final","attempt":0,"seconds":166.34999999999474,"phase":"finished","order":[["maya",2,"finished"],["jett",2,"finished"],["player",2,"finished"],["nico",2,"running"]]}
{"dir":"director-kit/production/evidence/P06C/video-final","results":[{"event":"harbor-crew-night-v1","attemptId":"4b79e355-5cfe-4bcc-b373-3b44f4920053","participantId":"player","status":"finished","valid":true,"laps":2,"timeMs":165906.08576179878,"place":3,"invalidReason":null}],"rows":5288,"errors":[]}
