
> slingmods-three-wheel-tour-rebuild@1.0.0 build
> tsc --noEmit && vite build

vite v8.3.0 building client environment for production...
transforming...
✓ 195 modules transformed.
rendering chunks...
computing gzip size...
dist/index.html                                    1.20 kB │ gzip:     0.60 kB
dist/assets/basis_transcoder-o4Hde_L7.js          57.52 kB
dist/assets/basis_transcoder-VXdx5NbI.wasm       527.33 kB │ gzip:   248.94 kB
dist/assets/style-S_mbsQK_.css                     0.86 kB │ gzip:     0.44 kB
dist/assets/scene-DdcJZ6sG.css                     0.97 kB │ gzip:     0.50 kB
dist/assets/garage-DEzfcV3M.css                    2.47 kB │ gzip:     0.87 kB
dist/assets/workbench-B_IoxGe1.css                 5.20 kB │ gzip:     1.66 kB
dist/assets/prepare-6DNy1SzU.css                   6.78 kB │ gzip:     1.92 kB
dist/assets/recovery-DfwCQ0zU.css                 10.74 kB │ gzip:     2.98 kB
dist/assets/hub-DbiEO2d0.css                      11.01 kB │ gzip:     2.70 kB
dist/assets/express-a0Sh8RAY.css                  11.40 kB │ gzip:     3.22 kB
dist/assets/harbor-entry-DlKItWwn.css             12.67 kB │ gzip:     3.13 kB
dist/assets/harbor-7Ji5kb-z.css                   17.13 kB │ gzip:     4.42 kB
dist/assets/ui-DQrPZHyC.css                       30.00 kB │ gzip:     6.59 kB
dist/assets/graphics-control-DIoYX8XB.js           0.08 kB │ gzip:     0.09 kB
dist/assets/route-JX7c2baU.js                      0.36 kB │ gzip:     0.24 kB
dist/assets/ryker-selection-DtEi4K2j.js            0.56 kB │ gzip:     0.41 kB
dist/assets/scene-lifetime-DImARnQr.js             0.82 kB │ gzip:     0.47 kB
dist/assets/p11-assets-BjTpU4Lf.js                 0.91 kB │ gzip:     0.46 kB
dist/assets/header-BAODgtEP.js                     1.05 kB │ gzip:     0.62 kB
dist/assets/forest-assets-BZ6VW7kw.js              1.06 kB │ gzip:     0.57 kB
dist/assets/harbor-speed-dressing-HdB4GcFz.js      1.19 kB │ gzip:     0.75 kB
dist/assets/preload-helper-BZ1Pz5am.js             1.21 kB │ gzip:     0.69 kB
dist/assets/ui-BQ-RPWUo.js                         1.23 kB │ gzip:     0.60 kB
dist/assets/contact-evidence-DbpvPX8Y.js           1.27 kB │ gzip:     0.75 kB
dist/assets/draw-census-B5Sp1u0j.js                1.70 kB │ gzip:     0.93 kB
dist/assets/graphics-control-D15uwbq4.js           1.87 kB │ gzip:     0.91 kB
dist/assets/route-BrZ4KHzx.js                      1.88 kB │ gzip:     1.03 kB
dist/assets/profile-RAAL1lVv.js                    1.96 kB │ gzip:     0.92 kB
dist/assets/recovery-DHYQTjjv.js                   1.99 kB │ gzip:     1.05 kB
dist/assets/RoomEnvironment-1jAyJv4E.js            2.04 kB │ gzip:     0.89 kB
dist/assets/vehicle-asset-BOcxsmjr.js              2.05 kB │ gzip:     0.81 kB
dist/assets/save-Bc60p3o2.js                       2.27 kB │ gzip:     1.04 kB
dist/assets/graphics-settings-SlaBcI4e.js          2.48 kB │ gzip:     0.96 kB
dist/assets/time-of-day-D2Oe4R0k.js                2.58 kB │ gzip:     1.05 kB
dist/assets/showroom-camera-ldkuuNtf.js            2.63 kB │ gzip:     1.03 kB
dist/assets/calibration-DJoBC3ar.js                2.87 kB │ gzip:     1.49 kB
dist/assets/environment-UbWa__xE.js                3.20 kB │ gzip:     1.32 kB
dist/assets/route-Cik3XjjV.js                      4.44 kB │ gzip:     2.30 kB
dist/assets/client-B2O9YAFj.js                     4.80 kB │ gzip:     2.23 kB
dist/assets/index-iCjcJkGi.js                      5.39 kB │ gzip:     2.45 kB
dist/assets/garage-DeTsRR0p.js                     8.94 kB │ gzip:     3.57 kB
dist/assets/hero-CZY_ZbPE.js                      13.28 kB │ gzip:     5.61 kB
dist/assets/prepare-D0IyD-4u.js                   13.74 kB │ gzip:     5.11 kB
dist/assets/road-decals-CqAymgM_.js               14.66 kB │ gzip:     6.57 kB
dist/assets/hub-QtAPZy_s.js                       15.09 kB │ gzip:     5.87 kB
dist/assets/race-adapter-DBgIJWAR.js              17.19 kB │ gzip:     5.82 kB
dist/assets/OrbitControls-Diyr_B99.js             19.85 kB │ gzip:     4.41 kB
dist/assets/presentation-cmMjObdz.js              21.59 kB │ gzip:     9.12 kB
dist/assets/harbor-entry-CBkc8sQS.js              26.45 kB │ gzip:     8.35 kB
dist/assets/showcase-PWnkIreq.js                  27.30 kB │ gzip:    10.29 kB
dist/assets/workbench-BJC_Dok_.js                 27.54 kB │ gzip:    10.60 kB
dist/assets/game-audio-eYi6IdNs.js                29.57 kB │ gzip:     9.83 kB
dist/assets/GLTFLoader-CQU2cTIq.js                48.97 kB │ gzip:    14.34 kB
dist/assets/menu-TO7Wr6lZ.js                      58.61 kB │ gzip:    17.82 kB
dist/assets/ktx2-B7gC_6tm.js                      59.34 kB │ gzip:    24.36 kB
dist/assets/scene-2b5YEiaL.js                     61.79 kB │ gzip:    22.11 kB
dist/assets/express-BVTl4-Rt.js                  102.84 kB │ gzip:    38.67 kB
dist/assets/three.core-CYVfUT_k.js               243.13 kB │ gzip:    65.04 kB
dist/assets/three.module-DQWN05XM.js             352.32 kB │ gzip:    84.73 kB
dist/assets/suspension-q1U4-Umw.js             3,199.44 kB │ gzip: 1,233.96 kB

✓ built in 3.16s
