Info: Saved as "calibration.blend"
INFO Draco mesh compression is available, use library at C:\Users\SM - Dan\Documents\GitHub\slingmods-three-wheel-tour-rebuild\.tools\blender-4.5.2-windows-x64\4.5\scripts\addons_core\io_scene_gltf2\extern_draco.dll
14:47:24 | INFO: Starting glTF 2.0 export
14:47:24 | INFO: Extracting primitive: Cube
14:47:24 | INFO: Primitives created: 1
14:47:24 | INFO: Extracting primitive: Cube.001
14:47:24 | INFO: Primitives created: 1
14:47:24 | INFO: Extracting primitive: Cube.002
14:47:24 | INFO: Primitives created: 1
14:47:24 | INFO: Extracting primitive: Cube.003
14:47:24 | INFO: Primitives created: 1
14:47:24 | INFO: Extracting primitive: Cube.004
14:47:24 | INFO: Primitives created: 1
14:47:24 | INFO: Extracting primitive: Cube.005
14:47:24 | INFO: Primitives created: 1
14:47:24 | INFO: Extracting primitive: Cube.006
14:47:24 | INFO: Primitives created: 1
14:47:24 | INFO: Extracting primitive: Cube.007
14:47:24 | INFO: Primitives created: 1
14:47:24 | INFO: Extracting primitive: Torus
14:47:24 | INFO: Primitives created: 1
14:47:24 | INFO: Extracting primitive: Cube.008
14:47:24 | INFO: Primitives created: 1
14:47:24 | INFO: Extracting primitive: Cube.009
14:47:24 | INFO: Primitives created: 1
14:47:24 | INFO: Extracting primitive: Cube.010
14:47:24 | INFO: Primitives created: 1
14:47:24 | INFO: Extracting primitive: Cube.011
14:47:24 | INFO: Primitives created: 1
14:47:24 | INFO: Extracting primitive: Cube.012
14:47:24 | INFO: Primitives created: 1
14:47:24 | INFO: Extracting primitive: Cube.013
14:47:24 | INFO: Primitives created: 1
14:47:24 | INFO: Finished glTF 2.0 export in 0.04202079772949219 s

CALIBRATION_EXPORT_COMPLETE C:\Users\SM - Dan\Documents\GitHub\slingmods-three-wheel-tour-rebuild\public\assets\calibration.glb
Blender 4.5.2 LTS (hash ab25eae04993 built 2025-08-20 02:20:52)

Blender quit
