
> slingmods-three-wheel-tour-rebuild@1.0.0 build
> tsc --noEmit && vite build

warning: in the working copy of 'src/career/chapter-ui.ts', LF will be replaced by CRLF the next time Git touches it
vite v8.3.0 building client environment for production...
transforming...
✓ 86 modules transformed.
rendering chunks...
computing gzip size...
dist/index.html                              0.95 kB │ gzip:     0.56 kB
dist/assets/save-S_mbsQK_.css                0.86 kB │ gzip:     0.44 kB
dist/assets/crew-CydNNodD.css                1.53 kB │ gzip:     0.70 kB
dist/assets/preview-DuEvBiNj.css             5.07 kB │ gzip:     1.59 kB
dist/assets/workbench-s7Od0woN.css           7.64 kB │ gzip:     2.38 kB
dist/assets/game-audio-DXJA2GGY.css         11.59 kB │ gzip:     3.23 kB
dist/assets/profile-BJaW6vUL.js              1.19 kB │ gzip:     0.62 kB
dist/assets/recovery-D8yfTBio.js             1.91 kB │ gzip:     0.99 kB
dist/assets/calibration-B2EflG-f.js          2.33 kB │ gzip:     1.24 kB
dist/assets/entry-DDQzoU4o.js                3.18 kB │ gzip:     1.48 kB
dist/assets/index-CpZwZCBH.js                4.14 kB │ gzip:     1.88 kB
dist/assets/harbor-ptMX8j2G.js              11.56 kB │ gzip:     5.08 kB
dist/assets/RoomEnvironment-DqZ_NjlA.js     21.83 kB │ gzip:     5.23 kB
dist/assets/harbor-lighting-Co3IqRZ-.js     22.80 kB │ gzip:     9.48 kB
dist/assets/crew-C3LEDFrC.js                34.77 kB │ gzip:    13.50 kB
dist/assets/workbench-C0I9n1Gv.js           51.26 kB │ gzip:    17.25 kB
dist/assets/save-DvU9wbhv.js               638.46 kB │ gzip:   161.18 kB
dist/assets/game-audio-6eivH_W8.js       3,187.47 kB │ gzip: 1,230.97 kB

✓ built in 396ms
[plugin builtin:vite-reporter] 
(!) Some chunks are larger than 500 kB after minification. Consider:
- Using dynamic import() to code-split the application
- Use build.rolldownOptions.output.codeSplitting to improve chunking: https://rolldown.rs/reference/OutputOptions.codeSplitting
- Adjust chunk size limit for this warning via build.chunkSizeWarningLimit.
