
> slingmods-three-wheel-tour-rebuild@1.0.0 demo:build
> node scripts/build-demo.mjs

vite v8.3.0 building client environment for demo...
transforming...
✓ 86 modules transformed.
rendering chunks...
computing gzip size...
demo-dist/2026-09-15T15-18-22-235Z-ec6876551542/index.html                              0.95 kB │ gzip:     0.56 kB
demo-dist/2026-09-15T15-18-22-235Z-ec6876551542/.vite/manifest.json                     3.40 kB │ gzip:     0.65 kB
demo-dist/2026-09-15T15-18-22-235Z-ec6876551542/assets/save-S_mbsQK_.css                0.86 kB │ gzip:     0.44 kB
demo-dist/2026-09-15T15-18-22-235Z-ec6876551542/assets/crew-CydNNodD.css                1.53 kB │ gzip:     0.70 kB
demo-dist/2026-09-15T15-18-22-235Z-ec6876551542/assets/preview-DuEvBiNj.css             5.07 kB │ gzip:     1.59 kB
demo-dist/2026-09-15T15-18-22-235Z-ec6876551542/assets/workbench-s7Od0woN.css           7.64 kB │ gzip:     2.38 kB
demo-dist/2026-09-15T15-18-22-235Z-ec6876551542/assets/game-audio-DXJA2GGY.css         11.59 kB │ gzip:     3.23 kB
demo-dist/2026-09-15T15-18-22-235Z-ec6876551542/assets/profile-O7N3y_OS.js              1.28 kB │ gzip:     0.63 kB
demo-dist/2026-09-15T15-18-22-235Z-ec6876551542/assets/recovery-D8yfTBio.js             1.91 kB │ gzip:     0.99 kB
demo-dist/2026-09-15T15-18-22-235Z-ec6876551542/assets/calibration-D46_mbmn.js          2.33 kB │ gzip:     1.24 kB
demo-dist/2026-09-15T15-18-22-235Z-ec6876551542/assets/entry-Dq3zdyy8.js                3.18 kB │ gzip:     1.48 kB
demo-dist/2026-09-15T15-18-22-235Z-ec6876551542/assets/index-BdLxGCul.js                4.28 kB │ gzip:     1.93 kB
demo-dist/2026-09-15T15-18-22-235Z-ec6876551542/assets/harbor-DgEZ-kYk.js              11.55 kB │ gzip:     5.07 kB
demo-dist/2026-09-15T15-18-22-235Z-ec6876551542/assets/RoomEnvironment-B1ngfG0S.js     21.83 kB │ gzip:     5.23 kB
demo-dist/2026-09-15T15-18-22-235Z-ec6876551542/assets/harbor-lighting-DimNvuUw.js     22.80 kB │ gzip:     9.47 kB
demo-dist/2026-09-15T15-18-22-235Z-ec6876551542/assets/crew-ByrQmWcj.js                34.75 kB │ gzip:    13.49 kB
demo-dist/2026-09-15T15-18-22-235Z-ec6876551542/assets/workbench-D76dLvZi.js           51.24 kB │ gzip:    17.25 kB
demo-dist/2026-09-15T15-18-22-235Z-ec6876551542/assets/save-D9vCsKiw.js               638.46 kB │ gzip:   161.18 kB
demo-dist/2026-09-15T15-18-22-235Z-ec6876551542/assets/game-audio-CenKThZm.js       3,187.47 kB │ gzip: 1,230.97 kB

✓ built in 239ms
[plugin builtin:vite-reporter] 
(!) Some chunks are larger than 500 kB after minification. Consider:
- Using dynamic import() to code-split the application
- Use build.rolldownOptions.output.codeSplitting to improve chunking: https://rolldown.rs/reference/OutputOptions.codeSplitting
- Adjust chunk size limit for this warning via build.chunkSizeWarningLimit.
{
  "output": "demo-dist/2026-09-15T15-18-22-235Z-ec6876551542",
  "buildRef": "ec6876551542",
  "files": 50,
  "bytes": 112727569
}
