Warning: No mesh data to join
Warning: No mesh data to join
Warning: No mesh data to join
Info: Packed 3 file(s)
Info: Saved as "ddmworks-sm3223-silver.blend"
INFO Draco mesh compression is available, use library at C:\Users\SM - Dan\Documents\GitHub\slingmods-three-wheel-tour-rebuild\.tools\blender-4.5.2-windows-x64\4.5\scripts\addons_core\io_scene_gltf2\extern_draco.dll
08:04:15 | INFO: Starting glTF 2.0 export
08:04:15 | INFO: Extracting primitive: Cylinder.003
08:04:15 | WARNING: More than one shader node tex image used for a texture. The resulting glTF sampler will behave like the first shader node tex image.
08:04:15 | INFO: Primitives created: 1
08:04:15 | INFO: Extracting primitive: Cylinder.011
08:04:15 | INFO: Primitives created: 1
08:04:15 | INFO: Extracting primitive: Cylinder.021
08:04:15 | INFO: Primitives created: 1
08:04:15 | INFO: Extracting primitive: Torus
08:04:15 | INFO: Primitives created: 1
08:04:15 | INFO: Extracting primitive: Cylinder.034
08:04:15 | INFO: Primitives created: 1
08:04:15 | INFO: Extracting primitive: Cylinder.031
08:04:15 | INFO: Primitives created: 1
08:04:15 | INFO: Extracting primitive: Cylinder.032
08:04:15 | INFO: Primitives created: 1
08:04:15 | INFO: Extracting primitive: silver_coil
08:04:15 | INFO: Primitives created: 1
08:04:15 | INFO: Finished glTF 2.0 export in 0.03535103797912598 s

{"source": "assets\\blender\\vehicles\\slingshot-p04a1.blend", "sourceSha256": "196a2ca54df12c4ac0b69641e3d4ec806fbfb9e484286a218d753e82358027ee", "originalUnchanged": true, "asset": "assets\\blender\\products\\ddmworks-sm3223-silver.blend", "runtime": "public\\assets\\products\\ddmworks-sm3223-silver.glb", "runtimeBytes": 250364, "runtimeSha256": "b02289e26c2b24cdd01fec57c22fadd5a82f926eed139ad2fdf95673700b2736", "carrierPreservation": "Same authored front objects/matrices/materials, excluding front_damper_left/right and front_spring_left/right only. Separate derived export, accepted vehicle GLB untouched.", "modelLimits": "Original authored approximation, silver standard option. Generic twin-tube/coil/adjuster construction, not CAD. Dimensions fit accepted mount endpoints. Rear accepted linkage approximation retained."}
Blender 4.5.2 LTS (hash ab25eae04993 built 2025-08-20 02:20:52)
Read blend: "C:\Users\SM - Dan\Documents\GitHub\slingmods-three-wheel-tour-rebuild\assets\blender\vehicles\slingshot-p04a1.blend"

Blender quit
