Warning: No mesh data to join
Warning: No mesh data to join
Warning: No mesh data to join
Warning: No mesh data to join
Warning: No mesh data to join
Warning: No mesh data to join
Warning: No mesh data to join
Warning: No mesh data to join
Warning: No mesh data to join
Warning: No mesh data to join
INFO Draco mesh compression is available, use library at C:\Users\Daniel Kinsner\OneDrive\Documents\GitHub\slingmods-three-wheel-tour-rebuild\.tools\blender-4.5.2-windows-x64\4.5\scripts\addons_core\io_scene_gltf2\extern_draco.dll
18:59:25 | INFO: Starting glTF 2.0 export
18:59:25 | INFO: Extracting primitive: TricLED_RGB_strip_0
18:59:25 | INFO: Primitives created: 2
18:59:25 | INFO: Extracting primitive: TricLED_RGB_strip_1
18:59:25 | INFO: Primitives created: 2
18:59:25 | INFO: Extracting primitive: TricLED_RGB_strip_2
18:59:25 | INFO: Primitives created: 2
18:59:25 | INFO: Extracting primitive: TricLED_RGB_strip_3
18:59:25 | INFO: Primitives created: 2
18:59:25 | INFO: Extracting primitive: TricLED_RGB_strip_4
18:59:25 | INFO: Primitives created: 2
18:59:25 | INFO: Extracting primitive: TricLED_RGB_strip_5
18:59:25 | INFO: Primitives created: 2
18:59:25 | INFO: Finished glTF 2.0 export in 0.035950422286987305 s

18:59:25 | INFO: Starting glTF 2.0 export
18:59:25 | INFO: Extracting primitive: retained_body_panels.001
18:59:25 | INFO: Primitives created: 4
18:59:25 | INFO: Extracting primitive: retained_front_links.001
18:59:25 | INFO: Primitives created: 2
18:59:25 | INFO: Extracting primitive: retained_front_links.045
18:59:25 | INFO: Primitives created: 3
18:59:25 | INFO: Extracting primitive: retained_front_links.047
18:59:25 | INFO: Primitives created: 1
18:59:25 | INFO: Extracting primitive: retained_front_links.062
18:59:25 | INFO: Primitives created: 1
18:59:25 | INFO: Extracting primitive: retained_front_links.093
18:59:25 | INFO: Primitives created: 3
18:59:25 | INFO: Extracting primitive: retained_front_links.019
18:59:25 | INFO: Primitives created: 1
18:59:25 | INFO: Extracting primitive: retained_front_links.034
18:59:25 | INFO: Primitives created: 1
18:59:25 | INFO: Extracting primitive: retained_rear_mechanical.008
18:59:25 | INFO: Primitives created: 4
18:59:25 | INFO: Extracting primitive: retained_rear_mechanical.009
18:59:25 | INFO: Primitives created: 3
18:59:25 | INFO: Extracting primitive: Cylinder.045
18:59:25 | INFO: Primitives created: 3
18:59:25 | INFO: Extracting primitive: Treal_colored_weld
18:59:25 | INFO: Primitives created: 5
18:59:25 | INFO: Extracting primitive: Cylinder.054
18:59:25 | INFO: Primitives created: 3
18:59:25 | INFO: Extracting primitive: Cylinder.056
18:59:25 | INFO: Primitives created: 2
18:59:25 | INFO: Extracting primitive: Elka_front_left_black_coil
18:59:25 | INFO: Primitives created: 1
18:59:25 | INFO: Extracting primitive: Cylinder.085
18:59:25 | INFO: Primitives created: 3
18:59:25 | INFO: Extracting primitive: Cylinder.087
18:59:25 | INFO: Primitives created: 2
18:59:25 | INFO: Extracting primitive: Elka_front_right_black_coil
18:59:25 | INFO: Primitives created: 1
18:59:25 | INFO: Extracting primitive: Cylinder.116
18:59:25 | INFO: Primitives created: 3
18:59:25 | INFO: Extracting primitive: Cylinder.118
18:59:25 | INFO: Primitives created: 2
18:59:25 | INFO: Extracting primitive: Elka_rear_black_coil
18:59:25 | INFO: Primitives created: 1
18:59:25 | INFO: Extracting primitive: stock_ryker_body.002
18:59:25 | INFO: Primitives created: 3
18:59:25 | INFO: Extracting primitive: stock_ryker_exhaust
18:59:25 | INFO: Primitives created: 1
18:59:25 | INFO: Extracting primitive: stock_ryker_shocks.005
18:59:25 | INFO: Primitives created: 1
18:59:25 | INFO: Extracting primitive: stock_ryker_shocks.003
18:59:25 | INFO: Primitives created: 1
18:59:25 | INFO: Extracting primitive: stock_ryker_shocks.002
18:59:25 | INFO: Primitives created: 1
18:59:25 | INFO: Extracting primitive: stock_ryker_shocks.004
18:59:25 | INFO: Primitives created: 1
18:59:25 | INFO: Extracting primitive: stock_ryker_shocks.001
18:59:25 | INFO: Primitives created: 1
18:59:25 | INFO: Extracting primitive: stock_ryker_shocks
18:59:25 | INFO: Primitives created: 1
18:59:25 | INFO: Extracting primitive: stock_ryker_shocks_rear.001
18:59:25 | INFO: Primitives created: 1
18:59:25 | INFO: Extracting primitive: stock_ryker_shocks_rear
18:59:25 | INFO: Primitives created: 1
18:59:25 | INFO: Extracting primitive: stock_ryker_shocks_rear.002
18:59:25 | INFO: Primitives created: 1
18:59:26 | INFO: Finished glTF 2.0 export in 0.6690185070037842 s

Info: Saved as "Ryker-Complete-Parts.blend"
RYKER_MODS_COMPLETE
Blender 4.5.2 LTS (hash ab25eae04993 built 2025-08-20 02:20:52)
Read blend: "C:\Users\Daniel Kinsner\OneDrive\Documents\GitHub\slingmods-three-wheel-tour-rebuild\assets\ryker\Ryker-Game-Master.blend"

Blender quit
