✔ complete Ryker contains reversible stock parts and nine independent Elka motion groups (10.6542ms)
✔ every final Ryker and wall mesh has finite positions and in-bounds accessor buffers (63.0414ms)
✔ career vehicle switch preserves Slingshot equipment; Ryker purchases are separate and idempotent (4.824ms)
✔ Ryker ownership cannot be forged by a free-preview build in a career save (0.3234ms)
✔ Ryker frozen Cup, retry and every Ridge event survive vehicle switching and reload with unchanged rewards (24.5969ms)
✔ Chapter 01 entry keeps its build and preset through style changes, switching and retry (0.6353ms)
✔ Ryker CVT has bounded engine power and no gear shifts, with safe reverse interlock (3.1908ms)
✔ real Ryker body supports all measured contacts, accelerates, brakes in a turn and reverses (184.9199ms)
✔ mixed world preserves Slingshot definition and explicit Ryker identity (27.7632ms)
✔ versioned Ryker snapshots are deeply frozen and reject invisible Slingshot equipment (0.9104ms)
✔ shared Shakedown preserves standing-lap timing, pause, invalid practice continuation and retry (15.5011ms)
✔ Chapter 01 shares all earned equipment and finish; locked races stay locked and preview-only parts never appear (3.1956ms)
✔ Chapter 01 rewards still require its actual race proof and pay once across callbacks; retry rejects the old finish (22.1145ms)
✔ persisted old preview trips use current physics without modifying source recipe or stored trip bytes (0.3643ms)
✔ explicit career settings are durable across every road; all free-drive routes keep preview settings separate (0.3117ms)
ℹ tests 15
ℹ suites 0
ℹ pass 15
ℹ fail 0
ℹ cancelled 0
ℹ skipped 0
ℹ todo 0
ℹ duration_ms 621.8812
