
> slingmods-three-wheel-tour-rebuild@1.0.0 test
> tsx --test tests/*.test.ts tests/*.test.mjs

✔ engine pitch: every contributing bed follows the one commanded engine RPM (3.9947ms)
✔ engine pitch: finite nonnegative layer parameters and nonzero coverage across operating range (12.7488ms)
✔ engine pitch: lifecycle master muting and no-road-at-rest remain intact (0.8754ms)
✔ audio mapper: actual RPM/load, contacting longitudinal speed/slip, wind and lifecycle sanitation (247.0174ms)
✔ actual shift begins once, completion does not double-fire, reset establishes baseline (3.1627ms)
✔ garage-only GLB retains every original bay node, transform, primitive, image and material (198.1749ms)
✔ official artwork is preserved in the Blender sign export with bounded scene placements (30.6175ms)
✔ build menu replacement controller must release before back or confirmation (1.6427ms)
✔ build menu native focus choices include summary and exclude disabled links (1.4053ms)
✔ real IndexedDB migration, old-tab closure, concurrent tabs, aborted write/retry and corrupt protection (5407.0413ms)
✖ denied-IDB real scene navigation preserves session career and rejects unsupported transfers (33758.9403ms)
✔ corrupt career recovery is actionable above the real preparation veil and preserves the stored record (426.0883ms)
✔ fresh unique valid awards pay 800 then100; duplicate ignores extra claimed amount and chapter never repeats (6.6636ms)
✔ invalid, incomplete and corrupt finish payloads cannot create credits (1.5183ms)
✔ purchase validates fitment and fixed price, atomically installs once; first loop0 800 200 300 (5.0719ms)
✔ appearance/equip mutations preserve latest credits/receipts; unowned appearance rejected (1.4778ms)
✔ session contract serializes concurrent awards/purchases and chapter entry claims (1.6155ms)
✔ v1 fresh, earned, installed and unequipped careers migrate repeatably with exact old fields (8.2349ms)
✔ unknown and corrupt schemas fail without mutation or silent reset (1.8582ms)
✔ crew fixture300 ->850 ->850 ->1150 and immutable proof boundaries (2.0831ms)
✔ new clean lap800, kit600, first second-place600 ->800; fourth100 never clears (1.1867ms)
✔ invalid, unfinished, relocated, bad lap and bad placement cannot be certified (0.6868ms)
✔ crew and solo receipts cannot be rebound and event flags are separate (1.0539ms)
✔ concurrent crew claims share one first-clear and duplicate IDs never pay twice in fallback (1.9144ms)
✔ grid fits physical full footprints, all behind line and player fourth; rejects narrow corridor (11.6548ms)
✔ one countdown, freeze on pause, two ordered laps, fresh attempt IDs, terminal award proof stable (150.1741ms)
✔ close finishes sort true fractions across all participants rather than insertion order; exact tie lexical (186.0448ms)
✔ reverse, skipped gates, relocation and sustained tire cut invalidate only their own car with no proof (11.7491ms)
✔ lap wrap and lapped cars rank by validated progress; postfinish rivals remain running then explicit DNF (199.9063ms)
✔ aborted and stranded statuses never synthesize finish times or awards (2.2098ms)
✔ control-only rivals brake for blockers, hold a passing side, and leave occupied adjacent corridors (6.9169ms)
✔ physically stuck controller tries reverse then retires rather than writing poses (25.8469ms)
✔ contact-induced lateral speed is not mistaken for an invitation to apply full throttle (1.7337ms)
✔ evidence player brakes before the old3.1metre tailgating contact and reserves a passing corridor (8.6094ms)
✔ crew menu rejects held replacement controller after disconnect until focused neutral (3.4574ms)
✔ controller identity change without an empty frame cannot inherit old menu arming (0.6318ms)
✔ unfocused neutral does not arm the menu; focus return with held control stays blocked (0.3476ms)
✔ explicit lifecycle suspension catches same-identity reconnect between render samples (0.3082ms)
✔ bare keyboard confirmation still works with absent or held unarmed controller (0.2635ms)
✔ traffic cue excludes distant, useful forward view and nonfinite positions (5.6481ms)
✔ real close traffic maps to sides and rear, nearest occupant only (0.5584ms)
✔ held rearward view suppresses cars behind without hiding unseen side traffic (0.2449ms)
✔ actual useful camera visibility suppresses otherwise close off-axis cues (0.1819ms)
✔ static demo contains every retained and current audio-bank dependency with original bytes (237.6143ms)
✔ allowlisted GLBs have no omitted external buffers or images (936.6144ms)
✔ real browser demo reload, second tab, mode switch and reset preserve career and settings (5753.8836ms)
✔ explicit demo identity keeps normal career and profiler flags independent (3.2506ms)
✔ visitor allowlist rejects historical selectors and permits only paired isolated evidence (1.1166ms)
✔ demo preset declares availability without manufacturing rewards; original transition still validates results (9.3372ms)
✔ separate demo tabs and reset cannot change personal save keys or another tab (2.0629ms)
✔ corrupt demo data is retained until deliberate demo reset, never migrated into career (0.7567ms)
✔ storage denial after a demo mutation retains session state and stops claiming persistence (0.7722ms)
✔ a newer same-profile handoff wins over stale readable session data after write failure (1.542ms)
✔ browser settings and lap storage is isolated for demo and unchanged for career (1.285ms)
✔ published scene URLs retain modern look, quality and effects choices but reject unknown options (0.6666ms)
✔ harbor scenery batches actually batch: no more than one instanced group per three placements (5.7229ms)
✔ palms keep smaller cells than static scenery, because their level of detail is chosen per cell (4.2376ms)
✔ in a drive, parts too small for the sun shadow map to resolve do not cast; the showroom default keeps every caster (6.5907ms)
✔ drive retry retains completed downloads; cancellation settles workers and preserves the recipe (5179.3552ms)
✔ driver analytic arm preserves segment lengths and clamps unreachable targets (1.6619ms)
✔ driver regrip releases deliberately, returns to stable rim and resets discontinuity (0.9898ms)
✔ driver alternating regrip retains a supporting hand on rim through rapid full locks (6.4347ms)
✔ integrated RPM: straight, signed wheel phase and bounded engine coupling (487.6119ms)
✔ integrated RPM: reverse, signed wheel phase and bounded engine coupling (153.9404ms)
✔ integrated RPM: wet-traction-recovery, signed wheel phase and bounded engine coupling (210.2866ms)
✔ integrated RPM: moving-reverse-interlock, signed wheel phase and bounded engine coupling (268.4892ms)
✔ integrated RPM: wet-braking-rpm, signed wheel phase and bounded engine coupling (134.4198ms)
✔ integrated RPM: rolling-and-shifts-rpm, signed wheel phase and bounded engine coupling (238.507ms)
✔ fixture: stationary zero-throttle engine stays at idle (2.281ms)
✔ fixture: freely rolling rear wheel raises coupled engine RPM above idle (0.3632ms)
✔ fixture: positive rear wheel overspeed raises RPM above rolling baseline (0.2977ms)
✔ REGRESSION: zero-throttle wheel lock must not rev higher than free rolling (0.4306ms)
✔ reverse wheel lock cancels signed rolling rotation while reverse wheelspin raises RPM (1.0214ms)
✔ ordinary session: direction request goes through retained braking interlock; reset/pause do not latch throttle (465.3216ms)
✔ camera: same fixed-physics maneuver across 30/60/120/144Hz presentation, finite horizon and continuous switches (620.3169ms)
✔ loaded rest: three non-tensile contacts support stated loaded mass without drift (493.2502ms)
✔ all scripted maneuvers remain finite; combined tire ellipse, rear-only drive, front-only steering (4959.5051ms)
✔ straight acceleration, lift-off coast and braking have coherent measured distances (30.3348ms)
✔ left/right asphalt circles have correct turn signs, mirrored radii and sustained support (9.749ms)
✔ slalom follows alternating input in authoritative yaw response (2.0577ms)
✔ controlled reverse engages near rest and uses signed physical velocity (1.4207ms)
✔ surface friction reduces acceleration; optional traction help limits wheel overspeed; lift/brake recovers (5.9184ms)
✔ one-wheel bump, curb, seam and landing excite suspension and recover without tunneling (5.3579ms)
✔ authoritative AutoDrive executes all five ratios, cuts torque during transitions, and has consistent SI torque/power (3.678ms)
✔ incline launch and high-speed curb produce physical vertical motion then recover; full-speed steering stays bounded (5.0172ms)
✔ straight ramp landing at9m/s preserves heading within3degrees and lateral position within0.5m across symmetric lanes (660.2585ms)
✔ render cap independence: same fixed clock/input trace at30/60/120/144 gives under1% distance/speed error (430.7607ms)
✔ reset clears forces/drivetrain/history, fixed-step rejection and pause clock do not advance state (37.1244ms)
✔ quality exports bind photographic channels to UV geometry and pack all image dependencies (223.3835ms)
✔ all placed modules exist and palm LODs retain genuine decreasing geometry (120.4378ms)
✔ camera/save: near/far preferences survive sound migration; cycle/restoration is deterministic (2.5335ms)
✔ quick rearward cuts:100/200/500ms at30/60/120/144Hz, cycle while held and restore all modes (59.7938ms)
✔ ordinary near/far follow remains damped; obstruction callback bounds follow and rear placement at16:9/21:9 (1.612ms)
✔ forgiving stock and street setup match; 60 mph full braking remains decisive (586.0832ms)
✔ forgiving tune retains ramp pitch, suspension travel and severe curb overturn (418.0499ms)
✔ front refinement retains all original runtime nodes, materials and non-target mesh bytes (109.8221ms)
✔ front refinement contains changed geometry only in its five declared runtime batches (65.7979ms)
✔ ridge gantry logo is authored into a painted timber board with 12% clear margin (38.1644ms)
✔ ridge no longer floats a runtime logo plane over the gantry (2.6862ms)
✔ express logo is fitted inside the gantry header face instead of a fixed 10 m width (114.4102ms)
✔ harbor start gantry logo keeps 12% of its .75 m header clear with the wide artwork (18.9682ms)
✔ final closed course measures correctly; seam and road/runoff edges share authoritative data (15.2529ms)
✔ injected harbor has no hidden pad obstacle and session reset uses course spawn/hooks (458.6395ms)
✔ actual wheel contacts agree at both road edges and loop seam; exported barrier stops a crossing vehicle (425.0004ms)
✔ countdown holds normal controls, initial crossing is not finish; ordered lap interpolates and commits once (14.9075ms)
✔ backward finish, missing gate, teleport and interior shortcut cannot earn a best (8.6464ms)
✔ two tires beyond runoff require over .35 seconds; invalid retains practice clock, never records (9.7784ms)
✔ pause freezes countdown and lap clock; retry clears invalid and retains prior compatible best (9.1541ms)
✔ directed plane test spans a whole tick and rejects crossing beyond the gate width (0.6817ms)
✔ valid record survives volume/mute/camera writes and route/light/rules remain distinct (5.0678ms)
✔ old settings migrate, malformed records drop, corrupt/unavailable storage remains safe (1.0254ms)
✔ water time updates retain one shader variant and dispose restores the source material (5.8971ms)
✔ water rejects a missing authored normal map instead of silently dropping wave detail (0.9432ms)
✔ the swell grid covers exactly what the authored quad covered, at 2 m over the visible basin, on the same water level (58.2615ms)
✔ the basin depth proxy: a beach on the west bank, deep water at the quay wall, capped at 12 m (1.04ms)
✔ night streaks come from water-side lamps and lit windows only, the nearest twelve to the camera, keeping their colours (2.1293ms)
✔ the vertex swell and the boat bob are off on Low and under reduced motion (2.6631ms)
✔ the compiled shader keeps the sun glitter, foam and streak stages and never leaves the stock normal-map path in (22.8584ms)
✔ hoop correction preserves 74 runtime batches, all bindings and materials from the corrected front (170.03ms)
✔ input: signed fractional stick, rescaled deadzone, analog triggers and finite sanitation (3.977ms)
✔ input: changed meaningful ownership, noisy drift and unsupported mappings (1.5554ms)
✔ input: rising camera/direction edges and continuous monotonic reset hold fires once (0.771ms)
✔ input: pause/menu poll, neutral resume, interrupted hold, blur and held-button quarantine (0.8331ms)
✔ input: disconnect/index reuse and held throttle require neutral plus deliberate resume (0.3678ms)
✔ input: held new controller gesture does not trigger camera/throttle on scene entry (0.4556ms)
✔ input: a deliberate slow analog ramp takes ownership without per-frame threshold starvation (2.4703ms)
✔ input: a fresh menu edge can reclaim keyboard while another key remains held (0.3518ms)
✔ keyboard event buffer: short released taps survive a frame and held repeats do not retoggle (0.858ms)
✔ keyboard reset uses monotonic down time and a fresh hold after interruption (1.8326ms)
✔ keyboard release and repress between rendered frames restarts continuous reset hold (0.4173ms)
✔ whole-vehicle framing respects perspective margin through the complete orbit (81.392ms)
✔ night practical slots stay present across distance changes; unused slots emit zero (8.5021ms)
✔ live game capture includes both real graph buses, stereo media, sync anchors and retry cleanup (7909.6195ms)
✔ live capture faults release real audio tracks and connections without late aborted chunks (391.0164ms)
✔ parts that cannot move relative to each other and look the same become one; the picture does not change (21.9199ms)
✔ each rigid body keeps its own merged part, so wheels still steer, spin and travel (8.2907ms)
✔ anything addressed individually, layered as glass, hidden or multi-material is left exactly as it was (14.6532ms)
✔ materials merge by how they render: names and ids never matter, a rival repaints paint by role, other colours do matter (2.4724ms)
✔ sub-texel parts are merged apart from the body so a drive can still stop them casting shadows (6.3818ms)
✔ both mirrors render moving reflections with standard depth and no recursive passes (4177.6894ms)
✔ both mirrors render moving reflections with reversed depth and no recursive passes (1372.5413ms)
✔ both mirrors render moving reflections with logarithmic depth and no recursive passes (994.2465ms)
✔ actual exported tire pivots and fixed calipers are separated; no studio imported (21.8128ms)
✔ all authored front links follow travel while retaining chassis endpoints (34.0718ms)
✔ candidate URL survives public visitor routing without enabling arbitrary assets (1.1836ms)
✔ all supplied 2026 files remain byte-identical and runtime retains the actual newer shell (426.5876ms)
✔ 2026 tire geometry matches unchanged contacts; calipers stay out of spinning groups; Josh tread uses its own UV channel (6.7945ms)
✔ actual 2026 front links retain fixed ends, tie rods follow steer, and rear groups close over full travel (55.9801ms)
✔ drive pulley stays on its chassis axle while rear sprocket turns with the wheel (79.1796ms)
✔ four finishes recolor 2026 native decal accents without altering protected tire materials (5.4146ms)
✔ 2026 is the visual default while existing save identities and honest product fitment remain intact (3.4184ms)
✔ mirrored front panels keep outward triangle winding aligned with the supplied smooth normals (46.9566ms)
✔ 2026 rear covers remain clear and brake response affects discrete optics only (13.1856ms)
✔ native cluster exports original separate needles, calibrated face marks, LCD mount and semantic clear lens (2.7883ms)
✔ actual telemetry turns original needles on their own cap pivots, freezes on pause, resets and follows ignition (20.0948ms)
✔ semantic player and rival materials protect clear optics, reflectors, interior, metal and rubber despite misleading names (4.1494ms)
✔ native running and brake lights have distinct states; clear covers and passive reflectors never emit (1.1769ms)
✔ 2026 retail support is separate from unchanged legacy preview, recipe and ownership keys (1.7591ms)
✔ an empty stock exhaust anchor is not treated as visible exhaust geometry (1.1975ms)
✔ 2026 driver leg bindings reach the native pedals without stretching or moving the shared driver source (41.0301ms)
✔ rival decals preserve repeated native UV sampling without changing the shared source pixels (1.5362ms)
✔ source HDR solar direction and probe suppression preserve the visible input (434.4192ms)
✔ night environment has a coherent horizon and finite moon-free illumination (75.7264ms)
✔ outdoor light lifecycle removes its lights and returns owned lens materials (16.5967ms)
✔ replacement is exactly reversible and labeled isolation restores prior body visibility (12.3088ms)
✔ spring ends track actual lower and upper seat planes through rear travel and chassis rotation (24.3066ms)
✔ suspension writes block parent navigation; failed write keeps credits; controller buttons tune and stock comparison is reversible (3746.8695ms)
✔ Build Matters: new lap -> duel fund -> suspension -> remove/install -> reload; first fund and duplicate result pay once (14.8611ms)
✔ new reward proof rejects copied/unearned/invalid/rebound attempts and malformed setup without mutation (5.3549ms)
✔ v1/v2 migration retains original credits, receipts, build and prior crew access; no invented duel completion (1.9844ms)
✔ duel runs exactly two participants, one ordered lap, pause/retry and real certificate; crew remains four/two (148.4895ms)
✔ documented coefficients preserve street baseline and directional setup, never change springs/grip/power (0.6527ms)
✔ signature finishes isolate shared materials and restore their original identity (15.8047ms)
✔ catalog removal preserves stock and storage inspection restores exact prior visibility and pose (5.9227ms)
✔ canonical repaired export carries live rig nodes, independent compartment doors, and packed maps (25.8646ms)
✔ new product groups are stable and room is independently loadable (6.5232ms)
✔ five product registry validates exact options, fitment and generic conflicts (3.1008ms)
✔ free draft, three presets, explicit recipe save, drive snapshot and career are isolated (2.9039ms)
✔ malformed future recipes and drive snapshots are rejected without deleting data (0.5502ms)
✔ storage write failures cannot falsely report a named recipe saved (0.6625ms)
✔ build summaries are explicit custom builds and link individual real product pages (0.9869ms)
✔ new handling receipt version preserves original earned career and rejects unknown tuning (5.2502ms)
✔ Departure modal keeps recovery focus, cancels constructor failure and completes once (3384.2416ms)
✔ Departure path waits for clearance then exits authored bay without a physics change (5.252ms)
✔ door audio pauses at current offset, resumes remaining cue and follows mute/volume (37.5352ms)
✔ skipping during sample decode cancels playback without a late sound (7.4204ms)
✔ Sport profile metadata preserves certified crew and duel event award paths (158.8904ms)
✔ An explicitly separate preview event remains uncertified even with identical route and Sport profile (55.18ms)
✔ Custom lap overrides cannot silently earn a normal career receipt (0.9338ms)
✔ Sport brake to stop stays forward until release and fresh brake; forward uses the same deliberate transition (4.5877ms)
✔ Sport analog reverse works on first fresh controller ownership and keeps analog magnitude (3.3039ms)
✔ Sport explicit direction keeps established explicit pedal mapping and reset clears reverse (0.9169ms)
✔ Sport pause cannot inherit held pedals into a direction change (0.4829ms)
✔ Sport direction stays deliberate with simultaneous pedals, disconnect and focus loss (0.754ms)
✔ Sport brake-reverse produces negative displacement and steering follows reverse orientation (373.9789ms)
✔ Legacy remains default and explicit legacy telemetry is exactly equal for stock driving (441.4342ms)
✔ Sport steering requests more medium-speed authority while retaining a falling high-speed cap (1.1815ms)
✔ Sport street estimate and uninstalled suspension restore active Sport stock tick for tick (751.3645ms)
✔ Express authored distance, straight, surfaces and collision corridor are separate and connected (86.2765ms)
✔ Express quick race completes physically, shares profile, gives no career proof and restarts with a fresh ID (7509.5488ms)
✔ Unscored Express test drive supports one safe grid participant and does not finish or award (1.244ms)
✔ Express road and both curbs face upward through the connected seam (5.1682ms)
✔ race focus wraps from sibling audio volume to first action and back, then disposes with the race root (2389.6803ms)
✔ All finish choices recolor actual exported swingarm accents and protect calipers, springs and metals (49.8465ms)
✔ Nested swingarm accent role is supported without claiming every orange part is body paint (1.4359ms)
✔ Latest asynchronous finish wins; late completion after disposal cannot mutate restored source material (33.5425ms)
✔ Showroom swatches and rendered finish accents use the same reviewed palette (1.7052ms)
✔ Signature UI preserves state, pending interlocks, fitment, focus and controller setup at three desktop sizes (4458.5498ms)
✔ Chapter02 real IndexedDB atomic Cup award, duplicate retry, concurrent purchase, corruption and denied storage (3145.1901ms)
✔ career result waiting for rivals retains an actionable pause/resume menu and controller focus (1780.6996ms)
✔ v3 migration retains exact prior fields and mints no chapter credits, wins or ownership (5.025ms)
✔ chapter order preserves old crew access while new careers complete existing chapter (22.4196ms)
✔ ordinary finishes fund all three new products without a win or grind (13.0135ms)
✔ all five ownership uses existing lighting and shock fields, equipment survives remove/reload (10.5507ms)
✔ proofs bind attempt, competition, recipe, route version and tune; cloned or foreign proof rejected (1.742ms)
✔ every result has one receipt and duplicate callbacks after reload pay exactly once (1.6208ms)
✔ retry supersedes old attempt identity, abandoned callbacks cannot pay (1.6362ms)
✔ Cup partial result, crash/reload, next event, retry and aggregate pay atomically once (9.0186ms)
✔ abandoning a partial Cup preserves results, no bonus or bag unlock; restart begins Harbor (7.6239ms)
✔ first win is modest and only paid once; ordinary repeats have transparent reward (2.4918ms)
✔ invalid options, URL-like product IDs, locked parts and unsupported fitment never charge (1.0585ms)
✔ future and corrupt chapter save is rejected without replacing the original (6.9712ms)
✔ memory fallback serializes simultaneous purchases and reward duplicates without partial credits (1.9465ms)
✖ reviewed legacy-p08a long-throttle-brake-pad full telemetry remains byte equivalent (670.5104ms)
✖ reviewed legacy-p08a mixed-pad full telemetry remains byte equivalent (316.3233ms)
✖ reviewed slingmods-sport-v1 long-throttle-brake-pad full telemetry remains byte equivalent (269.1308ms)
✖ reviewed slingmods-sport-v1 mixed-pad full telemetry remains byte equivalent (229.5496ms)
✔ Sport v2 matched 60 mph stop meets distance, yaw and path goals inside three tire channels (49.2885ms)
✔ Sport v2 matched 110 mph stop meets distance, yaw and path goals inside three tire channels (126.5838ms)
✔ Sport v2 unchanged launch and steering, street estimate and removed product remain exactly stock (1634.6282ms)
✔ Sport v2 preserves wall collision and chassis landing while guards omit only planar floor (246.5166ms)
✔ Sport v2 release/repress reverse, explicit selector and focus cancellation use existing input lifecycle (7.7535ms)
✔ Sport v2 matched fast brake-turn 0.5 / -1 stops with secure support (184.5058ms)
✔ Sport v2 matched fast brake-turn 0.5 / 1 stops with secure support (162.8905ms)
✔ Sport v2 matched fast brake-turn 1 / -1 stops with secure support (98.9723ms)
✔ Sport v2 matched fast brake-turn 1 / 1 stops with secure support (101.3578ms)
✔ Sport v2 analog magnitude, pause and disconnect cannot inherit held reverse pedals (4.5194ms)
✔ Sport v2 preserves v1 rival planner pace and controls across wide/narrow routes; legacy stays distinct (85.3603ms)
✔ recovery prioritizes below-road and overturned state, without interrupting moving upright driving (240.5032ms)
✔ stranded prompt requires slow motion beyond runoff, while unsupported prompt does not intercept ordinary airborne motion (3.1485ms)
✔ free recovery returns six metres behind on road, heading forward, without mutating telemetry or route (4.74ms)
✔ free recovery wraps behind the start line onto the previous road segment instead of advancing a lap (3.359ms)
✔ actual Sport v2 high-speed-curb overturn is detected and explicit free recovery restores supported upright state (306.4883ms)
✔ P09B cue gate rejects transaction duplicates, bounds key cache and detent repeats (1.907ms)
✔ P09B old saves gain independent mix defaults without changing master or records (1.694ms)
✔ P09B Thermal obeys equipped eligibility, cinematic sample offsets, pause, removal and late unlock (1.0276ms)
✔ P09B adjacent source crossfades keep active pitch spans bounded and load follows telemetry (241.1435ms)
✔ transaction cue classifier: no-op, one material, removal, finish and one preset (1.7459ms)
✔ race cue edges do not repeat on repaint, pause or invalid result (1.5913ms)
✔ display converts signed speed and actual gear without inventing unavailable telemetry (0.9206ms)
✔ reusable render interpolation does not mutate simulation or copy wheel trees (277.3462ms)
✔ v3 request preserves left/right symmetry, meaningful analog magnitude, continuous speed change, brake reserve and inverse controller mapping (3.7337ms)
✔ v3 physical 50 mph / 90 m sweeper -1 has useful headroom (599.6687ms)
✔ v3 physical 50 mph / 90 m sweeper 1 has useful headroom (213.6387ms)
✔ v3 physical 65 mph / 150 m sweeper -1 has useful headroom (207.5203ms)
✔ v3 physical 65 mph / 150 m sweeper 1 has useful headroom (135.76ms)
✔ v3 60 mph stop retains v2 entry/stop definitions and force bounds (62.7199ms)
✔ v3 110 mph stop retains v2 entry/stop definitions and force bounds (122.3213ms)
✔ v3 exact v2 launch and stock/removed/street suspension equivalence (683.2718ms)
✔ Sport v3 preserves wall collision and chassis landing while guards omit only planar floor (698.1212ms)
✔ Sport v3 release/repress reverse, explicit selector and focus cancellation use existing input lifecycle (4.1504ms)
✔ Sport v3 matched fast brake-turn 0.5 / -1 stops with secure support (220.9039ms)
✔ Sport v3 matched fast brake-turn 0.5 / 1 stops with secure support (223.4567ms)
✔ Sport v3 matched fast brake-turn 1 / -1 stops with secure support (134.9471ms)
✔ Sport v3 matched fast brake-turn 1 / 1 stops with secure support (114.7479ms)
✔ Sport v3 analog magnitude, pause and disconnect cannot inherit held reverse pedals (2.5063ms)
✔ actual Sport v3 high-speed-curb overturn is detected and explicit free recovery restores supported upright state (193.9819ms)
✖ reviewed slingmods-sport-v2 long-throttle-brake-pad full telemetry remains byte equivalent (300.3279ms)
✖ reviewed slingmods-sport-v2 mixed-pad full telemetry remains byte equivalent (298.8718ms)
✔ P09C every fresh ordinary route, showroom preset and prepared demo resolves current; explicit recipe stays archived while new drives use current (5.9403ms)
✔ P09C current-driving action preserves the original named or unsaved build, all options and career bytes (5.2869ms)
✔ P09C product-only stock comparison retains finish and historical/current profile; corrupt upgrade retains original bytes (3.0578ms)
✔ P09C historical entries survive migration; retry uses current physics and retains original equipment (36.4452ms)
✔ P09C historical Cup keeps completed stages, equipment and receipts; remaining stages use current physics (16.3567ms)
✔ P09C time-trial keys keep old records incomparable with current and recipe validation never rewrites them (0.8776ms)
✔ Ridge height, station and cached route agree around circuit (41.8663ms)
✔ Elevated grids carry each local height and slope, gates reject under-road crossings (13.6633ms)
✔ Elevated support replaces legacy plane and render road vertices match physical rays (262.9534ms)
✔ Road triangles face skyward with nondegenerate area (2.0503ms)
✔ P10A Ridge unlock needs completed Cup records; old boolean and partial Cup do not grant access (37.069ms)
✔ P10A additive migration keeps all old recipes, attempts, Cup stages, credits and receipts byte-equivalent (13.5487ms)
✔ P10A all three roles bind route, lighting, actual rivals and laps; valid last place advances without purchases (16.3232ms)
✔ P10A rewards commit once across reload; repeated valid finishes have unchanged transparent awards, wins are achievements (31.5318ms)
✔ P10A retries preserve the committed build and abandon/invalid/unfinished/wrong-lap results cannot pay (8.758ms)
✔ P10A corrupt chapter medals are rejected without overwriting raw saves (6.2422ms)
✔ P10A every destination is free and snapshots retain all five parts, finish, setup and original recipes while driving with current physics (3.0101ms)
✔ P10A staged query retains Ridge career identities and lighting, rejects unknown inputs (1.7991ms)
✔ P10A mountain resources are requested only for mountain preparation (0.7801ms)
✔ Hero fit contains every real corner inside measured UI safe space at all desktop sizes (5.5647ms)
✔ Hidden attachments and light volumes cannot pull the result camera away from the visible car (28.2451ms)
✔ Instruments use the retained drivetrain redline and explicit reverse/neutral gears (0.269ms)
✔ P10B showroom paint is opt-in, finish-aware and restores source/rival identity (15.696ms)
✔ Tour Wall occupies the existing uninterrupted negative-X wall, excludes door/cabinet envelope (13.3729ms)
✔ Optional mural and lettering failures preserve an owned non-emissive fallback (3.4439ms)
✔ typed route placement stays in step with the P11 helper it was ported from (17.2513ms)
✔ express trackside sits on the collision rail line and never inside the drivable road (150.1272ms)
✔ road decals are deterministic, stay on the asphalt and are dominated by things that streak (139.1216ms)
✔ asphalt tiles at true scale on the express ribbon (13.9124ms)
✔ galvanized steel band is a bright metal and graphite powder-coat is not metal at all (4.1492ms)
✔ owner tuning is pinned: camera motion at 90% and shake at 84% of the first pass (0.7572ms)
✔ speed camera: FOV widens from rest to top, bounded roll, blur from 70 mph, shake from 90 mph (63.8852ms)
✔ reduced motion leaves the validated camera exactly as it was and asks for no blur (1.5403ms)
✔ every Phase 1 runtime asset exists and is OPTIONAL: warmed by the showroom for flat routes, required by none (9.2671ms)
✔ everything the showroom downloads for any route is on the hosted allowlist (13.6985ms)
✔ a missing or failing optional download is skipped and never rejects (38.0099ms)
✔ sustained statistics retain every spike and distinguish p99 from the worst one percent mean (3.0234ms)
✔ native pacing and High render budget remain separate and boundaries never drop outliers (0.7496ms)
✔ graphics quality: High by default, remembered under its own key, never inside the game save (3.4805ms)
✔ presets step up monotonically; every preset uses the pipeline and Low keeps dynamic resolution (0.561ms)
✔ dynamic resolution: drops under load, floors at 60%, climbs back, and does not bounce under vsync (9.2876ms)
✔ every view renders through the pipeline, and the pipeline can always fall back to direct drawing (3.5912ms)
✔ calibration and retained test pad use shared presets, post warmup and refreshed pixel ratio (2.4147ms)
✔ Day and Night are the untouched validated looks; every look sits on one of the two validated bases (2.8832ms)
✔ showcase defaults are wet (Dusk after rain on Express, After rain on Harbor); the owner can change and the choice is remembered per route (3.3711ms)
✔ story lighting requirements and ridge atmospheres persist while ordinary career looks match free driving (1.3199ms)
✔ look skies are the 2K files, exist, are allowlisted for the hosted build and only warmed optionally (12.0042ms)
✔ wet road is visual only and its reflection pass draws only what belongs in a puddle (56.96ms)
✔ wheel effects require moving grounded tires; wet spray does not create dry skids (2.5927ms)
✔ brake heat integrates braking work, cools, and remains frozen on pause (1.3078ms)
✔ flame pops require high-rpm lift, equipped exhaust, normal motion, and cooldown (0.3835ms)
✔ skid ring is bounded, follows height, and rejects teleport bridges (1.9541ms)
✔ shared batches emit for rivals at reduced density, preserve telemetry and freeze on pause (26.1521ms)
✔ graphics presets budget effects and disabling them leaves the scene and telemetry inert (4.3294ms)
✔ sparks read solved barrier contacts without changing the world (208.4518ms)
✔ a sudden stop at a solved contact still emits an impact spark (6.0564ms)
✔ contact reads real static ground and leaves physics untouched (198.4144ms)
✔ shared patches follow a sloped receiver plane and preserve telemetry (20.0364ms)
✔ airborne tires, rollovers, missing receivers and the off switch do not leave floating contact patches (27.6134ms)
✔ player contact follows the interpolated visual pose rather than the previous physics tick (29.8977ms)
✔ light-space snapping keeps sub-texel movement stable and tracks large movement (3.7202ms)
✔ shadow quality switches dispose the old map once and bound camera focus (2.1835ms)
✔ published contact comparison flag is allowlisted and unknown values are dropped (0.886ms)
✔ forest floor plan is deterministic, clears the road and retains the physical route (363.5433ms)
✔ every foliage card has finite wind weights and stays within its authored atlas tile (6.5544ms)
✔ quality budgets use three mesh levels then imposters and cull distant trees (1.1233ms)
✔ visible and depth foliage share the same wind uniform and vertex deformation (2.5797ms)
✔ forest downloads are optional, present and included in the shipped allowlist (37.912ms)
✔ surface pass selects scenery and room finishes while preserving protected artwork and special shaders (3.8994ms)
✔ physical texture scale follows instance transforms and uses derivative normals rather than unrelated authored tangents (3.5344ms)
✔ authored floor textures and UVs remain intact when adding the close-up detail layer (1.2055ms)
✔ surface ownership restores originals without disposing borrowed maps or touching geometry (4.4598ms)
✔ all surface sets are shipped and warmed optionally, including the published comparison switch (30.5882ms)
✔ prepared product keeps resident slots but no unowned hardware or light contribution (24.8713ms)
✔ actual HTTP WAV MIME, exact bytes, cache boundaries and missing-asset status (263.4778ms)
✔ publication refuses corrupt/missing inputs and preserves runtime bytes while removing internal metadata (604.0509ms)
✔ rear link retains chassis pivot and matches raycast hub across complete supported travel (35.419ms)
✔ shared rear presenter is invariant to chassis transform and wheel spin; has no accumulated deformation (61.91ms)
✔ missing current rear mechanical groups fail explicitly instead of presenting a detached rig (1.4568ms)
✔ perf A/B switches: all on by default, legacy restores all or one at a time, hosted only with test+profile (4.2568ms)
✔ transparent halves: only plain two-sided transparent materials change, idempotently, and restore() undoes it (3.8437ms)
✔ transparent halves: back half first, negated normal matrix and BackSide winding, then everything restored (3.2839ms)
✔ negating the normal matrix reproduces FLIP_SIDED exactly (negation commutes with every product and sum) (33.9121ms)
✔ rear presenter: the race path poses identically and measures only when inspected (11.2872ms)
✔ responsive profile reduces clean-road full-steering radius at 45, 65 and 85 mph without adding grip (751.5256ms)
✔ historical v4 steering remains exact, low-speed lock is retained, and braking does not remove v5 steering (0.7773ms)
✔ career vehicle switch preserves Slingshot equipment; Ryker purchases are separate and idempotent (12.6981ms)
✔ Ryker ownership cannot be forged by a free-preview build in a career save (1.3769ms)
✖ vehicle drafts, named saves and drive snapshots remain isolated in shared storage (14.528ms)
✔ stock comparison removes Ryker accessories without mutating its build; malformed equipment is rejected (1.2866ms)
✔ stock partitions conserve source triangle counts and all four mods ship real finite geometry (34.9889ms)
✔ Ryker CVT has bounded engine power and no gear shifts, with safe reverse interlock (9.1296ms)
✔ real Ryker body supports all measured contacts, accelerates, brakes in a turn and reverses (380.1051ms)
✔ mixed world preserves Slingshot definition and explicit Ryker identity (47.675ms)
✔ versioned Ryker snapshots are deeply frozen and reject invisible Slingshot equipment (1.5113ms)
✔ purchased Ryker export has finite geometry and exact hierarchy/centers (109.2736ms)
✔ steering moves fenders and bars while spin moves only tires/rims/rotors, including reverse (5.6133ms)
✔ Ryker identity cannot claim Slingshot product compatibility (0.5369ms)
✔ live Ryker reflections stay attached to the actual mirror faces through both steering directions (15.9273ms)
✔ the fixed Ryker instrument uses a valid fresh planar map with glTF top-down image coordinates (0.9389ms)
✔ pad ground and markings receive vehicle shadows without entering the caster set (5.1639ms)
✔ explicit diagnostic caster isolation cannot remove shadows from the restored normal policy (1.1982ms)
✔ one step advances four independent vehicles, despawn retains world (332.3524ms)
✔ equal dynamic bodies exchange symmetric head-on contact impulses (119.3025ms)
✔ vehicle roofs and sensors are never suspension support (4.6431ms)
✔ owned room teardown releases shared geometry, materials and channel textures once, and is idempotent (7.6881ms)
✔ Showcase build controls scroll into reach at 720/1080, and pending/failed purchases preserve navigation and state (2112.0035ms)
✔ keyboard buffer exists before any showroom UI callback can fire under the loading veil (1.6819ms)
✔ undo is audible like every other build action (0.5513ms)
✔ showroom resize re-reads the monitor pixel ratio (0.2942ms)
✔ new save round-trip touches only the new namespace (2.6039ms)
✔ malformed or future schemas fall back without reading legacy data (1.0807ms)
✔ actual Rapier world falls onto a collider and settles (168.3731ms)
✔ shared Shakedown preserves standing-lap timing, pause, invalid practice continuation and retry (41.2119ms)
✔ Chapter 01 shares all earned equipment and finish; locked races stay locked and preview-only parts never appear (10.5801ms)
✔ Chapter 01 rewards still require its actual race proof and pay once across callbacks; retry rejects the old finish (52.3646ms)
✔ persisted old preview trips use current physics without modifying source recipe or stored trip bytes (1.6261ms)
✔ explicit career settings are durable across every road; all free-drive routes keep preview settings separate (1.113ms)
✔ the 2026 underglow was fitted to exactly the vehicle file that ships (30.9132ms)
✔ every strip hugs real bodywork: nothing in open air, nothing hanging more than 2.5 cm below the body (9.7883ms)
✔ the game loads the kit fitted to the car it is showing, and the hosted build ships it (27.9744ms)
✔ UX-05: one resolver answers Continue for every career stage, never an optional purchase (4.0443ms)
✔ UX-03/04: the measured safe volume keeps clearance from every closed face of the shipped room (0.4004ms)
✔ UX-04: the audit counterexample (storage target, radius 10, polar 0.35) is pulled back inside along its own ray (1.2668ms)
✔ UX-03/09: orbit limits agree with the room for every direction, so fitting and clamping never oscillate (3.1078ms)
✔ UX-09: every named view starts inside the room, and close-ups are not pushed out by the orbit minimum (1.3173ms)
✔ UX-01: temporary careers may travel to the free showroom; URLs for every page resolve to the scene main.ts opens (0.6737ms)
✔ UX-07/12: return context and screen deep links survive the hosted build URL allowlist (0.8505ms)
✔ UX-07/11: one header everywhere - Home is Home, Career is persistent and becomes the return path (1.4002ms)
✔ live mirror faces retain all native glass vertices and triangles without modifying the source (26.8154ms)
✔ live mirror targets stay outside cloned vehicle assets and dispose with the scene (24.7998ms)
✔ a live mirror face only stays on where it is allowed and large enough to read (22.5284ms)
✔ mirror passes reuse one cached material list instead of walking the scene every frame (40.6888ms)
✔ chase view refreshes one mirror per frame, taking turns; cockpit refreshes both every frame (48.6702ms)
✔ mirrors are drawn as their own step before the frame, never twice, and never when off screen (30.714ms)
✔ each reflection pass draws only the slice of the rear view its glass can show, and looks the picture up the same way (18.8224ms)
✔ P06C road binds the nonmirrored source and an active varying COLOR_0 (33.4424ms)
✔ P06C palm pinnae export an actual double-sided alpha mask bound in every LOD (64.2536ms)
ℹ tests 407
ℹ suites 0
ℹ pass 399
ℹ fail 8
ℹ cancelled 0
ℹ skipped 0
ℹ todo 0
ℹ duration_ms 36861.7219

✖ failing tests:

test at tests\career-handoff.test.mjs:9:1
✖ denied-IDB real scene navigation preserves session career and rejects unsupported transfers (33758.9403ms)
  page.waitForFunction: Timeout 30000ms exceeded.
      at TestContext.<anonymous> (C:\Users\Daniel Kinsner\OneDrive\Documents\GitHub\slingmods-three-wheel-tour-rebuild\tests\career-handoff.test.mjs:22:197) {
    name: 'TimeoutError',
    log: []
  }

test at tests\p09a-driving.test.ts:6:33
✖ reviewed legacy-p08a long-throttle-brake-pad full telemetry remains byte equivalent (670.5104ms)
  AssertionError [ERR_ASSERTION]: Expected values to be strictly equal:
  + actual - expected
  
  + '02104b96ed84864c6b339b0fb469a7b570ad33c718292599d0bb746ee4d75a17'
  - 'f416ec1d6947b1c64317034634a1d66e84779ebe0c001514c6cb58a77b1e0ab4'
  
      at TestContext.<anonymous> (C:\Users\Daniel Kinsner\OneDrive\Documents\GitHub\slingmods-three-wheel-tour-rebuild\tests\p09a-driving.test.ts:6:523)
      at async Test.run (node:internal/test_runner/test:1208:7)
      at async startSubtestAfterBootstrap (node:internal/test_runner/harness:385:3) {
    generatedMessage: true,
    code: 'ERR_ASSERTION',
    actual: '02104b96ed84864c6b339b0fb469a7b570ad33c718292599d0bb746ee4d75a17',
    expected: 'f416ec1d6947b1c64317034634a1d66e84779ebe0c001514c6cb58a77b1e0ab4',
    operator: 'strictEqual',
    diff: 'simple'
  }

test at tests\p09a-driving.test.ts:6:33
✖ reviewed legacy-p08a mixed-pad full telemetry remains byte equivalent (316.3233ms)
  AssertionError [ERR_ASSERTION]: Expected values to be strictly equal:
  + actual - expected
  
  + '6071655d2483509628504fb8ee4402cc0b88b7f9b9999580b683ecc4a13f002a'
  - '36dfeb8fd1f7d141a712df344371332445ed84673d4e1b4a38ce2f480863bc09'
  
      at TestContext.<anonymous> (C:\Users\Daniel Kinsner\OneDrive\Documents\GitHub\slingmods-three-wheel-tour-rebuild\tests\p09a-driving.test.ts:6:523)
      at async Test.run (node:internal/test_runner/test:1208:7)
      at async Test.processPendingSubtests (node:internal/test_runner/test:831:7) {
    generatedMessage: true,
    code: 'ERR_ASSERTION',
    actual: '6071655d2483509628504fb8ee4402cc0b88b7f9b9999580b683ecc4a13f002a',
    expected: '36dfeb8fd1f7d141a712df344371332445ed84673d4e1b4a38ce2f480863bc09',
    operator: 'strictEqual',
    diff: 'simple'
  }

test at tests\p09a-driving.test.ts:6:33
✖ reviewed slingmods-sport-v1 long-throttle-brake-pad full telemetry remains byte equivalent (269.1308ms)
  AssertionError [ERR_ASSERTION]: Expected values to be strictly equal:
  + actual - expected
  
  + '2bef17d11480ae2ef67c5c53ca17ddfd5a234ca832a624fdfd6d3d9f67c04123'
  - '8944fce6f8d53a46e538e67d81f873f8892e0d64c7ae279dd3aa7622ea711b91'
  
      at TestContext.<anonymous> (C:\Users\Daniel Kinsner\OneDrive\Documents\GitHub\slingmods-three-wheel-tour-rebuild\tests\p09a-driving.test.ts:6:523)
      at async Test.run (node:internal/test_runner/test:1208:7)
      at async Test.processPendingSubtests (node:internal/test_runner/test:831:7) {
    generatedMessage: true,
    code: 'ERR_ASSERTION',
    actual: '2bef17d11480ae2ef67c5c53ca17ddfd5a234ca832a624fdfd6d3d9f67c04123',
    expected: '8944fce6f8d53a46e538e67d81f873f8892e0d64c7ae279dd3aa7622ea711b91',
    operator: 'strictEqual',
    diff: 'simple'
  }

test at tests\p09a-driving.test.ts:6:33
✖ reviewed slingmods-sport-v1 mixed-pad full telemetry remains byte equivalent (229.5496ms)
  AssertionError [ERR_ASSERTION]: Expected values to be strictly equal:
  + actual - expected
  
  + 'c0a79eca9318341984e7d884d28b0932942a4ad449a3df3f17f524b709c006fa'
  - '4295b2052b0dad0073c5a9e79ac1d92666365690d9b0dff4ab6112722ebb1068'
  
      at TestContext.<anonymous> (C:\Users\Daniel Kinsner\OneDrive\Documents\GitHub\slingmods-three-wheel-tour-rebuild\tests\p09a-driving.test.ts:6:523)
      at async Test.run (node:internal/test_runner/test:1208:7)
      at async Test.processPendingSubtests (node:internal/test_runner/test:831:7) {
    generatedMessage: true,
    code: 'ERR_ASSERTION',
    actual: 'c0a79eca9318341984e7d884d28b0932942a4ad449a3df3f17f524b709c006fa',
    expected: '4295b2052b0dad0073c5a9e79ac1d92666365690d9b0dff4ab6112722ebb1068',
    operator: 'strictEqual',
    diff: 'simple'
  }

test at tests\p09c-driving.test.ts:33:33
✖ reviewed slingmods-sport-v2 long-throttle-brake-pad full telemetry remains byte equivalent (300.3279ms)
  AssertionError [ERR_ASSERTION]: Expected values to be strictly equal:
  + actual - expected
  
  + '2bef17d11480ae2ef67c5c53ca17ddfd5a234ca832a624fdfd6d3d9f67c04123'
  - '8944fce6f8d53a46e538e67d81f873f8892e0d64c7ae279dd3aa7622ea711b91'
  
      at TestContext.<anonymous> (C:\Users\Daniel Kinsner\OneDrive\Documents\GitHub\slingmods-three-wheel-tour-rebuild\tests\p09c-driving.test.ts:33:523)
      at async Test.run (node:internal/test_runner/test:1208:7)
      at async Test.processPendingSubtests (node:internal/test_runner/test:831:7) {
    generatedMessage: true,
    code: 'ERR_ASSERTION',
    actual: '2bef17d11480ae2ef67c5c53ca17ddfd5a234ca832a624fdfd6d3d9f67c04123',
    expected: '8944fce6f8d53a46e538e67d81f873f8892e0d64c7ae279dd3aa7622ea711b91',
    operator: 'strictEqual',
    diff: 'simple'
  }

test at tests\p09c-driving.test.ts:33:33
✖ reviewed slingmods-sport-v2 mixed-pad full telemetry remains byte equivalent (298.8718ms)
  AssertionError [ERR_ASSERTION]: Expected values to be strictly equal:
  + actual - expected
  
  + 'c0a79eca9318341984e7d884d28b0932942a4ad449a3df3f17f524b709c006fa'
  - '4295b2052b0dad0073c5a9e79ac1d92666365690d9b0dff4ab6112722ebb1068'
  
      at TestContext.<anonymous> (C:\Users\Daniel Kinsner\OneDrive\Documents\GitHub\slingmods-three-wheel-tour-rebuild\tests\p09c-driving.test.ts:33:523)
      at async Test.run (node:internal/test_runner/test:1208:7)
      at async Test.processPendingSubtests (node:internal/test_runner/test:831:7) {
    generatedMessage: true,
    code: 'ERR_ASSERTION',
    actual: 'c0a79eca9318341984e7d884d28b0932942a4ad449a3df3f17f524b709c006fa',
    expected: '4295b2052b0dad0073c5a9e79ac1d92666365690d9b0dff4ab6112722ebb1068',
    operator: 'strictEqual',
    diff: 'simple'
  }

test at tests\ryker-mods.test.ts:7:1
✖ vehicle drafts, named saves and drive snapshots remain isolated in shared storage (14.528ms)
  AssertionError [ERR_ASSERTION]: Expected values to be strictly deep-equal:
  + actual - expected
  ... Skipped lines
  
    {
  +   definitionId: 'ryker-900-v1',
      finish: 'blue-orange',
  +   handlingProfile: 'ryker-road-v1',
  -   handlingProfile: 'slingmods-sport-v5',
      lights: {
        brightness: 0.6,
        color: 'red',
        enabled: true
      },
  ...
      },
  +   vehicleId: 'can-am-ryker-900',
  +   version: 2
  -   vehicleId: 'slingshot-r-2024',
  -   version: 1
    }
  
      at TestContext.<anonymous> (C:\Users\Daniel Kinsner\OneDrive\Documents\GitHub\slingmods-three-wheel-tour-rebuild\tests\ryker-mods.test.ts:11:90)
      at Test.runInAsyncScope (node:async_hooks:227:14)
      at Test.run (node:internal/test_runner/test:1201:25)
      at Test.start (node:internal/test_runner/test:1096:17)
      at startSubtestAfterBootstrap (node:internal/test_runner/harness:385:17) {
    generatedMessage: true,
    code: 'ERR_ASSERTION',
    actual: { version: 2, vehicleId: 'can-am-ryker-900', finish: 'blue-orange', products: {}, lights: { color: 'red', brightness: 0.6, enabled: true }, suspension: { frontCompression: 2, frontRebound: 6, rearCompression: 1, rearRebound: 3, rideHeightMm: 0 }, handlingProfile: 'ryker-road-v1', ryker: { body: true, exhaust: true, shocks: true, underglow: true }, definitionId: 'ryker-900-v1' },
    expected: { version: 1, vehicleId: 'slingshot-r-2024', finish: 'blue-orange', products: {}, lights: { color: 'red', brightness: 0.6, enabled: true }, suspension: { frontCompression: 2, frontRebound: 6, rearCompression: 1, rearRebound: 3, rideHeightMm: 0 }, handlingProfile: 'slingmods-sport-v5', ryker: { body: true, exhaust: true, shocks: true, underglow: true } },
    operator: 'deepStrictEqual',
    diff: 'simple'
  }
