
> slingmods-three-wheel-tour-rebuild@1.0.0 demo:build
> node scripts/build-demo.mjs

warning: in the working copy of 'assets/ryker/MODS.md', LF will be replaced by CRLF the next time Git touches it
warning: in the working copy of 'assets/ryker/README.md', LF will be replaced by CRLF the next time Git touches it
warning: in the working copy of 'scripts/crew-player-agent.ts', LF will be replaced by CRLF the next time Git touches it
warning: in the working copy of 'scripts/perf/sustained.mjs', LF will be replaced by CRLF the next time Git touches it
warning: in the working copy of 'scripts/ryker/build-mods.py', LF will be replaced by CRLF the next time Git touches it
warning: in the working copy of 'scripts/ryker/components.py', LF will be replaced by CRLF the next time Git touches it
warning: in the working copy of 'src/career-experience/chapter-one-race.ts', LF will be replaced by CRLF the next time Git touches it
warning: in the working copy of 'src/presentation/driving-contact.ts', LF will be replaced by CRLF the next time Git touches it
warning: in the working copy of 'src/presentation/effect-contacts.ts', LF will be replaced by CRLF the next time Git touches it
warning: in the working copy of 'src/presentation/instrument-values.ts', LF will be replaced by CRLF the next time Git touches it
warning: in the working copy of 'src/presentation/ryker-contacts.ts', LF will be replaced by CRLF the next time Git touches it
warning: in the working copy of 'src/presentation/ryker-products.ts', LF will be replaced by CRLF the next time Git touches it
warning: in the working copy of 'src/presentation/ryker-selection.ts', LF will be replaced by CRLF the next time Git touches it
warning: in the working copy of 'src/presentation/ryker.ts', LF will be replaced by CRLF the next time Git touches it
warning: in the working copy of 'src/presentation/showroom-camera.ts', LF will be replaced by CRLF the next time Git touches it
warning: in the working copy of 'src/presentation/vehicle-context.ts', LF will be replaced by CRLF the next time Git touches it
warning: in the working copy of 'src/presentation/vehicle-effects.ts', LF will be replaced by CRLF the next time Git touches it
warning: in the working copy of 'src/showroom/garage.css', LF will be replaced by CRLF the next time Git touches it
warning: in the working copy of 'src/showroom/garage.ts', LF will be replaced by CRLF the next time Git touches it
warning: in the working copy of 'src/signature/ryker-catalog.ts', LF will be replaced by CRLF the next time Git touches it
warning: in the working copy of 'tests/ryker-mods.test.ts', LF will be replaced by CRLF the next time Git touches it
warning: in the working copy of 'tests/story-parity.test.ts', LF will be replaced by CRLF the next time Git touches it
warning: in the working copy of 'assets/ryker/MODS.md', LF will be replaced by CRLF the next time Git touches it
warning: in the working copy of 'assets/ryker/README.md', LF will be replaced by CRLF the next time Git touches it
warning: in the working copy of 'scripts/crew-player-agent.ts', LF will be replaced by CRLF the next time Git touches it
warning: in the working copy of 'scripts/perf/sustained.mjs', LF will be replaced by CRLF the next time Git touches it
warning: in the working copy of 'scripts/ryker/build-mods.py', LF will be replaced by CRLF the next time Git touches it
warning: in the working copy of 'scripts/ryker/components.py', LF will be replaced by CRLF the next time Git touches it
warning: in the working copy of 'src/career-experience/chapter-one-race.ts', LF will be replaced by CRLF the next time Git touches it
warning: in the working copy of 'src/presentation/driving-contact.ts', LF will be replaced by CRLF the next time Git touches it
warning: in the working copy of 'src/presentation/effect-contacts.ts', LF will be replaced by CRLF the next time Git touches it
warning: in the working copy of 'src/presentation/instrument-values.ts', LF will be replaced by CRLF the next time Git touches it
warning: in the working copy of 'src/presentation/ryker-contacts.ts', LF will be replaced by CRLF the next time Git touches it
warning: in the working copy of 'src/presentation/ryker-products.ts', LF will be replaced by CRLF the next time Git touches it
warning: in the working copy of 'src/presentation/ryker-selection.ts', LF will be replaced by CRLF the next time Git touches it
warning: in the working copy of 'src/presentation/ryker.ts', LF will be replaced by CRLF the next time Git touches it
warning: in the working copy of 'src/presentation/showroom-camera.ts', LF will be replaced by CRLF the next time Git touches it
warning: in the working copy of 'src/presentation/vehicle-context.ts', LF will be replaced by CRLF the next time Git touches it
warning: in the working copy of 'src/presentation/vehicle-effects.ts', LF will be replaced by CRLF the next time Git touches it
warning: in the working copy of 'src/showroom/garage.css', LF will be replaced by CRLF the next time Git touches it
warning: in the working copy of 'src/showroom/garage.ts', LF will be replaced by CRLF the next time Git touches it
warning: in the working copy of 'src/signature/ryker-catalog.ts', LF will be replaced by CRLF the next time Git touches it
warning: in the working copy of 'tests/ryker-mods.test.ts', LF will be replaced by CRLF the next time Git touches it
warning: in the working copy of 'tests/story-parity.test.ts', LF will be replaced by CRLF the next time Git touches it
vite v8.3.0 building client environment for demo...
transforming...

/assets/fonts/BarlowCondensed-Bold.woff2 referenced in /assets/fonts/BarlowCondensed-Bold.woff2 didn't resolve at build time, it will remain unchanged to be resolved at runtime

/assets/fonts/BarlowCondensed-ExtraBold.woff2 referenced in /assets/fonts/BarlowCondensed-ExtraBold.woff2 didn't resolve at build time, it will remain unchanged to be resolved at runtime
✓ 190 modules transformed.
rendering chunks...
computing gzip size...
demo-dist/2026-09-23T02-33-27-143Z-7b041acea01b-working/index.html                                    1.20 kB │ gzip:     0.60 kB
demo-dist/2026-09-23T02-33-27-143Z-7b041acea01b-working/.vite/manifest.json                          14.17 kB │ gzip:     2.08 kB
demo-dist/2026-09-23T02-33-27-143Z-7b041acea01b-working/assets/basis_transcoder-o4Hde_L7.js          57.52 kB
demo-dist/2026-09-23T02-33-27-143Z-7b041acea01b-working/assets/basis_transcoder-VXdx5NbI.wasm       527.33 kB │ gzip:   248.94 kB
demo-dist/2026-09-23T02-33-27-143Z-7b041acea01b-working/assets/style-S_mbsQK_.css                     0.86 kB │ gzip:     0.44 kB
demo-dist/2026-09-23T02-33-27-143Z-7b041acea01b-working/assets/scene-DdcJZ6sG.css                     0.97 kB │ gzip:     0.50 kB
demo-dist/2026-09-23T02-33-27-143Z-7b041acea01b-working/assets/garage-DEzfcV3M.css                    2.47 kB │ gzip:     0.87 kB
demo-dist/2026-09-23T02-33-27-143Z-7b041acea01b-working/assets/workbench-B_IoxGe1.css                 5.20 kB │ gzip:     1.66 kB
demo-dist/2026-09-23T02-33-27-143Z-7b041acea01b-working/assets/express-OlH5ITfy.css                   5.94 kB │ gzip:     1.88 kB
demo-dist/2026-09-23T02-33-27-143Z-7b041acea01b-working/assets/prepare-6DNy1SzU.css                   6.78 kB │ gzip:     1.92 kB
demo-dist/2026-09-23T02-33-27-143Z-7b041acea01b-working/assets/recovery-DfwCQ0zU.css                 10.74 kB │ gzip:     2.98 kB
demo-dist/2026-09-23T02-33-27-143Z-7b041acea01b-working/assets/hub-DbiEO2d0.css                      11.01 kB │ gzip:     2.70 kB
demo-dist/2026-09-23T02-33-27-143Z-7b041acea01b-working/assets/harbor-entry-DlKItWwn.css             12.67 kB │ gzip:     3.13 kB
demo-dist/2026-09-23T02-33-27-143Z-7b041acea01b-working/assets/harbor-7Ji5kb-z.css                   17.13 kB │ gzip:     4.42 kB
demo-dist/2026-09-23T02-33-27-143Z-7b041acea01b-working/assets/ui-DQrPZHyC.css                       30.00 kB │ gzip:     6.59 kB
demo-dist/2026-09-23T02-33-27-143Z-7b041acea01b-working/assets/graphics-control-DIoYX8XB.js           0.08 kB │ gzip:     0.09 kB
demo-dist/2026-09-23T02-33-27-143Z-7b041acea01b-working/assets/route-JX7c2baU.js                      0.36 kB │ gzip:     0.24 kB
demo-dist/2026-09-23T02-33-27-143Z-7b041acea01b-working/assets/ryker-selection-DtEi4K2j.js            0.56 kB │ gzip:     0.41 kB
demo-dist/2026-09-23T02-33-27-143Z-7b041acea01b-working/assets/scene-lifetime-DImARnQr.js             0.82 kB │ gzip:     0.47 kB
demo-dist/2026-09-23T02-33-27-143Z-7b041acea01b-working/assets/p11-assets-BjTpU4Lf.js                 0.91 kB │ gzip:     0.46 kB
demo-dist/2026-09-23T02-33-27-143Z-7b041acea01b-working/assets/header-BAODgtEP.js                     1.05 kB │ gzip:     0.62 kB
demo-dist/2026-09-23T02-33-27-143Z-7b041acea01b-working/assets/forest-assets-BZ6VW7kw.js              1.06 kB │ gzip:     0.57 kB
demo-dist/2026-09-23T02-33-27-143Z-7b041acea01b-working/assets/harbor-speed-dressing-HdB4GcFz.js      1.19 kB │ gzip:     0.75 kB
demo-dist/2026-09-23T02-33-27-143Z-7b041acea01b-working/assets/preload-helper-BZ1Pz5am.js             1.21 kB │ gzip:     0.69 kB
demo-dist/2026-09-23T02-33-27-143Z-7b041acea01b-working/assets/ui-BQ-RPWUo.js                         1.23 kB │ gzip:     0.60 kB
demo-dist/2026-09-23T02-33-27-143Z-7b041acea01b-working/assets/contact-evidence-DbpvPX8Y.js           1.27 kB │ gzip:     0.75 kB
demo-dist/2026-09-23T02-33-27-143Z-7b041acea01b-working/assets/draw-census-B5Sp1u0j.js                1.70 kB │ gzip:     0.93 kB
demo-dist/2026-09-23T02-33-27-143Z-7b041acea01b-working/assets/graphics-control-D15uwbq4.js           1.87 kB │ gzip:     0.91 kB
demo-dist/2026-09-23T02-33-27-143Z-7b041acea01b-working/assets/route-BrZ4KHzx.js                      1.88 kB │ gzip:     1.03 kB
demo-dist/2026-09-23T02-33-27-143Z-7b041acea01b-working/assets/recovery-DHYQTjjv.js                   1.99 kB │ gzip:     1.05 kB
demo-dist/2026-09-23T02-33-27-143Z-7b041acea01b-working/assets/profile-ZrIhFW8d.js                    2.01 kB │ gzip:     0.91 kB
demo-dist/2026-09-23T02-33-27-143Z-7b041acea01b-working/assets/RoomEnvironment-1jAyJv4E.js            2.04 kB │ gzip:     0.89 kB
demo-dist/2026-09-23T02-33-27-143Z-7b041acea01b-working/assets/vehicle-asset-BOcxsmjr.js              2.05 kB │ gzip:     0.81 kB
demo-dist/2026-09-23T02-33-27-143Z-7b041acea01b-working/assets/save-BEAcTRKI.js                       2.27 kB │ gzip:     1.04 kB
demo-dist/2026-09-23T02-33-27-143Z-7b041acea01b-working/assets/graphics-settings-SlaBcI4e.js          2.48 kB │ gzip:     0.96 kB
demo-dist/2026-09-23T02-33-27-143Z-7b041acea01b-working/assets/time-of-day-D2Oe4R0k.js                2.58 kB │ gzip:     1.05 kB
demo-dist/2026-09-23T02-33-27-143Z-7b041acea01b-working/assets/showroom-camera-ldkuuNtf.js            2.63 kB │ gzip:     1.03 kB
demo-dist/2026-09-23T02-33-27-143Z-7b041acea01b-working/assets/calibration-D_m9-p_G.js                2.87 kB │ gzip:     1.49 kB
demo-dist/2026-09-23T02-33-27-143Z-7b041acea01b-working/assets/environment-UbWa__xE.js                3.20 kB │ gzip:     1.32 kB
demo-dist/2026-09-23T02-33-27-143Z-7b041acea01b-working/assets/route-Cik3XjjV.js                      4.44 kB │ gzip:     2.30 kB
demo-dist/2026-09-23T02-33-27-143Z-7b041acea01b-working/assets/client-6rcVfKGn.js                     4.80 kB │ gzip:     2.23 kB
demo-dist/2026-09-23T02-33-27-143Z-7b041acea01b-working/assets/index-BboSBBVw.js                      5.55 kB │ gzip:     2.52 kB
demo-dist/2026-09-23T02-33-27-143Z-7b041acea01b-working/assets/garage-B8uPS4tc.js                     8.94 kB │ gzip:     3.57 kB
demo-dist/2026-09-23T02-33-27-143Z-7b041acea01b-working/assets/prepare-D6kxyuFv.js                   11.21 kB │ gzip:     4.17 kB
demo-dist/2026-09-23T02-33-27-143Z-7b041acea01b-working/assets/hero-CzApkFa1.js                      13.28 kB │ gzip:     5.61 kB
demo-dist/2026-09-23T02-33-27-143Z-7b041acea01b-working/assets/road-decals-CqAymgM_.js               14.66 kB │ gzip:     6.57 kB
demo-dist/2026-09-23T02-33-27-143Z-7b041acea01b-working/assets/hub-wFrji8RG.js                       15.09 kB │ gzip:     5.86 kB
demo-dist/2026-09-23T02-33-27-143Z-7b041acea01b-working/assets/race-adapter-ChqPx36i.js              17.19 kB │ gzip:     5.82 kB
demo-dist/2026-09-23T02-33-27-143Z-7b041acea01b-working/assets/OrbitControls-Diyr_B99.js             19.85 kB │ gzip:     4.41 kB
demo-dist/2026-09-23T02-33-27-143Z-7b041acea01b-working/assets/presentation-cmMjObdz.js              21.59 kB │ gzip:     9.12 kB
demo-dist/2026-09-23T02-33-27-143Z-7b041acea01b-working/assets/game-audio-Dk0G-Zua.js                24.87 kB │ gzip:     8.20 kB
demo-dist/2026-09-23T02-33-27-143Z-7b041acea01b-working/assets/harbor-entry-Cul0Y2tL.js              26.45 kB │ gzip:     8.35 kB
demo-dist/2026-09-23T02-33-27-143Z-7b041acea01b-working/assets/showcase-C0Y21BYO.js                  27.30 kB │ gzip:    10.29 kB
demo-dist/2026-09-23T02-33-27-143Z-7b041acea01b-working/assets/workbench-8nUlllTq.js                 27.54 kB │ gzip:    10.60 kB
demo-dist/2026-09-23T02-33-27-143Z-7b041acea01b-working/assets/GLTFLoader-CQU2cTIq.js                48.97 kB │ gzip:    14.34 kB
demo-dist/2026-09-23T02-33-27-143Z-7b041acea01b-working/assets/menu-DBI10iBY.js                      58.61 kB │ gzip:    17.82 kB
demo-dist/2026-09-23T02-33-27-143Z-7b041acea01b-working/assets/ktx2-B7gC_6tm.js                      59.34 kB │ gzip:    24.36 kB
demo-dist/2026-09-23T02-33-27-143Z-7b041acea01b-working/assets/scene-B1LdRzm0.js                     61.79 kB │ gzip:    22.12 kB
demo-dist/2026-09-23T02-33-27-143Z-7b041acea01b-working/assets/express-BS4VN1PH.js                   92.87 kB │ gzip:    35.47 kB
demo-dist/2026-09-23T02-33-27-143Z-7b041acea01b-working/assets/three.core-CYVfUT_k.js               243.13 kB │ gzip:    65.04 kB
demo-dist/2026-09-23T02-33-27-143Z-7b041acea01b-working/assets/three.module-DQWN05XM.js             352.32 kB │ gzip:    84.73 kB
demo-dist/2026-09-23T02-33-27-143Z-7b041acea01b-working/assets/suspension-BHYHyQX2.js             3,199.18 kB │ gzip: 1,233.90 kB

✓ built in 340ms
[plugin builtin:vite-reporter] 
(!) Some chunks are larger than 500 kB after minification. Consider:
- Using dynamic import() to code-split the application
- Use build.rolldownOptions.output.codeSplitting to improve chunking: https://rolldown.rs/reference/OutputOptions.codeSplitting
- Adjust chunk size limit for this warning via build.chunkSizeWarningLimit.
{
  "output": "demo-dist/2026-09-23T02-33-27-143Z-7b041acea01b-working",
  "buildRef": "7b041acea01b-working",
  "files": 290,
  "bytes": 407029089
}
